192.168.10.190 - - [04/Mar/2020:08:16:25 +0000] "POST /services/ajax.php/kronolith/deleteEvent HTTP/1.1" 200 535 "http://mail.cup.com/kronolith/" "Mozilla/5.0 (X11; Ubuntu; Linux x86_64; rv:73.0) Gecko/20100101 Firefox/73.0"
192.168.10.190 - - [04/Mar/2020:08:16:34 +0000] "GET /services/portal/ HTTP/1.1" 200 8680 "http://mail.cup.com/kronolith/" "Mozilla/5.0 (X11; Ubuntu; Linux x86_64; rv:73.0) Gecko/20100101 Firefox/73.0"
192.168.10.190 - - [04/Mar/2020:08:16:40 +0000] "GET /kronolith/ HTTP/1.1" 200 24701 "http://mail.cup.com/services/portal/" "Mozilla/5.0 (X11; Ubuntu; Linux x86_64; rv:73.0) Gecko/20100101 Firefox/73.0"
192.168.10.190 - - [04/Mar/2020:08:16:41 +0000] "POST /services/ajax.php/kronolith/listCalendars HTTP/1.1" 200 970 "http://mail.cup.com/kronolith/" "Mozilla/5.0 (X11; Ubuntu; Linux x86_64; rv:73.0) Gecko/20100101 Firefox/73.0"
192.168.10.190 - - [04/Mar/2020:08:16:41 +0000] "POST /services/ajax.php/kronolith/listEvents HTTP/1.1" 200 1584 "http://mail.cup.com/kronolith/" "Mozilla/5.0 (X11; Ubuntu; Linux x86_64; rv:73.0) Gecko/20100101 Firefox/73.0"
192.168.10.190 - - [04/Mar/2020:08:16:41 +0000] "POST /services/ajax.php/kronolith/listEvents HTTP/1.1" 200 549 "http://mail.cup.com/kronolith/" "Mozilla/5.0 (X11; Ubuntu; Linux x86_64; rv:73.0) Gecko/20100101 Firefox/73.0"
192.168.10.190 - - [04/Mar/2020:08:16:53 +0000] "POST /services/ajax.php/kronolith/listTopTags HTTP/1.1" 200 453 "http://mail.cup.com/kronolith/" "Mozilla/5.0 (X11; Ubuntu; Linux x86_64; rv:73.0) Gecko/20100101 Firefox/73.0"
192.168.10.190 - - [04/Mar/2020:08:17:23 +0000] "POST /services/ajax.php/kronolith/saveEvent HTTP/1.1" 200 654 "http://mail.cup.com/kronolith/" "Mozilla/5.0 (X11; Ubuntu; Linux x86_64; rv:73.0) Gecko/20100101 Firefox/73.0"
192.168.10.190 - - [04/Mar/2020:08:17:33 +0000] "GET /services/portal/ HTTP/1.1" 200 9187 "http://mail.cup.com/kronolith/" "Mozilla/5.0 (X11; Ubuntu; Linux x86_64; rv:73.0) Gecko/20100101 Firefox/73.0"
192.168.10.190 - - [04/Mar/2020:08:17:39 +0000] "GET /imp/dynamic.php?page=mailbox HTTP/1.1" 200 8752 "http://mail.cup.com/services/portal/" "Mozilla/5.0 (X11; Ubuntu; Linux x86_64; rv:73.0) Gecko/20100101 Firefox/73.0"
192.168.10.190 - - [04/Mar/2020:08:17:40 +0000] "POST /services/ajax.php/imp/dynamicInit HTTP/1.1" 200 1555 "http://mail.cup.com/imp/dynamic.php?page=mailbox" "Mozilla/5.0 (X11; Ubuntu; Linux x86_64; rv:73.0) Gecko/20100101 Firefox/73.0"
192.168.10.190 - - [04/Mar/2020:08:17:46 +0000] "POST /services/ajax.php/imp/viewPort HTTP/1.1" 200 903 "http://mail.cup.com/imp/dynamic.php?page=mailbox" "Mozilla/5.0 (X11; Ubuntu; Linux x86_64; rv:73.0) Gecko/20100101 Firefox/73.0"
192.168.10.190 - - [04/Mar/2020:08:18:19 +0000] "GET /services/portal/ HTTP/1.1" 200 9191 "http://mail.cup.com/imp/dynamic.php?page=mailbox" "Mozilla/5.0 (X11; Ubuntu; Linux x86_64; rv:73.0) Gecko/20100101 Firefox/73.0"
192.168.10.190 - - [04/Mar/2020:08:18:26 +0000] "GET /nag/ HTTP/1.1" 200 7810 "http://mail.cup.com/services/portal/" "Mozilla/5.0 (X11; Ubuntu; Linux x86_64; rv:73.0) Gecko/20100101 Firefox/73.0"
192.168.10.190 - - [04/Mar/2020:08:19:07 +0000] "GET /nag/task.php?tasklist=-tuA1UJG7ilRa4A_Y2M_t3c&task=Q_gLwKyoIbmFC44D9_7xeHm&actionID=modify_task&have_search&tab_name=1&url=%2Fnag%2F HTTP/1.1" 200 9056 "http://mail.cup.com/nag/" "Mozilla/5.0 (X11; Ubuntu; Linux x86_64; rv:73.0) Gecko/20100101 Firefox/73.0"
192.168.10.190 - - [04/Mar/2020:08:19:10 +0000] "POST /nag/task/save.php HTTP/1.1" 302 411 "http://mail.cup.com/nag/task.php?tasklist=-tuA1UJG7ilRa4A_Y2M_t3c&task=Q_gLwKyoIbmFC44D9_7xeHm&actionID=modify_task&have_search&tab_name=1&url=%2Fnag%2F" "Mozilla/5.0 (X11; Ubuntu; Linux x86_64; rv:73.0) Gecko/20100101 Firefox/73.0"
192.168.10.190 - - [04/Mar/2020:08:19:10 +0000] "GET /nag/list.php HTTP/1.1" 200 5327 "http://mail.cup.com/nag/task.php?tasklist=-tuA1UJG7ilRa4A_Y2M_t3c&task=Q_gLwKyoIbmFC44D9_7xeHm&actionID=modify_task&have_search&tab_name=1&url=%2Fnag%2F" "Mozilla/5.0 (X11; Ubuntu; Linux x86_64; rv:73.0) Gecko/20100101 Firefox/73.0"
192.168.10.190 - - [04/Mar/2020:08:19:46 +0000] "GET /services/portal/ HTTP/1.1" 200 8198 "http://mail.cup.com/nag/list.php" "Mozilla/5.0 (X11; Ubuntu; Linux x86_64; rv:73.0) Gecko/20100101 Firefox/73.0"
192.168.10.190 - - [04/Mar/2020:08:19:53 +0000] "GET /mnemo/ HTTP/1.1" 200 7734 "http://mail.cup.com/services/portal/" "Mozilla/5.0 (X11; Ubuntu; Linux x86_64; rv:73.0) Gecko/20100101 Firefox/73.0"
192.168.10.200 - - [04/Mar/2020:08:20:21 +0000] "GET /login.php HTTP/1.1" 200 2532 "-" "Mozilla/5.0 (X11; Linux x86_64) AppleWebKit/537.36 (KHTML, like Gecko) Ubuntu Chromium/77.0.3865.90 HeadlessChrome/77.0.3865.90 Safari/537.36"
192.168.10.190 - - [04/Mar/2020:08:20:31 +0000] "GET /mnemo/memo.php?actionID=add_memo HTTP/1.1" 200 5979 "http://mail.cup.com/mnemo/" "Mozilla/5.0 (X11; Ubuntu; Linux x86_64; rv:73.0) Gecko/20100101 Firefox/73.0"
192.168.10.200 - - [04/Mar/2020:08:20:32 +0000] "POST /login.php HTTP/1.1" 302 601 "http://mail.cup.com/login.php" "Mozilla/5.0 (X11; Linux x86_64) AppleWebKit/537.36 (KHTML, like Gecko) Ubuntu Chromium/77.0.3865.90 HeadlessChrome/77.0.3865.90 Safari/537.36"
192.168.10.200 - - [04/Mar/2020:08:20:32 +0000] "GET /services/portal/ HTTP/1.1" 200 8866 "http://mail.cup.com/login.php" "Mozilla/5.0 (X11; Linux x86_64) AppleWebKit/537.36 (KHTML, like Gecko) Ubuntu Chromium/77.0.3865.90 HeadlessChrome/77.0.3865.90 Safari/537.36"
192.168.10.190 - - [04/Mar/2020:08:20:41 +0000] "POST /services/ajax.php/horde/imple?token=GFaDsuLhVNUJ0ppWj5tNfrZ&app=mnemo&imple=Mnemo_Ajax_Imple_TagAutoCompleter&input=memo_tags HTTP/1.1" 200 378 "http://mail.cup.com/mnemo/memo.php?actionID=add_memo" "Mozilla/5.0 (X11; Ubuntu; Linux x86_64; rv:73.0) Gecko/20100101 Firefox/73.0"
192.168.10.190 - - [04/Mar/2020:08:20:44 +0000] "POST /mnemo/memo.php HTTP/1.1" 302 413 "http://mail.cup.com/mnemo/memo.php?actionID=add_memo" "Mozilla/5.0 (X11; Ubuntu; Linux x86_64; rv:73.0) Gecko/20100101 Firefox/73.0"
192.168.10.190 - - [04/Mar/2020:08:20:44 +0000] "GET /mnemo/list.php HTTP/1.1" 200 7930 "http://mail.cup.com/mnemo/memo.php?actionID=add_memo" "Mozilla/5.0 (X11; Ubuntu; Linux x86_64; rv:73.0) Gecko/20100101 Firefox/73.0"
192.168.10.200 - - [04/Mar/2020:08:20:44 +0000] "GET /admin/config/ HTTP/1.1" 200 9331 "http://mail.cup.com/services/portal/" "Mozilla/5.0 (X11; Linux x86_64) AppleWebKit/537.36 (KHTML, like Gecko) Ubuntu Chromium/77.0.3865.90 HeadlessChrome/77.0.3865.90 Safari/537.36"
192.168.10.200 - - [04/Mar/2020:08:20:50 +0000] "GET /admin/config/index.php?check_versions=1 HTTP/1.1" 200 11600 "http://mail.cup.com/admin/config/" "Mozilla/5.0 (X11; Linux x86_64) AppleWebKit/537.36 (KHTML, like Gecko) Ubuntu Chromium/77.0.3865.90 HeadlessChrome/77.0.3865.90 Safari/537.36"
192.168.10.190 - - [04/Mar/2020:08:21:20 +0000] "GET /services/portal/ HTTP/1.1" 200 9059 "http://mail.cup.com/mnemo/list.php" "Mozilla/5.0 (X11; Ubuntu; Linux x86_64; rv:73.0) Gecko/20100101 Firefox/73.0"
192.168.10.190 - - [04/Mar/2020:08:21:27 +0000] "GET /imp/dynamic.php?page=mailbox HTTP/1.1" 200 8748 "http://mail.cup.com/services/portal/" "Mozilla/5.0 (X11; Ubuntu; Linux x86_64; rv:73.0) Gecko/20100101 Firefox/73.0"
192.168.10.190 - - [04/Mar/2020:08:21:27 +0000] "POST /services/ajax.php/imp/dynamicInit HTTP/1.1" 200 1553 "http://mail.cup.com/imp/dynamic.php?page=mailbox" "Mozilla/5.0 (X11; Ubuntu; Linux x86_64; rv:73.0) Gecko/20100101 Firefox/73.0"
192.168.10.200 - - [04/Mar/2020:08:21:28 +0000] "GET /services/portal/ HTTP/1.1" 200 8765 "http://mail.cup.com/admin/config/index.php?check_versions=1" "Mozilla/5.0 (X11; Linux x86_64) AppleWebKit/537.36 (KHTML, like Gecko) Ubuntu Chromium/77.0.3865.90 HeadlessChrome/77.0.3865.90 Safari/537.36"
192.168.10.200 - - [04/Mar/2020:08:21:32 +0000] "GET /login.php?horde_logout_token=IPESeBFPC7p6bwV0yfIhe1S&logout_reason=4 HTTP/1.1" 200 3838 "http://mail.cup.com/services/portal/" "Mozilla/5.0 (X11; Linux x86_64) AppleWebKit/537.36 (KHTML, like Gecko) Ubuntu Chromium/77.0.3865.90 HeadlessChrome/77.0.3865.90 Safari/537.36"
192.168.10.190 - - [04/Mar/2020:08:21:36 +0000] "POST /services/ajax.php/imp/viewPort HTTP/1.1" 200 904 "http://mail.cup.com/imp/dynamic.php?page=mailbox" "Mozilla/5.0 (X11; Ubuntu; Linux x86_64; rv:73.0) Gecko/20100101 Firefox/73.0"
192.168.10.190 - - [04/Mar/2020:08:21:42 +0000] "POST /services/ajax.php/imp/showMessage HTTP/1.1" 200 2278 "http://mail.cup.com/imp/dynamic.php?page=mailbox" "Mozilla/5.0 (X11; Ubuntu; Linux x86_64; rv:73.0) Gecko/20100101 Firefox/73.0"
192.168.10.190 - - [04/Mar/2020:08:21:45 +0000] "GET /imp/themes/default/graphics/newwin.png HTTP/1.1" 200 584 "http://mail.cup.com/imp/themes/default/dynamic/screen.css" "Mozilla/5.0 (X11; Ubuntu; Linux x86_64; rv:73.0) Gecko/20100101 Firefox/73.0"
192.168.10.190 - - [04/Mar/2020:08:21:52 +0000] "GET /imp/dynamic.php?page=message&buid=83&mailbox=SU5CT1g&token=GFaDsuLhVNUJ0ppWj5tNfrZ&uniq=1583310112069 HTTP/1.1" 200 7674 "http://mail.cup.com/imp/dynamic.php?page=mailbox" "Mozilla/5.0 (X11; Ubuntu; Linux x86_64; rv:73.0) Gecko/20100101 Firefox/73.0"
192.168.10.190 - - [04/Mar/2020:08:21:52 +0000] "GET /imp/themes/default/graphics/close.png HTTP/1.1" 200 757 "http://mail.cup.com/imp/themes/default/screen.css" "Mozilla/5.0 (X11; Ubuntu; Linux x86_64; rv:73.0) Gecko/20100101 Firefox/73.0"
192.168.10.190 - - [04/Mar/2020:08:21:59 +0000] "POST /services/ajax.php/imp/getReplyData HTTP/1.1" 200 1132 "http://mail.cup.com/imp/dynamic.php?page=message&buid=83&mailbox=SU5CT1g&token=GFaDsuLhVNUJ0ppWj5tNfrZ&uniq=1583310112069" "Mozilla/5.0 (X11; Ubuntu; Linux x86_64; rv:73.0) Gecko/20100101 Firefox/73.0"
192.168.10.190 - - [04/Mar/2020:08:21:59 +0000] "GET /imp/themes/default/graphics/delete-small.png HTTP/1.1" 200 391 "http://mail.cup.com/imp/dynamic.php?page=message&buid=83&mailbox=SU5CT1g&token=GFaDsuLhVNUJ0ppWj5tNfrZ&uniq=1583310112069" "Mozilla/5.0 (X11; Ubuntu; Linux x86_64; rv:73.0) Gecko/20100101 Firefox/73.0"
192.168.10.190 - - [04/Mar/2020:08:22:07 +0000] "POST /services/ajax.php/imp/sendMessage HTTP/1.1" 200 649 "http://mail.cup.com/imp/dynamic.php?page=message&buid=83&mailbox=SU5CT1g&token=GFaDsuLhVNUJ0ppWj5tNfrZ&uniq=1583310112069" "Mozilla/5.0 (X11; Ubuntu; Linux x86_64; rv:73.0) Gecko/20100101 Firefox/73.0"
::1 - - [04/Mar/2020:08:22:40 +0000] "OPTIONS * HTTP/1.0" 200 110 "-" "Apache/2.4.25 (Debian) OpenSSL/1.0.2u (internal dummy connection)"
::1 - - [04/Mar/2020:08:22:46 +0000] "OPTIONS * HTTP/1.0" 200 110 "-" "Apache/2.4.25 (Debian) OpenSSL/1.0.2u (internal dummy connection)"
192.168.10.190 - - [04/Mar/2020:08:22:51 +0000] "GET /services/portal/ HTTP/1.1" 200 9019 "http://mail.cup.com/imp/dynamic.php?page=mailbox" "Mozilla/5.0 (X11; Ubuntu; Linux x86_64; rv:73.0) Gecko/20100101 Firefox/73.0"
192.168.10.190 - - [04/Mar/2020:08:22:56 +0000] "GET /nag/ HTTP/1.1" 200 5225 "http://mail.cup.com/services/portal/" "Mozilla/5.0 (X11; Ubuntu; Linux x86_64; rv:73.0) Gecko/20100101 Firefox/73.0"
::1 - - [04/Mar/2020:08:24:21 +0000] "OPTIONS * HTTP/1.0" 200 110 "-" "Apache/2.4.25 (Debian) OpenSSL/1.0.2u (internal dummy connection)"
192.168.10.190 - - [04/Mar/2020:08:24:39 +0000] "GET /services/portal/ HTTP/1.1" 200 9021 "http://mail.cup.com/nag/" "Mozilla/5.0 (X11; Ubuntu; Linux x86_64; rv:73.0) Gecko/20100101 Firefox/73.0"
192.168.10.190 - - [04/Mar/2020:08:24:42 +0000] "GET /imp/dynamic.php?page=mailbox HTTP/1.1" 200 8746 "http://mail.cup.com/services/portal/" "Mozilla/5.0 (X11; Ubuntu; Linux x86_64; rv:73.0) Gecko/20100101 Firefox/73.0"
192.168.10.190 - - [04/Mar/2020:08:24:43 +0000] "POST /services/ajax.php/imp/dynamicInit HTTP/1.1" 200 1555 "http://mail.cup.com/imp/dynamic.php?page=mailbox" "Mozilla/5.0 (X11; Ubuntu; Linux x86_64; rv:73.0) Gecko/20100101 Firefox/73.0"
192.168.10.190 - - [04/Mar/2020:08:24:51 +0000] "POST /services/ajax.php/imp/viewPort HTTP/1.1" 200 903 "http://mail.cup.com/imp/dynamic.php?page=mailbox" "Mozilla/5.0 (X11; Ubuntu; Linux x86_64; rv:73.0) Gecko/20100101 Firefox/73.0"
192.168.10.190 - - [04/Mar/2020:08:25:01 +0000] "POST /services/ajax.php/imp/showMessage HTTP/1.1" 200 2408 "http://mail.cup.com/imp/dynamic.php?page=mailbox" "Mozilla/5.0 (X11; Ubuntu; Linux x86_64; rv:73.0) Gecko/20100101 Firefox/73.0"
192.168.10.190 - - [04/Mar/2020:08:25:10 +0000] "GET /imp/dynamic.php?page=message&buid=120&mailbox=SU5CT1g&token=GFaDsuLhVNUJ0ppWj5tNfrZ&uniq=1583310310219 HTTP/1.1" 200 7811 "http://mail.cup.com/imp/dynamic.php?page=mailbox" "Mozilla/5.0 (X11; Ubuntu; Linux x86_64; rv:73.0) Gecko/20100101 Firefox/73.0"
192.168.10.190 - - [04/Mar/2020:08:25:11 +0000] "GET /imp/themes/default/graphics/close.png HTTP/1.1" 200 757 "http://mail.cup.com/imp/themes/default/screen.css" "Mozilla/5.0 (X11; Ubuntu; Linux x86_64; rv:73.0) Gecko/20100101 Firefox/73.0"
192.168.10.190 - - [04/Mar/2020:08:25:15 +0000] "POST /services/ajax.php/imp/getReplyData HTTP/1.1" 200 1245 "http://mail.cup.com/imp/dynamic.php?page=message&buid=120&mailbox=SU5CT1g&token=GFaDsuLhVNUJ0ppWj5tNfrZ&uniq=1583310310219" "Mozilla/5.0 (X11; Ubuntu; Linux x86_64; rv:73.0) Gecko/20100101 Firefox/73.0"
192.168.10.190 - - [04/Mar/2020:08:25:22 +0000] "POST /services/ajax.php/imp/sendMessage HTTP/1.1" 200 646 "http://mail.cup.com/imp/dynamic.php?page=message&buid=120&mailbox=SU5CT1g&token=GFaDsuLhVNUJ0ppWj5tNfrZ&uniq=1583310310219" "Mozilla/5.0 (X11; Ubuntu; Linux x86_64; rv:73.0) Gecko/20100101 Firefox/73.0"
192.168.10.190 - - [04/Mar/2020:08:26:06 +0000] "GET /services/portal/ HTTP/1.1" 200 9025 "http://mail.cup.com/imp/dynamic.php?page=mailbox" "Mozilla/5.0 (X11; Ubuntu; Linux x86_64; rv:73.0) Gecko/20100101 Firefox/73.0"
192.168.10.190 - - [04/Mar/2020:08:26:10 +0000] "GET /nag/ HTTP/1.1" 200 5222 "http://mail.cup.com/services/portal/" "Mozilla/5.0 (X11; Ubuntu; Linux x86_64; rv:73.0) Gecko/20100101 Firefox/73.0"
192.168.10.190 - - [04/Mar/2020:08:26:50 +0000] "GET /nag/task.php?actionID=add_task HTTP/1.1" 200 8895 "http://mail.cup.com/nag/" "Mozilla/5.0 (X11; Ubuntu; Linux x86_64; rv:73.0) Gecko/20100101 Firefox/73.0"
192.168.10.190 - - [04/Mar/2020:08:27:05 +0000] "POST /services/ajax.php/horde/imple?token=GFaDsuLhVNUJ0ppWj5tNfrZ&app=nag&imple=Nag_Ajax_Imple_TagAutoCompleter&input=tags HTTP/1.1" 200 382 "http://mail.cup.com/nag/task.php?actionID=add_task" "Mozilla/5.0 (X11; Ubuntu; Linux x86_64; rv:73.0) Gecko/20100101 Firefox/73.0"
192.168.10.190 - - [04/Mar/2020:08:27:32 +0000] "POST /nag/task/save.php HTTP/1.1" 302 412 "http://mail.cup.com/nag/task.php?actionID=add_task" "Mozilla/5.0 (X11; Ubuntu; Linux x86_64; rv:73.0) Gecko/20100101 Firefox/73.0"
192.168.10.190 - - [04/Mar/2020:08:27:32 +0000] "GET /nag/list.php HTTP/1.1" 200 7921 "http://mail.cup.com/nag/task.php?actionID=add_task" "Mozilla/5.0 (X11; Ubuntu; Linux x86_64; rv:73.0) Gecko/20100101 Firefox/73.0"
192.168.10.190 - - [04/Mar/2020:08:28:06 +0000] "GET /services/portal/ HTTP/1.1" 200 10020 "http://mail.cup.com/nag/list.php" "Mozilla/5.0 (X11; Ubuntu; Linux x86_64; rv:73.0) Gecko/20100101 Firefox/73.0"
192.168.10.190 - - [04/Mar/2020:08:28:12 +0000] "GET /imp/dynamic.php?page=mailbox HTTP/1.1" 200 8745 "http://mail.cup.com/services/portal/" "Mozilla/5.0 (X11; Ubuntu; Linux x86_64; rv:73.0) Gecko/20100101 Firefox/73.0"
192.168.10.190 - - [04/Mar/2020:08:28:12 +0000] "POST /services/ajax.php/imp/dynamicInit HTTP/1.1" 200 1553 "http://mail.cup.com/imp/dynamic.php?page=mailbox" "Mozilla/5.0 (X11; Ubuntu; Linux x86_64; rv:73.0) Gecko/20100101 Firefox/73.0"
192.168.10.190 - - [04/Mar/2020:08:28:20 +0000] "POST /services/ajax.php/imp/viewPort HTTP/1.1" 200 904 "http://mail.cup.com/imp/dynamic.php?page=mailbox" "Mozilla/5.0 (X11; Ubuntu; Linux x86_64; rv:73.0) Gecko/20100101 Firefox/73.0"
192.168.10.190 - - [04/Mar/2020:08:28:57 +0000] "GET /services/portal/ HTTP/1.1" 200 10016 "http://mail.cup.com/imp/dynamic.php?page=mailbox" "Mozilla/5.0 (X11; Ubuntu; Linux x86_64; rv:73.0) Gecko/20100101 Firefox/73.0"
192.168.10.190 - - [04/Mar/2020:08:29:03 +0000] "GET /mnemo/ HTTP/1.1" 200 7812 "http://mail.cup.com/services/portal/" "Mozilla/5.0 (X11; Ubuntu; Linux x86_64; rv:73.0) Gecko/20100101 Firefox/73.0"
192.168.10.4 - - [04/Mar/2020:08:29:14 +0000] "GET /login.php HTTP/1.1" 200 2532 "-" "Mozilla/5.0 (X11; Linux x86_64) AppleWebKit/537.36 (KHTML, like Gecko) Ubuntu Chromium/77.0.3865.90 HeadlessChrome/77.0.3865.90 Safari/537.36"
::1 - - [04/Mar/2020:08:29:21 +0000] "OPTIONS * HTTP/1.0" 200 110 "-" "Apache/2.4.25 (Debian) OpenSSL/1.0.2u (internal dummy connection)"
::1 - - [04/Mar/2020:08:29:22 +0000] "OPTIONS * HTTP/1.0" 200 110 "-" "Apache/2.4.25 (Debian) OpenSSL/1.0.2u (internal dummy connection)"
192.168.10.4 - - [04/Mar/2020:08:29:25 +0000] "POST /login.php HTTP/1.1" 302 601 "http://mail.cup.com/login.php" "Mozilla/5.0 (X11; Linux x86_64) AppleWebKit/537.36 (KHTML, like Gecko) Ubuntu Chromium/77.0.3865.90 HeadlessChrome/77.0.3865.90 Safari/537.36"
192.168.10.4 - - [04/Mar/2020:08:29:26 +0000] "GET /services/portal/ HTTP/1.1" 200 9342 "http://mail.cup.com/login.php" "Mozilla/5.0 (X11; Linux x86_64) AppleWebKit/537.36 (KHTML, like Gecko) Ubuntu Chromium/77.0.3865.90 HeadlessChrome/77.0.3865.90 Safari/537.36"
192.168.10.4 - - [04/Mar/2020:08:29:31 +0000] "GET /mnemo/ HTTP/1.1" 200 6406 "http://mail.cup.com/services/portal/" "Mozilla/5.0 (X11; Linux x86_64) AppleWebKit/537.36 (KHTML, like Gecko) Ubuntu Chromium/77.0.3865.90 HeadlessChrome/77.0.3865.90 Safari/537.36"
192.168.10.190 - - [04/Mar/2020:08:29:42 +0000] "GET /mnemo/memo.php?actionID=add_memo HTTP/1.1" 200 5978 "http://mail.cup.com/mnemo/" "Mozilla/5.0 (X11; Ubuntu; Linux x86_64; rv:73.0) Gecko/20100101 Firefox/73.0"
192.168.10.190 - - [04/Mar/2020:08:29:53 +0000] "POST /services/ajax.php/horde/imple?token=GFaDsuLhVNUJ0ppWj5tNfrZ&app=mnemo&imple=Mnemo_Ajax_Imple_TagAutoCompleter&input=memo_tags HTTP/1.1" 200 371 "http://mail.cup.com/mnemo/memo.php?actionID=add_memo" "Mozilla/5.0 (X11; Ubuntu; Linux x86_64; rv:73.0) Gecko/20100101 Firefox/73.0"
192.168.10.190 - - [04/Mar/2020:08:29:59 +0000] "GET /login.php HTTP/1.1" 200 2532 "-" "Mozilla/5.0 (X11; Linux x86_64) AppleWebKit/537.36 (KHTML, like Gecko) Ubuntu Chromium/77.0.3865.90 HeadlessChrome/77.0.3865.90 Safari/537.36"
192.168.10.190 - - [04/Mar/2020:08:30:00 +0000] "POST /mnemo/memo.php HTTP/1.1" 302 414 "http://mail.cup.com/mnemo/memo.php?actionID=add_memo" "Mozilla/5.0 (X11; Ubuntu; Linux x86_64; rv:73.0) Gecko/20100101 Firefox/73.0"
192.168.10.190 - - [04/Mar/2020:08:30:00 +0000] "GET /mnemo/list.php HTTP/1.1" 200 8024 "http://mail.cup.com/mnemo/memo.php?actionID=add_memo" "Mozilla/5.0 (X11; Ubuntu; Linux x86_64; rv:73.0) Gecko/20100101 Firefox/73.0"
192.168.10.190 - - [04/Mar/2020:08:30:04 +0000] "POST /login.php HTTP/1.1" 302 600 "http://mail.cup.com/login.php" "Mozilla/5.0 (X11; Linux x86_64) AppleWebKit/537.36 (KHTML, like Gecko) Ubuntu Chromium/77.0.3865.90 HeadlessChrome/77.0.3865.90 Safari/537.36"
192.168.10.190 - - [04/Mar/2020:08:30:04 +0000] "GET /services/portal/ HTTP/1.1" 200 8468 "http://mail.cup.com/login.php" "Mozilla/5.0 (X11; Linux x86_64) AppleWebKit/537.36 (KHTML, like Gecko) Ubuntu Chromium/77.0.3865.90 HeadlessChrome/77.0.3865.90 Safari/537.36"
192.168.10.190 - - [04/Mar/2020:08:30:07 +0000] "GET /mnemo/ HTTP/1.1" 200 5179 "http://mail.cup.com/services/portal/" "Mozilla/5.0 (X11; Linux x86_64) AppleWebKit/537.36 (KHTML, like Gecko) Ubuntu Chromium/77.0.3865.90 HeadlessChrome/77.0.3865.90 Safari/537.36"
192.168.10.4 - - [04/Mar/2020:08:30:11 +0000] "GET /mnemo/memo.php?actionID=add_memo HTTP/1.1" 200 5977 "http://mail.cup.com/mnemo/" "Mozilla/5.0 (X11; Linux x86_64) AppleWebKit/537.36 (KHTML, like Gecko) Ubuntu Chromium/77.0.3865.90 HeadlessChrome/77.0.3865.90 Safari/537.36"
192.168.10.4 - - [04/Mar/2020:08:30:23 +0000] "POST /services/ajax.php/horde/imple?token=5PP5oDe7fkLoSGpgZtwvqb1&app=mnemo&imple=Mnemo_Ajax_Imple_TagAutoCompleter&input=memo_tags HTTP/1.1" 200 371 "http://mail.cup.com/mnemo/memo.php?actionID=add_memo" "Mozilla/5.0 (X11; Linux x86_64) AppleWebKit/537.36 (KHTML, like Gecko) Ubuntu Chromium/77.0.3865.90 HeadlessChrome/77.0.3865.90 Safari/537.36"
192.168.10.4 - - [04/Mar/2020:08:30:27 +0000] "POST /mnemo/memo.php HTTP/1.1" 302 413 "http://mail.cup.com/mnemo/memo.php?actionID=add_memo" "Mozilla/5.0 (X11; Linux x86_64) AppleWebKit/537.36 (KHTML, like Gecko) Ubuntu Chromium/77.0.3865.90 HeadlessChrome/77.0.3865.90 Safari/537.36"
192.168.10.4 - - [04/Mar/2020:08:30:27 +0000] "GET /mnemo/list.php HTTP/1.1" 200 6618 "http://mail.cup.com/mnemo/memo.php?actionID=add_memo" "Mozilla/5.0 (X11; Linux x86_64) AppleWebKit/537.36 (KHTML, like Gecko) Ubuntu Chromium/77.0.3865.90 HeadlessChrome/77.0.3865.90 Safari/537.36"
192.168.10.190 - - [04/Mar/2020:08:30:35 +0000] "GET /services/portal/ HTTP/1.1" 200 10181 "http://mail.cup.com/mnemo/list.php" "Mozilla/5.0 (X11; Ubuntu; Linux x86_64; rv:73.0) Gecko/20100101 Firefox/73.0"
192.168.10.190 - - [04/Mar/2020:08:30:40 +0000] "GET /mnemo/ HTTP/1.1" 200 7881 "http://mail.cup.com/services/portal/" "Mozilla/5.0 (X11; Ubuntu; Linux x86_64; rv:73.0) Gecko/20100101 Firefox/73.0"
192.168.10.190 - - [04/Mar/2020:08:30:42 +0000] "GET /mnemo/memo.php?actionID=add_memo HTTP/1.1" 200 5978 "http://mail.cup.com/mnemo/" "Mozilla/5.0 (X11; Linux x86_64) AppleWebKit/537.36 (KHTML, like Gecko) Ubuntu Chromium/77.0.3865.90 HeadlessChrome/77.0.3865.90 Safari/537.36"
192.168.10.190 - - [04/Mar/2020:08:30:47 +0000] "POST /services/ajax.php/horde/imple?token=IOr5FumMhTS2RmI7ocDDI1M&app=mnemo&imple=Mnemo_Ajax_Imple_TagAutoCompleter&input=memo_tags HTTP/1.1" 200 371 "http://mail.cup.com/mnemo/memo.php?actionID=add_memo" "Mozilla/5.0 (X11; Linux x86_64) AppleWebKit/537.36 (KHTML, like Gecko) Ubuntu Chromium/77.0.3865.90 HeadlessChrome/77.0.3865.90 Safari/537.36"
192.168.10.190 - - [04/Mar/2020:08:30:49 +0000] "POST /mnemo/memo.php HTTP/1.1" 302 413 "http://mail.cup.com/mnemo/memo.php?actionID=add_memo" "Mozilla/5.0 (X11; Linux x86_64) AppleWebKit/537.36 (KHTML, like Gecko) Ubuntu Chromium/77.0.3865.90 HeadlessChrome/77.0.3865.90 Safari/537.36"
192.168.10.190 - - [04/Mar/2020:08:30:49 +0000] "GET /mnemo/list.php HTTP/1.1" 200 5389 "http://mail.cup.com/mnemo/memo.php?actionID=add_memo" "Mozilla/5.0 (X11; Linux x86_64) AppleWebKit/537.36 (KHTML, like Gecko) Ubuntu Chromium/77.0.3865.90 HeadlessChrome/77.0.3865.90 Safari/537.36"
::1 - - [04/Mar/2020:08:30:57 +0000] "OPTIONS * HTTP/1.0" 200 110 "-" "Apache/2.4.25 (Debian) OpenSSL/1.0.2u (internal dummy connection)"
192.168.10.4 - - [04/Mar/2020:08:31:01 +0000] "GET /services/portal/ HTTP/1.1" 200 9315 "http://mail.cup.com/mnemo/list.php" "Mozilla/5.0 (X11; Linux x86_64) AppleWebKit/537.36 (KHTML, like Gecko) Ubuntu Chromium/77.0.3865.90 HeadlessChrome/77.0.3865.90 Safari/537.36"
192.168.10.4 - - [04/Mar/2020:08:31:06 +0000] "GET /nag/ HTTP/1.1" 200 8788 "http://mail.cup.com/services/portal/" "Mozilla/5.0 (X11; Linux x86_64) AppleWebKit/537.36 (KHTML, like Gecko) Ubuntu Chromium/77.0.3865.90 HeadlessChrome/77.0.3865.90 Safari/537.36"
192.168.10.190 - - [04/Mar/2020:08:31:17 +0000] "GET /mnemo/memo.php?actionID=add_memo HTTP/1.1" 200 5975 "http://mail.cup.com/mnemo/" "Mozilla/5.0 (X11; Ubuntu; Linux x86_64; rv:73.0) Gecko/20100101 Firefox/73.0"
192.168.10.190 - - [04/Mar/2020:08:31:22 +0000] "GET /services/portal/ HTTP/1.1" 200 8378 "http://mail.cup.com/mnemo/list.php" "Mozilla/5.0 (X11; Linux x86_64) AppleWebKit/537.36 (KHTML, like Gecko) Ubuntu Chromium/77.0.3865.90 HeadlessChrome/77.0.3865.90 Safari/537.36"
192.168.10.190 - - [04/Mar/2020:08:31:24 +0000] "GET /imp/dynamic.php?page=mailbox HTTP/1.1" 200 8752 "http://mail.cup.com/services/portal/" "Mozilla/5.0 (X11; Linux x86_64) AppleWebKit/537.36 (KHTML, like Gecko) Ubuntu Chromium/77.0.3865.90 HeadlessChrome/77.0.3865.90 Safari/537.36"
192.168.10.190 - - [04/Mar/2020:08:31:25 +0000] "POST /services/ajax.php/imp/dynamicInit HTTP/1.1" 200 2694 "http://mail.cup.com/imp/dynamic.php?page=mailbox" "Mozilla/5.0 (X11; Linux x86_64) AppleWebKit/537.36 (KHTML, like Gecko) Ubuntu Chromium/77.0.3865.90 HeadlessChrome/77.0.3865.90 Safari/537.36"
192.168.10.190 - - [04/Mar/2020:08:31:26 +0000] "POST /services/ajax.php/horde/imple?token=GFaDsuLhVNUJ0ppWj5tNfrZ&app=mnemo&imple=Mnemo_Ajax_Imple_TagAutoCompleter&input=memo_tags HTTP/1.1" 200 376 "http://mail.cup.com/mnemo/memo.php?actionID=add_memo" "Mozilla/5.0 (X11; Ubuntu; Linux x86_64; rv:73.0) Gecko/20100101 Firefox/73.0"
192.168.10.190 - - [04/Mar/2020:08:31:29 +0000] "POST /services/ajax.php/imp/viewPort HTTP/1.1" 200 2070 "http://mail.cup.com/imp/dynamic.php?page=mailbox" "Mozilla/5.0 (X11; Linux x86_64) AppleWebKit/537.36 (KHTML, like Gecko) Ubuntu Chromium/77.0.3865.90 HeadlessChrome/77.0.3865.90 Safari/537.36"
192.168.10.190 - - [04/Mar/2020:08:31:30 +0000] "POST /mnemo/memo.php HTTP/1.1" 302 413 "http://mail.cup.com/mnemo/memo.php?actionID=add_memo" "Mozilla/5.0 (X11; Ubuntu; Linux x86_64; rv:73.0) Gecko/20100101 Firefox/73.0"
192.168.10.190 - - [04/Mar/2020:08:31:30 +0000] "GET /mnemo/list.php HTTP/1.1" 200 8079 "http://mail.cup.com/mnemo/memo.php?actionID=add_memo" "Mozilla/5.0 (X11; Ubuntu; Linux x86_64; rv:73.0) Gecko/20100101 Firefox/73.0"
192.168.10.190 - - [04/Mar/2020:08:31:31 +0000] "GET /imp/dynamic.php?page=compose&type=new&token=IOr5FumMhTS2RmI7ocDDI1M&uniq=1583310691841 HTTP/1.1" 200 5531 "http://mail.cup.com/imp/dynamic.php?page=mailbox" "Mozilla/5.0 (X11; Linux x86_64) AppleWebKit/537.36 (KHTML, like Gecko) Ubuntu Chromium/77.0.3865.90 HeadlessChrome/77.0.3865.90 Safari/537.36"
192.168.10.190 - - [04/Mar/2020:08:31:36 +0000] "POST /services/ajax.php/imp/addAttachment?jsonhtml=1&token=IOr5FumMhTS2RmI7ocDDI1M HTTP/1.1" 200 1214 "http://mail.cup.com/imp/dynamic.php?page=compose&type=new&token=IOr5FumMhTS2RmI7ocDDI1M&uniq=1583310691841" "Mozilla/5.0 (X11; Linux x86_64) AppleWebKit/537.36 (KHTML, like Gecko) Ubuntu Chromium/77.0.3865.90 HeadlessChrome/77.0.3865.90 Safari/537.36"
192.168.10.190 - - [04/Mar/2020:08:31:43 +0000] "POST /services/ajax.php/imp/sendMessage HTTP/1.1" 200 474 "http://mail.cup.com/imp/dynamic.php?page=compose&type=new&token=IOr5FumMhTS2RmI7ocDDI1M&uniq=1583310691841" "Mozilla/5.0 (X11; Linux x86_64) AppleWebKit/537.36 (KHTML, like Gecko) Ubuntu Chromium/77.0.3865.90 HeadlessChrome/77.0.3865.90 Safari/537.36"
192.168.10.4 - - [04/Mar/2020:08:31:45 +0000] "GET /nag/task.php?tasklist=LPlvKR8NXFlouWS-n_s4gZa&task=CLAEabKMMIXwNjQVbUEYzQ-&actionID=modify_task&have_search&tab_name=1&url=%2Fnag%2F HTTP/1.1" 200 9256 "http://mail.cup.com/nag/" "Mozilla/5.0 (X11; Linux x86_64) AppleWebKit/537.36 (KHTML, like Gecko) Ubuntu Chromium/77.0.3865.90 HeadlessChrome/77.0.3865.90 Safari/537.36"
192.168.10.4 - - [04/Mar/2020:08:31:49 +0000] "POST /nag/task/save.php HTTP/1.1" 302 411 "http://mail.cup.com/nag/task.php?tasklist=LPlvKR8NXFlouWS-n_s4gZa&task=CLAEabKMMIXwNjQVbUEYzQ-&actionID=modify_task&have_search&tab_name=1&url=%2Fnag%2F" "Mozilla/5.0 (X11; Linux x86_64) AppleWebKit/537.36 (KHTML, like Gecko) Ubuntu Chromium/77.0.3865.90 HeadlessChrome/77.0.3865.90 Safari/537.36"
192.168.10.4 - - [04/Mar/2020:08:31:49 +0000] "GET /nag/list.php HTTP/1.1" 200 8786 "http://mail.cup.com/nag/task.php?tasklist=LPlvKR8NXFlouWS-n_s4gZa&task=CLAEabKMMIXwNjQVbUEYzQ-&actionID=modify_task&have_search&tab_name=1&url=%2Fnag%2F" "Mozilla/5.0 (X11; Linux x86_64) AppleWebKit/537.36 (KHTML, like Gecko) Ubuntu Chromium/77.0.3865.90 HeadlessChrome/77.0.3865.90 Safari/537.36"
192.168.10.190 - - [04/Mar/2020:08:32:03 +0000] "GET /services/portal/ HTTP/1.1" 200 10263 "http://mail.cup.com/mnemo/list.php" "Mozilla/5.0 (X11; Ubuntu; Linux x86_64; rv:73.0) Gecko/20100101 Firefox/73.0"
192.168.10.190 - - [04/Mar/2020:08:32:08 +0000] "GET /nag/ HTTP/1.1" 200 7823 "http://mail.cup.com/services/portal/" "Mozilla/5.0 (X11; Ubuntu; Linux x86_64; rv:73.0) Gecko/20100101 Firefox/73.0"
192.168.10.190 - - [04/Mar/2020:08:32:17 +0000] "GET /services/portal/ HTTP/1.1" 200 8350 "http://mail.cup.com/imp/dynamic.php?page=mailbox" "Mozilla/5.0 (X11; Linux x86_64) AppleWebKit/537.36 (KHTML, like Gecko) Ubuntu Chromium/77.0.3865.90 HeadlessChrome/77.0.3865.90 Safari/537.36"
192.168.10.190 - - [04/Mar/2020:08:32:20 +0000] "GET /nag/ HTTP/1.1" 200 8790 "http://mail.cup.com/services/portal/" "Mozilla/5.0 (X11; Linux x86_64) AppleWebKit/537.36 (KHTML, like Gecko) Ubuntu Chromium/77.0.3865.90 HeadlessChrome/77.0.3865.90 Safari/537.36"
192.168.10.4 - - [04/Mar/2020:08:32:23 +0000] "GET /services/portal/ HTTP/1.1" 200 9250 "http://mail.cup.com/nag/list.php" "Mozilla/5.0 (X11; Linux x86_64) AppleWebKit/537.36 (KHTML, like Gecko) Ubuntu Chromium/77.0.3865.90 HeadlessChrome/77.0.3865.90 Safari/537.36"
192.168.10.4 - - [04/Mar/2020:08:32:28 +0000] "GET /mnemo/ HTTP/1.1" 200 6500 "http://mail.cup.com/services/portal/" "Mozilla/5.0 (X11; Linux x86_64) AppleWebKit/537.36 (KHTML, like Gecko) Ubuntu Chromium/77.0.3865.90 HeadlessChrome/77.0.3865.90 Safari/537.36"
192.168.10.190 - - [04/Mar/2020:08:32:47 +0000] "GET /nag/task.php?tasklist=-tuA1UJG7ilRa4A_Y2M_t3c&task=N-6RSoHu6JcWU4Qfu13jJwB&actionID=modify_task&have_search&tab_name=1&url=%2Fnag%2F HTTP/1.1" 200 9071 "http://mail.cup.com/nag/" "Mozilla/5.0 (X11; Ubuntu; Linux x86_64; rv:73.0) Gecko/20100101 Firefox/73.0"
192.168.10.190 - - [04/Mar/2020:08:32:54 +0000] "POST /nag/task/save.php HTTP/1.1" 302 412 "http://mail.cup.com/nag/task.php?tasklist=-tuA1UJG7ilRa4A_Y2M_t3c&task=N-6RSoHu6JcWU4Qfu13jJwB&actionID=modify_task&have_search&tab_name=1&url=%2Fnag%2F" "Mozilla/5.0 (X11; Ubuntu; Linux x86_64; rv:73.0) Gecko/20100101 Firefox/73.0"
192.168.10.190 - - [04/Mar/2020:08:32:54 +0000] "GET /nag/list.php HTTP/1.1" 200 5328 "http://mail.cup.com/nag/task.php?tasklist=-tuA1UJG7ilRa4A_Y2M_t3c&task=N-6RSoHu6JcWU4Qfu13jJwB&actionID=modify_task&have_search&tab_name=1&url=%2Fnag%2F" "Mozilla/5.0 (X11; Ubuntu; Linux x86_64; rv:73.0) Gecko/20100101 Firefox/73.0"
192.168.10.190 - - [04/Mar/2020:08:32:54 +0000] "GET /nag/task.php?tasklist=zDBXZRkKYCpWlsFSf_AhjRi&task=T6St86hT-uAQO055cSpXbH1&actionID=modify_task&have_search&tab_name=1&url=%2Fnag%2F HTTP/1.1" 200 9266 "http://mail.cup.com/nag/" "Mozilla/5.0 (X11; Linux x86_64) AppleWebKit/537.36 (KHTML, like Gecko) Ubuntu Chromium/77.0.3865.90 HeadlessChrome/77.0.3865.90 Safari/537.36"
192.168.10.190 - - [04/Mar/2020:08:32:57 +0000] "POST /nag/task/save.php HTTP/1.1" 302 411 "http://mail.cup.com/nag/task.php?tasklist=zDBXZRkKYCpWlsFSf_AhjRi&task=T6St86hT-uAQO055cSpXbH1&actionID=modify_task&have_search&tab_name=1&url=%2Fnag%2F" "Mozilla/5.0 (X11; Linux x86_64) AppleWebKit/537.36 (KHTML, like Gecko) Ubuntu Chromium/77.0.3865.90 HeadlessChrome/77.0.3865.90 Safari/537.36"
192.168.10.190 - - [04/Mar/2020:08:32:57 +0000] "GET /nag/list.php HTTP/1.1" 200 8793 "http://mail.cup.com/nag/task.php?tasklist=zDBXZRkKYCpWlsFSf_AhjRi&task=T6St86hT-uAQO055cSpXbH1&actionID=modify_task&have_search&tab_name=1&url=%2Fnag%2F" "Mozilla/5.0 (X11; Linux x86_64) AppleWebKit/537.36 (KHTML, like Gecko) Ubuntu Chromium/77.0.3865.90 HeadlessChrome/77.0.3865.90 Safari/537.36"
192.168.10.4 - - [04/Mar/2020:08:33:07 +0000] "GET /mnemo/memo.php?actionID=add_memo HTTP/1.1" 200 5976 "http://mail.cup.com/mnemo/" "Mozilla/5.0 (X11; Linux x86_64) AppleWebKit/537.36 (KHTML, like Gecko) Ubuntu Chromium/77.0.3865.90 HeadlessChrome/77.0.3865.90 Safari/537.36"
::1 - - [04/Mar/2020:08:33:16 +0000] "OPTIONS * HTTP/1.0" 200 110 "-" "Apache/2.4.25 (Debian) OpenSSL/1.0.2u (internal dummy connection)"
192.168.10.4 - - [04/Mar/2020:08:33:17 +0000] "POST /services/ajax.php/horde/imple?token=5PP5oDe7fkLoSGpgZtwvqb1&app=mnemo&imple=Mnemo_Ajax_Imple_TagAutoCompleter&input=memo_tags HTTP/1.1" 200 371 "http://mail.cup.com/mnemo/memo.php?actionID=add_memo" "Mozilla/5.0 (X11; Linux x86_64) AppleWebKit/537.36 (KHTML, like Gecko) Ubuntu Chromium/77.0.3865.90 HeadlessChrome/77.0.3865.90 Safari/537.36"
192.168.10.4 - - [04/Mar/2020:08:33:21 +0000] "POST /mnemo/memo.php HTTP/1.1" 302 413 "http://mail.cup.com/mnemo/memo.php?actionID=add_memo" "Mozilla/5.0 (X11; Linux x86_64) AppleWebKit/537.36 (KHTML, like Gecko) Ubuntu Chromium/77.0.3865.90 HeadlessChrome/77.0.3865.90 Safari/537.36"
192.168.10.4 - - [04/Mar/2020:08:33:22 +0000] "GET /mnemo/list.php HTTP/1.1" 200 6709 "http://mail.cup.com/mnemo/memo.php?actionID=add_memo" "Mozilla/5.0 (X11; Linux x86_64) AppleWebKit/537.36 (KHTML, like Gecko) Ubuntu Chromium/77.0.3865.90 HeadlessChrome/77.0.3865.90 Safari/537.36"
192.168.10.190 - - [04/Mar/2020:08:33:30 +0000] "GET /services/portal/ HTTP/1.1" 200 8255 "http://mail.cup.com/nag/list.php" "Mozilla/5.0 (X11; Linux x86_64) AppleWebKit/537.36 (KHTML, like Gecko) Ubuntu Chromium/77.0.3865.90 HeadlessChrome/77.0.3865.90 Safari/537.36"
192.168.10.190 - - [04/Mar/2020:08:33:32 +0000] "GET /services/portal/ HTTP/1.1" 200 9269 "http://mail.cup.com/nag/list.php" "Mozilla/5.0 (X11; Ubuntu; Linux x86_64; rv:73.0) Gecko/20100101 Firefox/73.0"
192.168.10.190 - - [04/Mar/2020:08:33:32 +0000] "GET /turba/ HTTP/1.1" 200 4350 "http://mail.cup.com/services/portal/" "Mozilla/5.0 (X11; Linux x86_64) AppleWebKit/537.36 (KHTML, like Gecko) Ubuntu Chromium/77.0.3865.90 HeadlessChrome/77.0.3865.90 Safari/537.36"
192.168.10.190 - - [04/Mar/2020:08:33:35 +0000] "GET /turba/add.php HTTP/1.1" 200 19352 "http://mail.cup.com/turba/" "Mozilla/5.0 (X11; Linux x86_64) AppleWebKit/537.36 (KHTML, like Gecko) Ubuntu Chromium/77.0.3865.90 HeadlessChrome/77.0.3865.90 Safari/537.36"
192.168.10.190 - - [04/Mar/2020:08:33:38 +0000] "GET /imp/dynamic.php?page=mailbox HTTP/1.1" 200 8748 "http://mail.cup.com/services/portal/" "Mozilla/5.0 (X11; Ubuntu; Linux x86_64; rv:73.0) Gecko/20100101 Firefox/73.0"
192.168.10.190 - - [04/Mar/2020:08:33:39 +0000] "POST /services/ajax.php/imp/dynamicInit HTTP/1.1" 200 1555 "http://mail.cup.com/imp/dynamic.php?page=mailbox" "Mozilla/5.0 (X11; Ubuntu; Linux x86_64; rv:73.0) Gecko/20100101 Firefox/73.0"
192.168.10.190 - - [04/Mar/2020:08:33:42 +0000] "POST /turba/add.php HTTP/1.1" 302 489 "http://mail.cup.com/turba/add.php" "Mozilla/5.0 (X11; Linux x86_64) AppleWebKit/537.36 (KHTML, like Gecko) Ubuntu Chromium/77.0.3865.90 HeadlessChrome/77.0.3865.90 Safari/537.36"
192.168.10.190 - - [04/Mar/2020:08:33:42 +0000] "GET /turba/contact.php?source=TDHzN2ARlIvQkMNJ9ajfkWC&key=WA53eJn4YuEMn99HHfd8ylM&view=Contact HTTP/1.1" 200 21135 "http://mail.cup.com/turba/add.php" "Mozilla/5.0 (X11; Linux x86_64) AppleWebKit/537.36 (KHTML, like Gecko) Ubuntu Chromium/77.0.3865.90 HeadlessChrome/77.0.3865.90 Safari/537.36"
192.168.10.190 - - [04/Mar/2020:08:33:48 +0000] "POST /services/ajax.php/imp/viewPort HTTP/1.1" 200 903 "http://mail.cup.com/imp/dynamic.php?page=mailbox" "Mozilla/5.0 (X11; Ubuntu; Linux x86_64; rv:73.0) Gecko/20100101 Firefox/73.0"
192.168.10.4 - - [04/Mar/2020:08:33:56 +0000] "GET /services/portal/ HTTP/1.1" 200 9290 "http://mail.cup.com/mnemo/list.php" "Mozilla/5.0 (X11; Linux x86_64) AppleWebKit/537.36 (KHTML, like Gecko) Ubuntu Chromium/77.0.3865.90 HeadlessChrome/77.0.3865.90 Safari/537.36"
192.168.10.4 - - [04/Mar/2020:08:34:02 +0000] "GET /nag/ HTTP/1.1" 200 8680 "http://mail.cup.com/services/portal/" "Mozilla/5.0 (X11; Linux x86_64) AppleWebKit/537.36 (KHTML, like Gecko) Ubuntu Chromium/77.0.3865.90 HeadlessChrome/77.0.3865.90 Safari/537.36"
192.168.10.190 - - [04/Mar/2020:08:34:15 +0000] "GET /services/portal/ HTTP/1.1" 200 8254 "http://mail.cup.com/turba/contact.php?source=TDHzN2ARlIvQkMNJ9ajfkWC&key=WA53eJn4YuEMn99HHfd8ylM&view=Contact" "Mozilla/5.0 (X11; Linux x86_64) AppleWebKit/537.36 (KHTML, like Gecko) Ubuntu Chromium/77.0.3865.90 HeadlessChrome/77.0.3865.90 Safari/537.36"
192.168.10.190 - - [04/Mar/2020:08:34:17 +0000] "GET /imp/dynamic.php?page=mailbox HTTP/1.1" 200 8751 "http://mail.cup.com/services/portal/" "Mozilla/5.0 (X11; Linux x86_64) AppleWebKit/537.36 (KHTML, like Gecko) Ubuntu Chromium/77.0.3865.90 HeadlessChrome/77.0.3865.90 Safari/537.36"
192.168.10.190 - - [04/Mar/2020:08:34:18 +0000] "POST /services/ajax.php/imp/dynamicInit HTTP/1.1" 200 2721 "http://mail.cup.com/imp/dynamic.php?page=mailbox" "Mozilla/5.0 (X11; Linux x86_64) AppleWebKit/537.36 (KHTML, like Gecko) Ubuntu Chromium/77.0.3865.90 HeadlessChrome/77.0.3865.90 Safari/537.36"
192.168.10.190 - - [04/Mar/2020:08:34:22 +0000] "GET /services/portal/ HTTP/1.1" 200 9265 "http://mail.cup.com/imp/dynamic.php?page=mailbox" "Mozilla/5.0 (X11; Ubuntu; Linux x86_64; rv:73.0) Gecko/20100101 Firefox/73.0"
192.168.10.190 - - [04/Mar/2020:08:34:22 +0000] "POST /services/ajax.php/imp/viewPort HTTP/1.1" 200 2042 "http://mail.cup.com/imp/dynamic.php?page=mailbox" "Mozilla/5.0 (X11; Linux x86_64) AppleWebKit/537.36 (KHTML, like Gecko) Ubuntu Chromium/77.0.3865.90 HeadlessChrome/77.0.3865.90 Safari/537.36"
192.168.10.190 - - [04/Mar/2020:08:34:24 +0000] "GET /imp/dynamic.php?page=compose&type=new&token=IOr5FumMhTS2RmI7ocDDI1M&uniq=1583310864834 HTTP/1.1" 200 5530 "http://mail.cup.com/imp/dynamic.php?page=mailbox" "Mozilla/5.0 (X11; Linux x86_64) AppleWebKit/537.36 (KHTML, like Gecko) Ubuntu Chromium/77.0.3865.90 HeadlessChrome/77.0.3865.90 Safari/537.36"
192.168.10.190 - - [04/Mar/2020:08:34:29 +0000] "GET /nag/ HTTP/1.1" 200 5221 "http://mail.cup.com/services/portal/" "Mozilla/5.0 (X11; Ubuntu; Linux x86_64; rv:73.0) Gecko/20100101 Firefox/73.0"
192.168.10.190 - - [04/Mar/2020:08:34:35 +0000] "POST /services/ajax.php/imp/sendMessage HTTP/1.1" 200 480 "http://mail.cup.com/imp/dynamic.php?page=compose&type=new&token=IOr5FumMhTS2RmI7ocDDI1M&uniq=1583310864834" "Mozilla/5.0 (X11; Linux x86_64) AppleWebKit/537.36 (KHTML, like Gecko) Ubuntu Chromium/77.0.3865.90 HeadlessChrome/77.0.3865.90 Safari/537.36"
192.168.10.4 - - [04/Mar/2020:08:34:39 +0000] "GET /nag/task.php?tasklist=LPlvKR8NXFlouWS-n_s4gZa&task=01g4ZNJ5vGgoZx1eQPTBt3L&actionID=modify_task&have_search&tab_name=1&url=%2Fnag%2F HTTP/1.1" 200 9224 "http://mail.cup.com/nag/" "Mozilla/5.0 (X11; Linux x86_64) AppleWebKit/537.36 (KHTML, like Gecko) Ubuntu Chromium/77.0.3865.90 HeadlessChrome/77.0.3865.90 Safari/537.36"
192.168.10.4 - - [04/Mar/2020:08:34:43 +0000] "POST /nag/task/save.php HTTP/1.1" 302 411 "http://mail.cup.com/nag/task.php?tasklist=LPlvKR8NXFlouWS-n_s4gZa&task=01g4ZNJ5vGgoZx1eQPTBt3L&actionID=modify_task&have_search&tab_name=1&url=%2Fnag%2F" "Mozilla/5.0 (X11; Linux x86_64) AppleWebKit/537.36 (KHTML, like Gecko) Ubuntu Chromium/77.0.3865.90 HeadlessChrome/77.0.3865.90 Safari/537.36"
192.168.10.4 - - [04/Mar/2020:08:34:43 +0000] "GET /nag/list.php HTTP/1.1" 200 8690 "http://mail.cup.com/nag/task.php?tasklist=LPlvKR8NXFlouWS-n_s4gZa&task=01g4ZNJ5vGgoZx1eQPTBt3L&actionID=modify_task&have_search&tab_name=1&url=%2Fnag%2F" "Mozilla/5.0 (X11; Linux x86_64) AppleWebKit/537.36 (KHTML, like Gecko) Ubuntu Chromium/77.0.3865.90 HeadlessChrome/77.0.3865.90 Safari/537.36"
192.168.10.190 - - [04/Mar/2020:08:35:09 +0000] "GET /services/portal/ HTTP/1.1" 200 8257 "http://mail.cup.com/imp/dynamic.php?page=mailbox" "Mozilla/5.0 (X11; Linux x86_64) AppleWebKit/537.36 (KHTML, like Gecko) Ubuntu Chromium/77.0.3865.90 HeadlessChrome/77.0.3865.90 Safari/537.36"
192.168.10.190 - - [04/Mar/2020:08:35:12 +0000] "GET /nag/ HTTP/1.1" 200 8690 "http://mail.cup.com/services/portal/" "Mozilla/5.0 (X11; Linux x86_64) AppleWebKit/537.36 (KHTML, like Gecko) Ubuntu Chromium/77.0.3865.90 HeadlessChrome/77.0.3865.90 Safari/537.36"
192.168.10.4 - - [04/Mar/2020:08:35:20 +0000] "GET /services/portal/ HTTP/1.1" 200 9236 "http://mail.cup.com/nag/list.php" "Mozilla/5.0 (X11; Linux x86_64) AppleWebKit/537.36 (KHTML, like Gecko) Ubuntu Chromium/77.0.3865.90 HeadlessChrome/77.0.3865.90 Safari/537.36"
192.168.10.4 - - [04/Mar/2020:08:35:24 +0000] "GET /mnemo/ HTTP/1.1" 200 6591 "http://mail.cup.com/services/portal/" "Mozilla/5.0 (X11; Linux x86_64) AppleWebKit/537.36 (KHTML, like Gecko) Ubuntu Chromium/77.0.3865.90 HeadlessChrome/77.0.3865.90 Safari/537.36"
192.168.10.190 - - [04/Mar/2020:08:35:47 +0000] "GET /nag/task.php?actionID=add_task HTTP/1.1" 200 9088 "http://mail.cup.com/nag/" "Mozilla/5.0 (X11; Linux x86_64) AppleWebKit/537.36 (KHTML, like Gecko) Ubuntu Chromium/77.0.3865.90 HeadlessChrome/77.0.3865.90 Safari/537.36"
192.168.10.190 - - [04/Mar/2020:08:35:54 +0000] "POST /services/ajax.php/horde/imple?token=IOr5FumMhTS2RmI7ocDDI1M&app=nag&imple=Nag_Ajax_Imple_TagAutoCompleter&input=tags HTTP/1.1" 200 371 "http://mail.cup.com/nag/task.php?actionID=add_task" "Mozilla/5.0 (X11; Linux x86_64) AppleWebKit/537.36 (KHTML, like Gecko) Ubuntu Chromium/77.0.3865.90 HeadlessChrome/77.0.3865.90 Safari/537.36"
192.168.10.4 - - [04/Mar/2020:08:36:04 +0000] "GET /mnemo/memo.php?actionID=add_memo HTTP/1.1" 200 5977 "http://mail.cup.com/mnemo/" "Mozilla/5.0 (X11; Linux x86_64) AppleWebKit/537.36 (KHTML, like Gecko) Ubuntu Chromium/77.0.3865.90 HeadlessChrome/77.0.3865.90 Safari/537.36"
192.168.10.190 - - [04/Mar/2020:08:36:09 +0000] "POST /nag/task/save.php HTTP/1.1" 302 412 "http://mail.cup.com/nag/task.php?actionID=add_task" "Mozilla/5.0 (X11; Linux x86_64) AppleWebKit/537.36 (KHTML, like Gecko) Ubuntu Chromium/77.0.3865.90 HeadlessChrome/77.0.3865.90 Safari/537.36"
192.168.10.190 - - [04/Mar/2020:08:36:09 +0000] "GET /nag/list.php HTTP/1.1" 200 8886 "http://mail.cup.com/nag/task.php?actionID=add_task" "Mozilla/5.0 (X11; Linux x86_64) AppleWebKit/537.36 (KHTML, like Gecko) Ubuntu Chromium/77.0.3865.90 HeadlessChrome/77.0.3865.90 Safari/537.36"
192.168.10.190 - - [04/Mar/2020:08:36:10 +0000] "GET /services/portal/ HTTP/1.1" 200 9263 "http://mail.cup.com/nag/" "Mozilla/5.0 (X11; Ubuntu; Linux x86_64; rv:73.0) Gecko/20100101 Firefox/73.0"
192.168.10.4 - - [04/Mar/2020:08:36:14 +0000] "POST /services/ajax.php/horde/imple?token=5PP5oDe7fkLoSGpgZtwvqb1&app=mnemo&imple=Mnemo_Ajax_Imple_TagAutoCompleter&input=memo_tags HTTP/1.1" 200 371 "http://mail.cup.com/mnemo/memo.php?actionID=add_memo" "Mozilla/5.0 (X11; Linux x86_64) AppleWebKit/537.36 (KHTML, like Gecko) Ubuntu Chromium/77.0.3865.90 HeadlessChrome/77.0.3865.90 Safari/537.36"
192.168.10.190 - - [04/Mar/2020:08:36:14 +0000] "GET /imp/dynamic.php?page=mailbox HTTP/1.1" 200 8749 "http://mail.cup.com/services/portal/" "Mozilla/5.0 (X11; Ubuntu; Linux x86_64; rv:73.0) Gecko/20100101 Firefox/73.0"
192.168.10.190 - - [04/Mar/2020:08:36:15 +0000] "POST /services/ajax.php/imp/dynamicInit HTTP/1.1" 200 1553 "http://mail.cup.com/imp/dynamic.php?page=mailbox" "Mozilla/5.0 (X11; Ubuntu; Linux x86_64; rv:73.0) Gecko/20100101 Firefox/73.0"
192.168.10.4 - - [04/Mar/2020:08:36:17 +0000] "POST /mnemo/memo.php HTTP/1.1" 302 413 "http://mail.cup.com/mnemo/memo.php?actionID=add_memo" "Mozilla/5.0 (X11; Linux x86_64) AppleWebKit/537.36 (KHTML, like Gecko) Ubuntu Chromium/77.0.3865.90 HeadlessChrome/77.0.3865.90 Safari/537.36"
192.168.10.4 - - [04/Mar/2020:08:36:18 +0000] "GET /mnemo/list.php HTTP/1.1" 200 6807 "http://mail.cup.com/mnemo/memo.php?actionID=add_memo" "Mozilla/5.0 (X11; Linux x86_64) AppleWebKit/537.36 (KHTML, like Gecko) Ubuntu Chromium/77.0.3865.90 HeadlessChrome/77.0.3865.90 Safari/537.36"
192.168.10.190 - - [04/Mar/2020:08:36:24 +0000] "POST /services/ajax.php/imp/viewPort HTTP/1.1" 200 904 "http://mail.cup.com/imp/dynamic.php?page=mailbox" "Mozilla/5.0 (X11; Ubuntu; Linux x86_64; rv:73.0) Gecko/20100101 Firefox/73.0"
192.168.10.190 - - [04/Mar/2020:08:36:34 +0000] "POST /services/ajax.php/imp/showMessage HTTP/1.1" 200 2421 "http://mail.cup.com/imp/dynamic.php?page=mailbox" "Mozilla/5.0 (X11; Ubuntu; Linux x86_64; rv:73.0) Gecko/20100101 Firefox/73.0"
192.168.10.190 - - [04/Mar/2020:08:36:42 +0000] "GET /imp/dynamic.php?page=message&buid=120&mailbox=SU5CT1g&token=GFaDsuLhVNUJ0ppWj5tNfrZ&uniq=1583311001914 HTTP/1.1" 200 7826 "http://mail.cup.com/imp/dynamic.php?page=mailbox" "Mozilla/5.0 (X11; Ubuntu; Linux x86_64; rv:73.0) Gecko/20100101 Firefox/73.0"
192.168.10.190 - - [04/Mar/2020:08:36:42 +0000] "GET /services/portal/ HTTP/1.1" 200 8345 "http://mail.cup.com/nag/list.php" "Mozilla/5.0 (X11; Linux x86_64) AppleWebKit/537.36 (KHTML, like Gecko) Ubuntu Chromium/77.0.3865.90 HeadlessChrome/77.0.3865.90 Safari/537.36"
192.168.10.190 - - [04/Mar/2020:08:36:45 +0000] "GET /imp/dynamic.php?page=mailbox HTTP/1.1" 200 8746 "http://mail.cup.com/services/portal/" "Mozilla/5.0 (X11; Linux x86_64) AppleWebKit/537.36 (KHTML, like Gecko) Ubuntu Chromium/77.0.3865.90 HeadlessChrome/77.0.3865.90 Safari/537.36"
192.168.10.190 - - [04/Mar/2020:08:36:45 +0000] "POST /services/ajax.php/imp/dynamicInit HTTP/1.1" 200 2694 "http://mail.cup.com/imp/dynamic.php?page=mailbox" "Mozilla/5.0 (X11; Linux x86_64) AppleWebKit/537.36 (KHTML, like Gecko) Ubuntu Chromium/77.0.3865.90 HeadlessChrome/77.0.3865.90 Safari/537.36"
192.168.10.190 - - [04/Mar/2020:08:36:46 +0000] "POST /services/ajax.php/imp/getReplyData HTTP/1.1" 200 1247 "http://mail.cup.com/imp/dynamic.php?page=message&buid=120&mailbox=SU5CT1g&token=GFaDsuLhVNUJ0ppWj5tNfrZ&uniq=1583311001914" "Mozilla/5.0 (X11; Ubuntu; Linux x86_64; rv:73.0) Gecko/20100101 Firefox/73.0"
192.168.10.190 - - [04/Mar/2020:08:36:50 +0000] "POST /services/ajax.php/imp/viewPort HTTP/1.1" 200 2070 "http://mail.cup.com/imp/dynamic.php?page=mailbox" "Mozilla/5.0 (X11; Linux x86_64) AppleWebKit/537.36 (KHTML, like Gecko) Ubuntu Chromium/77.0.3865.90 HeadlessChrome/77.0.3865.90 Safari/537.36"
192.168.10.190 - - [04/Mar/2020:08:36:52 +0000] "GET /imp/dynamic.php?page=compose&type=new&token=IOr5FumMhTS2RmI7ocDDI1M&uniq=1583311012300 HTTP/1.1" 200 5530 "http://mail.cup.com/imp/dynamic.php?page=mailbox" "Mozilla/5.0 (X11; Linux x86_64) AppleWebKit/537.36 (KHTML, like Gecko) Ubuntu Chromium/77.0.3865.90 HeadlessChrome/77.0.3865.90 Safari/537.36"
192.168.10.190 - - [04/Mar/2020:08:36:53 +0000] "POST /services/ajax.php/imp/sendMessage HTTP/1.1" 200 653 "http://mail.cup.com/imp/dynamic.php?page=message&buid=120&mailbox=SU5CT1g&token=GFaDsuLhVNUJ0ppWj5tNfrZ&uniq=1583311001914" "Mozilla/5.0 (X11; Ubuntu; Linux x86_64; rv:73.0) Gecko/20100101 Firefox/73.0"
192.168.10.4 - - [04/Mar/2020:08:36:53 +0000] "GET /services/portal/ HTTP/1.1" 200 9308 "http://mail.cup.com/mnemo/list.php" "Mozilla/5.0 (X11; Linux x86_64) AppleWebKit/537.36 (KHTML, like Gecko) Ubuntu Chromium/77.0.3865.90 HeadlessChrome/77.0.3865.90 Safari/537.36"
192.168.10.4 - - [04/Mar/2020:08:36:58 +0000] "GET /imp/dynamic.php?page=mailbox HTTP/1.1" 200 8745 "http://mail.cup.com/services/portal/" "Mozilla/5.0 (X11; Linux x86_64) AppleWebKit/537.36 (KHTML, like Gecko) Ubuntu Chromium/77.0.3865.90 HeadlessChrome/77.0.3865.90 Safari/537.36"
192.168.10.4 - - [04/Mar/2020:08:36:58 +0000] "POST /services/ajax.php/imp/dynamicInit HTTP/1.1" 200 3237 "http://mail.cup.com/imp/dynamic.php?page=mailbox" "Mozilla/5.0 (X11; Linux x86_64) AppleWebKit/537.36 (KHTML, like Gecko) Ubuntu Chromium/77.0.3865.90 HeadlessChrome/77.0.3865.90 Safari/537.36"
192.168.10.4 - - [04/Mar/2020:08:36:59 +0000] "GET /imp/themes/default/graphics/scroller.png HTTP/1.1" 304 164 "http://mail.cup.com/imp/themes/default/dynamic/screen.css" "Mozilla/5.0 (X11; Linux x86_64) AppleWebKit/537.36 (KHTML, like Gecko) Ubuntu Chromium/77.0.3865.90 HeadlessChrome/77.0.3865.90 Safari/537.36"
192.168.10.4 - - [04/Mar/2020:08:36:59 +0000] "GET /imp/themes/default/graphics/sbcursor_bottom.png HTTP/1.1" 304 164 "http://mail.cup.com/imp/themes/default/dynamic/screen.css" "Mozilla/5.0 (X11; Linux x86_64) AppleWebKit/537.36 (KHTML, like Gecko) Ubuntu Chromium/77.0.3865.90 HeadlessChrome/77.0.3865.90 Safari/537.36"
192.168.10.4 - - [04/Mar/2020:08:36:59 +0000] "GET /imp/themes/default/graphics/sbcursor_top.png HTTP/1.1" 304 163 "http://mail.cup.com/imp/themes/default/dynamic/screen.css" "Mozilla/5.0 (X11; Linux x86_64) AppleWebKit/537.36 (KHTML, like Gecko) Ubuntu Chromium/77.0.3865.90 HeadlessChrome/77.0.3865.90 Safari/537.36"
192.168.10.190 - - [04/Mar/2020:08:37:02 +0000] "POST /services/ajax.php/imp/sendMessage HTTP/1.1" 200 480 "http://mail.cup.com/imp/dynamic.php?page=compose&type=new&token=IOr5FumMhTS2RmI7ocDDI1M&uniq=1583311012300" "Mozilla/5.0 (X11; Linux x86_64) AppleWebKit/537.36 (KHTML, like Gecko) Ubuntu Chromium/77.0.3865.90 HeadlessChrome/77.0.3865.90 Safari/537.36"
192.168.10.4 - - [04/Mar/2020:08:37:10 +0000] "POST /services/ajax.php/imp/viewPort HTTP/1.1" 200 2559 "http://mail.cup.com/imp/dynamic.php?page=mailbox" "Mozilla/5.0 (X11; Linux x86_64) AppleWebKit/537.36 (KHTML, like Gecko) Ubuntu Chromium/77.0.3865.90 HeadlessChrome/77.0.3865.90 Safari/537.36"
192.168.10.4 - - [04/Mar/2020:08:37:16 +0000] "GET /imp/dynamic.php?page=compose&type=new&token=5PP5oDe7fkLoSGpgZtwvqb1&uniq=1583311036885 HTTP/1.1" 200 5531 "http://mail.cup.com/imp/dynamic.php?page=mailbox" "Mozilla/5.0 (X11; Linux x86_64) AppleWebKit/537.36 (KHTML, like Gecko) Ubuntu Chromium/77.0.3865.90 HeadlessChrome/77.0.3865.90 Safari/537.36"
192.168.10.190 - - [04/Mar/2020:08:37:33 +0000] "GET /services/portal/ HTTP/1.1" 200 9268 "http://mail.cup.com/imp/dynamic.php?page=mailbox" "Mozilla/5.0 (X11; Ubuntu; Linux x86_64; rv:73.0) Gecko/20100101 Firefox/73.0"
192.168.10.4 - - [04/Mar/2020:08:37:33 +0000] "POST /services/ajax.php/imp/sendMessage HTTP/1.1" 200 475 "http://mail.cup.com/imp/dynamic.php?page=compose&type=new&token=5PP5oDe7fkLoSGpgZtwvqb1&uniq=1583311036885" "Mozilla/5.0 (X11; Linux x86_64) AppleWebKit/537.36 (KHTML, like Gecko) Ubuntu Chromium/77.0.3865.90 HeadlessChrome/77.0.3865.90 Safari/537.36"
192.168.10.190 - - [04/Mar/2020:08:37:36 +0000] "GET /services/portal/ HTTP/1.1" 200 8348 "http://mail.cup.com/imp/dynamic.php?page=mailbox" "Mozilla/5.0 (X11; Linux x86_64) AppleWebKit/537.36 (KHTML, like Gecko) Ubuntu Chromium/77.0.3865.90 HeadlessChrome/77.0.3865.90 Safari/537.36"
192.168.10.190 - - [04/Mar/2020:08:37:39 +0000] "GET /nag/ HTTP/1.1" 200 8780 "http://mail.cup.com/services/portal/" "Mozilla/5.0 (X11; Linux x86_64) AppleWebKit/537.36 (KHTML, like Gecko) Ubuntu Chromium/77.0.3865.90 HeadlessChrome/77.0.3865.90 Safari/537.36"
192.168.10.190 - - [04/Mar/2020:08:37:39 +0000] "GET /nag/ HTTP/1.1" 200 5223 "http://mail.cup.com/services/portal/" "Mozilla/5.0 (X11; Ubuntu; Linux x86_64; rv:73.0) Gecko/20100101 Firefox/73.0"
