192.168.10.190 - - [04/Mar/2020:14:03:52 +0000] "GET /nag/list.php HTTP/1.1" 200 8208 "http://mail.cup.com/nag/task.php?actionID=add_task" "Mozilla/5.0 (X11; Linux x86_64) AppleWebKit/537.36 (KHTML, like Gecko) Ubuntu Chromium/77.0.3865.90 HeadlessChrome/77.0.3865.90 Safari/537.36"
192.168.10.238 - - [04/Mar/2020:14:03:52 +0000] "GET /imp/dynamic.php?page=mailbox HTTP/1.1" 200 8750 "http://mail.cup.com/services/portal/" "Mozilla/5.0 (X11; Ubuntu; Linux x86_64; rv:73.0) Gecko/20100101 Firefox/73.0"
192.168.10.238 - - [04/Mar/2020:14:03:53 +0000] "POST /services/ajax.php/imp/dynamicInit HTTP/1.1" 200 2844 "http://mail.cup.com/imp/dynamic.php?page=mailbox" "Mozilla/5.0 (X11; Ubuntu; Linux x86_64; rv:73.0) Gecko/20100101 Firefox/73.0"
192.168.10.4 - - [04/Mar/2020:14:03:54 +0000] "POST /services/ajax.php/horde/imple?token=_YgCOUeu0q4PcZGj2IYp0f6&app=mnemo&imple=Mnemo_Ajax_Imple_TagAutoCompleter&input=memo_tags HTTP/1.1" 200 371 "http://mail.cup.com/mnemo/memo.php?actionID=add_memo" "Mozilla/5.0 (X11; Ubuntu; Linux x86_64; rv:73.0) Gecko/20100101 Firefox/73.0"
192.168.10.200 - - [04/Mar/2020:14:03:56 +0000] "GET /services/portal/ HTTP/1.1" 200 8903 "http://mail.cup.com/mnemo/list.php" "Mozilla/5.0 (X11; Linux x86_64) AppleWebKit/537.36 (KHTML, like Gecko) Ubuntu Chromium/77.0.3865.90 HeadlessChrome/77.0.3865.90 Safari/537.36"
192.168.10.4 - - [04/Mar/2020:14:03:57 +0000] "POST /mnemo/memo.php HTTP/1.1" 302 413 "http://mail.cup.com/mnemo/memo.php?actionID=add_memo" "Mozilla/5.0 (X11; Ubuntu; Linux x86_64; rv:73.0) Gecko/20100101 Firefox/73.0"
192.168.10.4 - - [04/Mar/2020:14:03:57 +0000] "GET /mnemo/list.php HTTP/1.1" 200 5837 "http://mail.cup.com/mnemo/memo.php?actionID=add_memo" "Mozilla/5.0 (X11; Ubuntu; Linux x86_64; rv:73.0) Gecko/20100101 Firefox/73.0"
192.168.10.200 - - [04/Mar/2020:14:04:02 +0000] "GET /mnemo/ HTTP/1.1" 200 6264 "http://mail.cup.com/services/portal/" "Mozilla/5.0 (X11; Linux x86_64) AppleWebKit/537.36 (KHTML, like Gecko) Ubuntu Chromium/77.0.3865.90 HeadlessChrome/77.0.3865.90 Safari/537.36"
192.168.10.238 - - [04/Mar/2020:14:04:03 +0000] "POST /services/ajax.php/imp/viewPort HTTP/1.1" 200 2167 "http://mail.cup.com/imp/dynamic.php?page=mailbox" "Mozilla/5.0 (X11; Ubuntu; Linux x86_64; rv:73.0) Gecko/20100101 Firefox/73.0"
192.168.10.238 - - [04/Mar/2020:14:04:06 +0000] "POST /services/ajax.php/imp/showMessage HTTP/1.1" 200 2214 "http://mail.cup.com/imp/dynamic.php?page=mailbox" "Mozilla/5.0 (X11; Ubuntu; Linux x86_64; rv:73.0) Gecko/20100101 Firefox/73.0"
192.168.10.4 - - [04/Mar/2020:14:04:09 +0000] "GET /services/portal/ HTTP/1.1" 200 11642 "http://mail.cup.com/imp/dynamic.php?page=mailbox" "Mozilla/5.0 (X11; Linux x86_64) AppleWebKit/537.36 (KHTML, like Gecko) Ubuntu Chromium/77.0.3865.90 HeadlessChrome/77.0.3865.90 Safari/537.36"
192.168.10.238 - - [04/Mar/2020:14:04:12 +0000] "POST /services/ajax.php/imp/deleteMessages HTTP/1.1" 200 830 "http://mail.cup.com/imp/dynamic.php?page=mailbox" "Mozilla/5.0 (X11; Ubuntu; Linux x86_64; rv:73.0) Gecko/20100101 Firefox/73.0"
192.168.10.4 - - [04/Mar/2020:14:04:12 +0000] "GET /mnemo/ HTTP/1.1" 200 8138 "http://mail.cup.com/services/portal/" "Mozilla/5.0 (X11; Linux x86_64) AppleWebKit/537.36 (KHTML, like Gecko) Ubuntu Chromium/77.0.3865.90 HeadlessChrome/77.0.3865.90 Safari/537.36"
192.168.10.190 - - [04/Mar/2020:14:04:18 +0000] "GET /nag/task.php?tasklist=Mc3b0molD9QOw1RLSHnvXVd&task=HOamK3j_nzXe4gM4acpFScG&actionID=modify_task&have_search&tab_name=1&url=%2Fnag%2F HTTP/1.1" 200 9206 "http://mail.cup.com/nag/" "Mozilla/5.0 (X11; Ubuntu; Linux x86_64; rv:73.0) Gecko/20100101 Firefox/73.0"
192.168.10.190 - - [04/Mar/2020:14:04:23 +0000] "POST /nag/task/save.php HTTP/1.1" 302 412 "http://mail.cup.com/nag/task.php?tasklist=Mc3b0molD9QOw1RLSHnvXVd&task=HOamK3j_nzXe4gM4acpFScG&actionID=modify_task&have_search&tab_name=1&url=%2Fnag%2F" "Mozilla/5.0 (X11; Ubuntu; Linux x86_64; rv:73.0) Gecko/20100101 Firefox/73.0"
192.168.10.190 - - [04/Mar/2020:14:04:23 +0000] "GET /nag/list.php HTTP/1.1" 200 8571 "http://mail.cup.com/nag/task.php?tasklist=Mc3b0molD9QOw1RLSHnvXVd&task=HOamK3j_nzXe4gM4acpFScG&actionID=modify_task&have_search&tab_name=1&url=%2Fnag%2F" "Mozilla/5.0 (X11; Ubuntu; Linux x86_64; rv:73.0) Gecko/20100101 Firefox/73.0"
192.168.10.190 - - [04/Mar/2020:14:04:24 +0000] "GET /services/portal/ HTTP/1.1" 200 7911 "http://mail.cup.com/nag/list.php" "Mozilla/5.0 (X11; Linux x86_64) AppleWebKit/537.36 (KHTML, like Gecko) Ubuntu Chromium/77.0.3865.90 HeadlessChrome/77.0.3865.90 Safari/537.36"
192.168.10.190 - - [04/Mar/2020:14:04:27 +0000] "GET /turba/ HTTP/1.1" 200 4348 "http://mail.cup.com/services/portal/" "Mozilla/5.0 (X11; Linux x86_64) AppleWebKit/537.36 (KHTML, like Gecko) Ubuntu Chromium/77.0.3865.90 HeadlessChrome/77.0.3865.90 Safari/537.36"
192.168.10.190 - - [04/Mar/2020:14:04:29 +0000] "GET /turba/add.php HTTP/1.1" 200 19368 "http://mail.cup.com/turba/" "Mozilla/5.0 (X11; Linux x86_64) AppleWebKit/537.36 (KHTML, like Gecko) Ubuntu Chromium/77.0.3865.90 HeadlessChrome/77.0.3865.90 Safari/537.36"
192.168.10.4 - - [04/Mar/2020:14:04:30 +0000] "GET /services/portal/ HTTP/1.1" 200 8578 "http://mail.cup.com/mnemo/list.php" "Mozilla/5.0 (X11; Ubuntu; Linux x86_64; rv:73.0) Gecko/20100101 Firefox/73.0"
192.168.10.4 - - [04/Mar/2020:14:04:33 +0000] "GET /kronolith/ HTTP/1.1" 200 24699 "http://mail.cup.com/services/portal/" "Mozilla/5.0 (X11; Ubuntu; Linux x86_64; rv:73.0) Gecko/20100101 Firefox/73.0"
192.168.10.4 - - [04/Mar/2020:14:04:34 +0000] "POST /services/ajax.php/kronolith/listCalendars HTTP/1.1" 200 975 "http://mail.cup.com/kronolith/" "Mozilla/5.0 (X11; Ubuntu; Linux x86_64; rv:73.0) Gecko/20100101 Firefox/73.0"
192.168.10.4 - - [04/Mar/2020:14:04:34 +0000] "POST /services/ajax.php/kronolith/listEvents HTTP/1.1" 200 549 "http://mail.cup.com/kronolith/" "Mozilla/5.0 (X11; Ubuntu; Linux x86_64; rv:73.0) Gecko/20100101 Firefox/73.0"
192.168.10.4 - - [04/Mar/2020:14:04:34 +0000] "POST /services/ajax.php/kronolith/listEvents HTTP/1.1" 200 1458 "http://mail.cup.com/kronolith/" "Mozilla/5.0 (X11; Ubuntu; Linux x86_64; rv:73.0) Gecko/20100101 Firefox/73.0"
192.168.10.190 - - [04/Mar/2020:14:04:38 +0000] "POST /turba/add.php HTTP/1.1" 302 489 "http://mail.cup.com/turba/add.php" "Mozilla/5.0 (X11; Linux x86_64) AppleWebKit/537.36 (KHTML, like Gecko) Ubuntu Chromium/77.0.3865.90 HeadlessChrome/77.0.3865.90 Safari/537.36"
192.168.10.190 - - [04/Mar/2020:14:04:38 +0000] "GET /turba/contact.php?source=nmyDTp1CJZ38jSqq_5oRhWw&key=-CG9NMvSCxzZkVz_NKOLbWc&view=Contact HTTP/1.1" 200 21137 "http://mail.cup.com/turba/add.php" "Mozilla/5.0 (X11; Linux x86_64) AppleWebKit/537.36 (KHTML, like Gecko) Ubuntu Chromium/77.0.3865.90 HeadlessChrome/77.0.3865.90 Safari/537.36"
192.168.10.4 - - [04/Mar/2020:14:04:39 +0000] "POST /services/ajax.php/kronolith/getEvent HTTP/1.1" 200 685 "http://mail.cup.com/kronolith/" "Mozilla/5.0 (X11; Ubuntu; Linux x86_64; rv:73.0) Gecko/20100101 Firefox/73.0"
192.168.10.4 - - [04/Mar/2020:14:04:39 +0000] "POST /services/ajax.php/kronolith/listTopTags HTTP/1.1" 200 460 "http://mail.cup.com/kronolith/" "Mozilla/5.0 (X11; Ubuntu; Linux x86_64; rv:73.0) Gecko/20100101 Firefox/73.0"
192.168.10.200 - - [04/Mar/2020:14:04:42 +0000] "GET /mnemo/memo.php?actionID=add_memo HTTP/1.1" 200 6120 "http://mail.cup.com/mnemo/" "Mozilla/5.0 (X11; Linux x86_64) AppleWebKit/537.36 (KHTML, like Gecko) Ubuntu Chromium/77.0.3865.90 HeadlessChrome/77.0.3865.90 Safari/537.36"
192.168.10.238 - - [04/Mar/2020:14:04:44 +0000] "GET /services/portal/ HTTP/1.1" 200 9011 "http://mail.cup.com/imp/dynamic.php?page=mailbox" "Mozilla/5.0 (X11; Ubuntu; Linux x86_64; rv:73.0) Gecko/20100101 Firefox/73.0"
192.168.10.4 - - [04/Mar/2020:14:04:45 +0000] "POST /services/ajax.php/kronolith/deleteEvent HTTP/1.1" 200 536 "http://mail.cup.com/kronolith/" "Mozilla/5.0 (X11; Ubuntu; Linux x86_64; rv:73.0) Gecko/20100101 Firefox/73.0"
192.168.10.238 - - [04/Mar/2020:14:04:48 +0000] "GET /imp/dynamic.php?page=mailbox HTTP/1.1" 200 8752 "http://mail.cup.com/services/portal/" "Mozilla/5.0 (X11; Ubuntu; Linux x86_64; rv:73.0) Gecko/20100101 Firefox/73.0"
192.168.10.238 - - [04/Mar/2020:14:04:48 +0000] "POST /services/ajax.php/imp/dynamicInit HTTP/1.1" 200 2820 "http://mail.cup.com/imp/dynamic.php?page=mailbox" "Mozilla/5.0 (X11; Ubuntu; Linux x86_64; rv:73.0) Gecko/20100101 Firefox/73.0"
192.168.10.4 - - [04/Mar/2020:14:04:50 +0000] "GET /services/portal/ HTTP/1.1" 200 8571 "http://mail.cup.com/kronolith/" "Mozilla/5.0 (X11; Ubuntu; Linux x86_64; rv:73.0) Gecko/20100101 Firefox/73.0"
192.168.10.4 - - [04/Mar/2020:14:04:52 +0000] "GET /mnemo/memo.php?actionID=add_memo HTTP/1.1" 200 5975 "http://mail.cup.com/mnemo/" "Mozilla/5.0 (X11; Linux x86_64) AppleWebKit/537.36 (KHTML, like Gecko) Ubuntu Chromium/77.0.3865.90 HeadlessChrome/77.0.3865.90 Safari/537.36"
192.168.10.200 - - [04/Mar/2020:14:04:52 +0000] "POST /services/ajax.php/horde/imple?token=9WrLag3yqigzTneSDXLqmjR&app=mnemo&imple=Mnemo_Ajax_Imple_TagAutoCompleter&input=memo_tags HTTP/1.1" 200 384 "http://mail.cup.com/mnemo/memo.php?actionID=add_memo" "Mozilla/5.0 (X11; Linux x86_64) AppleWebKit/537.36 (KHTML, like Gecko) Ubuntu Chromium/77.0.3865.90 HeadlessChrome/77.0.3865.90 Safari/537.36"
192.168.10.4 - - [04/Mar/2020:14:04:53 +0000] "GET /imp/dynamic.php?page=mailbox HTTP/1.1" 200 8748 "http://mail.cup.com/services/portal/" "Mozilla/5.0 (X11; Ubuntu; Linux x86_64; rv:73.0) Gecko/20100101 Firefox/73.0"
192.168.10.4 - - [04/Mar/2020:14:04:54 +0000] "POST /services/ajax.php/imp/dynamicInit HTTP/1.1" 200 2059 "http://mail.cup.com/imp/dynamic.php?page=mailbox" "Mozilla/5.0 (X11; Ubuntu; Linux x86_64; rv:73.0) Gecko/20100101 Firefox/73.0"
192.168.10.200 - - [04/Mar/2020:14:04:56 +0000] "POST /mnemo/memo.php HTTP/1.1" 302 413 "http://mail.cup.com/mnemo/memo.php?actionID=add_memo" "Mozilla/5.0 (X11; Linux x86_64) AppleWebKit/537.36 (KHTML, like Gecko) Ubuntu Chromium/77.0.3865.90 HeadlessChrome/77.0.3865.90 Safari/537.36"
192.168.10.200 - - [04/Mar/2020:14:04:56 +0000] "GET /mnemo/list.php HTTP/1.1" 200 6464 "http://mail.cup.com/mnemo/memo.php?actionID=add_memo" "Mozilla/5.0 (X11; Linux x86_64) AppleWebKit/537.36 (KHTML, like Gecko) Ubuntu Chromium/77.0.3865.90 HeadlessChrome/77.0.3865.90 Safari/537.36"
192.168.10.190 - - [04/Mar/2020:14:04:58 +0000] "GET /services/portal/ HTTP/1.1" 200 9611 "http://mail.cup.com/nag/list.php" "Mozilla/5.0 (X11; Ubuntu; Linux x86_64; rv:73.0) Gecko/20100101 Firefox/73.0"
192.168.10.4 - - [04/Mar/2020:14:05:00 +0000] "POST /services/ajax.php/imp/viewPort HTTP/1.1" 200 1412 "http://mail.cup.com/imp/dynamic.php?page=mailbox" "Mozilla/5.0 (X11; Ubuntu; Linux x86_64; rv:73.0) Gecko/20100101 Firefox/73.0"
192.168.10.4 - - [04/Mar/2020:14:05:00 +0000] "POST /services/ajax.php/horde/imple?token=ykSK6Po7YlQhwi5Io5yLtxm&app=mnemo&imple=Mnemo_Ajax_Imple_TagAutoCompleter&input=memo_tags HTTP/1.1" 200 371 "http://mail.cup.com/mnemo/memo.php?actionID=add_memo" "Mozilla/5.0 (X11; Linux x86_64) AppleWebKit/537.36 (KHTML, like Gecko) Ubuntu Chromium/77.0.3865.90 HeadlessChrome/77.0.3865.90 Safari/537.36"
192.168.10.238 - - [04/Mar/2020:14:04:57 +0000] "POST /services/ajax.php/imp/viewPort HTTP/1.1" 200 2145 "http://mail.cup.com/imp/dynamic.php?page=mailbox" "Mozilla/5.0 (X11; Ubuntu; Linux x86_64; rv:73.0) Gecko/20100101 Firefox/73.0"
192.168.10.238 - - [04/Mar/2020:14:05:01 +0000] "POST /services/ajax.php/imp/showMessage HTTP/1.1" 200 2748 "http://mail.cup.com/imp/dynamic.php?page=mailbox" "Mozilla/5.0 (X11; Ubuntu; Linux x86_64; rv:73.0) Gecko/20100101 Firefox/73.0"
192.168.10.4 - - [04/Mar/2020:14:05:02 +0000] "POST /mnemo/memo.php HTTP/1.1" 302 413 "http://mail.cup.com/mnemo/memo.php?actionID=add_memo" "Mozilla/5.0 (X11; Linux x86_64) AppleWebKit/537.36 (KHTML, like Gecko) Ubuntu Chromium/77.0.3865.90 HeadlessChrome/77.0.3865.90 Safari/537.36"
192.168.10.4 - - [04/Mar/2020:14:05:03 +0000] "GET /imp/dynamic.php?page=compose&type=new&token=_YgCOUeu0q4PcZGj2IYp0f6&uniq=1583330702703 HTTP/1.1" 200 5530 "http://mail.cup.com/imp/dynamic.php?page=mailbox" "Mozilla/5.0 (X11; Ubuntu; Linux x86_64; rv:73.0) Gecko/20100101 Firefox/73.0"
192.168.10.238 - - [04/Mar/2020:14:05:03 +0000] "GET /imp/view.php?imp_img_view=view_thumbnail&actionID=view_attach&id=2&muid=%7B5%7DINBOX121&view_token=VX7QgOYbt10Q9vnuHTTgNlR HTTP/1.1" 200 899 "http://mail.cup.com/imp/dynamic.php?page=mailbox" "Mozilla/5.0 (X11; Ubuntu; Linux x86_64; rv:73.0) Gecko/20100101 Firefox/73.0"
192.168.10.4 - - [04/Mar/2020:14:05:03 +0000] "GET /mnemo/list.php HTTP/1.1" 200 8344 "http://mail.cup.com/mnemo/memo.php?actionID=add_memo" "Mozilla/5.0 (X11; Linux x86_64) AppleWebKit/537.36 (KHTML, like Gecko) Ubuntu Chromium/77.0.3865.90 HeadlessChrome/77.0.3865.90 Safari/537.36"
192.168.10.238 - - [04/Mar/2020:14:05:03 +0000] "POST /services/ajax.php/imp/deleteMessages HTTP/1.1" 200 554 "http://mail.cup.com/imp/dynamic.php?page=mailbox" "Mozilla/5.0 (X11; Ubuntu; Linux x86_64; rv:73.0) Gecko/20100101 Firefox/73.0"
192.168.10.190 - - [04/Mar/2020:14:05:04 +0000] "GET /turba/ HTTP/1.1" 200 4349 "http://mail.cup.com/services/portal/" "Mozilla/5.0 (X11; Ubuntu; Linux x86_64; rv:73.0) Gecko/20100101 Firefox/73.0"
192.168.10.190 - - [04/Mar/2020:14:05:09 +0000] "GET /turba/browse.php HTTP/1.1" 200 5129 "http://mail.cup.com/turba/" "Mozilla/5.0 (X11; Ubuntu; Linux x86_64; rv:73.0) Gecko/20100101 Firefox/73.0"
192.168.10.190 - - [04/Mar/2020:14:05:11 +0000] "GET /services/portal/ HTTP/1.1" 200 7914 "http://mail.cup.com/turba/contact.php?source=nmyDTp1CJZ38jSqq_5oRhWw&key=-CG9NMvSCxzZkVz_NKOLbWc&view=Contact" "Mozilla/5.0 (X11; Linux x86_64) AppleWebKit/537.36 (KHTML, like Gecko) Ubuntu Chromium/77.0.3865.90 HeadlessChrome/77.0.3865.90 Safari/537.36"
192.168.10.4 - - [04/Mar/2020:14:05:12 +0000] "POST /services/ajax.php/imp/sendMessage HTTP/1.1" 200 478 "http://mail.cup.com/imp/dynamic.php?page=compose&type=new&token=_YgCOUeu0q4PcZGj2IYp0f6&uniq=1583330702703" "Mozilla/5.0 (X11; Ubuntu; Linux x86_64; rv:73.0) Gecko/20100101 Firefox/73.0"
192.168.10.190 - - [04/Mar/2020:14:05:13 +0000] "GET /turba/contact.php?source=FvtvTehCMYUaf2TLKiDbBvT&key=8liKdDqt7iJScONgA2x-Y7G HTTP/1.1" 200 21064 "http://mail.cup.com/turba/browse.php" "Mozilla/5.0 (X11; Ubuntu; Linux x86_64; rv:73.0) Gecko/20100101 Firefox/73.0"
192.168.10.190 - - [04/Mar/2020:14:05:14 +0000] "GET /turba/ HTTP/1.1" 200 4346 "http://mail.cup.com/services/portal/" "Mozilla/5.0 (X11; Linux x86_64) AppleWebKit/537.36 (KHTML, like Gecko) Ubuntu Chromium/77.0.3865.90 HeadlessChrome/77.0.3865.90 Safari/537.36"
192.168.10.190 - - [04/Mar/2020:14:05:17 +0000] "GET /turba/add.php HTTP/1.1" 200 19348 "http://mail.cup.com/turba/" "Mozilla/5.0 (X11; Linux x86_64) AppleWebKit/537.36 (KHTML, like Gecko) Ubuntu Chromium/77.0.3865.90 HeadlessChrome/77.0.3865.90 Safari/537.36"
192.168.10.190 - - [04/Mar/2020:14:05:22 +0000] "POST /turba/delete.php HTTP/1.1" 302 416 "http://mail.cup.com/turba/contact.php?source=FvtvTehCMYUaf2TLKiDbBvT&key=8liKdDqt7iJScONgA2x-Y7G" "Mozilla/5.0 (X11; Ubuntu; Linux x86_64; rv:73.0) Gecko/20100101 Firefox/73.0"
192.168.10.190 - - [04/Mar/2020:14:05:22 +0000] "GET /turba/search.php HTTP/1.1" 200 4433 "http://mail.cup.com/turba/contact.php?source=FvtvTehCMYUaf2TLKiDbBvT&key=8liKdDqt7iJScONgA2x-Y7G" "Mozilla/5.0 (X11; Ubuntu; Linux x86_64; rv:73.0) Gecko/20100101 Firefox/73.0"
192.168.10.190 - - [04/Mar/2020:14:05:23 +0000] "POST /turba/add.php HTTP/1.1" 302 489 "http://mail.cup.com/turba/add.php" "Mozilla/5.0 (X11; Linux x86_64) AppleWebKit/537.36 (KHTML, like Gecko) Ubuntu Chromium/77.0.3865.90 HeadlessChrome/77.0.3865.90 Safari/537.36"
192.168.10.190 - - [04/Mar/2020:14:05:23 +0000] "GET /turba/contact.php?source=nmyDTp1CJZ38jSqq_5oRhWw&key=zArW19IAXDzVBVGanrUefbw&view=Contact HTTP/1.1" 200 21136 "http://mail.cup.com/turba/add.php" "Mozilla/5.0 (X11; Linux x86_64) AppleWebKit/537.36 (KHTML, like Gecko) Ubuntu Chromium/77.0.3865.90 HeadlessChrome/77.0.3865.90 Safari/537.36"
::1 - - [04/Mar/2020:14:05:30 +0000] "OPTIONS * HTTP/1.0" 200 110 "-" "Apache/2.4.25 (Debian) OpenSSL/1.0.2u (internal dummy connection)"
192.168.10.200 - - [04/Mar/2020:14:05:31 +0000] "GET /services/portal/ HTTP/1.1" 200 8976 "http://mail.cup.com/mnemo/list.php" "Mozilla/5.0 (X11; Linux x86_64) AppleWebKit/537.36 (KHTML, like Gecko) Ubuntu Chromium/77.0.3865.90 HeadlessChrome/77.0.3865.90 Safari/537.36"
192.168.10.200 - - [04/Mar/2020:14:05:35 +0000] "GET /imp/dynamic.php?page=mailbox HTTP/1.1" 200 8890 "http://mail.cup.com/services/portal/" "Mozilla/5.0 (X11; Linux x86_64) AppleWebKit/537.36 (KHTML, like Gecko) Ubuntu Chromium/77.0.3865.90 HeadlessChrome/77.0.3865.90 Safari/537.36"
192.168.10.200 - - [04/Mar/2020:14:05:36 +0000] "POST /services/ajax.php/imp/dynamicInit HTTP/1.1" 200 1991 "http://mail.cup.com/imp/dynamic.php?page=mailbox" "Mozilla/5.0 (X11; Linux x86_64) AppleWebKit/537.36 (KHTML, like Gecko) Ubuntu Chromium/77.0.3865.90 HeadlessChrome/77.0.3865.90 Safari/537.36"
192.168.10.238 - - [04/Mar/2020:14:05:36 +0000] "GET /services/portal/ HTTP/1.1" 200 9017 "http://mail.cup.com/imp/dynamic.php?page=mailbox" "Mozilla/5.0 (X11; Ubuntu; Linux x86_64; rv:73.0) Gecko/20100101 Firefox/73.0"
192.168.10.4 - - [04/Mar/2020:14:05:39 +0000] "GET /services/portal/ HTTP/1.1" 200 11708 "http://mail.cup.com/mnemo/list.php" "Mozilla/5.0 (X11; Linux x86_64) AppleWebKit/537.36 (KHTML, like Gecko) Ubuntu Chromium/77.0.3865.90 HeadlessChrome/77.0.3865.90 Safari/537.36"
192.168.10.238 - - [04/Mar/2020:14:05:42 +0000] "GET /imp/dynamic.php?page=mailbox HTTP/1.1" 200 8752 "http://mail.cup.com/services/portal/" "Mozilla/5.0 (X11; Ubuntu; Linux x86_64; rv:73.0) Gecko/20100101 Firefox/73.0"
192.168.10.4 - - [04/Mar/2020:14:05:42 +0000] "GET /turba/ HTTP/1.1" 200 4343 "http://mail.cup.com/services/portal/" "Mozilla/5.0 (X11; Linux x86_64) AppleWebKit/537.36 (KHTML, like Gecko) Ubuntu Chromium/77.0.3865.90 HeadlessChrome/77.0.3865.90 Safari/537.36"
192.168.10.238 - - [04/Mar/2020:14:05:42 +0000] "POST /services/ajax.php/imp/dynamicInit HTTP/1.1" 200 2795 "http://mail.cup.com/imp/dynamic.php?page=mailbox" "Mozilla/5.0 (X11; Ubuntu; Linux x86_64; rv:73.0) Gecko/20100101 Firefox/73.0"
192.168.10.4 - - [04/Mar/2020:14:05:46 +0000] "GET /turba/add.php HTTP/1.1" 200 19354 "http://mail.cup.com/turba/" "Mozilla/5.0 (X11; Linux x86_64) AppleWebKit/537.36 (KHTML, like Gecko) Ubuntu Chromium/77.0.3865.90 HeadlessChrome/77.0.3865.90 Safari/537.36"
192.168.10.200 - - [04/Mar/2020:14:05:46 +0000] "POST /services/ajax.php/imp/viewPort HTTP/1.1" 200 1354 "http://mail.cup.com/imp/dynamic.php?page=mailbox" "Mozilla/5.0 (X11; Linux x86_64) AppleWebKit/537.36 (KHTML, like Gecko) Ubuntu Chromium/77.0.3865.90 HeadlessChrome/77.0.3865.90 Safari/537.36"
192.168.10.4 - - [04/Mar/2020:14:05:47 +0000] "GET /services/portal/ HTTP/1.1" 200 8616 "http://mail.cup.com/imp/dynamic.php?page=mailbox" "Mozilla/5.0 (X11; Ubuntu; Linux x86_64; rv:73.0) Gecko/20100101 Firefox/73.0"
192.168.10.4 - - [04/Mar/2020:14:05:50 +0000] "GET /turba/ HTTP/1.1" 200 4351 "http://mail.cup.com/services/portal/" "Mozilla/5.0 (X11; Ubuntu; Linux x86_64; rv:73.0) Gecko/20100101 Firefox/73.0"
192.168.10.238 - - [04/Mar/2020:14:05:50 +0000] "POST /services/ajax.php/imp/viewPort HTTP/1.1" 200 2129 "http://mail.cup.com/imp/dynamic.php?page=mailbox" "Mozilla/5.0 (X11; Ubuntu; Linux x86_64; rv:73.0) Gecko/20100101 Firefox/73.0"
192.168.10.4 - - [04/Mar/2020:14:05:51 +0000] "GET /turba/themes/default/graphics/menu/browse.png HTTP/1.1" 200 736 "http://mail.cup.com/turba/themes/default/screen.css" "Mozilla/5.0 (X11; Ubuntu; Linux x86_64; rv:73.0) Gecko/20100101 Firefox/73.0"
192.168.10.200 - - [04/Mar/2020:14:05:51 +0000] "GET /imp/dynamic.php?page=compose&type=new&token=9WrLag3yqigzTneSDXLqmjR&uniq=1583330751379 HTTP/1.1" 200 5530 "http://mail.cup.com/imp/dynamic.php?page=mailbox" "Mozilla/5.0 (X11; Linux x86_64) AppleWebKit/537.36 (KHTML, like Gecko) Ubuntu Chromium/77.0.3865.90 HeadlessChrome/77.0.3865.90 Safari/537.36"
192.168.10.4 - - [04/Mar/2020:14:05:54 +0000] "GET /turba/add.php HTTP/1.1" 200 19352 "http://mail.cup.com/turba/" "Mozilla/5.0 (X11; Ubuntu; Linux x86_64; rv:73.0) Gecko/20100101 Firefox/73.0"
192.168.10.190 - - [04/Mar/2020:14:05:56 +0000] "GET /services/portal/ HTTP/1.1" 200 7912 "http://mail.cup.com/turba/contact.php?source=nmyDTp1CJZ38jSqq_5oRhWw&key=zArW19IAXDzVBVGanrUefbw&view=Contact" "Mozilla/5.0 (X11; Linux x86_64) AppleWebKit/537.36 (KHTML, like Gecko) Ubuntu Chromium/77.0.3865.90 HeadlessChrome/77.0.3865.90 Safari/537.36"
192.168.10.190 - - [04/Mar/2020:14:05:56 +0000] "GET /services/portal/ HTTP/1.1" 200 9603 "http://mail.cup.com/turba/search.php" "Mozilla/5.0 (X11; Ubuntu; Linux x86_64; rv:73.0) Gecko/20100101 Firefox/73.0"
192.168.10.4 - - [04/Mar/2020:14:05:58 +0000] "POST /turba/add.php HTTP/1.1" 302 489 "http://mail.cup.com/turba/add.php" "Mozilla/5.0 (X11; Linux x86_64) AppleWebKit/537.36 (KHTML, like Gecko) Ubuntu Chromium/77.0.3865.90 HeadlessChrome/77.0.3865.90 Safari/537.36"
192.168.10.4 - - [04/Mar/2020:14:05:58 +0000] "GET /turba/contact.php?source=nnOSrkWodjzQ70mWgoNcyGd&key=YYEaM3P5Eh24BNkoTSnOdbw&view=Contact HTTP/1.1" 200 21133 "http://mail.cup.com/turba/add.php" "Mozilla/5.0 (X11; Linux x86_64) AppleWebKit/537.36 (KHTML, like Gecko) Ubuntu Chromium/77.0.3865.90 HeadlessChrome/77.0.3865.90 Safari/537.36"
192.168.10.190 - - [04/Mar/2020:14:05:58 +0000] "GET /kronolith/ HTTP/1.1" 200 24707 "http://mail.cup.com/services/portal/" "Mozilla/5.0 (X11; Linux x86_64) AppleWebKit/537.36 (KHTML, like Gecko) Ubuntu Chromium/77.0.3865.90 HeadlessChrome/77.0.3865.90 Safari/537.36"
192.168.10.190 - - [04/Mar/2020:14:05:59 +0000] "POST /services/ajax.php/kronolith/listCalendars HTTP/1.1" 200 967 "http://mail.cup.com/kronolith/" "Mozilla/5.0 (X11; Linux x86_64) AppleWebKit/537.36 (KHTML, like Gecko) Ubuntu Chromium/77.0.3865.90 HeadlessChrome/77.0.3865.90 Safari/537.36"
192.168.10.190 - - [04/Mar/2020:14:05:59 +0000] "POST /services/ajax.php/kronolith/listEvents HTTP/1.1" 200 549 "http://mail.cup.com/kronolith/" "Mozilla/5.0 (X11; Linux x86_64) AppleWebKit/537.36 (KHTML, like Gecko) Ubuntu Chromium/77.0.3865.90 HeadlessChrome/77.0.3865.90 Safari/537.36"
192.168.10.190 - - [04/Mar/2020:14:05:59 +0000] "POST /services/ajax.php/kronolith/listEvents HTTP/1.1" 200 1474 "http://mail.cup.com/kronolith/" "Mozilla/5.0 (X11; Linux x86_64) AppleWebKit/537.36 (KHTML, like Gecko) Ubuntu Chromium/77.0.3865.90 HeadlessChrome/77.0.3865.90 Safari/537.36"
192.168.10.238 - - [04/Mar/2020:14:06:00 +0000] "POST /services/ajax.php/imp/showMessage HTTP/1.1" 200 1960 "http://mail.cup.com/imp/dynamic.php?page=mailbox" "Mozilla/5.0 (X11; Ubuntu; Linux x86_64; rv:73.0) Gecko/20100101 Firefox/73.0"
192.168.10.4 - - [04/Mar/2020:14:06:02 +0000] "POST /turba/add.php HTTP/1.1" 302 489 "http://mail.cup.com/turba/add.php" "Mozilla/5.0 (X11; Ubuntu; Linux x86_64; rv:73.0) Gecko/20100101 Firefox/73.0"
192.168.10.190 - - [04/Mar/2020:14:06:02 +0000] "GET /mnemo/ HTTP/1.1" 200 6945 "http://mail.cup.com/services/portal/" "Mozilla/5.0 (X11; Ubuntu; Linux x86_64; rv:73.0) Gecko/20100101 Firefox/73.0"
192.168.10.4 - - [04/Mar/2020:14:06:02 +0000] "GET /turba/contact.php?source=nxLWfAAh13LLVFVY-gQUzvl&key=hywRwLSPPf1cicOqD1C7aic&view=Contact HTTP/1.1" 200 21140 "http://mail.cup.com/turba/add.php" "Mozilla/5.0 (X11; Ubuntu; Linux x86_64; rv:73.0) Gecko/20100101 Firefox/73.0"
192.168.10.4 - - [04/Mar/2020:14:06:02 +0000] "GET /turba/themes/default/graphics/turba.png HTTP/1.1" 200 626 "http://mail.cup.com/turba/themes/default/screen.css" "Mozilla/5.0 (X11; Ubuntu; Linux x86_64; rv:73.0) Gecko/20100101 Firefox/73.0"
192.168.10.200 - - [04/Mar/2020:14:06:06 +0000] "POST /services/ajax.php/imp/sendMessage HTTP/1.1" 200 475 "http://mail.cup.com/imp/dynamic.php?page=compose&type=new&token=9WrLag3yqigzTneSDXLqmjR&uniq=1583330751379" "Mozilla/5.0 (X11; Linux x86_64) AppleWebKit/537.36 (KHTML, like Gecko) Ubuntu Chromium/77.0.3865.90 HeadlessChrome/77.0.3865.90 Safari/537.36"
192.168.10.238 - - [04/Mar/2020:14:06:08 +0000] "GET /imp/dynamic.php?page=message&buid=185&mailbox=SU5CT1g&token=VX7QgOYbt10Q9vnuHTTgNlR&uniq=1583330768245 HTTP/1.1" 200 7162 "http://mail.cup.com/imp/dynamic.php?page=mailbox" "Mozilla/5.0 (X11; Ubuntu; Linux x86_64; rv:73.0) Gecko/20100101 Firefox/73.0"
192.168.10.238 - - [04/Mar/2020:14:06:12 +0000] "POST /services/ajax.php/imp/getReplyData HTTP/1.1" 200 815 "http://mail.cup.com/imp/dynamic.php?page=message&buid=185&mailbox=SU5CT1g&token=VX7QgOYbt10Q9vnuHTTgNlR&uniq=1583330768245" "Mozilla/5.0 (X11; Ubuntu; Linux x86_64; rv:73.0) Gecko/20100101 Firefox/73.0"
192.168.10.238 - - [04/Mar/2020:14:06:19 +0000] "POST /services/ajax.php/imp/sendMessage HTTP/1.1" 200 617 "http://mail.cup.com/imp/dynamic.php?page=message&buid=185&mailbox=SU5CT1g&token=VX7QgOYbt10Q9vnuHTTgNlR&uniq=1583330768245" "Mozilla/5.0 (X11; Ubuntu; Linux x86_64; rv:73.0) Gecko/20100101 Firefox/73.0"
192.168.10.190 - - [04/Mar/2020:14:06:33 +0000] "POST /services/ajax.php/kronolith/listTopTags HTTP/1.1" 200 457 "http://mail.cup.com/kronolith/" "Mozilla/5.0 (X11; Linux x86_64) AppleWebKit/537.36 (KHTML, like Gecko) Ubuntu Chromium/77.0.3865.90 HeadlessChrome/77.0.3865.90 Safari/537.36"
192.168.10.4 - - [04/Mar/2020:14:06:33 +0000] "GET /services/portal/ HTTP/1.1" 200 11703 "http://mail.cup.com/turba/contact.php?source=nnOSrkWodjzQ70mWgoNcyGd&key=YYEaM3P5Eh24BNkoTSnOdbw&view=Contact" "Mozilla/5.0 (X11; Linux x86_64) AppleWebKit/537.36 (KHTML, like Gecko) Ubuntu Chromium/77.0.3865.90 HeadlessChrome/77.0.3865.90 Safari/537.36"
192.168.10.4 - - [04/Mar/2020:14:06:36 +0000] "GET /services/portal/ HTTP/1.1" 200 8580 "http://mail.cup.com/turba/contact.php?source=nxLWfAAh13LLVFVY-gQUzvl&key=hywRwLSPPf1cicOqD1C7aic&view=Contact" "Mozilla/5.0 (X11; Ubuntu; Linux x86_64; rv:73.0) Gecko/20100101 Firefox/73.0"
192.168.10.4 - - [04/Mar/2020:14:06:39 +0000] "GET /imp/dynamic.php?page=mailbox HTTP/1.1" 200 8750 "http://mail.cup.com/services/portal/" "Mozilla/5.0 (X11; Ubuntu; Linux x86_64; rv:73.0) Gecko/20100101 Firefox/73.0"
192.168.10.4 - - [04/Mar/2020:14:06:40 +0000] "POST /services/ajax.php/imp/dynamicInit HTTP/1.1" 200 2058 "http://mail.cup.com/imp/dynamic.php?page=mailbox" "Mozilla/5.0 (X11; Ubuntu; Linux x86_64; rv:73.0) Gecko/20100101 Firefox/73.0"
192.168.10.190 - - [04/Mar/2020:14:06:42 +0000] "GET /mnemo/memo.php?memo=pQWqnkdEfN2LRki47Vnzcng&memolist=YEyPYnRLSYxO77YlM4O8zo6&actionID=modify_memo HTTP/1.1" 200 6113 "http://mail.cup.com/mnemo/" "Mozilla/5.0 (X11; Ubuntu; Linux x86_64; rv:73.0) Gecko/20100101 Firefox/73.0"
192.168.10.4 - - [04/Mar/2020:14:06:42 +0000] "GET /services/prefs.php?app=horde HTTP/1.1" 200 3653 "http://mail.cup.com/services/portal/" "Mozilla/5.0 (X11; Linux x86_64) AppleWebKit/537.36 (KHTML, like Gecko) Ubuntu Chromium/77.0.3865.90 HeadlessChrome/77.0.3865.90 Safari/537.36"
192.168.10.200 - - [04/Mar/2020:14:06:45 +0000] "GET /services/portal/ HTTP/1.1" 200 8943 "http://mail.cup.com/imp/dynamic.php?page=mailbox" "Mozilla/5.0 (X11; Linux x86_64) AppleWebKit/537.36 (KHTML, like Gecko) Ubuntu Chromium/77.0.3865.90 HeadlessChrome/77.0.3865.90 Safari/537.36"
192.168.10.4 - - [04/Mar/2020:14:06:46 +0000] "GET /services/prefs.php?app=horde&group=identities HTTP/1.1" 200 4574 "http://mail.cup.com/services/prefs.php?app=horde" "Mozilla/5.0 (X11; Linux x86_64) AppleWebKit/537.36 (KHTML, like Gecko) Ubuntu Chromium/77.0.3865.90 HeadlessChrome/77.0.3865.90 Safari/537.36"
192.168.10.4 - - [04/Mar/2020:14:06:46 +0000] "POST /services/ajax.php/imp/viewPort HTTP/1.1" 200 1412 "http://mail.cup.com/imp/dynamic.php?page=mailbox" "Mozilla/5.0 (X11; Ubuntu; Linux x86_64; rv:73.0) Gecko/20100101 Firefox/73.0"
192.168.10.190 - - [04/Mar/2020:14:06:46 +0000] "GET /mnemo/memo.php?memo=pQWqnkdEfN2LRki47Vnzcng&memolist=YEyPYnRLSYxO77YlM4O8zo6&actionID=delete_memos HTTP/1.1" 302 413 "http://mail.cup.com/mnemo/memo.php?memo=pQWqnkdEfN2LRki47Vnzcng&memolist=YEyPYnRLSYxO77YlM4O8zo6&actionID=modify_memo" "Mozilla/5.0 (X11; Ubuntu; Linux x86_64; rv:73.0) Gecko/20100101 Firefox/73.0"
192.168.10.190 - - [04/Mar/2020:14:06:46 +0000] "GET /mnemo/list.php HTTP/1.1" 200 6966 "http://mail.cup.com/mnemo/memo.php?memo=pQWqnkdEfN2LRki47Vnzcng&memolist=YEyPYnRLSYxO77YlM4O8zo6&actionID=modify_memo" "Mozilla/5.0 (X11; Ubuntu; Linux x86_64; rv:73.0) Gecko/20100101 Firefox/73.0"
192.168.10.190 - - [04/Mar/2020:14:06:48 +0000] "POST /services/ajax.php/kronolith/saveEvent HTTP/1.1" 200 645 "http://mail.cup.com/kronolith/" "Mozilla/5.0 (X11; Linux x86_64) AppleWebKit/537.36 (KHTML, like Gecko) Ubuntu Chromium/77.0.3865.90 HeadlessChrome/77.0.3865.90 Safari/537.36"
192.168.10.4 - - [04/Mar/2020:14:06:49 +0000] "GET /imp/dynamic.php?page=compose&type=new&token=_YgCOUeu0q4PcZGj2IYp0f6&uniq=1583330809075 HTTP/1.1" 200 5532 "http://mail.cup.com/imp/dynamic.php?page=mailbox" "Mozilla/5.0 (X11; Ubuntu; Linux x86_64; rv:73.0) Gecko/20100101 Firefox/73.0"
192.168.10.200 - - [04/Mar/2020:14:06:49 +0000] "GET /imp/dynamic.php?page=mailbox HTTP/1.1" 200 8895 "http://mail.cup.com/services/portal/" "Mozilla/5.0 (X11; Linux x86_64) AppleWebKit/537.36 (KHTML, like Gecko) Ubuntu Chromium/77.0.3865.90 HeadlessChrome/77.0.3865.90 Safari/537.36"
192.168.10.4 - - [04/Mar/2020:14:06:49 +0000] "POST /services/prefs.php HTTP/1.1" 200 4606 "http://mail.cup.com/services/prefs.php?app=horde&group=identities" "Mozilla/5.0 (X11; Linux x86_64) AppleWebKit/537.36 (KHTML, like Gecko) Ubuntu Chromium/77.0.3865.90 HeadlessChrome/77.0.3865.90 Safari/537.36"
192.168.10.190 - - [04/Mar/2020:14:06:52 +0000] "GET /services/portal/ HTTP/1.1" 200 7906 "http://mail.cup.com/kronolith/" "Mozilla/5.0 (X11; Linux x86_64) AppleWebKit/537.36 (KHTML, like Gecko) Ubuntu Chromium/77.0.3865.90 HeadlessChrome/77.0.3865.90 Safari/537.36"
192.168.10.200 - - [04/Mar/2020:14:06:50 +0000] "POST /services/ajax.php/imp/dynamicInit HTTP/1.1" 200 1998 "http://mail.cup.com/imp/dynamic.php?page=mailbox" "Mozilla/5.0 (X11; Linux x86_64) AppleWebKit/537.36 (KHTML, like Gecko) Ubuntu Chromium/77.0.3865.90 HeadlessChrome/77.0.3865.90 Safari/537.36"
192.168.10.190 - - [04/Mar/2020:14:06:55 +0000] "GET /nag/ HTTP/1.1" 200 8109 "http://mail.cup.com/services/portal/" "Mozilla/5.0 (X11; Linux x86_64) AppleWebKit/537.36 (KHTML, like Gecko) Ubuntu Chromium/77.0.3865.90 HeadlessChrome/77.0.3865.90 Safari/537.36"
192.168.10.200 - - [04/Mar/2020:14:06:59 +0000] "POST /services/ajax.php/imp/viewPort HTTP/1.1" 200 1347 "http://mail.cup.com/imp/dynamic.php?page=mailbox" "Mozilla/5.0 (X11; Linux x86_64) AppleWebKit/537.36 (KHTML, like Gecko) Ubuntu Chromium/77.0.3865.90 HeadlessChrome/77.0.3865.90 Safari/537.36"
192.168.10.4 - - [04/Mar/2020:14:07:00 +0000] "GET /services/prefs.php?app=horde HTTP/1.1" 200 3653 "http://mail.cup.com/services/prefs.php" "Mozilla/5.0 (X11; Linux x86_64) AppleWebKit/537.36 (KHTML, like Gecko) Ubuntu Chromium/77.0.3865.90 HeadlessChrome/77.0.3865.90 Safari/537.36"
192.168.10.4 - - [04/Mar/2020:14:06:59 +0000] "POST /services/ajax.php/imp/sendMessage HTTP/1.1" 200 473 "http://mail.cup.com/imp/dynamic.php?page=compose&type=new&token=_YgCOUeu0q4PcZGj2IYp0f6&uniq=1583330809075" "Mozilla/5.0 (X11; Ubuntu; Linux x86_64; rv:73.0) Gecko/20100101 Firefox/73.0"
192.168.10.238 - - [04/Mar/2020:14:07:00 +0000] "GET /services/portal/ HTTP/1.1" 200 9008 "http://mail.cup.com/imp/dynamic.php?page=mailbox" "Mozilla/5.0 (X11; Ubuntu; Linux x86_64; rv:73.0) Gecko/20100101 Firefox/73.0"
192.168.10.200 - - [04/Mar/2020:14:07:02 +0000] "GET /imp/dynamic.php?page=compose&type=new&token=9WrLag3yqigzTneSDXLqmjR&uniq=1583330822711 HTTP/1.1" 200 5534 "http://mail.cup.com/imp/dynamic.php?page=mailbox" "Mozilla/5.0 (X11; Linux x86_64) AppleWebKit/537.36 (KHTML, like Gecko) Ubuntu Chromium/77.0.3865.90 HeadlessChrome/77.0.3865.90 Safari/537.36"
192.168.10.238 - - [04/Mar/2020:14:07:03 +0000] "GET /nag/ HTTP/1.1" 200 8793 "http://mail.cup.com/services/portal/" "Mozilla/5.0 (X11; Ubuntu; Linux x86_64; rv:73.0) Gecko/20100101 Firefox/73.0"
192.168.10.4 - - [04/Mar/2020:14:07:04 +0000] "GET /services/prefs.php?app=imp HTTP/1.1" 200 4022 "http://mail.cup.com/services/prefs.php?app=horde" "Mozilla/5.0 (X11; Linux x86_64) AppleWebKit/537.36 (KHTML, like Gecko) Ubuntu Chromium/77.0.3865.90 HeadlessChrome/77.0.3865.90 Safari/537.36"
192.168.10.4 - - [04/Mar/2020:14:07:07 +0000] "GET /services/prefs.php?app=imp&group=delmove HTTP/1.1" 200 5538 "http://mail.cup.com/services/prefs.php?app=imp" "Mozilla/5.0 (X11; Linux x86_64) AppleWebKit/537.36 (KHTML, like Gecko) Ubuntu Chromium/77.0.3865.90 HeadlessChrome/77.0.3865.90 Safari/537.36"
192.168.10.200 - - [04/Mar/2020:14:07:16 +0000] "POST /services/ajax.php/imp/sendMessage HTTP/1.1" 200 475 "http://mail.cup.com/imp/dynamic.php?page=compose&type=new&token=9WrLag3yqigzTneSDXLqmjR&uniq=1583330822711" "Mozilla/5.0 (X11; Linux x86_64) AppleWebKit/537.36 (KHTML, like Gecko) Ubuntu Chromium/77.0.3865.90 HeadlessChrome/77.0.3865.90 Safari/537.36"
192.168.10.190 - - [04/Mar/2020:14:07:20 +0000] "GET /services/portal/ HTTP/1.1" 200 9529 "http://mail.cup.com/mnemo/list.php" "Mozilla/5.0 (X11; Ubuntu; Linux x86_64; rv:73.0) Gecko/20100101 Firefox/73.0"
192.168.10.4 - - [04/Mar/2020:14:07:22 +0000] "POST /services/prefs.php HTTP/1.1" 200 5636 "http://mail.cup.com/services/prefs.php?app=imp&group=delmove" "Mozilla/5.0 (X11; Linux x86_64) AppleWebKit/537.36 (KHTML, like Gecko) Ubuntu Chromium/77.0.3865.90 HeadlessChrome/77.0.3865.90 Safari/537.36"
192.168.10.190 - - [04/Mar/2020:14:07:26 +0000] "GET /nag/ HTTP/1.1" 200 8463 "http://mail.cup.com/services/portal/" "Mozilla/5.0 (X11; Ubuntu; Linux x86_64; rv:73.0) Gecko/20100101 Firefox/73.0"
192.168.10.190 - - [04/Mar/2020:14:07:30 +0000] "GET /nag/task.php?actionID=add_task HTTP/1.1" 200 8927 "http://mail.cup.com/nag/" "Mozilla/5.0 (X11; Linux x86_64) AppleWebKit/537.36 (KHTML, like Gecko) Ubuntu Chromium/77.0.3865.90 HeadlessChrome/77.0.3865.90 Safari/537.36"
192.168.10.4 - - [04/Mar/2020:14:07:30 +0000] "POST /services/prefs.php HTTP/1.1" 200 5637 "http://mail.cup.com/services/prefs.php" "Mozilla/5.0 (X11; Linux x86_64) AppleWebKit/537.36 (KHTML, like Gecko) Ubuntu Chromium/77.0.3865.90 HeadlessChrome/77.0.3865.90 Safari/537.36"
192.168.10.4 - - [04/Mar/2020:14:07:35 +0000] "GET /services/portal/ HTTP/1.1" 200 8573 "http://mail.cup.com/imp/dynamic.php?page=mailbox" "Mozilla/5.0 (X11; Ubuntu; Linux x86_64; rv:73.0) Gecko/20100101 Firefox/73.0"
192.168.10.190 - - [04/Mar/2020:14:07:38 +0000] "POST /services/ajax.php/horde/imple?token=7EoZBswXMzI3bHAY5Sl-8aA&app=nag&imple=Nag_Ajax_Imple_TagAutoCompleter&input=tags HTTP/1.1" 200 371 "http://mail.cup.com/nag/task.php?actionID=add_task" "Mozilla/5.0 (X11; Linux x86_64) AppleWebKit/537.36 (KHTML, like Gecko) Ubuntu Chromium/77.0.3865.90 HeadlessChrome/77.0.3865.90 Safari/537.36"
192.168.10.4 - - [04/Mar/2020:14:07:39 +0000] "GET /turba/ HTTP/1.1" 200 4350 "http://mail.cup.com/services/portal/" "Mozilla/5.0 (X11; Ubuntu; Linux x86_64; rv:73.0) Gecko/20100101 Firefox/73.0"
192.168.10.4 - - [04/Mar/2020:14:07:42 +0000] "GET /turba/add.php HTTP/1.1" 200 19354 "http://mail.cup.com/turba/" "Mozilla/5.0 (X11; Ubuntu; Linux x86_64; rv:73.0) Gecko/20100101 Firefox/73.0"
192.168.10.238 - - [04/Mar/2020:14:07:42 +0000] "GET /nag/task.php?actionID=add_task HTTP/1.1" 200 9123 "http://mail.cup.com/nag/" "Mozilla/5.0 (X11; Ubuntu; Linux x86_64; rv:73.0) Gecko/20100101 Firefox/73.0"
192.168.10.190 - - [04/Mar/2020:14:07:51 +0000] "POST /nag/task/save.php HTTP/1.1" 302 412 "http://mail.cup.com/nag/task.php?actionID=add_task" "Mozilla/5.0 (X11; Linux x86_64) AppleWebKit/537.36 (KHTML, like Gecko) Ubuntu Chromium/77.0.3865.90 HeadlessChrome/77.0.3865.90 Safari/537.36"
192.168.10.190 - - [04/Mar/2020:14:07:51 +0000] "GET /nag/list.php HTTP/1.1" 200 8318 "http://mail.cup.com/nag/task.php?actionID=add_task" "Mozilla/5.0 (X11; Linux x86_64) AppleWebKit/537.36 (KHTML, like Gecko) Ubuntu Chromium/77.0.3865.90 HeadlessChrome/77.0.3865.90 Safari/537.36"
192.168.10.4 - - [04/Mar/2020:14:07:51 +0000] "POST /turba/add.php HTTP/1.1" 302 489 "http://mail.cup.com/turba/add.php" "Mozilla/5.0 (X11; Ubuntu; Linux x86_64; rv:73.0) Gecko/20100101 Firefox/73.0"
192.168.10.4 - - [04/Mar/2020:14:07:52 +0000] "GET /turba/contact.php?source=nxLWfAAh13LLVFVY-gQUzvl&key=q60gtbjqNY0e_0Aid5XEiiJ&view=Contact HTTP/1.1" 200 21117 "http://mail.cup.com/turba/add.php" "Mozilla/5.0 (X11; Ubuntu; Linux x86_64; rv:73.0) Gecko/20100101 Firefox/73.0"
192.168.10.200 - - [04/Mar/2020:14:07:54 +0000] "GET /services/portal/ HTTP/1.1" 200 8949 "http://mail.cup.com/imp/dynamic.php?page=mailbox" "Mozilla/5.0 (X11; Linux x86_64) AppleWebKit/537.36 (KHTML, like Gecko) Ubuntu Chromium/77.0.3865.90 HeadlessChrome/77.0.3865.90 Safari/537.36"
192.168.10.238 - - [04/Mar/2020:14:07:55 +0000] "POST /services/ajax.php/horde/imple?token=VX7QgOYbt10Q9vnuHTTgNlR&app=nag&imple=Nag_Ajax_Imple_TagAutoCompleter&input=tags HTTP/1.1" 200 371 "http://mail.cup.com/nag/task.php?actionID=add_task" "Mozilla/5.0 (X11; Ubuntu; Linux x86_64; rv:73.0) Gecko/20100101 Firefox/73.0"
192.168.10.200 - - [04/Mar/2020:14:07:59 +0000] "GET /mnemo/ HTTP/1.1" 200 6344 "http://mail.cup.com/services/portal/" "Mozilla/5.0 (X11; Linux x86_64) AppleWebKit/537.36 (KHTML, like Gecko) Ubuntu Chromium/77.0.3865.90 HeadlessChrome/77.0.3865.90 Safari/537.36"
192.168.10.190 - - [04/Mar/2020:14:08:04 +0000] "GET /nag/task.php?actionID=add_task HTTP/1.1" 200 9027 "http://mail.cup.com/nag/" "Mozilla/5.0 (X11; Ubuntu; Linux x86_64; rv:73.0) Gecko/20100101 Firefox/73.0"
192.168.10.4 - - [04/Mar/2020:14:08:06 +0000] "GET /services/portal/ HTTP/1.1" 200 11711 "http://mail.cup.com/services/prefs.php" "Mozilla/5.0 (X11; Linux x86_64) AppleWebKit/537.36 (KHTML, like Gecko) Ubuntu Chromium/77.0.3865.90 HeadlessChrome/77.0.3865.90 Safari/537.36"
192.168.10.4 - - [04/Mar/2020:14:08:11 +0000] "GET /imp/dynamic.php?page=mailbox HTTP/1.1" 200 8746 "http://mail.cup.com/services/portal/" "Mozilla/5.0 (X11; Linux x86_64) AppleWebKit/537.36 (KHTML, like Gecko) Ubuntu Chromium/77.0.3865.90 HeadlessChrome/77.0.3865.90 Safari/537.36"
192.168.10.4 - - [04/Mar/2020:14:08:12 +0000] "POST /services/ajax.php/imp/dynamicInit HTTP/1.1" 200 1770 "http://mail.cup.com/imp/dynamic.php?page=mailbox" "Mozilla/5.0 (X11; Linux x86_64) AppleWebKit/537.36 (KHTML, like Gecko) Ubuntu Chromium/77.0.3865.90 HeadlessChrome/77.0.3865.90 Safari/537.36"
192.168.10.190 - - [04/Mar/2020:14:08:18 +0000] "POST /services/ajax.php/horde/imple?token=Gqq6MYfbV56NZ3ImcHk4Mc6&app=nag&imple=Nag_Ajax_Imple_TagAutoCompleter&input=tags HTTP/1.1" 200 371 "http://mail.cup.com/nag/task.php?actionID=add_task" "Mozilla/5.0 (X11; Ubuntu; Linux x86_64; rv:73.0) Gecko/20100101 Firefox/73.0"
192.168.10.4 - - [04/Mar/2020:14:08:21 +0000] "POST /services/ajax.php/imp/viewPort HTTP/1.1" 200 1131 "http://mail.cup.com/imp/dynamic.php?page=mailbox" "Mozilla/5.0 (X11; Linux x86_64) AppleWebKit/537.36 (KHTML, like Gecko) Ubuntu Chromium/77.0.3865.90 HeadlessChrome/77.0.3865.90 Safari/537.36"
192.168.10.190 - - [04/Mar/2020:14:08:23 +0000] "GET /services/portal/ HTTP/1.1" 200 8029 "http://mail.cup.com/nag/list.php" "Mozilla/5.0 (X11; Linux x86_64) AppleWebKit/537.36 (KHTML, like Gecko) Ubuntu Chromium/77.0.3865.90 HeadlessChrome/77.0.3865.90 Safari/537.36"
192.168.10.4 - - [04/Mar/2020:14:08:24 +0000] "POST /services/ajax.php/imp/showMessage HTTP/1.1" 200 2675 "http://mail.cup.com/imp/dynamic.php?page=mailbox" "Mozilla/5.0 (X11; Linux x86_64) AppleWebKit/537.36 (KHTML, like Gecko) Ubuntu Chromium/77.0.3865.90 HeadlessChrome/77.0.3865.90 Safari/537.36"
192.168.10.4 - - [04/Mar/2020:14:08:25 +0000] "GET /services/portal/ HTTP/1.1" 200 8580 "http://mail.cup.com/turba/contact.php?source=nxLWfAAh13LLVFVY-gQUzvl&key=q60gtbjqNY0e_0Aid5XEiiJ&view=Contact" "Mozilla/5.0 (X11; Ubuntu; Linux x86_64; rv:73.0) Gecko/20100101 Firefox/73.0"
192.168.10.190 - - [04/Mar/2020:14:08:25 +0000] "GET /mnemo/ HTTP/1.1" 200 6260 "http://mail.cup.com/services/portal/" "Mozilla/5.0 (X11; Linux x86_64) AppleWebKit/537.36 (KHTML, like Gecko) Ubuntu Chromium/77.0.3865.90 HeadlessChrome/77.0.3865.90 Safari/537.36"
192.168.10.4 - - [04/Mar/2020:14:08:28 +0000] "POST /services/ajax.php/imp/deleteMessages HTTP/1.1" 200 555 "http://mail.cup.com/imp/dynamic.php?page=mailbox" "Mozilla/5.0 (X11; Linux x86_64) AppleWebKit/537.36 (KHTML, like Gecko) Ubuntu Chromium/77.0.3865.90 HeadlessChrome/77.0.3865.90 Safari/537.36"
192.168.10.4 - - [04/Mar/2020:14:08:29 +0000] "GET /mnemo/ HTTP/1.1" 200 5720 "http://mail.cup.com/services/portal/" "Mozilla/5.0 (X11; Ubuntu; Linux x86_64; rv:73.0) Gecko/20100101 Firefox/73.0"
192.168.10.238 - - [04/Mar/2020:14:08:30 +0000] "POST /nag/task/save.php HTTP/1.1" 302 412 "http://mail.cup.com/nag/task.php?actionID=add_task" "Mozilla/5.0 (X11; Ubuntu; Linux x86_64; rv:73.0) Gecko/20100101 Firefox/73.0"
192.168.10.238 - - [04/Mar/2020:14:08:30 +0000] "GET /nag/list.php HTTP/1.1" 200 9002 "http://mail.cup.com/nag/task.php?actionID=add_task" "Mozilla/5.0 (X11; Ubuntu; Linux x86_64; rv:73.0) Gecko/20100101 Firefox/73.0"
192.168.10.200 - - [04/Mar/2020:14:08:37 +0000] "GET /mnemo/memo.php?memo=WQsPpbVt1-FMfN_Qcghj5oC&memolist=m9CtjmXj63wEXdlF5yOn-6E&actionID=modify_memo HTTP/1.1" 200 6260 "http://mail.cup.com/mnemo/" "Mozilla/5.0 (X11; Linux x86_64) AppleWebKit/537.36 (KHTML, like Gecko) Ubuntu Chromium/77.0.3865.90 HeadlessChrome/77.0.3865.90 Safari/537.36"
192.168.10.190 - - [04/Mar/2020:14:08:43 +0000] "POST /nag/task/save.php HTTP/1.1" 302 412 "http://mail.cup.com/nag/task.php?actionID=add_task" "Mozilla/5.0 (X11; Ubuntu; Linux x86_64; rv:73.0) Gecko/20100101 Firefox/73.0"
192.168.10.190 - - [04/Mar/2020:14:08:43 +0000] "GET /nag/list.php HTTP/1.1" 200 8660 "http://mail.cup.com/nag/task.php?actionID=add_task" "Mozilla/5.0 (X11; Ubuntu; Linux x86_64; rv:73.0) Gecko/20100101 Firefox/73.0"
192.168.10.200 - - [04/Mar/2020:14:08:43 +0000] "GET /mnemo/memo.php?memo=WQsPpbVt1-FMfN_Qcghj5oC&memolist=m9CtjmXj63wEXdlF5yOn-6E&actionID=delete_memos HTTP/1.1" 302 414 "http://mail.cup.com/mnemo/memo.php?memo=WQsPpbVt1-FMfN_Qcghj5oC&memolist=m9CtjmXj63wEXdlF5yOn-6E&actionID=modify_memo" "Mozilla/5.0 (X11; Linux x86_64) AppleWebKit/537.36 (KHTML, like Gecko) Ubuntu Chromium/77.0.3865.90 HeadlessChrome/77.0.3865.90 Safari/537.36"
192.168.10.200 - - [04/Mar/2020:14:08:43 +0000] "GET /mnemo/list.php HTTP/1.1" 200 6360 "http://mail.cup.com/mnemo/memo.php?memo=WQsPpbVt1-FMfN_Qcghj5oC&memolist=m9CtjmXj63wEXdlF5yOn-6E&actionID=modify_memo" "Mozilla/5.0 (X11; Linux x86_64) AppleWebKit/537.36 (KHTML, like Gecko) Ubuntu Chromium/77.0.3865.90 HeadlessChrome/77.0.3865.90 Safari/537.36"
::1 - - [04/Mar/2020:14:08:56 +0000] "OPTIONS * HTTP/1.0" 200 110 "-" "Apache/2.4.25 (Debian) OpenSSL/1.0.2u (internal dummy connection)"
::1 - - [04/Mar/2020:14:08:57 +0000] "OPTIONS * HTTP/1.0" 200 110 "-" "Apache/2.4.25 (Debian) OpenSSL/1.0.2u (internal dummy connection)"
::1 - - [04/Mar/2020:14:09:00 +0000] "OPTIONS * HTTP/1.0" 200 110 "-" "Apache/2.4.25 (Debian) OpenSSL/1.0.2u (internal dummy connection)"
192.168.10.190 - - [04/Mar/2020:14:09:01 +0000] "GET /mnemo/memo.php?memo=4W3XVDLnGn5sbFPKTx7_1Dq&memolist=-owcwoRdU-K8urr350qzewP&actionID=modify_memo HTTP/1.1" 200 6109 "http://mail.cup.com/mnemo/" "Mozilla/5.0 (X11; Linux x86_64) AppleWebKit/537.36 (KHTML, like Gecko) Ubuntu Chromium/77.0.3865.90 HeadlessChrome/77.0.3865.90 Safari/537.36"
192.168.10.4 - - [04/Mar/2020:14:09:02 +0000] "GET /services/portal/ HTTP/1.1" 200 11712 "http://mail.cup.com/imp/dynamic.php?page=mailbox" "Mozilla/5.0 (X11; Linux x86_64) AppleWebKit/537.36 (KHTML, like Gecko) Ubuntu Chromium/77.0.3865.90 HeadlessChrome/77.0.3865.90 Safari/537.36"
192.168.10.4 - - [04/Mar/2020:14:09:03 +0000] "GET /mnemo/memo.php?memo=txwQfBCGLF77ZdlOAWQ-4D_&memolist=NvNRrPKs5COrlFQXGwyjn8g&actionID=modify_memo HTTP/1.1" 200 6120 "http://mail.cup.com/mnemo/" "Mozilla/5.0 (X11; Ubuntu; Linux x86_64; rv:73.0) Gecko/20100101 Firefox/73.0"
192.168.10.190 - - [04/Mar/2020:14:09:03 +0000] "GET /mnemo/memo.php?memo=4W3XVDLnGn5sbFPKTx7_1Dq&memolist=-owcwoRdU-K8urr350qzewP&actionID=delete_memos HTTP/1.1" 302 413 "http://mail.cup.com/mnemo/memo.php?memo=4W3XVDLnGn5sbFPKTx7_1Dq&memolist=-owcwoRdU-K8urr350qzewP&actionID=modify_memo" "Mozilla/5.0 (X11; Linux x86_64) AppleWebKit/537.36 (KHTML, like Gecko) Ubuntu Chromium/77.0.3865.90 HeadlessChrome/77.0.3865.90 Safari/537.36"
192.168.10.190 - - [04/Mar/2020:14:09:04 +0000] "GET /mnemo/list.php HTTP/1.1" 200 6279 "http://mail.cup.com/mnemo/memo.php?memo=4W3XVDLnGn5sbFPKTx7_1Dq&memolist=-owcwoRdU-K8urr350qzewP&actionID=modify_memo" "Mozilla/5.0 (X11; Linux x86_64) AppleWebKit/537.36 (KHTML, like Gecko) Ubuntu Chromium/77.0.3865.90 HeadlessChrome/77.0.3865.90 Safari/537.36"
192.168.10.4 - - [04/Mar/2020:14:09:06 +0000] "GET /mnemo/memo.php?memo=txwQfBCGLF77ZdlOAWQ-4D_&memolist=NvNRrPKs5COrlFQXGwyjn8g&actionID=delete_memos HTTP/1.1" 302 413 "http://mail.cup.com/mnemo/memo.php?memo=txwQfBCGLF77ZdlOAWQ-4D_&memolist=NvNRrPKs5COrlFQXGwyjn8g&actionID=modify_memo" "Mozilla/5.0 (X11; Ubuntu; Linux x86_64; rv:73.0) Gecko/20100101 Firefox/73.0"
192.168.10.4 - - [04/Mar/2020:14:09:06 +0000] "GET /mnemo/list.php HTTP/1.1" 200 5722 "http://mail.cup.com/mnemo/memo.php?memo=txwQfBCGLF77ZdlOAWQ-4D_&memolist=NvNRrPKs5COrlFQXGwyjn8g&actionID=modify_memo" "Mozilla/5.0 (X11; Ubuntu; Linux x86_64; rv:73.0) Gecko/20100101 Firefox/73.0"
192.168.10.238 - - [04/Mar/2020:14:09:09 +0000] "GET /services/portal/ HTTP/1.1" 200 9113 "http://mail.cup.com/nag/list.php" "Mozilla/5.0 (X11; Ubuntu; Linux x86_64; rv:73.0) Gecko/20100101 Firefox/73.0"
192.168.10.238 - - [04/Mar/2020:14:09:15 +0000] "GET /imp/dynamic.php?page=mailbox HTTP/1.1" 200 8753 "http://mail.cup.com/services/portal/" "Mozilla/5.0 (X11; Ubuntu; Linux x86_64; rv:73.0) Gecko/20100101 Firefox/73.0"
192.168.10.238 - - [04/Mar/2020:14:09:16 +0000] "GET /themes/default/graphics/slidevert.png HTTP/1.1" 200 398 "http://mail.cup.com/themes/default/screen.css" "Mozilla/5.0 (X11; Ubuntu; Linux x86_64; rv:73.0) Gecko/20100101 Firefox/73.0"
192.168.10.238 - - [04/Mar/2020:14:09:16 +0000] "GET /themes/default/graphics/slidehoriz.png HTTP/1.1" 200 363 "http://mail.cup.com/themes/default/screen.css" "Mozilla/5.0 (X11; Ubuntu; Linux x86_64; rv:73.0) Gecko/20100101 Firefox/73.0"
192.168.10.238 - - [04/Mar/2020:14:09:16 +0000] "GET /imp/themes/default/graphics/reload.gif HTTP/1.1" 200 13865 "http://mail.cup.com/imp/themes/default/dynamic/screen.css" "Mozilla/5.0 (X11; Ubuntu; Linux x86_64; rv:73.0) Gecko/20100101 Firefox/73.0"
192.168.10.238 - - [04/Mar/2020:14:09:16 +0000] "POST /services/ajax.php/imp/dynamicInit HTTP/1.1" 200 2804 "http://mail.cup.com/imp/dynamic.php?page=mailbox" "Mozilla/5.0 (X11; Ubuntu; Linux x86_64; rv:73.0) Gecko/20100101 Firefox/73.0"
192.168.10.238 - - [04/Mar/2020:14:09:16 +0000] "GET /imp/themes/default/graphics/scroller_back.png HTTP/1.1" 200 359 "http://mail.cup.com/imp/themes/default/dynamic/screen.css" "Mozilla/5.0 (X11; Ubuntu; Linux x86_64; rv:73.0) Gecko/20100101 Firefox/73.0"
192.168.10.200 - - [04/Mar/2020:14:09:18 +0000] "GET /services/portal/ HTTP/1.1" 200 8915 "http://mail.cup.com/mnemo/list.php" "Mozilla/5.0 (X11; Linux x86_64) AppleWebKit/537.36 (KHTML, like Gecko) Ubuntu Chromium/77.0.3865.90 HeadlessChrome/77.0.3865.90 Safari/537.36"
192.168.10.190 - - [04/Mar/2020:14:09:18 +0000] "GET /services/portal/ HTTP/1.1" 200 9638 "http://mail.cup.com/nag/list.php" "Mozilla/5.0 (X11; Ubuntu; Linux x86_64; rv:73.0) Gecko/20100101 Firefox/73.0"
192.168.10.238 - - [04/Mar/2020:14:09:22 +0000] "POST /services/ajax.php/imp/viewPort HTTP/1.1" 200 2122 "http://mail.cup.com/imp/dynamic.php?page=mailbox" "Mozilla/5.0 (X11; Ubuntu; Linux x86_64; rv:73.0) Gecko/20100101 Firefox/73.0"
192.168.10.190 - - [04/Mar/2020:14:09:22 +0000] "GET /turba/ HTTP/1.1" 200 4347 "http://mail.cup.com/services/portal/" "Mozilla/5.0 (X11; Ubuntu; Linux x86_64; rv:73.0) Gecko/20100101 Firefox/73.0"
192.168.10.190 - - [04/Mar/2020:14:09:28 +0000] "GET /turba/browse.php HTTP/1.1" 200 4019 "http://mail.cup.com/turba/" "Mozilla/5.0 (X11; Ubuntu; Linux x86_64; rv:73.0) Gecko/20100101 Firefox/73.0"
192.168.10.200 - - [04/Mar/2020:14:09:29 +0000] "GET /admin/sessions.php HTTP/1.1" 200 3565 "http://mail.cup.com/services/portal/" "Mozilla/5.0 (X11; Linux x86_64) AppleWebKit/537.36 (KHTML, like Gecko) Ubuntu Chromium/77.0.3865.90 HeadlessChrome/77.0.3865.90 Safari/537.36"
192.168.10.238 - - [04/Mar/2020:14:09:30 +0000] "POST /services/ajax.php/imp/showMessage HTTP/1.1" 200 2745 "http://mail.cup.com/imp/dynamic.php?page=mailbox" "Mozilla/5.0 (X11; Ubuntu; Linux x86_64; rv:73.0) Gecko/20100101 Firefox/73.0"
192.168.10.190 - - [04/Mar/2020:14:09:36 +0000] "GET /services/portal/ HTTP/1.1" 200 7906 "http://mail.cup.com/mnemo/list.php" "Mozilla/5.0 (X11; Linux x86_64) AppleWebKit/537.36 (KHTML, like Gecko) Ubuntu Chromium/77.0.3865.90 HeadlessChrome/77.0.3865.90 Safari/537.36"
192.168.10.4 - - [04/Mar/2020:14:09:36 +0000] "GET /services/portal/ HTTP/1.1" 200 11710 "http://mail.cup.com/services/portal/" "Mozilla/5.0 (X11; Linux x86_64) AppleWebKit/537.36 (KHTML, like Gecko) Ubuntu Chromium/77.0.3865.90 HeadlessChrome/77.0.3865.90 Safari/537.36"
192.168.10.190 - - [04/Mar/2020:14:09:39 +0000] "GET /mnemo/ HTTP/1.1" 200 6169 "http://mail.cup.com/services/portal/" "Mozilla/5.0 (X11; Linux x86_64) AppleWebKit/537.36 (KHTML, like Gecko) Ubuntu Chromium/77.0.3865.90 HeadlessChrome/77.0.3865.90 Safari/537.36"
192.168.10.238 - - [04/Mar/2020:14:09:39 +0000] "GET /imp/dynamic.php?page=message&buid=196&mailbox=SU5CT1g&token=VX7QgOYbt10Q9vnuHTTgNlR&uniq=1583330979666 HTTP/1.1" 200 7160 "http://mail.cup.com/imp/dynamic.php?page=mailbox" "Mozilla/5.0 (X11; Ubuntu; Linux x86_64; rv:73.0) Gecko/20100101 Firefox/73.0"
