192.168.10.200 - - [04/Mar/2020:13:59:09 +0000] "GET /nag/list.php HTTP/1.1" 200 9028 "http://mail.cup.com/nag/task.php?actionID=add_task" "Mozilla/5.0 (X11; Linux x86_64) AppleWebKit/537.36 (KHTML, like Gecko) Ubuntu Chromium/77.0.3865.90 HeadlessChrome/77.0.3865.90 Safari/537.36"
192.168.10.4 - - [04/Mar/2020:13:59:07 +0000] "GET /imp/view.php?imp_img_view=view_thumbnail&actionID=view_attach&id=2&muid=%7B5%7DINBOX71&view_token=x_-LBjEdLTfKCoHwKBWZ87f HTTP/1.1" 200 899 "http://mail.cup.com/imp/dynamic.php?page=message&buid=71&mailbox=SU5CT1g&token=x_-LBjEdLTfKCoHwKBWZ87f&uniq=1583330347173" "Mozilla/5.0 (X11; Linux x86_64) AppleWebKit/537.36 (KHTML, like Gecko) Ubuntu Chromium/77.0.3865.90 HeadlessChrome/77.0.3865.90 Safari/537.36"
192.168.10.4 - - [04/Mar/2020:13:59:13 +0000] "POST /services/ajax.php/imp/getReplyData HTTP/1.1" 200 842 "http://mail.cup.com/imp/dynamic.php?page=message&buid=71&mailbox=SU5CT1g&token=x_-LBjEdLTfKCoHwKBWZ87f&uniq=1583330347173" "Mozilla/5.0 (X11; Linux x86_64) AppleWebKit/537.36 (KHTML, like Gecko) Ubuntu Chromium/77.0.3865.90 HeadlessChrome/77.0.3865.90 Safari/537.36"
192.168.10.190 - - [04/Mar/2020:13:59:14 +0000] "GET /mnemo/memo.php?memo=-gsB2YCjwVFNLEt8BsE8fYA&memolist=YEyPYnRLSYxO77YlM4O8zo6&actionID=modify_memo HTTP/1.1" 200 6094 "http://mail.cup.com/mnemo/" "Mozilla/5.0 (X11; Ubuntu; Linux x86_64; rv:73.0) Gecko/20100101 Firefox/73.0"
192.168.10.190 - - [04/Mar/2020:13:59:17 +0000] "GET /mnemo/memo.php?memo=-gsB2YCjwVFNLEt8BsE8fYA&memolist=YEyPYnRLSYxO77YlM4O8zo6&actionID=delete_memos HTTP/1.1" 302 413 "http://mail.cup.com/mnemo/memo.php?memo=-gsB2YCjwVFNLEt8BsE8fYA&memolist=YEyPYnRLSYxO77YlM4O8zo6&actionID=modify_memo" "Mozilla/5.0 (X11; Ubuntu; Linux x86_64; rv:73.0) Gecko/20100101 Firefox/73.0"
192.168.10.190 - - [04/Mar/2020:13:59:18 +0000] "GET /mnemo/list.php HTTP/1.1" 200 6966 "http://mail.cup.com/mnemo/memo.php?memo=-gsB2YCjwVFNLEt8BsE8fYA&memolist=YEyPYnRLSYxO77YlM4O8zo6&actionID=modify_memo" "Mozilla/5.0 (X11; Ubuntu; Linux x86_64; rv:73.0) Gecko/20100101 Firefox/73.0"
192.168.10.4 - - [04/Mar/2020:13:59:20 +0000] "POST /services/ajax.php/imp/sendMessage HTTP/1.1" 200 634 "http://mail.cup.com/imp/dynamic.php?page=message&buid=71&mailbox=SU5CT1g&token=x_-LBjEdLTfKCoHwKBWZ87f&uniq=1583330347173" "Mozilla/5.0 (X11; Linux x86_64) AppleWebKit/537.36 (KHTML, like Gecko) Ubuntu Chromium/77.0.3865.90 HeadlessChrome/77.0.3865.90 Safari/537.36"
192.168.10.4 - - [04/Mar/2020:13:59:23 +0000] "GET /mnemo/memo.php?actionID=add_memo HTTP/1.1" 200 5979 "http://mail.cup.com/mnemo/" "Mozilla/5.0 (X11; Ubuntu; Linux x86_64; rv:73.0) Gecko/20100101 Firefox/73.0"
192.168.10.238 - - [04/Mar/2020:13:59:24 +0000] "GET /services/portal/ HTTP/1.1" 200 9122 "http://mail.cup.com/mnemo/list.php" "Mozilla/5.0 (X11; Ubuntu; Linux x86_64; rv:73.0) Gecko/20100101 Firefox/73.0"
192.168.10.190 - - [04/Mar/2020:13:59:25 +0000] "GET /nag/task.php?tasklist=RVa6U5vw-D6tjxVV6QmEHcb&task=RYPnFOf6O7IFn5MlNaH2HyF&actionID=modify_task&have_search&tab_name=1&url=%2Fnag%2F HTTP/1.1" 200 9052 "http://mail.cup.com/nag/" "Mozilla/5.0 (X11; Linux x86_64) AppleWebKit/537.36 (KHTML, like Gecko) Ubuntu Chromium/77.0.3865.90 HeadlessChrome/77.0.3865.90 Safari/537.36"
192.168.10.190 - - [04/Mar/2020:13:59:27 +0000] "POST /nag/task/save.php HTTP/1.1" 302 411 "http://mail.cup.com/nag/task.php?tasklist=RVa6U5vw-D6tjxVV6QmEHcb&task=RYPnFOf6O7IFn5MlNaH2HyF&actionID=modify_task&have_search&tab_name=1&url=%2Fnag%2F" "Mozilla/5.0 (X11; Linux x86_64) AppleWebKit/537.36 (KHTML, like Gecko) Ubuntu Chromium/77.0.3865.90 HeadlessChrome/77.0.3865.90 Safari/537.36"
192.168.10.190 - - [04/Mar/2020:13:59:27 +0000] "GET /nag/list.php HTTP/1.1" 200 5329 "http://mail.cup.com/nag/task.php?tasklist=RVa6U5vw-D6tjxVV6QmEHcb&task=RYPnFOf6O7IFn5MlNaH2HyF&actionID=modify_task&have_search&tab_name=1&url=%2Fnag%2F" "Mozilla/5.0 (X11; Linux x86_64) AppleWebKit/537.36 (KHTML, like Gecko) Ubuntu Chromium/77.0.3865.90 HeadlessChrome/77.0.3865.90 Safari/537.36"
192.168.10.238 - - [04/Mar/2020:13:59:28 +0000] "GET /mnemo/ HTTP/1.1" 200 6431 "http://mail.cup.com/services/portal/" "Mozilla/5.0 (X11; Ubuntu; Linux x86_64; rv:73.0) Gecko/20100101 Firefox/73.0"
192.168.10.4 - - [04/Mar/2020:13:59:29 +0000] "POST /services/ajax.php/horde/imple?token=_YgCOUeu0q4PcZGj2IYp0f6&app=mnemo&imple=Mnemo_Ajax_Imple_TagAutoCompleter&input=memo_tags HTTP/1.1" 200 371 "http://mail.cup.com/mnemo/memo.php?actionID=add_memo" "Mozilla/5.0 (X11; Ubuntu; Linux x86_64; rv:73.0) Gecko/20100101 Firefox/73.0"
192.168.10.238 - - [04/Mar/2020:13:59:37 +0000] "GET /services/portal/ HTTP/1.1" 200 10904 "http://mail.cup.com/imp/dynamic.php?page=mailbox" "Mozilla/5.0 (X11; Linux x86_64) AppleWebKit/537.36 (KHTML, like Gecko) Ubuntu Chromium/77.0.3865.90 HeadlessChrome/77.0.3865.90 Safari/537.36"
192.168.10.4 - - [04/Mar/2020:13:59:32 +0000] "POST /mnemo/memo.php HTTP/1.1" 302 413 "http://mail.cup.com/mnemo/memo.php?actionID=add_memo" "Mozilla/5.0 (X11; Ubuntu; Linux x86_64; rv:73.0) Gecko/20100101 Firefox/73.0"
192.168.10.4 - - [04/Mar/2020:13:59:37 +0000] "GET /mnemo/list.php HTTP/1.1" 200 5505 "http://mail.cup.com/mnemo/memo.php?actionID=add_memo" "Mozilla/5.0 (X11; Ubuntu; Linux x86_64; rv:73.0) Gecko/20100101 Firefox/73.0"
192.168.10.238 - - [04/Mar/2020:13:59:41 +0000] "GET /kronolith/ HTTP/1.1" 200 24707 "http://mail.cup.com/services/portal/" "Mozilla/5.0 (X11; Linux x86_64) AppleWebKit/537.36 (KHTML, like Gecko) Ubuntu Chromium/77.0.3865.90 HeadlessChrome/77.0.3865.90 Safari/537.36"
192.168.10.238 - - [04/Mar/2020:13:59:41 +0000] "POST /services/ajax.php/kronolith/listCalendars HTTP/1.1" 200 971 "http://mail.cup.com/kronolith/" "Mozilla/5.0 (X11; Linux x86_64) AppleWebKit/537.36 (KHTML, like Gecko) Ubuntu Chromium/77.0.3865.90 HeadlessChrome/77.0.3865.90 Safari/537.36"
192.168.10.238 - - [04/Mar/2020:13:59:42 +0000] "POST /services/ajax.php/kronolith/listEvents HTTP/1.1" 200 1586 "http://mail.cup.com/kronolith/" "Mozilla/5.0 (X11; Linux x86_64) AppleWebKit/537.36 (KHTML, like Gecko) Ubuntu Chromium/77.0.3865.90 HeadlessChrome/77.0.3865.90 Safari/537.36"
192.168.10.238 - - [04/Mar/2020:13:59:42 +0000] "POST /services/ajax.php/kronolith/listEvents HTTP/1.1" 200 549 "http://mail.cup.com/kronolith/" "Mozilla/5.0 (X11; Linux x86_64) AppleWebKit/537.36 (KHTML, like Gecko) Ubuntu Chromium/77.0.3865.90 HeadlessChrome/77.0.3865.90 Safari/537.36"
192.168.10.200 - - [04/Mar/2020:13:59:43 +0000] "GET /services/portal/ HTTP/1.1" 200 8973 "http://mail.cup.com/nag/list.php" "Mozilla/5.0 (X11; Linux x86_64) AppleWebKit/537.36 (KHTML, like Gecko) Ubuntu Chromium/77.0.3865.90 HeadlessChrome/77.0.3865.90 Safari/537.36"
192.168.10.200 - - [04/Mar/2020:13:59:46 +0000] "GET /kronolith/ HTTP/1.1" 200 24850 "http://mail.cup.com/services/portal/" "Mozilla/5.0 (X11; Linux x86_64) AppleWebKit/537.36 (KHTML, like Gecko) Ubuntu Chromium/77.0.3865.90 HeadlessChrome/77.0.3865.90 Safari/537.36"
192.168.10.200 - - [04/Mar/2020:13:59:47 +0000] "POST /services/ajax.php/kronolith/listCalendars HTTP/1.1" 200 975 "http://mail.cup.com/kronolith/" "Mozilla/5.0 (X11; Linux x86_64) AppleWebKit/537.36 (KHTML, like Gecko) Ubuntu Chromium/77.0.3865.90 HeadlessChrome/77.0.3865.90 Safari/537.36"
192.168.10.200 - - [04/Mar/2020:13:59:47 +0000] "POST /services/ajax.php/kronolith/listEvents HTTP/1.1" 200 548 "http://mail.cup.com/kronolith/" "Mozilla/5.0 (X11; Linux x86_64) AppleWebKit/537.36 (KHTML, like Gecko) Ubuntu Chromium/77.0.3865.90 HeadlessChrome/77.0.3865.90 Safari/537.36"
192.168.10.200 - - [04/Mar/2020:13:59:47 +0000] "POST /services/ajax.php/kronolith/listEvents HTTP/1.1" 200 1968 "http://mail.cup.com/kronolith/" "Mozilla/5.0 (X11; Linux x86_64) AppleWebKit/537.36 (KHTML, like Gecko) Ubuntu Chromium/77.0.3865.90 HeadlessChrome/77.0.3865.90 Safari/537.36"
192.168.10.190 - - [04/Mar/2020:13:59:52 +0000] "GET /services/portal/ HTTP/1.1" 200 9688 "http://mail.cup.com/mnemo/list.php" "Mozilla/5.0 (X11; Ubuntu; Linux x86_64; rv:73.0) Gecko/20100101 Firefox/73.0"
192.168.10.190 - - [04/Mar/2020:13:59:57 +0000] "GET /nag/ HTTP/1.1" 200 8660 "http://mail.cup.com/services/portal/" "Mozilla/5.0 (X11; Ubuntu; Linux x86_64; rv:73.0) Gecko/20100101 Firefox/73.0"
192.168.10.4 - - [04/Mar/2020:14:00:01 +0000] "GET /services/portal/ HTTP/1.1" 200 11721 "http://mail.cup.com/imp/dynamic.php?page=mailbox" "Mozilla/5.0 (X11; Linux x86_64) AppleWebKit/537.36 (KHTML, like Gecko) Ubuntu Chromium/77.0.3865.90 HeadlessChrome/77.0.3865.90 Safari/537.36"
192.168.10.190 - - [04/Mar/2020:14:00:00 +0000] "GET /services/portal/ HTTP/1.1" 200 7054 "http://mail.cup.com/nag/list.php" "Mozilla/5.0 (X11; Linux x86_64) AppleWebKit/537.36 (KHTML, like Gecko) Ubuntu Chromium/77.0.3865.90 HeadlessChrome/77.0.3865.90 Safari/537.36"
192.168.10.4 - - [04/Mar/2020:14:00:05 +0000] "GET /login.php?horde_logout_token=x_-LBjEdLTfKCoHwKBWZ87f&logout_reason=4 HTTP/1.1" 200 3840 "http://mail.cup.com/services/portal/" "Mozilla/5.0 (X11; Linux x86_64) AppleWebKit/537.36 (KHTML, like Gecko) Ubuntu Chromium/77.0.3865.90 HeadlessChrome/77.0.3865.90 Safari/537.36"
192.168.10.190 - - [04/Mar/2020:14:00:07 +0000] "GET /imp/dynamic.php?page=mailbox HTTP/1.1" 200 8750 "http://mail.cup.com/services/portal/" "Mozilla/5.0 (X11; Linux x86_64) AppleWebKit/537.36 (KHTML, like Gecko) Ubuntu Chromium/77.0.3865.90 HeadlessChrome/77.0.3865.90 Safari/537.36"
192.168.10.238 - - [04/Mar/2020:14:00:07 +0000] "GET /mnemo/memo.php?memo=B8VpREdegMe_6Qt9r7uUleg&memolist=U9WHu5t5tMkoCjOBBoU8S36&actionID=modify_memo HTTP/1.1" 200 6113 "http://mail.cup.com/mnemo/" "Mozilla/5.0 (X11; Ubuntu; Linux x86_64; rv:73.0) Gecko/20100101 Firefox/73.0"
192.168.10.190 - - [04/Mar/2020:14:00:08 +0000] "POST /services/ajax.php/imp/dynamicInit HTTP/1.1" 200 1661 "http://mail.cup.com/imp/dynamic.php?page=mailbox" "Mozilla/5.0 (X11; Linux x86_64) AppleWebKit/537.36 (KHTML, like Gecko) Ubuntu Chromium/77.0.3865.90 HeadlessChrome/77.0.3865.90 Safari/537.36"
192.168.10.4 - - [04/Mar/2020:14:00:10 +0000] "GET /services/portal/ HTTP/1.1" 200 8304 "http://mail.cup.com/mnemo/list.php" "Mozilla/5.0 (X11; Ubuntu; Linux x86_64; rv:73.0) Gecko/20100101 Firefox/73.0"
192.168.10.238 - - [04/Mar/2020:14:00:11 +0000] "GET /mnemo/memo.php?memo=B8VpREdegMe_6Qt9r7uUleg&memolist=U9WHu5t5tMkoCjOBBoU8S36&actionID=delete_memos HTTP/1.1" 302 413 "http://mail.cup.com/mnemo/memo.php?memo=B8VpREdegMe_6Qt9r7uUleg&memolist=U9WHu5t5tMkoCjOBBoU8S36&actionID=modify_memo" "Mozilla/5.0 (X11; Ubuntu; Linux x86_64; rv:73.0) Gecko/20100101 Firefox/73.0"
192.168.10.238 - - [04/Mar/2020:14:00:11 +0000] "GET /mnemo/list.php HTTP/1.1" 200 6439 "http://mail.cup.com/mnemo/memo.php?memo=B8VpREdegMe_6Qt9r7uUleg&memolist=U9WHu5t5tMkoCjOBBoU8S36&actionID=modify_memo" "Mozilla/5.0 (X11; Ubuntu; Linux x86_64; rv:73.0) Gecko/20100101 Firefox/73.0"
192.168.10.190 - - [04/Mar/2020:14:00:13 +0000] "POST /services/ajax.php/imp/viewPort HTTP/1.1" 200 1024 "http://mail.cup.com/imp/dynamic.php?page=mailbox" "Mozilla/5.0 (X11; Linux x86_64) AppleWebKit/537.36 (KHTML, like Gecko) Ubuntu Chromium/77.0.3865.90 HeadlessChrome/77.0.3865.90 Safari/537.36"
192.168.10.4 - - [04/Mar/2020:14:00:13 +0000] "GET /kronolith/ HTTP/1.1" 200 24702 "http://mail.cup.com/services/portal/" "Mozilla/5.0 (X11; Ubuntu; Linux x86_64; rv:73.0) Gecko/20100101 Firefox/73.0"
192.168.10.4 - - [04/Mar/2020:14:00:13 +0000] "GET /kronolith/themes/default/graphics/right.png HTTP/1.1" 200 551 "http://mail.cup.com/kronolith/themes/default/screen.css" "Mozilla/5.0 (X11; Ubuntu; Linux x86_64; rv:73.0) Gecko/20100101 Firefox/73.0"
192.168.10.4 - - [04/Mar/2020:14:00:13 +0000] "GET /kronolith/themes/default/graphics/left.png HTTP/1.1" 200 560 "http://mail.cup.com/kronolith/themes/default/screen.css" "Mozilla/5.0 (X11; Ubuntu; Linux x86_64; rv:73.0) Gecko/20100101 Firefox/73.0"
192.168.10.4 - - [04/Mar/2020:14:00:13 +0000] "GET /kronolith/themes/default/graphics/dayview.png HTTP/1.1" 200 617 "http://mail.cup.com/kronolith/themes/default/screen.css" "Mozilla/5.0 (X11; Ubuntu; Linux x86_64; rv:73.0) Gecko/20100101 Firefox/73.0"
192.168.10.4 - - [04/Mar/2020:14:00:13 +0000] "POST /services/ajax.php/kronolith/listCalendars HTTP/1.1" 200 976 "http://mail.cup.com/kronolith/" "Mozilla/5.0 (X11; Ubuntu; Linux x86_64; rv:73.0) Gecko/20100101 Firefox/73.0"
192.168.10.4 - - [04/Mar/2020:14:00:13 +0000] "POST /services/ajax.php/kronolith/listEvents HTTP/1.1" 200 549 "http://mail.cup.com/kronolith/" "Mozilla/5.0 (X11; Ubuntu; Linux x86_64; rv:73.0) Gecko/20100101 Firefox/73.0"
192.168.10.4 - - [04/Mar/2020:14:00:13 +0000] "POST /services/ajax.php/kronolith/listEvents HTTP/1.1" 200 1547 "http://mail.cup.com/kronolith/" "Mozilla/5.0 (X11; Ubuntu; Linux x86_64; rv:73.0) Gecko/20100101 Firefox/73.0"
192.168.10.4 - - [04/Mar/2020:14:00:14 +0000] "GET /login.php HTTP/1.1" 200 2532 "-" "Mozilla/5.0 (X11; Linux x86_64) AppleWebKit/537.36 (KHTML, like Gecko) Ubuntu Chromium/77.0.3865.90 HeadlessChrome/77.0.3865.90 Safari/537.36"
192.168.10.190 - - [04/Mar/2020:14:00:14 +0000] "POST /services/ajax.php/imp/showMessage HTTP/1.1" 200 2920 "http://mail.cup.com/imp/dynamic.php?page=mailbox" "Mozilla/5.0 (X11; Linux x86_64) AppleWebKit/537.36 (KHTML, like Gecko) Ubuntu Chromium/77.0.3865.90 HeadlessChrome/77.0.3865.90 Safari/537.36"
192.168.10.190 - - [04/Mar/2020:14:00:17 +0000] "POST /services/ajax.php/imp/deleteMessages HTTP/1.1" 200 553 "http://mail.cup.com/imp/dynamic.php?page=mailbox" "Mozilla/5.0 (X11; Linux x86_64) AppleWebKit/537.36 (KHTML, like Gecko) Ubuntu Chromium/77.0.3865.90 HeadlessChrome/77.0.3865.90 Safari/537.36"
192.168.10.238 - - [04/Mar/2020:14:00:18 +0000] "POST /services/ajax.php/kronolith/listTopTags HTTP/1.1" 200 440 "http://mail.cup.com/kronolith/" "Mozilla/5.0 (X11; Linux x86_64) AppleWebKit/537.36 (KHTML, like Gecko) Ubuntu Chromium/77.0.3865.90 HeadlessChrome/77.0.3865.90 Safari/537.36"
192.168.10.4 - - [04/Mar/2020:14:00:19 +0000] "POST /services/ajax.php/kronolith/getEvent HTTP/1.1" 200 680 "http://mail.cup.com/kronolith/" "Mozilla/5.0 (X11; Ubuntu; Linux x86_64; rv:73.0) Gecko/20100101 Firefox/73.0"
192.168.10.4 - - [04/Mar/2020:14:00:19 +0000] "POST /services/ajax.php/kronolith/listTopTags HTTP/1.1" 200 450 "http://mail.cup.com/kronolith/" "Mozilla/5.0 (X11; Ubuntu; Linux x86_64; rv:73.0) Gecko/20100101 Firefox/73.0"
192.168.10.4 - - [04/Mar/2020:14:00:24 +0000] "POST /services/ajax.php/kronolith/deleteEvent HTTP/1.1" 200 538 "http://mail.cup.com/kronolith/" "Mozilla/5.0 (X11; Ubuntu; Linux x86_64; rv:73.0) Gecko/20100101 Firefox/73.0"
192.168.10.4 - - [04/Mar/2020:14:00:24 +0000] "POST /login.php HTTP/1.1" 302 601 "http://mail.cup.com/login.php" "Mozilla/5.0 (X11; Linux x86_64) AppleWebKit/537.36 (KHTML, like Gecko) Ubuntu Chromium/77.0.3865.90 HeadlessChrome/77.0.3865.90 Safari/537.36"
192.168.10.4 - - [04/Mar/2020:14:00:24 +0000] "GET /services/portal/ HTTP/1.1" 200 11821 "http://mail.cup.com/login.php" "Mozilla/5.0 (X11; Linux x86_64) AppleWebKit/537.36 (KHTML, like Gecko) Ubuntu Chromium/77.0.3865.90 HeadlessChrome/77.0.3865.90 Safari/537.36"
192.168.10.200 - - [04/Mar/2020:14:00:26 +0000] "POST /services/ajax.php/kronolith/getEvent HTTP/1.1" 200 681 "http://mail.cup.com/kronolith/" "Mozilla/5.0 (X11; Linux x86_64) AppleWebKit/537.36 (KHTML, like Gecko) Ubuntu Chromium/77.0.3865.90 HeadlessChrome/77.0.3865.90 Safari/537.36"
192.168.10.200 - - [04/Mar/2020:14:00:26 +0000] "POST /services/ajax.php/kronolith/listTopTags HTTP/1.1" 200 450 "http://mail.cup.com/kronolith/" "Mozilla/5.0 (X11; Linux x86_64) AppleWebKit/537.36 (KHTML, like Gecko) Ubuntu Chromium/77.0.3865.90 HeadlessChrome/77.0.3865.90 Safari/537.36"
192.168.10.4 - - [04/Mar/2020:14:00:28 +0000] "GET /services/portal/ HTTP/1.1" 200 8305 "http://mail.cup.com/kronolith/" "Mozilla/5.0 (X11; Ubuntu; Linux x86_64; rv:73.0) Gecko/20100101 Firefox/73.0"
192.168.10.4 - - [04/Mar/2020:14:00:30 +0000] "GET /turba/ HTTP/1.1" 200 4342 "http://mail.cup.com/services/portal/" "Mozilla/5.0 (X11; Linux x86_64) AppleWebKit/537.36 (KHTML, like Gecko) Ubuntu Chromium/77.0.3865.90 HeadlessChrome/77.0.3865.90 Safari/537.36"
192.168.10.4 - - [04/Mar/2020:14:00:31 +0000] "GET /mnemo/ HTTP/1.1" 200 5392 "http://mail.cup.com/services/portal/" "Mozilla/5.0 (X11; Ubuntu; Linux x86_64; rv:73.0) Gecko/20100101 Firefox/73.0"
192.168.10.200 - - [04/Mar/2020:14:00:33 +0000] "POST /services/ajax.php/kronolith/deleteEvent HTTP/1.1" 200 535 "http://mail.cup.com/kronolith/" "Mozilla/5.0 (X11; Linux x86_64) AppleWebKit/537.36 (KHTML, like Gecko) Ubuntu Chromium/77.0.3865.90 HeadlessChrome/77.0.3865.90 Safari/537.36"
192.168.10.4 - - [04/Mar/2020:14:00:36 +0000] "GET /turba/add.php HTTP/1.1" 200 19354 "http://mail.cup.com/turba/" "Mozilla/5.0 (X11; Linux x86_64) AppleWebKit/537.36 (KHTML, like Gecko) Ubuntu Chromium/77.0.3865.90 HeadlessChrome/77.0.3865.90 Safari/537.36"
192.168.10.190 - - [04/Mar/2020:14:00:36 +0000] "GET /nag/task.php?tasklist=Mc3b0molD9QOw1RLSHnvXVd&task=JCrAjcjdQFEDs7NOgEG2VxP&actionID=modify_task&have_search&tab_name=1&url=%2Fnag%2F HTTP/1.1" 200 9229 "http://mail.cup.com/nag/" "Mozilla/5.0 (X11; Ubuntu; Linux x86_64; rv:73.0) Gecko/20100101 Firefox/73.0"
192.168.10.190 - - [04/Mar/2020:14:00:41 +0000] "POST /nag/task/save.php HTTP/1.1" 302 411 "http://mail.cup.com/nag/task.php?tasklist=Mc3b0molD9QOw1RLSHnvXVd&task=JCrAjcjdQFEDs7NOgEG2VxP&actionID=modify_task&have_search&tab_name=1&url=%2Fnag%2F" "Mozilla/5.0 (X11; Ubuntu; Linux x86_64; rv:73.0) Gecko/20100101 Firefox/73.0"
192.168.10.190 - - [04/Mar/2020:14:00:41 +0000] "GET /nag/list.php HTTP/1.1" 200 8674 "http://mail.cup.com/nag/task.php?tasklist=Mc3b0molD9QOw1RLSHnvXVd&task=JCrAjcjdQFEDs7NOgEG2VxP&actionID=modify_task&have_search&tab_name=1&url=%2Fnag%2F" "Mozilla/5.0 (X11; Ubuntu; Linux x86_64; rv:73.0) Gecko/20100101 Firefox/73.0"
192.168.10.238 - - [04/Mar/2020:14:00:41 +0000] "POST /services/ajax.php/kronolith/saveEvent HTTP/1.1" 200 642 "http://mail.cup.com/kronolith/" "Mozilla/5.0 (X11; Linux x86_64) AppleWebKit/537.36 (KHTML, like Gecko) Ubuntu Chromium/77.0.3865.90 HeadlessChrome/77.0.3865.90 Safari/537.36"
192.168.10.238 - - [04/Mar/2020:14:00:42 +0000] "POST /services/ajax.php/kronolith/poll HTTP/1.1" 200 386 "http://mail.cup.com/kronolith/" "Mozilla/5.0 (X11; Linux x86_64) AppleWebKit/537.36 (KHTML, like Gecko) Ubuntu Chromium/77.0.3865.90 HeadlessChrome/77.0.3865.90 Safari/537.36"
192.168.10.200 - - [04/Mar/2020:14:00:43 +0000] "GET /services/portal/ HTTP/1.1" 200 8974 "http://mail.cup.com/kronolith/" "Mozilla/5.0 (X11; Linux x86_64) AppleWebKit/537.36 (KHTML, like Gecko) Ubuntu Chromium/77.0.3865.90 HeadlessChrome/77.0.3865.90 Safari/537.36"
192.168.10.238 - - [04/Mar/2020:14:00:47 +0000] "GET /services/portal/ HTTP/1.1" 200 9039 "http://mail.cup.com/mnemo/list.php" "Mozilla/5.0 (X11; Ubuntu; Linux x86_64; rv:73.0) Gecko/20100101 Firefox/73.0"
192.168.10.238 - - [04/Mar/2020:14:00:49 +0000] "GET /services/portal/ HTTP/1.1" 200 10906 "http://mail.cup.com/kronolith/" "Mozilla/5.0 (X11; Linux x86_64) AppleWebKit/537.36 (KHTML, like Gecko) Ubuntu Chromium/77.0.3865.90 HeadlessChrome/77.0.3865.90 Safari/537.36"
192.168.10.4 - - [04/Mar/2020:14:00:49 +0000] "POST /turba/add.php HTTP/1.1" 302 489 "http://mail.cup.com/turba/add.php" "Mozilla/5.0 (X11; Linux x86_64) AppleWebKit/537.36 (KHTML, like Gecko) Ubuntu Chromium/77.0.3865.90 HeadlessChrome/77.0.3865.90 Safari/537.36"
192.168.10.4 - - [04/Mar/2020:14:00:50 +0000] "GET /turba/contact.php?source=nnOSrkWodjzQ70mWgoNcyGd&key=-FdCmZNvicF4a79Xwy40Rd9&view=Contact HTTP/1.1" 200 21143 "http://mail.cup.com/turba/add.php" "Mozilla/5.0 (X11; Linux x86_64) AppleWebKit/537.36 (KHTML, like Gecko) Ubuntu Chromium/77.0.3865.90 HeadlessChrome/77.0.3865.90 Safari/537.36"
192.168.10.238 - - [04/Mar/2020:14:00:50 +0000] "GET /imp/dynamic.php?page=mailbox HTTP/1.1" 200 8750 "http://mail.cup.com/services/portal/" "Mozilla/5.0 (X11; Ubuntu; Linux x86_64; rv:73.0) Gecko/20100101 Firefox/73.0"
192.168.10.190 - - [04/Mar/2020:14:00:50 +0000] "GET /services/portal/ HTTP/1.1" 200 7057 "http://mail.cup.com/imp/dynamic.php?page=mailbox" "Mozilla/5.0 (X11; Linux x86_64) AppleWebKit/537.36 (KHTML, like Gecko) Ubuntu Chromium/77.0.3865.90 HeadlessChrome/77.0.3865.90 Safari/537.36"
192.168.10.238 - - [04/Mar/2020:14:00:50 +0000] "GET /themes/default/graphics/popdown.png HTTP/1.1" 200 458 "http://mail.cup.com/themes/default/screen.css" "Mozilla/5.0 (X11; Ubuntu; Linux x86_64; rv:73.0) Gecko/20100101 Firefox/73.0"
192.168.10.238 - - [04/Mar/2020:14:00:51 +0000] "POST /services/ajax.php/imp/dynamicInit HTTP/1.1" 200 2883 "http://mail.cup.com/imp/dynamic.php?page=mailbox" "Mozilla/5.0 (X11; Ubuntu; Linux x86_64; rv:73.0) Gecko/20100101 Firefox/73.0"
192.168.10.200 - - [04/Mar/2020:14:00:52 +0000] "GET /admin/sqlshell.php HTTP/1.1" 200 4621 "http://mail.cup.com/services/portal/" "Mozilla/5.0 (X11; Linux x86_64) AppleWebKit/537.36 (KHTML, like Gecko) Ubuntu Chromium/77.0.3865.90 HeadlessChrome/77.0.3865.90 Safari/537.36"
192.168.10.190 - - [04/Mar/2020:14:00:52 +0000] "GET /kronolith/ HTTP/1.1" 200 24707 "http://mail.cup.com/services/portal/" "Mozilla/5.0 (X11; Linux x86_64) AppleWebKit/537.36 (KHTML, like Gecko) Ubuntu Chromium/77.0.3865.90 HeadlessChrome/77.0.3865.90 Safari/537.36"
192.168.10.238 - - [04/Mar/2020:14:00:53 +0000] "GET /imp/dynamic.php?page=mailbox HTTP/1.1" 200 8747 "http://mail.cup.com/services/portal/" "Mozilla/5.0 (X11; Linux x86_64) AppleWebKit/537.36 (KHTML, like Gecko) Ubuntu Chromium/77.0.3865.90 HeadlessChrome/77.0.3865.90 Safari/537.36"
192.168.10.190 - - [04/Mar/2020:14:00:53 +0000] "POST /services/ajax.php/kronolith/listCalendars HTTP/1.1" 200 967 "http://mail.cup.com/kronolith/" "Mozilla/5.0 (X11; Linux x86_64) AppleWebKit/537.36 (KHTML, like Gecko) Ubuntu Chromium/77.0.3865.90 HeadlessChrome/77.0.3865.90 Safari/537.36"
192.168.10.238 - - [04/Mar/2020:14:00:53 +0000] "POST /services/ajax.php/imp/dynamicInit HTTP/1.1" 200 2562 "http://mail.cup.com/imp/dynamic.php?page=mailbox" "Mozilla/5.0 (X11; Linux x86_64) AppleWebKit/537.36 (KHTML, like Gecko) Ubuntu Chromium/77.0.3865.90 HeadlessChrome/77.0.3865.90 Safari/537.36"
192.168.10.190 - - [04/Mar/2020:14:00:53 +0000] "POST /services/ajax.php/kronolith/listEvents HTTP/1.1" 200 549 "http://mail.cup.com/kronolith/" "Mozilla/5.0 (X11; Linux x86_64) AppleWebKit/537.36 (KHTML, like Gecko) Ubuntu Chromium/77.0.3865.90 HeadlessChrome/77.0.3865.90 Safari/537.36"
192.168.10.190 - - [04/Mar/2020:14:00:53 +0000] "POST /services/ajax.php/kronolith/listEvents HTTP/1.1" 200 1383 "http://mail.cup.com/kronolith/" "Mozilla/5.0 (X11; Linux x86_64) AppleWebKit/537.36 (KHTML, like Gecko) Ubuntu Chromium/77.0.3865.90 HeadlessChrome/77.0.3865.90 Safari/537.36"
192.168.10.238 - - [04/Mar/2020:14:00:59 +0000] "POST /services/ajax.php/imp/viewPort HTTP/1.1" 200 2212 "http://mail.cup.com/imp/dynamic.php?page=mailbox" "Mozilla/5.0 (X11; Ubuntu; Linux x86_64; rv:73.0) Gecko/20100101 Firefox/73.0"
192.168.10.238 - - [04/Mar/2020:14:00:59 +0000] "POST /services/ajax.php/imp/viewPort HTTP/1.1" 200 1909 "http://mail.cup.com/imp/dynamic.php?page=mailbox" "Mozilla/5.0 (X11; Linux x86_64) AppleWebKit/537.36 (KHTML, like Gecko) Ubuntu Chromium/77.0.3865.90 HeadlessChrome/77.0.3865.90 Safari/537.36"
192.168.10.200 - - [04/Mar/2020:14:01:02 +0000] "POST /admin/sqlshell.php HTTP/1.1" 200 14304 "http://mail.cup.com/admin/sqlshell.php" "Mozilla/5.0 (X11; Linux x86_64) AppleWebKit/537.36 (KHTML, like Gecko) Ubuntu Chromium/77.0.3865.90 HeadlessChrome/77.0.3865.90 Safari/537.36"
192.168.10.238 - - [04/Mar/2020:14:01:03 +0000] "POST /services/ajax.php/imp/showMessage HTTP/1.1" 200 2571 "http://mail.cup.com/imp/dynamic.php?page=mailbox" "Mozilla/5.0 (X11; Linux x86_64) AppleWebKit/537.36 (KHTML, like Gecko) Ubuntu Chromium/77.0.3865.90 HeadlessChrome/77.0.3865.90 Safari/537.36"
192.168.10.238 - - [04/Mar/2020:14:01:04 +0000] "POST /services/ajax.php/imp/showMessage HTTP/1.1" 200 2173 "http://mail.cup.com/imp/dynamic.php?page=mailbox" "Mozilla/5.0 (X11; Ubuntu; Linux x86_64; rv:73.0) Gecko/20100101 Firefox/73.0"
192.168.10.4 - - [04/Mar/2020:14:01:06 +0000] "GET /mnemo/memo.php?actionID=add_memo HTTP/1.1" 200 5979 "http://mail.cup.com/mnemo/" "Mozilla/5.0 (X11; Ubuntu; Linux x86_64; rv:73.0) Gecko/20100101 Firefox/73.0"
192.168.10.238 - - [04/Mar/2020:14:01:08 +0000] "POST /services/ajax.php/imp/deleteMessages HTTP/1.1" 200 558 "http://mail.cup.com/imp/dynamic.php?page=mailbox" "Mozilla/5.0 (X11; Linux x86_64) AppleWebKit/537.36 (KHTML, like Gecko) Ubuntu Chromium/77.0.3865.90 HeadlessChrome/77.0.3865.90 Safari/537.36"
192.168.10.238 - - [04/Mar/2020:14:01:08 +0000] "POST /services/ajax.php/imp/deleteMessages HTTP/1.1" 200 554 "http://mail.cup.com/imp/dynamic.php?page=mailbox" "Mozilla/5.0 (X11; Ubuntu; Linux x86_64; rv:73.0) Gecko/20100101 Firefox/73.0"
192.168.10.4 - - [04/Mar/2020:14:01:11 +0000] "POST /services/ajax.php/horde/imple?token=_YgCOUeu0q4PcZGj2IYp0f6&app=mnemo&imple=Mnemo_Ajax_Imple_TagAutoCompleter&input=memo_tags HTTP/1.1" 200 370 "http://mail.cup.com/mnemo/memo.php?actionID=add_memo" "Mozilla/5.0 (X11; Ubuntu; Linux x86_64; rv:73.0) Gecko/20100101 Firefox/73.0"
192.168.10.4 - - [04/Mar/2020:14:01:12 +0000] "POST /mnemo/memo.php HTTP/1.1" 302 413 "http://mail.cup.com/mnemo/memo.php?actionID=add_memo" "Mozilla/5.0 (X11; Ubuntu; Linux x86_64; rv:73.0) Gecko/20100101 Firefox/73.0"
192.168.10.4 - - [04/Mar/2020:14:01:13 +0000] "GET /mnemo/list.php HTTP/1.1" 200 5625 "http://mail.cup.com/mnemo/memo.php?actionID=add_memo" "Mozilla/5.0 (X11; Ubuntu; Linux x86_64; rv:73.0) Gecko/20100101 Firefox/73.0"
192.168.10.190 - - [04/Mar/2020:14:01:14 +0000] "GET /services/portal/ HTTP/1.1" 200 9600 "http://mail.cup.com/nag/list.php" "Mozilla/5.0 (X11; Ubuntu; Linux x86_64; rv:73.0) Gecko/20100101 Firefox/73.0"
::1 - - [04/Mar/2020:14:01:20 +0000] "OPTIONS * HTTP/1.0" 200 110 "-" "Apache/2.4.25 (Debian) OpenSSL/1.0.2u (internal dummy connection)"
192.168.10.190 - - [04/Mar/2020:14:01:20 +0000] "GET /kronolith/ HTTP/1.1" 200 24705 "http://mail.cup.com/services/portal/" "Mozilla/5.0 (X11; Ubuntu; Linux x86_64; rv:73.0) Gecko/20100101 Firefox/73.0"
192.168.10.4 - - [04/Mar/2020:14:01:24 +0000] "GET /services/portal/ HTTP/1.1" 200 11714 "http://mail.cup.com/turba/contact.php?source=nnOSrkWodjzQ70mWgoNcyGd&key=-FdCmZNvicF4a79Xwy40Rd9&view=Contact" "Mozilla/5.0 (X11; Linux x86_64) AppleWebKit/537.36 (KHTML, like Gecko) Ubuntu Chromium/77.0.3865.90 HeadlessChrome/77.0.3865.90 Safari/537.36"
192.168.10.190 - - [04/Mar/2020:14:01:21 +0000] "POST /services/ajax.php/kronolith/listCalendars HTTP/1.1" 200 972 "http://mail.cup.com/kronolith/" "Mozilla/5.0 (X11; Ubuntu; Linux x86_64; rv:73.0) Gecko/20100101 Firefox/73.0"
192.168.10.190 - - [04/Mar/2020:14:01:26 +0000] "POST /services/ajax.php/kronolith/listEvents HTTP/1.1" 200 1381 "http://mail.cup.com/kronolith/" "Mozilla/5.0 (X11; Ubuntu; Linux x86_64; rv:73.0) Gecko/20100101 Firefox/73.0"
192.168.10.190 - - [04/Mar/2020:14:01:26 +0000] "POST /services/ajax.php/kronolith/listEvents HTTP/1.1" 200 549 "http://mail.cup.com/kronolith/" "Mozilla/5.0 (X11; Ubuntu; Linux x86_64; rv:73.0) Gecko/20100101 Firefox/73.0"
192.168.10.190 - - [04/Mar/2020:14:01:28 +0000] "POST /services/ajax.php/kronolith/listTopTags HTTP/1.1" 200 457 "http://mail.cup.com/kronolith/" "Mozilla/5.0 (X11; Linux x86_64) AppleWebKit/537.36 (KHTML, like Gecko) Ubuntu Chromium/77.0.3865.90 HeadlessChrome/77.0.3865.90 Safari/537.36"
192.168.10.4 - - [04/Mar/2020:14:01:29 +0000] "GET /nag/ HTTP/1.1" 200 9001 "http://mail.cup.com/services/portal/" "Mozilla/5.0 (X11; Linux x86_64) AppleWebKit/537.36 (KHTML, like Gecko) Ubuntu Chromium/77.0.3865.90 HeadlessChrome/77.0.3865.90 Safari/537.36"
192.168.10.190 - - [04/Mar/2020:14:01:30 +0000] "POST /services/ajax.php/kronolith/listTopTags HTTP/1.1" 200 444 "http://mail.cup.com/kronolith/" "Mozilla/5.0 (X11; Ubuntu; Linux x86_64; rv:73.0) Gecko/20100101 Firefox/73.0"
192.168.10.200 - - [04/Mar/2020:14:01:36 +0000] "GET /services/portal/ HTTP/1.1" 200 8978 "http://mail.cup.com/admin/sqlshell.php" "Mozilla/5.0 (X11; Linux x86_64) AppleWebKit/537.36 (KHTML, like Gecko) Ubuntu Chromium/77.0.3865.90 HeadlessChrome/77.0.3865.90 Safari/537.36"
192.168.10.200 - - [04/Mar/2020:14:01:41 +0000] "GET /imp/dynamic.php?page=mailbox HTTP/1.1" 200 8893 "http://mail.cup.com/services/portal/" "Mozilla/5.0 (X11; Linux x86_64) AppleWebKit/537.36 (KHTML, like Gecko) Ubuntu Chromium/77.0.3865.90 HeadlessChrome/77.0.3865.90 Safari/537.36"
192.168.10.238 - - [04/Mar/2020:14:01:41 +0000] "GET /services/portal/ HTTP/1.1" 200 9007 "http://mail.cup.com/imp/dynamic.php?page=mailbox" "Mozilla/5.0 (X11; Ubuntu; Linux x86_64; rv:73.0) Gecko/20100101 Firefox/73.0"
192.168.10.200 - - [04/Mar/2020:14:01:41 +0000] "POST /services/ajax.php/imp/dynamicInit HTTP/1.1" 200 1987 "http://mail.cup.com/imp/dynamic.php?page=mailbox" "Mozilla/5.0 (X11; Linux x86_64) AppleWebKit/537.36 (KHTML, like Gecko) Ubuntu Chromium/77.0.3865.90 HeadlessChrome/77.0.3865.90 Safari/537.36"
192.168.10.190 - - [04/Mar/2020:14:01:42 +0000] "POST /services/ajax.php/kronolith/saveEvent HTTP/1.1" 200 644 "http://mail.cup.com/kronolith/" "Mozilla/5.0 (X11; Linux x86_64) AppleWebKit/537.36 (KHTML, like Gecko) Ubuntu Chromium/77.0.3865.90 HeadlessChrome/77.0.3865.90 Safari/537.36"
192.168.10.238 - - [04/Mar/2020:14:01:42 +0000] "GET /services/portal/ HTTP/1.1" 200 10919 "http://mail.cup.com/imp/dynamic.php?page=mailbox" "Mozilla/5.0 (X11; Linux x86_64) AppleWebKit/537.36 (KHTML, like Gecko) Ubuntu Chromium/77.0.3865.90 HeadlessChrome/77.0.3865.90 Safari/537.36"
192.168.10.238 - - [04/Mar/2020:14:01:46 +0000] "GET /imp/dynamic.php?page=mailbox HTTP/1.1" 200 8750 "http://mail.cup.com/services/portal/" "Mozilla/5.0 (X11; Ubuntu; Linux x86_64; rv:73.0) Gecko/20100101 Firefox/73.0"
192.168.10.4 - - [04/Mar/2020:14:01:46 +0000] "GET /services/portal/ HTTP/1.1" 200 8408 "http://mail.cup.com/mnemo/list.php" "Mozilla/5.0 (X11; Ubuntu; Linux x86_64; rv:73.0) Gecko/20100101 Firefox/73.0"
192.168.10.238 - - [04/Mar/2020:14:01:46 +0000] "POST /services/ajax.php/imp/dynamicInit HTTP/1.1" 200 2867 "http://mail.cup.com/imp/dynamic.php?page=mailbox" "Mozilla/5.0 (X11; Ubuntu; Linux x86_64; rv:73.0) Gecko/20100101 Firefox/73.0"
192.168.10.190 - - [04/Mar/2020:14:01:47 +0000] "GET /services/portal/ HTTP/1.1" 200 7058 "http://mail.cup.com/kronolith/" "Mozilla/5.0 (X11; Linux x86_64) AppleWebKit/537.36 (KHTML, like Gecko) Ubuntu Chromium/77.0.3865.90 HeadlessChrome/77.0.3865.90 Safari/537.36"
192.168.10.238 - - [04/Mar/2020:14:01:47 +0000] "GET /kronolith/ HTTP/1.1" 200 24707 "http://mail.cup.com/services/portal/" "Mozilla/5.0 (X11; Linux x86_64) AppleWebKit/537.36 (KHTML, like Gecko) Ubuntu Chromium/77.0.3865.90 HeadlessChrome/77.0.3865.90 Safari/537.36"
192.168.10.238 - - [04/Mar/2020:14:01:48 +0000] "POST /services/ajax.php/kronolith/listCalendars HTTP/1.1" 200 971 "http://mail.cup.com/kronolith/" "Mozilla/5.0 (X11; Linux x86_64) AppleWebKit/537.36 (KHTML, like Gecko) Ubuntu Chromium/77.0.3865.90 HeadlessChrome/77.0.3865.90 Safari/537.36"
192.168.10.238 - - [04/Mar/2020:14:01:48 +0000] "POST /services/ajax.php/kronolith/listEvents HTTP/1.1" 200 549 "http://mail.cup.com/kronolith/" "Mozilla/5.0 (X11; Linux x86_64) AppleWebKit/537.36 (KHTML, like Gecko) Ubuntu Chromium/77.0.3865.90 HeadlessChrome/77.0.3865.90 Safari/537.36"
192.168.10.238 - - [04/Mar/2020:14:01:48 +0000] "POST /services/ajax.php/kronolith/listEvents HTTP/1.1" 200 1668 "http://mail.cup.com/kronolith/" "Mozilla/5.0 (X11; Linux x86_64) AppleWebKit/537.36 (KHTML, like Gecko) Ubuntu Chromium/77.0.3865.90 HeadlessChrome/77.0.3865.90 Safari/537.36"
192.168.10.200 - - [04/Mar/2020:14:01:48 +0000] "POST /services/ajax.php/imp/viewPort HTTP/1.1" 200 1341 "http://mail.cup.com/imp/dynamic.php?page=mailbox" "Mozilla/5.0 (X11; Linux x86_64) AppleWebKit/537.36 (KHTML, like Gecko) Ubuntu Chromium/77.0.3865.90 HeadlessChrome/77.0.3865.90 Safari/537.36"
192.168.10.4 - - [04/Mar/2020:14:01:50 +0000] "GET /mnemo/ HTTP/1.1" 200 5509 "http://mail.cup.com/services/portal/" "Mozilla/5.0 (X11; Ubuntu; Linux x86_64; rv:73.0) Gecko/20100101 Firefox/73.0"
192.168.10.190 - - [04/Mar/2020:14:01:52 +0000] "GET /services/prefs.php?app=horde HTTP/1.1" 200 3656 "http://mail.cup.com/services/portal/" "Mozilla/5.0 (X11; Linux x86_64) AppleWebKit/537.36 (KHTML, like Gecko) Ubuntu Chromium/77.0.3865.90 HeadlessChrome/77.0.3865.90 Safari/537.36"
192.168.10.200 - - [04/Mar/2020:14:01:52 +0000] "POST /services/ajax.php/imp/showMessage HTTP/1.1" 200 3539 "http://mail.cup.com/imp/dynamic.php?page=mailbox" "Mozilla/5.0 (X11; Linux x86_64) AppleWebKit/537.36 (KHTML, like Gecko) Ubuntu Chromium/77.0.3865.90 HeadlessChrome/77.0.3865.90 Safari/537.36"
192.168.10.190 - - [04/Mar/2020:14:01:54 +0000] "GET /services/prefs.php?app=horde&group=identities HTTP/1.1" 200 4575 "http://mail.cup.com/services/prefs.php?app=horde" "Mozilla/5.0 (X11; Linux x86_64) AppleWebKit/537.36 (KHTML, like Gecko) Ubuntu Chromium/77.0.3865.90 HeadlessChrome/77.0.3865.90 Safari/537.36"
192.168.10.238 - - [04/Mar/2020:14:01:54 +0000] "POST /services/ajax.php/imp/viewPort HTTP/1.1" 200 2190 "http://mail.cup.com/imp/dynamic.php?page=mailbox" "Mozilla/5.0 (X11; Ubuntu; Linux x86_64; rv:73.0) Gecko/20100101 Firefox/73.0"
192.168.10.200 - - [04/Mar/2020:14:01:55 +0000] "POST /services/ajax.php/imp/deleteMessages HTTP/1.1" 200 554 "http://mail.cup.com/imp/dynamic.php?page=mailbox" "Mozilla/5.0 (X11; Linux x86_64) AppleWebKit/537.36 (KHTML, like Gecko) Ubuntu Chromium/77.0.3865.90 HeadlessChrome/77.0.3865.90 Safari/537.36"
192.168.10.190 - - [04/Mar/2020:14:01:57 +0000] "POST /services/ajax.php/kronolith/saveEvent HTTP/1.1" 200 681 "http://mail.cup.com/kronolith/" "Mozilla/5.0 (X11; Ubuntu; Linux x86_64; rv:73.0) Gecko/20100101 Firefox/73.0"
192.168.10.190 - - [04/Mar/2020:14:01:57 +0000] "POST /services/prefs.php HTTP/1.1" 200 4607 "http://mail.cup.com/services/prefs.php?app=horde&group=identities" "Mozilla/5.0 (X11; Linux x86_64) AppleWebKit/537.36 (KHTML, like Gecko) Ubuntu Chromium/77.0.3865.90 HeadlessChrome/77.0.3865.90 Safari/537.36"
192.168.10.238 - - [04/Mar/2020:14:01:59 +0000] "GET /imp/dynamic.php?page=compose&type=new&token=VX7QgOYbt10Q9vnuHTTgNlR&uniq=1583330519253 HTTP/1.1" 200 5530 "http://mail.cup.com/imp/dynamic.php?page=mailbox" "Mozilla/5.0 (X11; Ubuntu; Linux x86_64; rv:73.0) Gecko/20100101 Firefox/73.0"
192.168.10.190 - - [04/Mar/2020:14:02:03 +0000] "GET /services/prefs.php?app=horde HTTP/1.1" 200 3656 "http://mail.cup.com/services/prefs.php" "Mozilla/5.0 (X11; Linux x86_64) AppleWebKit/537.36 (KHTML, like Gecko) Ubuntu Chromium/77.0.3865.90 HeadlessChrome/77.0.3865.90 Safari/537.36"
192.168.10.190 - - [04/Mar/2020:14:02:03 +0000] "GET /services/portal/ HTTP/1.1" 200 9595 "http://mail.cup.com/kronolith/" "Mozilla/5.0 (X11; Ubuntu; Linux x86_64; rv:73.0) Gecko/20100101 Firefox/73.0"
192.168.10.190 - - [04/Mar/2020:14:02:06 +0000] "GET /services/prefs.php?app=imp HTTP/1.1" 200 4023 "http://mail.cup.com/services/prefs.php?app=horde" "Mozilla/5.0 (X11; Linux x86_64) AppleWebKit/537.36 (KHTML, like Gecko) Ubuntu Chromium/77.0.3865.90 HeadlessChrome/77.0.3865.90 Safari/537.36"
192.168.10.4 - - [04/Mar/2020:14:02:07 +0000] "GET /nag/task.php?tasklist=u3-SVDbFWKDJoedJdADggr5&task=XxaqomOWNfneJeMkE9kqvw9&actionID=modify_task&have_search&tab_name=1&url=%2Fnag%2F HTTP/1.1" 200 9310 "http://mail.cup.com/nag/" "Mozilla/5.0 (X11; Linux x86_64) AppleWebKit/537.36 (KHTML, like Gecko) Ubuntu Chromium/77.0.3865.90 HeadlessChrome/77.0.3865.90 Safari/537.36"
192.168.10.190 - - [04/Mar/2020:14:02:07 +0000] "GET /mnemo/ HTTP/1.1" 200 6857 "http://mail.cup.com/services/portal/" "Mozilla/5.0 (X11; Ubuntu; Linux x86_64; rv:73.0) Gecko/20100101 Firefox/73.0"
192.168.10.190 - - [04/Mar/2020:14:02:08 +0000] "GET /services/prefs.php?app=imp&group=delmove HTTP/1.1" 200 5541 "http://mail.cup.com/services/prefs.php?app=imp" "Mozilla/5.0 (X11; Linux x86_64) AppleWebKit/537.36 (KHTML, like Gecko) Ubuntu Chromium/77.0.3865.90 HeadlessChrome/77.0.3865.90 Safari/537.36"
192.168.10.4 - - [04/Mar/2020:14:02:11 +0000] "POST /nag/task/save.php HTTP/1.1" 302 411 "http://mail.cup.com/nag/task.php?tasklist=u3-SVDbFWKDJoedJdADggr5&task=XxaqomOWNfneJeMkE9kqvw9&actionID=modify_task&have_search&tab_name=1&url=%2Fnag%2F" "Mozilla/5.0 (X11; Linux x86_64) AppleWebKit/537.36 (KHTML, like Gecko) Ubuntu Chromium/77.0.3865.90 HeadlessChrome/77.0.3865.90 Safari/537.36"
192.168.10.4 - - [04/Mar/2020:14:02:11 +0000] "GET /nag/list.php HTTP/1.1" 200 8948 "http://mail.cup.com/nag/task.php?tasklist=u3-SVDbFWKDJoedJdADggr5&task=XxaqomOWNfneJeMkE9kqvw9&actionID=modify_task&have_search&tab_name=1&url=%2Fnag%2F" "Mozilla/5.0 (X11; Linux x86_64) AppleWebKit/537.36 (KHTML, like Gecko) Ubuntu Chromium/77.0.3865.90 HeadlessChrome/77.0.3865.90 Safari/537.36"
192.168.10.238 - - [04/Mar/2020:14:02:13 +0000] "POST /services/ajax.php/imp/sendMessage HTTP/1.1" 200 477 "http://mail.cup.com/imp/dynamic.php?page=compose&type=new&token=VX7QgOYbt10Q9vnuHTTgNlR&uniq=1583330519253" "Mozilla/5.0 (X11; Ubuntu; Linux x86_64; rv:73.0) Gecko/20100101 Firefox/73.0"
192.168.10.190 - - [04/Mar/2020:14:02:16 +0000] "POST /services/prefs.php HTTP/1.1" 200 5640 "http://mail.cup.com/services/prefs.php?app=imp&group=delmove" "Mozilla/5.0 (X11; Linux x86_64) AppleWebKit/537.36 (KHTML, like Gecko) Ubuntu Chromium/77.0.3865.90 HeadlessChrome/77.0.3865.90 Safari/537.36"
192.168.10.190 - - [04/Mar/2020:14:02:22 +0000] "POST /services/prefs.php HTTP/1.1" 200 5637 "http://mail.cup.com/services/prefs.php" "Mozilla/5.0 (X11; Linux x86_64) AppleWebKit/537.36 (KHTML, like Gecko) Ubuntu Chromium/77.0.3865.90 HeadlessChrome/77.0.3865.90 Safari/537.36"
192.168.10.238 - - [04/Mar/2020:14:02:25 +0000] "POST /services/ajax.php/kronolith/listTopTags HTTP/1.1" 200 440 "http://mail.cup.com/kronolith/" "Mozilla/5.0 (X11; Linux x86_64) AppleWebKit/537.36 (KHTML, like Gecko) Ubuntu Chromium/77.0.3865.90 HeadlessChrome/77.0.3865.90 Safari/537.36"
192.168.10.4 - - [04/Mar/2020:14:02:26 +0000] "GET /mnemo/memo.php?actionID=add_memo HTTP/1.1" 200 5980 "http://mail.cup.com/mnemo/" "Mozilla/5.0 (X11; Ubuntu; Linux x86_64; rv:73.0) Gecko/20100101 Firefox/73.0"
192.168.10.200 - - [04/Mar/2020:14:02:31 +0000] "GET /services/portal/ HTTP/1.1" 200 8961 "http://mail.cup.com/imp/dynamic.php?page=mailbox" "Mozilla/5.0 (X11; Linux x86_64) AppleWebKit/537.36 (KHTML, like Gecko) Ubuntu Chromium/77.0.3865.90 HeadlessChrome/77.0.3865.90 Safari/537.36"
192.168.10.4 - - [04/Mar/2020:14:02:32 +0000] "POST /services/ajax.php/horde/imple?token=_YgCOUeu0q4PcZGj2IYp0f6&app=mnemo&imple=Mnemo_Ajax_Imple_TagAutoCompleter&input=memo_tags HTTP/1.1" 200 371 "http://mail.cup.com/mnemo/memo.php?actionID=add_memo" "Mozilla/5.0 (X11; Ubuntu; Linux x86_64; rv:73.0) Gecko/20100101 Firefox/73.0"
192.168.10.4 - - [04/Mar/2020:14:02:34 +0000] "POST /mnemo/memo.php HTTP/1.1" 302 413 "http://mail.cup.com/mnemo/memo.php?actionID=add_memo" "Mozilla/5.0 (X11; Ubuntu; Linux x86_64; rv:73.0) Gecko/20100101 Firefox/73.0"
192.168.10.4 - - [04/Mar/2020:14:02:34 +0000] "GET /mnemo/list.php HTTP/1.1" 200 5730 "http://mail.cup.com/mnemo/memo.php?actionID=add_memo" "Mozilla/5.0 (X11; Ubuntu; Linux x86_64; rv:73.0) Gecko/20100101 Firefox/73.0"
192.168.10.200 - - [04/Mar/2020:14:02:36 +0000] "GET /mnemo/ HTTP/1.1" 200 6352 "http://mail.cup.com/services/portal/" "Mozilla/5.0 (X11; Linux x86_64) AppleWebKit/537.36 (KHTML, like Gecko) Ubuntu Chromium/77.0.3865.90 HeadlessChrome/77.0.3865.90 Safari/537.36"
::1 - - [04/Mar/2020:14:02:44 +0000] "OPTIONS * HTTP/1.0" 200 110 "-" "Apache/2.4.25 (Debian) OpenSSL/1.0.2u (internal dummy connection)"
192.168.10.4 - - [04/Mar/2020:14:02:46 +0000] "GET /services/portal/ HTTP/1.1" 200 11640 "http://mail.cup.com/nag/list.php" "Mozilla/5.0 (X11; Linux x86_64) AppleWebKit/537.36 (KHTML, like Gecko) Ubuntu Chromium/77.0.3865.90 HeadlessChrome/77.0.3865.90 Safari/537.36"
192.168.10.190 - - [04/Mar/2020:14:02:48 +0000] "GET /mnemo/memo.php?actionID=add_memo HTTP/1.1" 200 5981 "http://mail.cup.com/mnemo/" "Mozilla/5.0 (X11; Ubuntu; Linux x86_64; rv:73.0) Gecko/20100101 Firefox/73.0"
192.168.10.238 - - [04/Mar/2020:14:02:48 +0000] "POST /services/ajax.php/kronolith/poll HTTP/1.1" 200 387 "http://mail.cup.com/kronolith/" "Mozilla/5.0 (X11; Linux x86_64) AppleWebKit/537.36 (KHTML, like Gecko) Ubuntu Chromium/77.0.3865.90 HeadlessChrome/77.0.3865.90 Safari/537.36"
192.168.10.238 - - [04/Mar/2020:14:02:49 +0000] "POST /services/ajax.php/kronolith/saveEvent HTTP/1.1" 200 643 "http://mail.cup.com/kronolith/" "Mozilla/5.0 (X11; Linux x86_64) AppleWebKit/537.36 (KHTML, like Gecko) Ubuntu Chromium/77.0.3865.90 HeadlessChrome/77.0.3865.90 Safari/537.36"
192.168.10.4 - - [04/Mar/2020:14:02:50 +0000] "GET /imp/dynamic.php?page=mailbox HTTP/1.1" 200 8746 "http://mail.cup.com/services/portal/" "Mozilla/5.0 (X11; Linux x86_64) AppleWebKit/537.36 (KHTML, like Gecko) Ubuntu Chromium/77.0.3865.90 HeadlessChrome/77.0.3865.90 Safari/537.36"
192.168.10.4 - - [04/Mar/2020:14:02:51 +0000] "POST /services/ajax.php/imp/dynamicInit HTTP/1.1" 200 1771 "http://mail.cup.com/imp/dynamic.php?page=mailbox" "Mozilla/5.0 (X11; Linux x86_64) AppleWebKit/537.36 (KHTML, like Gecko) Ubuntu Chromium/77.0.3865.90 HeadlessChrome/77.0.3865.90 Safari/537.36"
192.168.10.238 - - [04/Mar/2020:14:02:52 +0000] "GET /services/portal/ HTTP/1.1" 200 9009 "http://mail.cup.com/imp/dynamic.php?page=mailbox" "Mozilla/5.0 (X11; Ubuntu; Linux x86_64; rv:73.0) Gecko/20100101 Firefox/73.0"
192.168.10.190 - - [04/Mar/2020:14:02:54 +0000] "GET /services/portal/ HTTP/1.1" 200 7059 "http://mail.cup.com/services/prefs.php" "Mozilla/5.0 (X11; Linux x86_64) AppleWebKit/537.36 (KHTML, like Gecko) Ubuntu Chromium/77.0.3865.90 HeadlessChrome/77.0.3865.90 Safari/537.36"
192.168.10.4 - - [04/Mar/2020:14:02:57 +0000] "POST /services/ajax.php/imp/viewPort HTTP/1.1" 200 1131 "http://mail.cup.com/imp/dynamic.php?page=mailbox" "Mozilla/5.0 (X11; Linux x86_64) AppleWebKit/537.36 (KHTML, like Gecko) Ubuntu Chromium/77.0.3865.90 HeadlessChrome/77.0.3865.90 Safari/537.36"
192.168.10.238 - - [04/Mar/2020:14:02:57 +0000] "GET /imp/dynamic.php?page=mailbox HTTP/1.1" 200 8751 "http://mail.cup.com/services/portal/" "Mozilla/5.0 (X11; Ubuntu; Linux x86_64; rv:73.0) Gecko/20100101 Firefox/73.0"
192.168.10.190 - - [04/Mar/2020:14:02:57 +0000] "GET /nag/ HTTP/1.1" 200 5223 "http://mail.cup.com/services/portal/" "Mozilla/5.0 (X11; Linux x86_64) AppleWebKit/537.36 (KHTML, like Gecko) Ubuntu Chromium/77.0.3865.90 HeadlessChrome/77.0.3865.90 Safari/537.36"
192.168.10.238 - - [04/Mar/2020:14:02:57 +0000] "POST /services/ajax.php/imp/dynamicInit HTTP/1.1" 200 2864 "http://mail.cup.com/imp/dynamic.php?page=mailbox" "Mozilla/5.0 (X11; Ubuntu; Linux x86_64; rv:73.0) Gecko/20100101 Firefox/73.0"
192.168.10.238 - - [04/Mar/2020:14:02:58 +0000] "GET /services/portal/ HTTP/1.1" 200 11448 "http://mail.cup.com/kronolith/" "Mozilla/5.0 (X11; Linux x86_64) AppleWebKit/537.36 (KHTML, like Gecko) Ubuntu Chromium/77.0.3865.90 HeadlessChrome/77.0.3865.90 Safari/537.36"
192.168.10.190 - - [04/Mar/2020:14:02:58 +0000] "POST /services/ajax.php/horde/imple?token=Gqq6MYfbV56NZ3ImcHk4Mc6&app=mnemo&imple=Mnemo_Ajax_Imple_TagAutoCompleter&input=memo_tags HTTP/1.1" 200 371 "http://mail.cup.com/mnemo/memo.php?actionID=add_memo" "Mozilla/5.0 (X11; Ubuntu; Linux x86_64; rv:73.0) Gecko/20100101 Firefox/73.0"
192.168.10.190 - - [04/Mar/2020:14:03:01 +0000] "POST /mnemo/memo.php HTTP/1.1" 302 413 "http://mail.cup.com/mnemo/memo.php?actionID=add_memo" "Mozilla/5.0 (X11; Ubuntu; Linux x86_64; rv:73.0) Gecko/20100101 Firefox/73.0"
192.168.10.190 - - [04/Mar/2020:14:03:02 +0000] "GET /mnemo/list.php HTTP/1.1" 200 7058 "http://mail.cup.com/mnemo/memo.php?actionID=add_memo" "Mozilla/5.0 (X11; Ubuntu; Linux x86_64; rv:73.0) Gecko/20100101 Firefox/73.0"
192.168.10.238 - - [04/Mar/2020:14:03:02 +0000] "GET /login.php?horde_logout_token=hiiqYgwC4fHaY2eBSGL_8Sp&logout_reason=4 HTTP/1.1" 200 3838 "http://mail.cup.com/services/portal/" "Mozilla/5.0 (X11; Linux x86_64) AppleWebKit/537.36 (KHTML, like Gecko) Ubuntu Chromium/77.0.3865.90 HeadlessChrome/77.0.3865.90 Safari/537.36"
192.168.10.4 - - [04/Mar/2020:14:03:06 +0000] "POST /services/ajax.php/imp/showMessage HTTP/1.1" 200 2833 "http://mail.cup.com/imp/dynamic.php?page=mailbox" "Mozilla/5.0 (X11; Linux x86_64) AppleWebKit/537.36 (KHTML, like Gecko) Ubuntu Chromium/77.0.3865.90 HeadlessChrome/77.0.3865.90 Safari/537.36"
192.168.10.4 - - [04/Mar/2020:14:03:07 +0000] "GET /services/portal/ HTTP/1.1" 200 8493 "http://mail.cup.com/mnemo/list.php" "Mozilla/5.0 (X11; Ubuntu; Linux x86_64; rv:73.0) Gecko/20100101 Firefox/73.0"
192.168.10.238 - - [04/Mar/2020:14:03:07 +0000] "POST /services/ajax.php/imp/viewPort HTTP/1.1" 200 2190 "http://mail.cup.com/imp/dynamic.php?page=mailbox" "Mozilla/5.0 (X11; Ubuntu; Linux x86_64; rv:73.0) Gecko/20100101 Firefox/73.0"
192.168.10.4 - - [04/Mar/2020:14:03:10 +0000] "GET /mnemo/ HTTP/1.1" 200 5614 "http://mail.cup.com/services/portal/" "Mozilla/5.0 (X11; Ubuntu; Linux x86_64; rv:73.0) Gecko/20100101 Firefox/73.0"
192.168.10.238 - - [04/Mar/2020:14:03:10 +0000] "POST /services/ajax.php/imp/showMessage HTTP/1.1" 200 2105 "http://mail.cup.com/imp/dynamic.php?page=mailbox" "Mozilla/5.0 (X11; Ubuntu; Linux x86_64; rv:73.0) Gecko/20100101 Firefox/73.0"
192.168.10.238 - - [04/Mar/2020:14:03:11 +0000] "GET /imp/themes/default/graphics/arrow_collapsed.png HTTP/1.1" 200 501 "http://mail.cup.com/imp/themes/default/dynamic/screen.css" "Mozilla/5.0 (X11; Ubuntu; Linux x86_64; rv:73.0) Gecko/20100101 Firefox/73.0"
192.168.10.238 - - [04/Mar/2020:14:03:14 +0000] "POST /services/ajax.php/imp/deleteMessages HTTP/1.1" 200 559 "http://mail.cup.com/imp/dynamic.php?page=mailbox" "Mozilla/5.0 (X11; Ubuntu; Linux x86_64; rv:73.0) Gecko/20100101 Firefox/73.0"
192.168.10.4 - - [04/Mar/2020:14:03:16 +0000] "GET /imp/dynamic.php?page=message&buid=61&mailbox=SU5CT1g&token=ykSK6Po7YlQhwi5Io5yLtxm&uniq=1583330596598 HTTP/1.1" 200 7230 "http://mail.cup.com/imp/dynamic.php?page=mailbox" "Mozilla/5.0 (X11; Linux x86_64) AppleWebKit/537.36 (KHTML, like Gecko) Ubuntu Chromium/77.0.3865.90 HeadlessChrome/77.0.3865.90 Safari/537.36"
192.168.10.200 - - [04/Mar/2020:14:03:16 +0000] "GET /mnemo/memo.php?memo=Ay5lxinPOp0hhiBixSa0Idt&memolist=m9CtjmXj63wEXdlF5yOn-6E&actionID=modify_memo HTTP/1.1" 200 6259 "http://mail.cup.com/mnemo/" "Mozilla/5.0 (X11; Linux x86_64) AppleWebKit/537.36 (KHTML, like Gecko) Ubuntu Chromium/77.0.3865.90 HeadlessChrome/77.0.3865.90 Safari/537.36"
192.168.10.4 - - [04/Mar/2020:14:03:20 +0000] "POST /services/ajax.php/imp/getReplyData HTTP/1.1" 200 884 "http://mail.cup.com/imp/dynamic.php?page=message&buid=61&mailbox=SU5CT1g&token=ykSK6Po7YlQhwi5Io5yLtxm&uniq=1583330596598" "Mozilla/5.0 (X11; Linux x86_64) AppleWebKit/537.36 (KHTML, like Gecko) Ubuntu Chromium/77.0.3865.90 HeadlessChrome/77.0.3865.90 Safari/537.36"
192.168.10.200 - - [04/Mar/2020:14:03:21 +0000] "GET /mnemo/memo.php?memo=Ay5lxinPOp0hhiBixSa0Idt&memolist=m9CtjmXj63wEXdlF5yOn-6E&actionID=delete_memos HTTP/1.1" 302 413 "http://mail.cup.com/mnemo/memo.php?memo=Ay5lxinPOp0hhiBixSa0Idt&memolist=m9CtjmXj63wEXdlF5yOn-6E&actionID=modify_memo" "Mozilla/5.0 (X11; Linux x86_64) AppleWebKit/537.36 (KHTML, like Gecko) Ubuntu Chromium/77.0.3865.90 HeadlessChrome/77.0.3865.90 Safari/537.36"
192.168.10.200 - - [04/Mar/2020:14:03:21 +0000] "GET /mnemo/list.php HTTP/1.1" 200 6370 "http://mail.cup.com/mnemo/memo.php?memo=Ay5lxinPOp0hhiBixSa0Idt&memolist=m9CtjmXj63wEXdlF5yOn-6E&actionID=modify_memo" "Mozilla/5.0 (X11; Linux x86_64) AppleWebKit/537.36 (KHTML, like Gecko) Ubuntu Chromium/77.0.3865.90 HeadlessChrome/77.0.3865.90 Safari/537.36"
192.168.10.4 - - [04/Mar/2020:14:03:26 +0000] "POST /services/ajax.php/imp/sendMessage HTTP/1.1" 200 613 "http://mail.cup.com/imp/dynamic.php?page=message&buid=61&mailbox=SU5CT1g&token=ykSK6Po7YlQhwi5Io5yLtxm&uniq=1583330596598" "Mozilla/5.0 (X11; Linux x86_64) AppleWebKit/537.36 (KHTML, like Gecko) Ubuntu Chromium/77.0.3865.90 HeadlessChrome/77.0.3865.90 Safari/537.36"
192.168.10.190 - - [04/Mar/2020:14:03:32 +0000] "GET /nag/task.php?actionID=add_task HTTP/1.1" 200 8893 "http://mail.cup.com/nag/" "Mozilla/5.0 (X11; Linux x86_64) AppleWebKit/537.36 (KHTML, like Gecko) Ubuntu Chromium/77.0.3865.90 HeadlessChrome/77.0.3865.90 Safari/537.36"
192.168.10.190 - - [04/Mar/2020:14:03:36 +0000] "GET /services/portal/ HTTP/1.1" 200 9666 "http://mail.cup.com/mnemo/list.php" "Mozilla/5.0 (X11; Ubuntu; Linux x86_64; rv:73.0) Gecko/20100101 Firefox/73.0"
192.168.10.190 - - [04/Mar/2020:14:03:39 +0000] "POST /services/ajax.php/horde/imple?token=7EoZBswXMzI3bHAY5Sl-8aA&app=nag&imple=Nag_Ajax_Imple_TagAutoCompleter&input=tags HTTP/1.1" 200 375 "http://mail.cup.com/nag/task.php?actionID=add_task" "Mozilla/5.0 (X11; Linux x86_64) AppleWebKit/537.36 (KHTML, like Gecko) Ubuntu Chromium/77.0.3865.90 HeadlessChrome/77.0.3865.90 Safari/537.36"
192.168.10.190 - - [04/Mar/2020:14:03:41 +0000] "GET /nag/ HTTP/1.1" 200 8568 "http://mail.cup.com/services/portal/" "Mozilla/5.0 (X11; Ubuntu; Linux x86_64; rv:73.0) Gecko/20100101 Firefox/73.0"
192.168.10.4 - - [04/Mar/2020:14:03:47 +0000] "GET /mnemo/memo.php?actionID=add_memo HTTP/1.1" 200 5977 "http://mail.cup.com/mnemo/" "Mozilla/5.0 (X11; Ubuntu; Linux x86_64; rv:73.0) Gecko/20100101 Firefox/73.0"
192.168.10.238 - - [04/Mar/2020:14:03:49 +0000] "GET /services/portal/ HTTP/1.1" 200 9016 "http://mail.cup.com/imp/dynamic.php?page=mailbox" "Mozilla/5.0 (X11; Ubuntu; Linux x86_64; rv:73.0) Gecko/20100101 Firefox/73.0"
192.168.10.190 - - [04/Mar/2020:14:03:52 +0000] "POST /nag/task/save.php HTTP/1.1" 302 412 "http://mail.cup.com/nag/task.php?actionID=add_task" "Mozilla/5.0 (X11; Linux x86_64) AppleWebKit/537.36 (KHTML, like Gecko) Ubuntu Chromium/77.0.3865.90 HeadlessChrome/77.0.3865.90 Safari/537.36"
