192.168.10.190 - - [05/Mar/2020:10:01:34 +0000] "GET /imp/themes/default/graphics/folders/plus.png HTTP/1.1" 200 619 "http://mail.cup.com/imp/themes/default/dynamic/screen.css" "Mozilla/5.0 (X11; Ubuntu; Linux x86_64; rv:73.0) Gecko/20100101 Firefox/73.0"
192.168.10.238 - - [05/Mar/2020:10:01:34 +0000] "GET /mnemo/memo.php?memo=XNDzvCfalhV1ML8JfbbyTeN&memolist=kC22rXUbTW2caZUI1gigVRb&actionID=modify_memo HTTP/1.1" 200 6117 "http://mail.cup.com/mnemo/" "Mozilla/5.0 (X11; Linux x86_64) AppleWebKit/537.36 (KHTML, like Gecko) Ubuntu Chromium/77.0.3865.90 HeadlessChrome/77.0.3865.90 Safari/537.36"
192.168.10.238 - - [05/Mar/2020:10:01:39 +0000] "GET /mnemo/memo.php?memo=XNDzvCfalhV1ML8JfbbyTeN&memolist=kC22rXUbTW2caZUI1gigVRb&actionID=delete_memos HTTP/1.1" 302 413 "http://mail.cup.com/mnemo/memo.php?memo=XNDzvCfalhV1ML8JfbbyTeN&memolist=kC22rXUbTW2caZUI1gigVRb&actionID=modify_memo" "Mozilla/5.0 (X11; Linux x86_64) AppleWebKit/537.36 (KHTML, like Gecko) Ubuntu Chromium/77.0.3865.90 HeadlessChrome/77.0.3865.90 Safari/537.36"
192.168.10.238 - - [05/Mar/2020:10:01:40 +0000] "GET /mnemo/list.php HTTP/1.1" 200 7370 "http://mail.cup.com/mnemo/memo.php?memo=XNDzvCfalhV1ML8JfbbyTeN&memolist=kC22rXUbTW2caZUI1gigVRb&actionID=modify_memo" "Mozilla/5.0 (X11; Linux x86_64) AppleWebKit/537.36 (KHTML, like Gecko) Ubuntu Chromium/77.0.3865.90 HeadlessChrome/77.0.3865.90 Safari/537.36"
192.168.10.190 - - [05/Mar/2020:10:01:43 +0000] "GET /themes/default/graphics/za.png HTTP/1.1" 200 526 "http://mail.cup.com/themes/default/screen.css" "Mozilla/5.0 (X11; Ubuntu; Linux x86_64; rv:73.0) Gecko/20100101 Firefox/73.0"
192.168.10.190 - - [05/Mar/2020:10:01:43 +0000] "POST /services/ajax.php/imp/viewPort HTTP/1.1" 200 977 "http://mail.cup.com/imp/dynamic.php?page=mailbox" "Mozilla/5.0 (X11; Ubuntu; Linux x86_64; rv:73.0) Gecko/20100101 Firefox/73.0"
192.168.10.190 - - [05/Mar/2020:10:01:46 +0000] "GET /imp/dynamic.php?page=compose&type=new&token=-P6Q4iaAUXfSIhIF9fOjmT4&uniq=1583402506589 HTTP/1.1" 200 5529 "http://mail.cup.com/imp/dynamic.php?page=mailbox" "Mozilla/5.0 (X11; Ubuntu; Linux x86_64; rv:73.0) Gecko/20100101 Firefox/73.0"
192.168.10.190 - - [05/Mar/2020:10:01:47 +0000] "GET /imp/js/ckeditor/imageupload.js?v=29c8308baa6508a21e1be9e3345d1287 HTTP/1.1" 200 1201 "http://mail.cup.com/imp/dynamic.php?page=compose&type=new&token=-P6Q4iaAUXfSIhIF9fOjmT4&uniq=1583402506589" "Mozilla/5.0 (X11; Ubuntu; Linux x86_64; rv:73.0) Gecko/20100101 Firefox/73.0"
192.168.10.190 - - [05/Mar/2020:10:01:47 +0000] "GET /imp/js/compose-base.js?v=29c8308baa6508a21e1be9e3345d1287 HTTP/1.1" 200 2168 "http://mail.cup.com/imp/dynamic.php?page=compose&type=new&token=-P6Q4iaAUXfSIhIF9fOjmT4&uniq=1583402506589" "Mozilla/5.0 (X11; Ubuntu; Linux x86_64; rv:73.0) Gecko/20100101 Firefox/73.0"
192.168.10.190 - - [05/Mar/2020:10:01:47 +0000] "GET /imp/js/ckeditor/imagepoll.js?v=29c8308baa6508a21e1be9e3345d1287 HTTP/1.1" 200 1128 "http://mail.cup.com/imp/dynamic.php?page=compose&type=new&token=-P6Q4iaAUXfSIhIF9fOjmT4&uniq=1583402506589" "Mozilla/5.0 (X11; Ubuntu; Linux x86_64; rv:73.0) Gecko/20100101 Firefox/73.0"
192.168.10.190 - - [05/Mar/2020:10:01:47 +0000] "GET /imp/js/editor.js?v=29c8308baa6508a21e1be9e3345d1287 HTTP/1.1" 200 1046 "http://mail.cup.com/imp/dynamic.php?page=compose&type=new&token=-P6Q4iaAUXfSIhIF9fOjmT4&uniq=1583402506589" "Mozilla/5.0 (X11; Ubuntu; Linux x86_64; rv:73.0) Gecko/20100101 Firefox/73.0"
192.168.10.190 - - [05/Mar/2020:10:01:47 +0000] "GET /imp/js/compose-dimp.js?v=29c8308baa6508a21e1be9e3345d1287 HTTP/1.1" 200 10617 "http://mail.cup.com/imp/dynamic.php?page=compose&type=new&token=-P6Q4iaAUXfSIhIF9fOjmT4&uniq=1583402506589" "Mozilla/5.0 (X11; Ubuntu; Linux x86_64; rv:73.0) Gecko/20100101 Firefox/73.0"
192.168.10.190 - - [05/Mar/2020:10:01:47 +0000] "GET /imp/js/draghandler.js?v=29c8308baa6508a21e1be9e3345d1287 HTTP/1.1" 200 1241 "http://mail.cup.com/imp/dynamic.php?page=compose&type=new&token=-P6Q4iaAUXfSIhIF9fOjmT4&uniq=1583402506589" "Mozilla/5.0 (X11; Ubuntu; Linux x86_64; rv:73.0) Gecko/20100101 Firefox/73.0"
192.168.10.190 - - [05/Mar/2020:10:01:47 +0000] "GET /imp/js/prettyautocomplete.js?v=29c8308baa6508a21e1be9e3345d1287 HTTP/1.1" 200 3123 "http://mail.cup.com/imp/dynamic.php?page=compose&type=new&token=-P6Q4iaAUXfSIhIF9fOjmT4&uniq=1583402506589" "Mozilla/5.0 (X11; Ubuntu; Linux x86_64; rv:73.0) Gecko/20100101 Firefox/73.0"
192.168.10.190 - - [05/Mar/2020:10:01:47 +0000] "GET /js/ckeditor/ckeditor_basic.js HTTP/1.1" 200 3293 "http://mail.cup.com/imp/dynamic.php?page=compose&type=new&token=-P6Q4iaAUXfSIhIF9fOjmT4&uniq=1583402506589" "Mozilla/5.0 (X11; Ubuntu; Linux x86_64; rv:73.0) Gecko/20100101 Firefox/73.0"
192.168.10.190 - - [05/Mar/2020:10:01:47 +0000] "GET /imp/themes/default/graphics/close.png HTTP/1.1" 200 757 "http://mail.cup.com/imp/themes/default/screen.css" "Mozilla/5.0 (X11; Ubuntu; Linux x86_64; rv:73.0) Gecko/20100101 Firefox/73.0"
192.168.10.190 - - [05/Mar/2020:10:01:47 +0000] "GET /imp/themes/default/graphics/forward.png HTTP/1.1" 200 520 "http://mail.cup.com/imp/themes/default/dynamic/screen.css" "Mozilla/5.0 (X11; Ubuntu; Linux x86_64; rv:73.0) Gecko/20100101 Firefox/73.0"
192.168.10.190 - - [05/Mar/2020:10:01:47 +0000] "GET /imp/themes/default/graphics/drafts.png HTTP/1.1" 200 748 "http://mail.cup.com/imp/themes/default/dynamic/screen.css" "Mozilla/5.0 (X11; Ubuntu; Linux x86_64; rv:73.0) Gecko/20100101 Firefox/73.0"
192.168.10.190 - - [05/Mar/2020:10:01:47 +0000] "GET /imp/themes/default/graphics/attachment.png HTTP/1.1" 200 813 "http://mail.cup.com/imp/themes/default/dynamic/screen.css" "Mozilla/5.0 (X11; Ubuntu; Linux x86_64; rv:73.0) Gecko/20100101 Firefox/73.0"
192.168.10.190 - - [05/Mar/2020:10:01:47 +0000] "GET /mnemo/memo.php?memo=F42hoQSMPcEv-e8K-llwixD&memolist=i22fq_SWRHE9Sqv8_OqUkun&actionID=modify_memo HTTP/1.1" 200 6113 "http://mail.cup.com/mnemo/" "Mozilla/5.0 (X11; Ubuntu; Linux x86_64; rv:73.0) Gecko/20100101 Firefox/73.0"
192.168.10.4 - - [05/Mar/2020:10:01:48 +0000] "GET /services/portal/ HTTP/1.1" 200 11474 "http://mail.cup.com/imp/dynamic.php?page=mailbox" "Mozilla/5.0 (X11; Linux x86_64) AppleWebKit/537.36 (KHTML, like Gecko) Ubuntu Chromium/77.0.3865.90 HeadlessChrome/77.0.3865.90 Safari/537.36"
192.168.10.190 - - [05/Mar/2020:10:01:51 +0000] "GET /mnemo/memo.php?memo=F42hoQSMPcEv-e8K-llwixD&memolist=i22fq_SWRHE9Sqv8_OqUkun&actionID=delete_memos HTTP/1.1" 302 413 "http://mail.cup.com/mnemo/memo.php?memo=F42hoQSMPcEv-e8K-llwixD&memolist=i22fq_SWRHE9Sqv8_OqUkun&actionID=modify_memo" "Mozilla/5.0 (X11; Ubuntu; Linux x86_64; rv:73.0) Gecko/20100101 Firefox/73.0"
192.168.10.190 - - [05/Mar/2020:10:01:51 +0000] "GET /mnemo/list.php HTTP/1.1" 200 7840 "http://mail.cup.com/mnemo/memo.php?memo=F42hoQSMPcEv-e8K-llwixD&memolist=i22fq_SWRHE9Sqv8_OqUkun&actionID=modify_memo" "Mozilla/5.0 (X11; Ubuntu; Linux x86_64; rv:73.0) Gecko/20100101 Firefox/73.0"
192.168.10.4 - - [05/Mar/2020:10:01:52 +0000] "GET /turba/ HTTP/1.1" 200 4342 "http://mail.cup.com/services/portal/" "Mozilla/5.0 (X11; Linux x86_64) AppleWebKit/537.36 (KHTML, like Gecko) Ubuntu Chromium/77.0.3865.90 HeadlessChrome/77.0.3865.90 Safari/537.36"
192.168.10.190 - - [05/Mar/2020:10:01:53 +0000] "GET /imp/themes/default/graphics/delete-small.png HTTP/1.1" 200 392 "http://mail.cup.com/imp/dynamic.php?page=compose&type=new&token=-P6Q4iaAUXfSIhIF9fOjmT4&uniq=1583402506589" "Mozilla/5.0 (X11; Ubuntu; Linux x86_64; rv:73.0) Gecko/20100101 Firefox/73.0"
192.168.10.4 - - [05/Mar/2020:10:01:55 +0000] "GET /turba/browse.php HTTP/1.1" 200 5531 "http://mail.cup.com/turba/" "Mozilla/5.0 (X11; Linux x86_64) AppleWebKit/537.36 (KHTML, like Gecko) Ubuntu Chromium/77.0.3865.90 HeadlessChrome/77.0.3865.90 Safari/537.36"
192.168.10.4 - - [05/Mar/2020:10:02:01 +0000] "GET /turba/contact.php?source=nnOSrkWodjzQ70mWgoNcyGd&key=iDdyOThAk-RzFv0oSrcrxci HTTP/1.1" 200 21051 "http://mail.cup.com/turba/browse.php" "Mozilla/5.0 (X11; Linux x86_64) AppleWebKit/537.36 (KHTML, like Gecko) Ubuntu Chromium/77.0.3865.90 HeadlessChrome/77.0.3865.90 Safari/537.36"
192.168.10.190 - - [05/Mar/2020:10:02:04 +0000] "GET /themes/default/graphics/loading.gif HTTP/1.1" 200 2007 "http://mail.cup.com/themes/default/screen.css" "Mozilla/5.0 (X11; Ubuntu; Linux x86_64; rv:73.0) Gecko/20100101 Firefox/73.0"
192.168.10.190 - - [05/Mar/2020:10:02:04 +0000] "POST /services/ajax.php/imp/sendMessage HTTP/1.1" 200 477 "http://mail.cup.com/imp/dynamic.php?page=compose&type=new&token=-P6Q4iaAUXfSIhIF9fOjmT4&uniq=1583402506589" "Mozilla/5.0 (X11; Ubuntu; Linux x86_64; rv:73.0) Gecko/20100101 Firefox/73.0"
192.168.10.4 - - [05/Mar/2020:10:02:10 +0000] "POST /turba/delete.php HTTP/1.1" 302 416 "http://mail.cup.com/turba/contact.php?source=nnOSrkWodjzQ70mWgoNcyGd&key=iDdyOThAk-RzFv0oSrcrxci" "Mozilla/5.0 (X11; Linux x86_64) AppleWebKit/537.36 (KHTML, like Gecko) Ubuntu Chromium/77.0.3865.90 HeadlessChrome/77.0.3865.90 Safari/537.36"
192.168.10.4 - - [05/Mar/2020:10:02:10 +0000] "GET /turba/search.php HTTP/1.1" 200 4429 "http://mail.cup.com/turba/contact.php?source=nnOSrkWodjzQ70mWgoNcyGd&key=iDdyOThAk-RzFv0oSrcrxci" "Mozilla/5.0 (X11; Linux x86_64) AppleWebKit/537.36 (KHTML, like Gecko) Ubuntu Chromium/77.0.3865.90 HeadlessChrome/77.0.3865.90 Safari/537.36"
192.168.10.238 - - [05/Mar/2020:10:02:15 +0000] "GET /services/portal/ HTTP/1.1" 200 11564 "http://mail.cup.com/mnemo/list.php" "Mozilla/5.0 (X11; Linux x86_64) AppleWebKit/537.36 (KHTML, like Gecko) Ubuntu Chromium/77.0.3865.90 HeadlessChrome/77.0.3865.90 Safari/537.36"
192.168.10.238 - - [05/Mar/2020:10:02:18 +0000] "GET /imp/dynamic.php?page=mailbox HTTP/1.1" 200 8746 "http://mail.cup.com/services/portal/" "Mozilla/5.0 (X11; Linux x86_64) AppleWebKit/537.36 (KHTML, like Gecko) Ubuntu Chromium/77.0.3865.90 HeadlessChrome/77.0.3865.90 Safari/537.36"
192.168.10.238 - - [05/Mar/2020:10:02:18 +0000] "POST /services/ajax.php/imp/dynamicInit HTTP/1.1" 200 2421 "http://mail.cup.com/imp/dynamic.php?page=mailbox" "Mozilla/5.0 (X11; Linux x86_64) AppleWebKit/537.36 (KHTML, like Gecko) Ubuntu Chromium/77.0.3865.90 HeadlessChrome/77.0.3865.90 Safari/537.36"
192.168.10.190 - - [05/Mar/2020:10:02:24 +0000] "GET /services/portal/ HTTP/1.1" 200 11336 "http://mail.cup.com/mnemo/list.php" "Mozilla/5.0 (X11; Ubuntu; Linux x86_64; rv:73.0) Gecko/20100101 Firefox/73.0"
192.168.10.238 - - [05/Mar/2020:10:02:26 +0000] "POST /services/ajax.php/imp/viewPort HTTP/1.1" 200 1788 "http://mail.cup.com/imp/dynamic.php?page=mailbox" "Mozilla/5.0 (X11; Linux x86_64) AppleWebKit/537.36 (KHTML, like Gecko) Ubuntu Chromium/77.0.3865.90 HeadlessChrome/77.0.3865.90 Safari/537.36"
192.168.10.190 - - [05/Mar/2020:10:02:27 +0000] "GET /imp/dynamic.php?page=mailbox HTTP/1.1" 200 8753 "http://mail.cup.com/services/portal/" "Mozilla/5.0 (X11; Ubuntu; Linux x86_64; rv:73.0) Gecko/20100101 Firefox/73.0"
192.168.10.190 - - [05/Mar/2020:10:02:27 +0000] "POST /services/ajax.php/imp/dynamicInit HTTP/1.1" 200 1939 "http://mail.cup.com/imp/dynamic.php?page=mailbox" "Mozilla/5.0 (X11; Ubuntu; Linux x86_64; rv:73.0) Gecko/20100101 Firefox/73.0"
192.168.10.238 - - [05/Mar/2020:10:02:29 +0000] "POST /services/ajax.php/imp/showMessage HTTP/1.1" 200 2231 "http://mail.cup.com/imp/dynamic.php?page=mailbox" "Mozilla/5.0 (X11; Linux x86_64) AppleWebKit/537.36 (KHTML, like Gecko) Ubuntu Chromium/77.0.3865.90 HeadlessChrome/77.0.3865.90 Safari/537.36"
192.168.10.238 - - [05/Mar/2020:10:02:32 +0000] "POST /services/ajax.php/imp/deleteMessages HTTP/1.1" 200 558 "http://mail.cup.com/imp/dynamic.php?page=mailbox" "Mozilla/5.0 (X11; Linux x86_64) AppleWebKit/537.36 (KHTML, like Gecko) Ubuntu Chromium/77.0.3865.90 HeadlessChrome/77.0.3865.90 Safari/537.36"
192.168.10.190 - - [05/Mar/2020:10:02:34 +0000] "POST /services/ajax.php/imp/viewPort HTTP/1.1" 200 1294 "http://mail.cup.com/imp/dynamic.php?page=mailbox" "Mozilla/5.0 (X11; Ubuntu; Linux x86_64; rv:73.0) Gecko/20100101 Firefox/73.0"
192.168.10.190 - - [05/Mar/2020:10:02:40 +0000] "POST /services/ajax.php/imp/showMessage HTTP/1.1" 200 2406 "http://mail.cup.com/imp/dynamic.php?page=mailbox" "Mozilla/5.0 (X11; Ubuntu; Linux x86_64; rv:73.0) Gecko/20100101 Firefox/73.0"
192.168.10.190 - - [05/Mar/2020:10:02:42 +0000] "GET /services/portal/ HTTP/1.1" 200 9588 "http://mail.cup.com/imp/dynamic.php?page=mailbox" "Mozilla/5.0 (X11; Ubuntu; Linux x86_64; rv:73.0) Gecko/20100101 Firefox/73.0"
192.168.10.4 - - [05/Mar/2020:10:02:45 +0000] "GET /services/portal/ HTTP/1.1" 200 11485 "http://mail.cup.com/turba/search.php" "Mozilla/5.0 (X11; Linux x86_64) AppleWebKit/537.36 (KHTML, like Gecko) Ubuntu Chromium/77.0.3865.90 HeadlessChrome/77.0.3865.90 Safari/537.36"
192.168.10.190 - - [05/Mar/2020:10:02:47 +0000] "GET /imp/dynamic.php?page=message&buid=127&mailbox=SU5CT1g&token=cgwOYjCVGkwRrcVeXfM74Ed&uniq=1583402567150 HTTP/1.1" 200 7309 "http://mail.cup.com/imp/dynamic.php?page=mailbox" "Mozilla/5.0 (X11; Ubuntu; Linux x86_64; rv:73.0) Gecko/20100101 Firefox/73.0"
192.168.10.190 - - [05/Mar/2020:10:02:48 +0000] "GET /turba/ HTTP/1.1" 200 4348 "http://mail.cup.com/services/portal/" "Mozilla/5.0 (X11; Ubuntu; Linux x86_64; rv:73.0) Gecko/20100101 Firefox/73.0"
192.168.10.190 - - [05/Mar/2020:10:02:48 +0000] "GET /turba/themes/default/screen.css HTTP/1.1" 200 1297 "http://mail.cup.com/turba/" "Mozilla/5.0 (X11; Ubuntu; Linux x86_64; rv:73.0) Gecko/20100101 Firefox/73.0"
192.168.10.190 - - [05/Mar/2020:10:02:48 +0000] "GET /turba/js/search.js?v=bdffa700049748b9e0ede1748b17c142 HTTP/1.1" 200 1015 "http://mail.cup.com/turba/" "Mozilla/5.0 (X11; Ubuntu; Linux x86_64; rv:73.0) Gecko/20100101 Firefox/73.0"
192.168.10.190 - - [05/Mar/2020:10:02:48 +0000] "GET /js/quickfinder.js?v=dc442439853f80a9467ce727c08e9b0e HTTP/1.1" 200 1494 "http://mail.cup.com/turba/" "Mozilla/5.0 (X11; Ubuntu; Linux x86_64; rv:73.0) Gecko/20100101 Firefox/73.0"
192.168.10.190 - - [05/Mar/2020:10:02:48 +0000] "GET /turba/themes/default/graphics/menu/browse.png HTTP/1.1" 200 736 "http://mail.cup.com/turba/themes/default/screen.css" "Mozilla/5.0 (X11; Ubuntu; Linux x86_64; rv:73.0) Gecko/20100101 Firefox/73.0"
192.168.10.190 - - [05/Mar/2020:10:02:48 +0000] "GET /turba/themes/default/graphics/search.png HTTP/1.1" 200 663 "http://mail.cup.com/turba/themes/default/screen.css" "Mozilla/5.0 (X11; Ubuntu; Linux x86_64; rv:73.0) Gecko/20100101 Firefox/73.0"
192.168.10.190 - - [05/Mar/2020:10:02:48 +0000] "GET /themes/default/graphics/data.png HTTP/1.1" 200 654 "http://mail.cup.com/themes/default/screen.css" "Mozilla/5.0 (X11; Ubuntu; Linux x86_64; rv:73.0) Gecko/20100101 Firefox/73.0"
192.168.10.190 - - [05/Mar/2020:10:02:48 +0000] "GET /themes/default/graphics/radiobox_on.png HTTP/1.1" 200 856 "http://mail.cup.com/themes/default/screen.css" "Mozilla/5.0 (X11; Ubuntu; Linux x86_64; rv:73.0) Gecko/20100101 Firefox/73.0"
192.168.10.190 - - [05/Mar/2020:10:02:48 +0000] "GET /turba/themes/default/graphics/favicon.ico HTTP/1.1" 200 2026 "-" "Mozilla/5.0 (X11; Ubuntu; Linux x86_64; rv:73.0) Gecko/20100101 Firefox/73.0"
192.168.10.190 - - [05/Mar/2020:10:02:50 +0000] "POST /services/ajax.php/imp/getReplyData HTTP/1.1" 200 885 "http://mail.cup.com/imp/dynamic.php?page=message&buid=127&mailbox=SU5CT1g&token=cgwOYjCVGkwRrcVeXfM74Ed&uniq=1583402567150" "Mozilla/5.0 (X11; Ubuntu; Linux x86_64; rv:73.0) Gecko/20100101 Firefox/73.0"
192.168.10.190 - - [05/Mar/2020:10:02:52 +0000] "GET /turba/browse.php HTTP/1.1" 200 5130 "http://mail.cup.com/turba/" "Mozilla/5.0 (X11; Ubuntu; Linux x86_64; rv:73.0) Gecko/20100101 Firefox/73.0"
192.168.10.190 - - [05/Mar/2020:10:02:52 +0000] "GET /turba/js/browse.js?v=bdffa700049748b9e0ede1748b17c142 HTTP/1.1" 200 965 "http://mail.cup.com/turba/browse.php" "Mozilla/5.0 (X11; Ubuntu; Linux x86_64; rv:73.0) Gecko/20100101 Firefox/73.0"
192.168.10.190 - - [05/Mar/2020:10:02:52 +0000] "GET /turba/themes/default/graphics/edit.png HTTP/1.1" 200 560 "http://mail.cup.com/turba/themes/default/screen.css" "Mozilla/5.0 (X11; Ubuntu; Linux x86_64; rv:73.0) Gecko/20100101 Firefox/73.0"
192.168.10.190 - - [05/Mar/2020:10:02:52 +0000] "GET /turba/themes/default/graphics/mime/vcard.png HTTP/1.1" 200 598 "http://mail.cup.com/turba/themes/default/screen.css" "Mozilla/5.0 (X11; Ubuntu; Linux x86_64; rv:73.0) Gecko/20100101 Firefox/73.0"
192.168.10.190 - - [05/Mar/2020:10:02:52 +0000] "GET /turba/themes/default/graphics/delete.png HTTP/1.1" 200 580 "http://mail.cup.com/turba/themes/default/screen.css" "Mozilla/5.0 (X11; Ubuntu; Linux x86_64; rv:73.0) Gecko/20100101 Firefox/73.0"
192.168.10.190 - - [05/Mar/2020:10:02:52 +0000] "GET /turba/themes/default/graphics/group.png HTTP/1.1" 200 769 "http://mail.cup.com/turba/themes/default/screen.css" "Mozilla/5.0 (X11; Ubuntu; Linux x86_64; rv:73.0) Gecko/20100101 Firefox/73.0"
192.168.10.190 - - [05/Mar/2020:10:02:53 +0000] "POST /services/ajax.php/imp/sendMessage HTTP/1.1" 200 646 "http://mail.cup.com/imp/dynamic.php?page=message&buid=127&mailbox=SU5CT1g&token=cgwOYjCVGkwRrcVeXfM74Ed&uniq=1583402567150" "Mozilla/5.0 (X11; Ubuntu; Linux x86_64; rv:73.0) Gecko/20100101 Firefox/73.0"
192.168.10.190 - - [05/Mar/2020:10:02:55 +0000] "GET /turba/contact.php?source=FvtvTehCMYUaf2TLKiDbBvT&key=5xksxk89_yG7-0qVJGWBcAE HTTP/1.1" 200 21053 "http://mail.cup.com/turba/browse.php" "Mozilla/5.0 (X11; Ubuntu; Linux x86_64; rv:73.0) Gecko/20100101 Firefox/73.0"
192.168.10.190 - - [05/Mar/2020:10:02:55 +0000] "GET /turba/js/contact_tabs.js?v=bdffa700049748b9e0ede1748b17c142 HTTP/1.1" 200 777 "http://mail.cup.com/turba/contact.php?source=FvtvTehCMYUaf2TLKiDbBvT&key=5xksxk89_yG7-0qVJGWBcAE" "Mozilla/5.0 (X11; Ubuntu; Linux x86_64; rv:73.0) Gecko/20100101 Firefox/73.0"
192.168.10.190 - - [05/Mar/2020:10:02:55 +0000] "GET /js/image.js?v=dc442439853f80a9467ce727c08e9b0e HTTP/1.1" 200 1047 "http://mail.cup.com/turba/contact.php?source=FvtvTehCMYUaf2TLKiDbBvT&key=5xksxk89_yG7-0qVJGWBcAE" "Mozilla/5.0 (X11; Ubuntu; Linux x86_64; rv:73.0) Gecko/20100101 Firefox/73.0"
192.168.10.190 - - [05/Mar/2020:10:02:55 +0000] "GET /js/form_sections.js?v=dc442439853f80a9467ce727c08e9b0e HTTP/1.1" 200 947 "http://mail.cup.com/turba/contact.php?source=FvtvTehCMYUaf2TLKiDbBvT&key=5xksxk89_yG7-0qVJGWBcAE" "Mozilla/5.0 (X11; Ubuntu; Linux x86_64; rv:73.0) Gecko/20100101 Firefox/73.0"
192.168.10.190 - - [05/Mar/2020:10:02:55 +0000] "GET /turba/themes/default/graphics/turba.png HTTP/1.1" 200 626 "http://mail.cup.com/turba/themes/default/screen.css" "Mozilla/5.0 (X11; Ubuntu; Linux x86_64; rv:73.0) Gecko/20100101 Firefox/73.0"
192.168.10.190 - - [05/Mar/2020:10:03:05 +0000] "POST /turba/delete.php HTTP/1.1" 302 416 "http://mail.cup.com/turba/contact.php?source=FvtvTehCMYUaf2TLKiDbBvT&key=5xksxk89_yG7-0qVJGWBcAE" "Mozilla/5.0 (X11; Ubuntu; Linux x86_64; rv:73.0) Gecko/20100101 Firefox/73.0"
192.168.10.190 - - [05/Mar/2020:10:03:06 +0000] "GET /turba/search.php HTTP/1.1" 200 4429 "http://mail.cup.com/turba/contact.php?source=FvtvTehCMYUaf2TLKiDbBvT&key=5xksxk89_yG7-0qVJGWBcAE" "Mozilla/5.0 (X11; Ubuntu; Linux x86_64; rv:73.0) Gecko/20100101 Firefox/73.0"
192.168.10.238 - - [05/Mar/2020:10:03:07 +0000] "GET /services/portal/ HTTP/1.1" 200 11563 "http://mail.cup.com/imp/dynamic.php?page=mailbox" "Mozilla/5.0 (X11; Linux x86_64) AppleWebKit/537.36 (KHTML, like Gecko) Ubuntu Chromium/77.0.3865.90 HeadlessChrome/77.0.3865.90 Safari/537.36"
192.168.10.238 - - [05/Mar/2020:10:03:11 +0000] "GET /imp/dynamic.php?page=mailbox HTTP/1.1" 200 8749 "http://mail.cup.com/services/portal/" "Mozilla/5.0 (X11; Linux x86_64) AppleWebKit/537.36 (KHTML, like Gecko) Ubuntu Chromium/77.0.3865.90 HeadlessChrome/77.0.3865.90 Safari/537.36"
192.168.10.238 - - [05/Mar/2020:10:03:11 +0000] "POST /services/ajax.php/imp/dynamicInit HTTP/1.1" 200 2406 "http://mail.cup.com/imp/dynamic.php?page=mailbox" "Mozilla/5.0 (X11; Linux x86_64) AppleWebKit/537.36 (KHTML, like Gecko) Ubuntu Chromium/77.0.3865.90 HeadlessChrome/77.0.3865.90 Safari/537.36"
192.168.10.238 - - [05/Mar/2020:10:03:20 +0000] "POST /services/ajax.php/imp/viewPort HTTP/1.1" 200 1750 "http://mail.cup.com/imp/dynamic.php?page=mailbox" "Mozilla/5.0 (X11; Linux x86_64) AppleWebKit/537.36 (KHTML, like Gecko) Ubuntu Chromium/77.0.3865.90 HeadlessChrome/77.0.3865.90 Safari/537.36"
192.168.10.4 - - [05/Mar/2020:10:03:20 +0000] "GET /services/portal/ HTTP/1.1" 200 11481 "http://mail.cup.com/services/portal/" "Mozilla/5.0 (X11; Linux x86_64) AppleWebKit/537.36 (KHTML, like Gecko) Ubuntu Chromium/77.0.3865.90 HeadlessChrome/77.0.3865.90 Safari/537.36"
192.168.10.238 - - [05/Mar/2020:10:03:28 +0000] "POST /services/ajax.php/imp/showMessage HTTP/1.1" 200 2680 "http://mail.cup.com/imp/dynamic.php?page=mailbox" "Mozilla/5.0 (X11; Linux x86_64) AppleWebKit/537.36 (KHTML, like Gecko) Ubuntu Chromium/77.0.3865.90 HeadlessChrome/77.0.3865.90 Safari/537.36"
192.168.10.4 - - [05/Mar/2020:10:03:25 +0000] "GET /nag/ HTTP/1.1" 200 9362 "http://mail.cup.com/services/portal/" "Mozilla/5.0 (X11; Linux x86_64) AppleWebKit/537.36 (KHTML, like Gecko) Ubuntu Chromium/77.0.3865.90 HeadlessChrome/77.0.3865.90 Safari/537.36"
192.168.10.190 - - [05/Mar/2020:10:03:33 +0000] "GET /services/portal/ HTTP/1.1" 200 11331 "http://mail.cup.com/imp/dynamic.php?page=mailbox" "Mozilla/5.0 (X11; Ubuntu; Linux x86_64; rv:73.0) Gecko/20100101 Firefox/73.0"
192.168.10.238 - - [05/Mar/2020:10:03:36 +0000] "GET /imp/dynamic.php?page=message&buid=230&mailbox=SU5CT1g&token=Y5Vo7cqZb4MgoMZ12hdpT90&uniq=1583402616093 HTTP/1.1" 200 7370 "http://mail.cup.com/imp/dynamic.php?page=mailbox" "Mozilla/5.0 (X11; Linux x86_64) AppleWebKit/537.36 (KHTML, like Gecko) Ubuntu Chromium/77.0.3865.90 HeadlessChrome/77.0.3865.90 Safari/537.36"
192.168.10.190 - - [05/Mar/2020:10:03:37 +0000] "GET /imp/dynamic.php?page=mailbox HTTP/1.1" 200 8750 "http://mail.cup.com/services/portal/" "Mozilla/5.0 (X11; Ubuntu; Linux x86_64; rv:73.0) Gecko/20100101 Firefox/73.0"
192.168.10.190 - - [05/Mar/2020:10:03:38 +0000] "POST /services/ajax.php/imp/dynamicInit HTTP/1.1" 200 1932 "http://mail.cup.com/imp/dynamic.php?page=mailbox" "Mozilla/5.0 (X11; Ubuntu; Linux x86_64; rv:73.0) Gecko/20100101 Firefox/73.0"
192.168.10.238 - - [05/Mar/2020:10:03:39 +0000] "POST /services/ajax.php/imp/getReplyData HTTP/1.1" 200 1014 "http://mail.cup.com/imp/dynamic.php?page=message&buid=230&mailbox=SU5CT1g&token=Y5Vo7cqZb4MgoMZ12hdpT90&uniq=1583402616093" "Mozilla/5.0 (X11; Linux x86_64) AppleWebKit/537.36 (KHTML, like Gecko) Ubuntu Chromium/77.0.3865.90 HeadlessChrome/77.0.3865.90 Safari/537.36"
192.168.10.190 - - [05/Mar/2020:10:03:40 +0000] "GET /services/portal/ HTTP/1.1" 200 9635 "http://mail.cup.com/turba/search.php" "Mozilla/5.0 (X11; Ubuntu; Linux x86_64; rv:73.0) Gecko/20100101 Firefox/73.0"
192.168.10.190 - - [05/Mar/2020:10:03:43 +0000] "POST /services/ajax.php/imp/viewPort HTTP/1.1" 200 1292 "http://mail.cup.com/imp/dynamic.php?page=mailbox" "Mozilla/5.0 (X11; Ubuntu; Linux x86_64; rv:73.0) Gecko/20100101 Firefox/73.0"
192.168.10.238 - - [05/Mar/2020:10:03:45 +0000] "POST /services/ajax.php/imp/addAttachment?jsonhtml=1&token=Y5Vo7cqZb4MgoMZ12hdpT90 HTTP/1.1" 200 1220 "http://mail.cup.com/imp/dynamic.php?page=message&buid=230&mailbox=SU5CT1g&token=Y5Vo7cqZb4MgoMZ12hdpT90&uniq=1583402616093" "Mozilla/5.0 (X11; Linux x86_64) AppleWebKit/537.36 (KHTML, like Gecko) Ubuntu Chromium/77.0.3865.90 HeadlessChrome/77.0.3865.90 Safari/537.36"
192.168.10.190 - - [05/Mar/2020:10:03:46 +0000] "POST /services/ajax.php/imp/showMessage HTTP/1.1" 200 3052 "http://mail.cup.com/imp/dynamic.php?page=mailbox" "Mozilla/5.0 (X11; Ubuntu; Linux x86_64; rv:73.0) Gecko/20100101 Firefox/73.0"
192.168.10.190 - - [05/Mar/2020:10:03:49 +0000] "POST /services/ajax.php/imp/deleteMessages HTTP/1.1" 200 557 "http://mail.cup.com/imp/dynamic.php?page=mailbox" "Mozilla/5.0 (X11; Ubuntu; Linux x86_64; rv:73.0) Gecko/20100101 Firefox/73.0"
192.168.10.238 - - [05/Mar/2020:10:03:49 +0000] "POST /services/ajax.php/imp/sendMessage HTTP/1.1" 200 613 "http://mail.cup.com/imp/dynamic.php?page=message&buid=230&mailbox=SU5CT1g&token=Y5Vo7cqZb4MgoMZ12hdpT90&uniq=1583402616093" "Mozilla/5.0 (X11; Linux x86_64) AppleWebKit/537.36 (KHTML, like Gecko) Ubuntu Chromium/77.0.3865.90 HeadlessChrome/77.0.3865.90 Safari/537.36"
192.168.10.190 - - [05/Mar/2020:10:03:45 +0000] "GET /kronolith/ HTTP/1.1" 200 24699 "http://mail.cup.com/services/portal/" "Mozilla/5.0 (X11; Ubuntu; Linux x86_64; rv:73.0) Gecko/20100101 Firefox/73.0"
192.168.10.190 - - [05/Mar/2020:10:03:50 +0000] "GET /themes/default/graphics/search-topbar.png HTTP/1.1" 200 631 "http://mail.cup.com/kronolith/" "Mozilla/5.0 (X11; Ubuntu; Linux x86_64; rv:73.0) Gecko/20100101 Firefox/73.0"
192.168.10.190 - - [05/Mar/2020:10:03:50 +0000] "GET /kronolith/themes/default/graphics/left.png HTTP/1.1" 200 560 "http://mail.cup.com/kronolith/themes/default/screen.css" "Mozilla/5.0 (X11; Ubuntu; Linux x86_64; rv:73.0) Gecko/20100101 Firefox/73.0"
192.168.10.190 - - [05/Mar/2020:10:03:50 +0000] "GET /kronolith/themes/default/graphics/right.png HTTP/1.1" 200 551 "http://mail.cup.com/kronolith/themes/default/screen.css" "Mozilla/5.0 (X11; Ubuntu; Linux x86_64; rv:73.0) Gecko/20100101 Firefox/73.0"
192.168.10.190 - - [05/Mar/2020:10:03:50 +0000] "GET /kronolith/themes/default/graphics/dayview.png HTTP/1.1" 200 617 "http://mail.cup.com/kronolith/themes/default/screen.css" "Mozilla/5.0 (X11; Ubuntu; Linux x86_64; rv:73.0) Gecko/20100101 Firefox/73.0"
192.168.10.190 - - [05/Mar/2020:10:03:50 +0000] "POST /services/ajax.php/kronolith/listCalendars HTTP/1.1" 200 971 "http://mail.cup.com/kronolith/" "Mozilla/5.0 (X11; Ubuntu; Linux x86_64; rv:73.0) Gecko/20100101 Firefox/73.0"
192.168.10.190 - - [05/Mar/2020:10:03:50 +0000] "POST /services/ajax.php/kronolith/listEvents HTTP/1.1" 200 1919 "http://mail.cup.com/kronolith/" "Mozilla/5.0 (X11; Ubuntu; Linux x86_64; rv:73.0) Gecko/20100101 Firefox/73.0"
192.168.10.190 - - [05/Mar/2020:10:03:50 +0000] "POST /services/ajax.php/kronolith/listEvents HTTP/1.1" 200 549 "http://mail.cup.com/kronolith/" "Mozilla/5.0 (X11; Ubuntu; Linux x86_64; rv:73.0) Gecko/20100101 Firefox/73.0"
192.168.10.190 - - [05/Mar/2020:10:03:59 +0000] "POST /services/ajax.php/kronolith/getEvent HTTP/1.1" 200 683 "http://mail.cup.com/kronolith/" "Mozilla/5.0 (X11; Ubuntu; Linux x86_64; rv:73.0) Gecko/20100101 Firefox/73.0"
192.168.10.190 - - [05/Mar/2020:10:03:59 +0000] "POST /services/ajax.php/kronolith/listTopTags HTTP/1.1" 200 453 "http://mail.cup.com/kronolith/" "Mozilla/5.0 (X11; Ubuntu; Linux x86_64; rv:73.0) Gecko/20100101 Firefox/73.0"
192.168.10.190 - - [05/Mar/2020:10:04:07 +0000] "POST /services/ajax.php/kronolith/deleteEvent HTTP/1.1" 200 536 "http://mail.cup.com/kronolith/" "Mozilla/5.0 (X11; Ubuntu; Linux x86_64; rv:73.0) Gecko/20100101 Firefox/73.0"
192.168.10.4 - - [05/Mar/2020:10:04:10 +0000] "GET /nag/task.php?tasklist=u3-SVDbFWKDJoedJdADggr5&task=ldDuZVk_bQBkAHpU4_0R_bc&actionID=modify_task&have_search&tab_name=1&url=%2Fnag%2F HTTP/1.1" 200 9372 "http://mail.cup.com/nag/" "Mozilla/5.0 (X11; Linux x86_64) AppleWebKit/537.36 (KHTML, like Gecko) Ubuntu Chromium/77.0.3865.90 HeadlessChrome/77.0.3865.90 Safari/537.36"
192.168.10.190 - - [05/Mar/2020:10:04:14 +0000] "GET /services/portal/ HTTP/1.1" 200 9619 "http://mail.cup.com/kronolith/" "Mozilla/5.0 (X11; Ubuntu; Linux x86_64; rv:73.0) Gecko/20100101 Firefox/73.0"
192.168.10.4 - - [05/Mar/2020:10:04:16 +0000] "POST /nag/task/save.php HTTP/1.1" 302 412 "http://mail.cup.com/nag/task.php?tasklist=u3-SVDbFWKDJoedJdADggr5&task=ldDuZVk_bQBkAHpU4_0R_bc&actionID=modify_task&have_search&tab_name=1&url=%2Fnag%2F" "Mozilla/5.0 (X11; Linux x86_64) AppleWebKit/537.36 (KHTML, like Gecko) Ubuntu Chromium/77.0.3865.90 HeadlessChrome/77.0.3865.90 Safari/537.36"
192.168.10.4 - - [05/Mar/2020:10:04:16 +0000] "GET /nag/list.php HTTP/1.1" 200 9352 "http://mail.cup.com/nag/task.php?tasklist=u3-SVDbFWKDJoedJdADggr5&task=ldDuZVk_bQBkAHpU4_0R_bc&actionID=modify_task&have_search&tab_name=1&url=%2Fnag%2F" "Mozilla/5.0 (X11; Linux x86_64) AppleWebKit/537.36 (KHTML, like Gecko) Ubuntu Chromium/77.0.3865.90 HeadlessChrome/77.0.3865.90 Safari/537.36"
192.168.10.190 - - [05/Mar/2020:10:04:19 +0000] "GET /nag/ HTTP/1.1" 200 8686 "http://mail.cup.com/services/portal/" "Mozilla/5.0 (X11; Ubuntu; Linux x86_64; rv:73.0) Gecko/20100101 Firefox/73.0"
192.168.10.190 - - [05/Mar/2020:10:04:20 +0000] "GET /nag/themes/default/screen.css HTTP/1.1" 200 1132 "http://mail.cup.com/nag/" "Mozilla/5.0 (X11; Ubuntu; Linux x86_64; rv:73.0) Gecko/20100101 Firefox/73.0"
192.168.10.190 - - [05/Mar/2020:10:04:20 +0000] "GET /js/tables.js?v=dc442439853f80a9467ce727c08e9b0e HTTP/1.1" 200 2454 "http://mail.cup.com/nag/" "Mozilla/5.0 (X11; Ubuntu; Linux x86_64; rv:73.0) Gecko/20100101 Firefox/73.0"
192.168.10.190 - - [05/Mar/2020:10:04:20 +0000] "GET /nag/themes/default/graphics/nag.png HTTP/1.1" 200 734 "http://mail.cup.com/nag/themes/default/screen.css" "Mozilla/5.0 (X11; Ubuntu; Linux x86_64; rv:73.0) Gecko/20100101 Firefox/73.0"
192.168.10.190 - - [05/Mar/2020:10:04:20 +0000] "GET /nag/themes/default/graphics/search.png HTTP/1.1" 200 729 "http://mail.cup.com/nag/themes/default/screen.css" "Mozilla/5.0 (X11; Ubuntu; Linux x86_64; rv:73.0) Gecko/20100101 Firefox/73.0"
192.168.10.190 - - [05/Mar/2020:10:04:20 +0000] "GET /nag/themes/default/graphics/add.png HTTP/1.1" 200 780 "http://mail.cup.com/nag/themes/default/screen.css" "Mozilla/5.0 (X11; Ubuntu; Linux x86_64; rv:73.0) Gecko/20100101 Firefox/73.0"
192.168.10.190 - - [05/Mar/2020:10:04:20 +0000] "GET /nag/themes/default/graphics/favicon.ico HTTP/1.1" 200 2026 "-" "Mozilla/5.0 (X11; Ubuntu; Linux x86_64; rv:73.0) Gecko/20100101 Firefox/73.0"
192.168.10.190 - - [05/Mar/2020:10:04:22 +0000] "GET /services/portal/ HTTP/1.1" 200 11331 "http://mail.cup.com/imp/dynamic.php?page=mailbox" "Mozilla/5.0 (X11; Ubuntu; Linux x86_64; rv:73.0) Gecko/20100101 Firefox/73.0"
192.168.10.190 - - [05/Mar/2020:10:04:26 +0000] "GET /mnemo/ HTTP/1.1" 200 7728 "http://mail.cup.com/services/portal/" "Mozilla/5.0 (X11; Ubuntu; Linux x86_64; rv:73.0) Gecko/20100101 Firefox/73.0"
192.168.10.238 - - [05/Mar/2020:10:04:30 +0000] "GET /services/portal/ HTTP/1.1" 200 11573 "http://mail.cup.com/imp/dynamic.php?page=mailbox" "Mozilla/5.0 (X11; Linux x86_64) AppleWebKit/537.36 (KHTML, like Gecko) Ubuntu Chromium/77.0.3865.90 HeadlessChrome/77.0.3865.90 Safari/537.36"
192.168.10.238 - - [05/Mar/2020:10:04:35 +0000] "GET /imp/dynamic.php?page=mailbox HTTP/1.1" 200 8747 "http://mail.cup.com/services/portal/" "Mozilla/5.0 (X11; Linux x86_64) AppleWebKit/537.36 (KHTML, like Gecko) Ubuntu Chromium/77.0.3865.90 HeadlessChrome/77.0.3865.90 Safari/537.36"
192.168.10.238 - - [05/Mar/2020:10:04:36 +0000] "POST /services/ajax.php/imp/dynamicInit HTTP/1.1" 200 2393 "http://mail.cup.com/imp/dynamic.php?page=mailbox" "Mozilla/5.0 (X11; Linux x86_64) AppleWebKit/537.36 (KHTML, like Gecko) Ubuntu Chromium/77.0.3865.90 HeadlessChrome/77.0.3865.90 Safari/537.36"
192.168.10.238 - - [05/Mar/2020:10:04:43 +0000] "POST /services/ajax.php/imp/viewPort HTTP/1.1" 200 1763 "http://mail.cup.com/imp/dynamic.php?page=mailbox" "Mozilla/5.0 (X11; Linux x86_64) AppleWebKit/537.36 (KHTML, like Gecko) Ubuntu Chromium/77.0.3865.90 HeadlessChrome/77.0.3865.90 Safari/537.36"
192.168.10.238 - - [05/Mar/2020:10:04:50 +0000] "POST /services/ajax.php/imp/showMessage HTTP/1.1" 200 2725 "http://mail.cup.com/imp/dynamic.php?page=mailbox" "Mozilla/5.0 (X11; Linux x86_64) AppleWebKit/537.36 (KHTML, like Gecko) Ubuntu Chromium/77.0.3865.90 HeadlessChrome/77.0.3865.90 Safari/537.36"
192.168.10.4 - - [05/Mar/2020:10:04:52 +0000] "GET /services/portal/ HTTP/1.1" 200 11422 "http://mail.cup.com/nag/list.php" "Mozilla/5.0 (X11; Linux x86_64) AppleWebKit/537.36 (KHTML, like Gecko) Ubuntu Chromium/77.0.3865.90 HeadlessChrome/77.0.3865.90 Safari/537.36"
192.168.10.190 - - [05/Mar/2020:10:04:57 +0000] "GET /nag/task.php?actionID=add_task HTTP/1.1" 200 9077 "http://mail.cup.com/nag/" "Mozilla/5.0 (X11; Ubuntu; Linux x86_64; rv:73.0) Gecko/20100101 Firefox/73.0"
192.168.10.190 - - [05/Mar/2020:10:04:57 +0000] "GET /nag/js/task.js?v=839a6380454bbd865d6aa6063c84bc2b HTTP/1.1" 200 1023 "http://mail.cup.com/nag/task.php?actionID=add_task" "Mozilla/5.0 (X11; Ubuntu; Linux x86_64; rv:73.0) Gecko/20100101 Firefox/73.0"
192.168.10.190 - - [05/Mar/2020:10:04:57 +0000] "GET /nag/js/calendar.js?v=839a6380454bbd865d6aa6063c84bc2b HTTP/1.1" 200 1306 "http://mail.cup.com/nag/task.php?actionID=add_task" "Mozilla/5.0 (X11; Ubuntu; Linux x86_64; rv:73.0) Gecko/20100101 Firefox/73.0"
192.168.10.190 - - [05/Mar/2020:10:04:57 +0000] "GET /js/form_sections.js?v=dc442439853f80a9467ce727c08e9b0e HTTP/1.1" 200 947 "http://mail.cup.com/nag/task.php?actionID=add_task" "Mozilla/5.0 (X11; Ubuntu; Linux x86_64; rv:73.0) Gecko/20100101 Firefox/73.0"
192.168.10.190 - - [05/Mar/2020:10:04:57 +0000] "GET /themes/default/graphics/button-default.png HTTP/1.1" 200 353 "http://mail.cup.com/themes/default/screen.css" "Mozilla/5.0 (X11; Ubuntu; Linux x86_64; rv:73.0) Gecko/20100101 Firefox/73.0"
192.168.10.4 - - [05/Mar/2020:10:04:58 +0000] "GET /nag/ HTTP/1.1" 200 9239 "http://mail.cup.com/services/portal/" "Mozilla/5.0 (X11; Linux x86_64) AppleWebKit/537.36 (KHTML, like Gecko) Ubuntu Chromium/77.0.3865.90 HeadlessChrome/77.0.3865.90 Safari/537.36"
192.168.10.238 - - [05/Mar/2020:10:04:58 +0000] "GET /imp/dynamic.php?page=message&buid=144&mailbox=SU5CT1g&token=Y5Vo7cqZb4MgoMZ12hdpT90&uniq=1583402698954 HTTP/1.1" 200 7208 "http://mail.cup.com/imp/dynamic.php?page=mailbox" "Mozilla/5.0 (X11; Linux x86_64) AppleWebKit/537.36 (KHTML, like Gecko) Ubuntu Chromium/77.0.3865.90 HeadlessChrome/77.0.3865.90 Safari/537.36"
192.168.10.190 - - [05/Mar/2020:10:05:02 +0000] "GET /mnemo/memo.php?actionID=add_memo HTTP/1.1" 200 5981 "http://mail.cup.com/mnemo/" "Mozilla/5.0 (X11; Ubuntu; Linux x86_64; rv:73.0) Gecko/20100101 Firefox/73.0"
192.168.10.238 - - [05/Mar/2020:10:05:03 +0000] "POST /services/ajax.php/imp/getReplyData HTTP/1.1" 200 860 "http://mail.cup.com/imp/dynamic.php?page=message&buid=144&mailbox=SU5CT1g&token=Y5Vo7cqZb4MgoMZ12hdpT90&uniq=1583402698954" "Mozilla/5.0 (X11; Linux x86_64) AppleWebKit/537.36 (KHTML, like Gecko) Ubuntu Chromium/77.0.3865.90 HeadlessChrome/77.0.3865.90 Safari/537.36"
192.168.10.190 - - [05/Mar/2020:10:05:08 +0000] "POST /services/ajax.php/horde/imple?token=cgwOYjCVGkwRrcVeXfM74Ed&app=mnemo&imple=Mnemo_Ajax_Imple_TagAutoCompleter&input=memo_tags HTTP/1.1" 200 371 "http://mail.cup.com/mnemo/memo.php?actionID=add_memo" "Mozilla/5.0 (X11; Ubuntu; Linux x86_64; rv:73.0) Gecko/20100101 Firefox/73.0"
192.168.10.190 - - [05/Mar/2020:10:05:09 +0000] "POST /services/ajax.php/horde/imple?token=-P6Q4iaAUXfSIhIF9fOjmT4&app=nag&imple=Nag_Ajax_Imple_TagAutoCompleter&input=tags HTTP/1.1" 200 371 "http://mail.cup.com/nag/task.php?actionID=add_task" "Mozilla/5.0 (X11; Ubuntu; Linux x86_64; rv:73.0) Gecko/20100101 Firefox/73.0"
192.168.10.238 - - [05/Mar/2020:10:05:08 +0000] "POST /services/ajax.php/imp/sendMessage HTTP/1.1" 200 623 "http://mail.cup.com/imp/dynamic.php?page=message&buid=144&mailbox=SU5CT1g&token=Y5Vo7cqZb4MgoMZ12hdpT90&uniq=1583402698954" "Mozilla/5.0 (X11; Linux x86_64) AppleWebKit/537.36 (KHTML, like Gecko) Ubuntu Chromium/77.0.3865.90 HeadlessChrome/77.0.3865.90 Safari/537.36"
192.168.10.190 - - [05/Mar/2020:10:05:10 +0000] "POST /mnemo/memo.php HTTP/1.1" 302 413 "http://mail.cup.com/mnemo/memo.php?actionID=add_memo" "Mozilla/5.0 (X11; Ubuntu; Linux x86_64; rv:73.0) Gecko/20100101 Firefox/73.0"
192.168.10.190 - - [05/Mar/2020:10:05:10 +0000] "GET /mnemo/list.php HTTP/1.1" 200 7943 "http://mail.cup.com/mnemo/memo.php?actionID=add_memo" "Mozilla/5.0 (X11; Ubuntu; Linux x86_64; rv:73.0) Gecko/20100101 Firefox/73.0"
::1 - - [05/Mar/2020:10:05:35 +0000] "OPTIONS * HTTP/1.0" 200 110 "-" "Apache/2.4.25 (Debian) OpenSSL/1.0.2u (internal dummy connection)"
192.168.10.4 - - [05/Mar/2020:10:05:36 +0000] "GET /nag/task.php?actionID=add_task HTTP/1.1" 200 9211 "http://mail.cup.com/nag/" "Mozilla/5.0 (X11; Linux x86_64) AppleWebKit/537.36 (KHTML, like Gecko) Ubuntu Chromium/77.0.3865.90 HeadlessChrome/77.0.3865.90 Safari/537.36"
192.168.10.190 - - [05/Mar/2020:10:05:42 +0000] "POST /nag/task/save.php HTTP/1.1" 302 412 "http://mail.cup.com/nag/task.php?actionID=add_task" "Mozilla/5.0 (X11; Ubuntu; Linux x86_64; rv:73.0) Gecko/20100101 Firefox/73.0"
192.168.10.190 - - [05/Mar/2020:10:05:42 +0000] "GET /nag/list.php HTTP/1.1" 200 8891 "http://mail.cup.com/nag/task.php?actionID=add_task" "Mozilla/5.0 (X11; Ubuntu; Linux x86_64; rv:73.0) Gecko/20100101 Firefox/73.0"
192.168.10.190 - - [05/Mar/2020:10:05:43 +0000] "GET /services/portal/ HTTP/1.1" 200 12155 "http://mail.cup.com/mnemo/list.php" "Mozilla/5.0 (X11; Ubuntu; Linux x86_64; rv:73.0) Gecko/20100101 Firefox/73.0"
192.168.10.190 - - [05/Mar/2020:10:05:46 +0000] "GET /imp/dynamic.php?page=mailbox HTTP/1.1" 200 8751 "http://mail.cup.com/services/portal/" "Mozilla/5.0 (X11; Ubuntu; Linux x86_64; rv:73.0) Gecko/20100101 Firefox/73.0"
192.168.10.190 - - [05/Mar/2020:10:05:46 +0000] "POST /services/ajax.php/imp/dynamicInit HTTP/1.1" 200 1917 "http://mail.cup.com/imp/dynamic.php?page=mailbox" "Mozilla/5.0 (X11; Ubuntu; Linux x86_64; rv:73.0) Gecko/20100101 Firefox/73.0"
192.168.10.4 - - [05/Mar/2020:10:05:47 +0000] "POST /services/ajax.php/horde/imple?token=hNWz108Z-peFj54MRSAk2eD&app=nag&imple=Nag_Ajax_Imple_TagAutoCompleter&input=tags HTTP/1.1" 200 377 "http://mail.cup.com/nag/task.php?actionID=add_task" "Mozilla/5.0 (X11; Linux x86_64) AppleWebKit/537.36 (KHTML, like Gecko) Ubuntu Chromium/77.0.3865.90 HeadlessChrome/77.0.3865.90 Safari/537.36"
192.168.10.238 - - [05/Mar/2020:10:05:52 +0000] "GET /services/portal/ HTTP/1.1" 200 11563 "http://mail.cup.com/imp/dynamic.php?page=mailbox" "Mozilla/5.0 (X11; Linux x86_64) AppleWebKit/537.36 (KHTML, like Gecko) Ubuntu Chromium/77.0.3865.90 HeadlessChrome/77.0.3865.90 Safari/537.36"
192.168.10.190 - - [05/Mar/2020:10:05:53 +0000] "POST /services/ajax.php/imp/viewPort HTTP/1.1" 200 1270 "http://mail.cup.com/imp/dynamic.php?page=mailbox" "Mozilla/5.0 (X11; Ubuntu; Linux x86_64; rv:73.0) Gecko/20100101 Firefox/73.0"
192.168.10.190 - - [05/Mar/2020:10:05:56 +0000] "POST /services/ajax.php/imp/showMessage HTTP/1.1" 200 3128 "http://mail.cup.com/imp/dynamic.php?page=mailbox" "Mozilla/5.0 (X11; Ubuntu; Linux x86_64; rv:73.0) Gecko/20100101 Firefox/73.0"
192.168.10.238 - - [05/Mar/2020:10:05:56 +0000] "GET /kronolith/ HTTP/1.1" 200 24707 "http://mail.cup.com/services/portal/" "Mozilla/5.0 (X11; Linux x86_64) AppleWebKit/537.36 (KHTML, like Gecko) Ubuntu Chromium/77.0.3865.90 HeadlessChrome/77.0.3865.90 Safari/537.36"
192.168.10.238 - - [05/Mar/2020:10:05:57 +0000] "POST /services/ajax.php/kronolith/listCalendars HTTP/1.1" 200 971 "http://mail.cup.com/kronolith/" "Mozilla/5.0 (X11; Linux x86_64) AppleWebKit/537.36 (KHTML, like Gecko) Ubuntu Chromium/77.0.3865.90 HeadlessChrome/77.0.3865.90 Safari/537.36"
192.168.10.238 - - [05/Mar/2020:10:05:57 +0000] "POST /services/ajax.php/kronolith/listEvents HTTP/1.1" 200 1665 "http://mail.cup.com/kronolith/" "Mozilla/5.0 (X11; Linux x86_64) AppleWebKit/537.36 (KHTML, like Gecko) Ubuntu Chromium/77.0.3865.90 HeadlessChrome/77.0.3865.90 Safari/537.36"
192.168.10.238 - - [05/Mar/2020:10:05:57 +0000] "POST /services/ajax.php/kronolith/listEvents HTTP/1.1" 200 549 "http://mail.cup.com/kronolith/" "Mozilla/5.0 (X11; Linux x86_64) AppleWebKit/537.36 (KHTML, like Gecko) Ubuntu Chromium/77.0.3865.90 HeadlessChrome/77.0.3865.90 Safari/537.36"
192.168.10.190 - - [05/Mar/2020:10:05:59 +0000] "POST /services/ajax.php/imp/deleteMessages HTTP/1.1" 200 559 "http://mail.cup.com/imp/dynamic.php?page=mailbox" "Mozilla/5.0 (X11; Ubuntu; Linux x86_64; rv:73.0) Gecko/20100101 Firefox/73.0"
192.168.10.190 - - [05/Mar/2020:10:06:18 +0000] "GET /services/portal/ HTTP/1.1" 200 9684 "http://mail.cup.com/nag/list.php" "Mozilla/5.0 (X11; Ubuntu; Linux x86_64; rv:73.0) Gecko/20100101 Firefox/73.0"
192.168.10.4 - - [05/Mar/2020:10:06:18 +0000] "POST /nag/task/save.php HTTP/1.1" 302 412 "http://mail.cup.com/nag/task.php?actionID=add_task" "Mozilla/5.0 (X11; Linux x86_64) AppleWebKit/537.36 (KHTML, like Gecko) Ubuntu Chromium/77.0.3865.90 HeadlessChrome/77.0.3865.90 Safari/537.36"
192.168.10.4 - - [05/Mar/2020:10:06:19 +0000] "GET /nag/list.php HTTP/1.1" 200 9497 "http://mail.cup.com/nag/task.php?actionID=add_task" "Mozilla/5.0 (X11; Linux x86_64) AppleWebKit/537.36 (KHTML, like Gecko) Ubuntu Chromium/77.0.3865.90 HeadlessChrome/77.0.3865.90 Safari/537.36"
192.168.10.190 - - [05/Mar/2020:10:06:23 +0000] "GET /kronolith/ HTTP/1.1" 200 24702 "http://mail.cup.com/services/portal/" "Mozilla/5.0 (X11; Ubuntu; Linux x86_64; rv:73.0) Gecko/20100101 Firefox/73.0"
192.168.10.190 - - [05/Mar/2020:10:06:23 +0000] "GET /themes/default/graphics/search-topbar.png HTTP/1.1" 200 631 "http://mail.cup.com/kronolith/" "Mozilla/5.0 (X11; Ubuntu; Linux x86_64; rv:73.0) Gecko/20100101 Firefox/73.0"
192.168.10.190 - - [05/Mar/2020:10:06:23 +0000] "POST /services/ajax.php/kronolith/listCalendars HTTP/1.1" 200 971 "http://mail.cup.com/kronolith/" "Mozilla/5.0 (X11; Ubuntu; Linux x86_64; rv:73.0) Gecko/20100101 Firefox/73.0"
192.168.10.190 - - [05/Mar/2020:10:06:23 +0000] "POST /services/ajax.php/kronolith/listEvents HTTP/1.1" 200 549 "http://mail.cup.com/kronolith/" "Mozilla/5.0 (X11; Ubuntu; Linux x86_64; rv:73.0) Gecko/20100101 Firefox/73.0"
192.168.10.190 - - [05/Mar/2020:10:06:23 +0000] "POST /services/ajax.php/kronolith/listEvents HTTP/1.1" 200 1837 "http://mail.cup.com/kronolith/" "Mozilla/5.0 (X11; Ubuntu; Linux x86_64; rv:73.0) Gecko/20100101 Firefox/73.0"
192.168.10.190 - - [05/Mar/2020:10:06:31 +0000] "POST /services/ajax.php/kronolith/listTopTags HTTP/1.1" 200 455 "http://mail.cup.com/kronolith/" "Mozilla/5.0 (X11; Ubuntu; Linux x86_64; rv:73.0) Gecko/20100101 Firefox/73.0"
192.168.10.190 - - [05/Mar/2020:10:06:32 +0000] "GET /services/portal/ HTTP/1.1" 200 12156 "http://mail.cup.com/imp/dynamic.php?page=mailbox" "Mozilla/5.0 (X11; Ubuntu; Linux x86_64; rv:73.0) Gecko/20100101 Firefox/73.0"
192.168.10.238 - - [05/Mar/2020:10:06:35 +0000] "POST /services/ajax.php/kronolith/getEvent HTTP/1.1" 200 670 "http://mail.cup.com/kronolith/" "Mozilla/5.0 (X11; Linux x86_64) AppleWebKit/537.36 (KHTML, like Gecko) Ubuntu Chromium/77.0.3865.90 HeadlessChrome/77.0.3865.90 Safari/537.36"
192.168.10.238 - - [05/Mar/2020:10:06:35 +0000] "POST /services/ajax.php/kronolith/listTopTags HTTP/1.1" 200 445 "http://mail.cup.com/kronolith/" "Mozilla/5.0 (X11; Linux x86_64) AppleWebKit/537.36 (KHTML, like Gecko) Ubuntu Chromium/77.0.3865.90 HeadlessChrome/77.0.3865.90 Safari/537.36"
192.168.10.190 - - [05/Mar/2020:10:06:35 +0000] "GET /kronolith/ HTTP/1.1" 200 24704 "http://mail.cup.com/services/portal/" "Mozilla/5.0 (X11; Ubuntu; Linux x86_64; rv:73.0) Gecko/20100101 Firefox/73.0"
192.168.10.190 - - [05/Mar/2020:10:06:36 +0000] "POST /services/ajax.php/kronolith/listCalendars HTTP/1.1" 200 964 "http://mail.cup.com/kronolith/" "Mozilla/5.0 (X11; Ubuntu; Linux x86_64; rv:73.0) Gecko/20100101 Firefox/73.0"
192.168.10.190 - - [05/Mar/2020:10:06:36 +0000] "POST /services/ajax.php/kronolith/listEvents HTTP/1.1" 200 1404 "http://mail.cup.com/kronolith/" "Mozilla/5.0 (X11; Ubuntu; Linux x86_64; rv:73.0) Gecko/20100101 Firefox/73.0"
192.168.10.190 - - [05/Mar/2020:10:06:36 +0000] "POST /services/ajax.php/kronolith/listEvents HTTP/1.1" 200 549 "http://mail.cup.com/kronolith/" "Mozilla/5.0 (X11; Ubuntu; Linux x86_64; rv:73.0) Gecko/20100101 Firefox/73.0"
192.168.10.190 - - [05/Mar/2020:10:06:41 +0000] "POST /services/ajax.php/kronolith/getEvent HTTP/1.1" 200 676 "http://mail.cup.com/kronolith/" "Mozilla/5.0 (X11; Ubuntu; Linux x86_64; rv:73.0) Gecko/20100101 Firefox/73.0"
192.168.10.190 - - [05/Mar/2020:10:06:41 +0000] "POST /services/ajax.php/kronolith/listTopTags HTTP/1.1" 200 451 "http://mail.cup.com/kronolith/" "Mozilla/5.0 (X11; Ubuntu; Linux x86_64; rv:73.0) Gecko/20100101 Firefox/73.0"
192.168.10.238 - - [05/Mar/2020:10:06:42 +0000] "POST /services/ajax.php/kronolith/deleteEvent HTTP/1.1" 200 531 "http://mail.cup.com/kronolith/" "Mozilla/5.0 (X11; Linux x86_64) AppleWebKit/537.36 (KHTML, like Gecko) Ubuntu Chromium/77.0.3865.90 HeadlessChrome/77.0.3865.90 Safari/537.36"
192.168.10.190 - - [05/Mar/2020:10:06:46 +0000] "POST /services/ajax.php/kronolith/deleteEvent HTTP/1.1" 200 533 "http://mail.cup.com/kronolith/" "Mozilla/5.0 (X11; Ubuntu; Linux x86_64; rv:73.0) Gecko/20100101 Firefox/73.0"
192.168.10.238 - - [05/Mar/2020:10:06:49 +0000] "GET /services/portal/ HTTP/1.1" 200 11567 "http://mail.cup.com/kronolith/" "Mozilla/5.0 (X11; Linux x86_64) AppleWebKit/537.36 (KHTML, like Gecko) Ubuntu Chromium/77.0.3865.90 HeadlessChrome/77.0.3865.90 Safari/537.36"
192.168.10.190 - - [05/Mar/2020:10:06:51 +0000] "GET /services/portal/ HTTP/1.1" 200 12152 "http://mail.cup.com/kronolith/" "Mozilla/5.0 (X11; Ubuntu; Linux x86_64; rv:73.0) Gecko/20100101 Firefox/73.0"
192.168.10.238 - - [05/Mar/2020:10:06:54 +0000] "GET /imp/dynamic.php?page=mailbox HTTP/1.1" 200 8751 "http://mail.cup.com/services/portal/" "Mozilla/5.0 (X11; Linux x86_64) AppleWebKit/537.36 (KHTML, like Gecko) Ubuntu Chromium/77.0.3865.90 HeadlessChrome/77.0.3865.90 Safari/537.36"
192.168.10.190 - - [05/Mar/2020:10:06:54 +0000] "GET /mnemo/ HTTP/1.1" 200 7822 "http://mail.cup.com/services/portal/" "Mozilla/5.0 (X11; Ubuntu; Linux x86_64; rv:73.0) Gecko/20100101 Firefox/73.0"
192.168.10.238 - - [05/Mar/2020:10:06:54 +0000] "POST /services/ajax.php/imp/dynamicInit HTTP/1.1" 200 2406 "http://mail.cup.com/imp/dynamic.php?page=mailbox" "Mozilla/5.0 (X11; Linux x86_64) AppleWebKit/537.36 (KHTML, like Gecko) Ubuntu Chromium/77.0.3865.90 HeadlessChrome/77.0.3865.90 Safari/537.36"
192.168.10.4 - - [05/Mar/2020:10:06:54 +0000] "GET /services/portal/ HTTP/1.1" 200 11485 "http://mail.cup.com/nag/list.php" "Mozilla/5.0 (X11; Linux x86_64) AppleWebKit/537.36 (KHTML, like Gecko) Ubuntu Chromium/77.0.3865.90 HeadlessChrome/77.0.3865.90 Safari/537.36"
192.168.10.190 - - [05/Mar/2020:10:06:57 +0000] "POST /services/ajax.php/kronolith/saveEvent HTTP/1.1" 200 643 "http://mail.cup.com/kronolith/" "Mozilla/5.0 (X11; Ubuntu; Linux x86_64; rv:73.0) Gecko/20100101 Firefox/73.0"
192.168.10.4 - - [05/Mar/2020:10:07:00 +0000] "GET /kronolith/ HTTP/1.1" 200 24701 "http://mail.cup.com/services/portal/" "Mozilla/5.0 (X11; Linux x86_64) AppleWebKit/537.36 (KHTML, like Gecko) Ubuntu Chromium/77.0.3865.90 HeadlessChrome/77.0.3865.90 Safari/537.36"
192.168.10.4 - - [05/Mar/2020:10:07:00 +0000] "POST /services/ajax.php/kronolith/listCalendars HTTP/1.1" 200 969 "http://mail.cup.com/kronolith/" "Mozilla/5.0 (X11; Linux x86_64) AppleWebKit/537.36 (KHTML, like Gecko) Ubuntu Chromium/77.0.3865.90 HeadlessChrome/77.0.3865.90 Safari/537.36"
192.168.10.4 - - [05/Mar/2020:10:07:01 +0000] "POST /services/ajax.php/kronolith/listEvents HTTP/1.1" 200 549 "http://mail.cup.com/kronolith/" "Mozilla/5.0 (X11; Linux x86_64) AppleWebKit/537.36 (KHTML, like Gecko) Ubuntu Chromium/77.0.3865.90 HeadlessChrome/77.0.3865.90 Safari/537.36"
192.168.10.4 - - [05/Mar/2020:10:07:01 +0000] "POST /services/ajax.php/kronolith/listEvents HTTP/1.1" 200 1214 "http://mail.cup.com/kronolith/" "Mozilla/5.0 (X11; Linux x86_64) AppleWebKit/537.36 (KHTML, like Gecko) Ubuntu Chromium/77.0.3865.90 HeadlessChrome/77.0.3865.90 Safari/537.36"
192.168.10.238 - - [05/Mar/2020:10:07:02 +0000] "POST /services/ajax.php/imp/viewPort HTTP/1.1" 200 1750 "http://mail.cup.com/imp/dynamic.php?page=mailbox" "Mozilla/5.0 (X11; Linux x86_64) AppleWebKit/537.36 (KHTML, like Gecko) Ubuntu Chromium/77.0.3865.90 HeadlessChrome/77.0.3865.90 Safari/537.36"
192.168.10.190 - - [05/Mar/2020:10:07:03 +0000] "GET /services/portal/ HTTP/1.1" 200 9800 "http://mail.cup.com/kronolith/" "Mozilla/5.0 (X11; Ubuntu; Linux x86_64; rv:73.0) Gecko/20100101 Firefox/73.0"
192.168.10.190 - - [05/Mar/2020:10:07:07 +0000] "GET /kronolith/ HTTP/1.1" 200 24702 "http://mail.cup.com/services/portal/" "Mozilla/5.0 (X11; Ubuntu; Linux x86_64; rv:73.0) Gecko/20100101 Firefox/73.0"
192.168.10.190 - - [05/Mar/2020:10:07:08 +0000] "POST /services/ajax.php/kronolith/listCalendars HTTP/1.1" 200 970 "http://mail.cup.com/kronolith/" "Mozilla/5.0 (X11; Ubuntu; Linux x86_64; rv:73.0) Gecko/20100101 Firefox/73.0"
192.168.10.190 - - [05/Mar/2020:10:07:08 +0000] "POST /services/ajax.php/kronolith/listEvents HTTP/1.1" 200 1927 "http://mail.cup.com/kronolith/" "Mozilla/5.0 (X11; Ubuntu; Linux x86_64; rv:73.0) Gecko/20100101 Firefox/73.0"
192.168.10.190 - - [05/Mar/2020:10:07:08 +0000] "POST /services/ajax.php/kronolith/listEvents HTTP/1.1" 200 549 "http://mail.cup.com/kronolith/" "Mozilla/5.0 (X11; Ubuntu; Linux x86_64; rv:73.0) Gecko/20100101 Firefox/73.0"
192.168.10.238 - - [05/Mar/2020:10:07:10 +0000] "POST /services/ajax.php/imp/showMessage HTTP/1.1" 200 2544 "http://mail.cup.com/imp/dynamic.php?page=mailbox" "Mozilla/5.0 (X11; Linux x86_64) AppleWebKit/537.36 (KHTML, like Gecko) Ubuntu Chromium/77.0.3865.90 HeadlessChrome/77.0.3865.90 Safari/537.36"
192.168.10.190 - - [05/Mar/2020:10:07:15 +0000] "POST /services/ajax.php/kronolith/getEvent HTTP/1.1" 200 679 "http://mail.cup.com/kronolith/" "Mozilla/5.0 (X11; Ubuntu; Linux x86_64; rv:73.0) Gecko/20100101 Firefox/73.0"
192.168.10.190 - - [05/Mar/2020:10:07:15 +0000] "POST /services/ajax.php/kronolith/listTopTags HTTP/1.1" 200 454 "http://mail.cup.com/kronolith/" "Mozilla/5.0 (X11; Ubuntu; Linux x86_64; rv:73.0) Gecko/20100101 Firefox/73.0"
192.168.10.238 - - [05/Mar/2020:10:07:19 +0000] "GET /imp/dynamic.php?page=message&buid=148&mailbox=SU5CT1g&token=Y5Vo7cqZb4MgoMZ12hdpT90&uniq=1583402839290 HTTP/1.1" 200 7505 "http://mail.cup.com/imp/dynamic.php?page=mailbox" "Mozilla/5.0 (X11; Linux x86_64) AppleWebKit/537.36 (KHTML, like Gecko) Ubuntu Chromium/77.0.3865.90 HeadlessChrome/77.0.3865.90 Safari/537.36"
