192.168.10.200 - - [03/Mar/2020:13:10:05 +0000] "GET /services/portal/ HTTP/1.1" 200 8645 "http://mail.cup.com/turba/browse.php" "Mozilla/5.0 (X11; Linux x86_64) AppleWebKit/537.36 (KHTML, like Gecko) Ubuntu Chromium/77.0.3865.90 HeadlessChrome/77.0.3865.90 Safari/537.36"
192.168.10.200 - - [03/Mar/2020:13:10:11 +0000] "GET /imp/dynamic.php?page=mailbox HTTP/1.1" 200 8893 "http://mail.cup.com/services/portal/" "Mozilla/5.0 (X11; Linux x86_64) AppleWebKit/537.36 (KHTML, like Gecko) Ubuntu Chromium/77.0.3865.90 HeadlessChrome/77.0.3865.90 Safari/537.36"
192.168.10.200 - - [03/Mar/2020:13:10:12 +0000] "POST /services/ajax.php/imp/dynamicInit HTTP/1.1" 200 1538 "http://mail.cup.com/imp/dynamic.php?page=mailbox" "Mozilla/5.0 (X11; Linux x86_64) AppleWebKit/537.36 (KHTML, like Gecko) Ubuntu Chromium/77.0.3865.90 HeadlessChrome/77.0.3865.90 Safari/537.36"
192.168.10.238 - - [03/Mar/2020:13:10:16 +0000] "GET /services/portal/ HTTP/1.1" 200 9210 "http://mail.cup.com/nag/list.php" "Mozilla/5.0 (X11; Ubuntu; Linux x86_64; rv:73.0) Gecko/20100101 Firefox/73.0"
192.168.10.238 - - [03/Mar/2020:13:10:20 +0000] "GET /mnemo/ HTTP/1.1" 200 6190 "http://mail.cup.com/services/portal/" "Mozilla/5.0 (X11; Ubuntu; Linux x86_64; rv:73.0) Gecko/20100101 Firefox/73.0"
192.168.10.200 - - [03/Mar/2020:13:10:20 +0000] "POST /services/ajax.php/imp/viewPort HTTP/1.1" 200 908 "http://mail.cup.com/imp/dynamic.php?page=mailbox" "Mozilla/5.0 (X11; Linux x86_64) AppleWebKit/537.36 (KHTML, like Gecko) Ubuntu Chromium/77.0.3865.90 HeadlessChrome/77.0.3865.90 Safari/537.36"
192.168.10.190 - - [03/Mar/2020:13:10:34 +0000] "GET /login.php HTTP/1.1" 200 2532 "-" "Mozilla/5.0 (X11; Linux x86_64) AppleWebKit/537.36 (KHTML, like Gecko) Ubuntu Chromium/77.0.3865.90 HeadlessChrome/77.0.3865.90 Safari/537.36"
192.168.10.190 - - [03/Mar/2020:13:10:34 +0000] "GET /themes/default/webkit.css HTTP/1.1" 200 467 "http://mail.cup.com/login.php" "Mozilla/5.0 (X11; Linux x86_64) AppleWebKit/537.36 (KHTML, like Gecko) Ubuntu Chromium/77.0.3865.90 HeadlessChrome/77.0.3865.90 Safari/537.36"
192.168.10.190 - - [03/Mar/2020:13:10:34 +0000] "GET /themes/default/graphics/horde-power1.png HTTP/1.1" 304 165 "http://mail.cup.com/login.php" "Mozilla/5.0 (X11; Linux x86_64) AppleWebKit/537.36 (KHTML, like Gecko) Ubuntu Chromium/77.0.3865.90 HeadlessChrome/77.0.3865.90 Safari/537.36"
192.168.10.190 - - [03/Mar/2020:13:10:34 +0000] "GET /imp/js/login.js?v=29c8308baa6508a21e1be9e3345d1287 HTTP/1.1" 200 613 "http://mail.cup.com/login.php" "Mozilla/5.0 (X11; Linux x86_64) AppleWebKit/537.36 (KHTML, like Gecko) Ubuntu Chromium/77.0.3865.90 HeadlessChrome/77.0.3865.90 Safari/537.36"
192.168.10.190 - - [03/Mar/2020:13:10:34 +0000] "GET /js/login.js?v=dc442439853f80a9467ce727c08e9b0e HTTP/1.1" 200 1453 "http://mail.cup.com/login.php" "Mozilla/5.0 (X11; Linux x86_64) AppleWebKit/537.36 (KHTML, like Gecko) Ubuntu Chromium/77.0.3865.90 HeadlessChrome/77.0.3865.90 Safari/537.36"
192.168.10.190 - - [03/Mar/2020:13:10:34 +0000] "GET /js/horde.js?v=dc442439853f80a9467ce727c08e9b0e HTTP/1.1" 200 2572 "http://mail.cup.com/login.php" "Mozilla/5.0 (X11; Linux x86_64) AppleWebKit/537.36 (KHTML, like Gecko) Ubuntu Chromium/77.0.3865.90 HeadlessChrome/77.0.3865.90 Safari/537.36"
192.168.10.190 - - [03/Mar/2020:13:10:34 +0000] "GET /themes/default/screen.css HTTP/1.1" 200 9567 "http://mail.cup.com/login.php" "Mozilla/5.0 (X11; Linux x86_64) AppleWebKit/537.36 (KHTML, like Gecko) Ubuntu Chromium/77.0.3865.90 HeadlessChrome/77.0.3865.90 Safari/537.36"
192.168.10.190 - - [03/Mar/2020:13:10:34 +0000] "GET /js/accesskeys.js?v=dc442439853f80a9467ce727c08e9b0e HTTP/1.1" 200 1339 "http://mail.cup.com/login.php" "Mozilla/5.0 (X11; Linux x86_64) AppleWebKit/537.36 (KHTML, like Gecko) Ubuntu Chromium/77.0.3865.90 HeadlessChrome/77.0.3865.90 Safari/537.36"
192.168.10.190 - - [03/Mar/2020:13:10:34 +0000] "GET /js/prototype.js?v=dc442439853f80a9467ce727c08e9b0e HTTP/1.1" 200 46392 "http://mail.cup.com/login.php" "Mozilla/5.0 (X11; Linux x86_64) AppleWebKit/537.36 (KHTML, like Gecko) Ubuntu Chromium/77.0.3865.90 HeadlessChrome/77.0.3865.90 Safari/537.36"
192.168.10.190 - - [03/Mar/2020:13:10:34 +0000] "GET /themes/default/graphics/button-default.png HTTP/1.1" 304 163 "http://mail.cup.com/themes/default/screen.css" "Mozilla/5.0 (X11; Linux x86_64) AppleWebKit/537.36 (KHTML, like Gecko) Ubuntu Chromium/77.0.3865.90 HeadlessChrome/77.0.3865.90 Safari/537.36"
192.168.10.190 - - [03/Mar/2020:13:10:41 +0000] "POST /login.php HTTP/1.1" 302 601 "http://mail.cup.com/login.php" "Mozilla/5.0 (X11; Linux x86_64) AppleWebKit/537.36 (KHTML, like Gecko) Ubuntu Chromium/77.0.3865.90 HeadlessChrome/77.0.3865.90 Safari/537.36"
192.168.10.190 - - [03/Mar/2020:13:10:42 +0000] "GET /services/portal/ HTTP/1.1" 200 10830 "http://mail.cup.com/login.php" "Mozilla/5.0 (X11; Linux x86_64) AppleWebKit/537.36 (KHTML, like Gecko) Ubuntu Chromium/77.0.3865.90 HeadlessChrome/77.0.3865.90 Safari/537.36"
192.168.10.190 - - [03/Mar/2020:13:10:42 +0000] "GET /imp/themes/default/block/screen.css HTTP/1.1" 200 458 "http://mail.cup.com/services/portal/" "Mozilla/5.0 (X11; Linux x86_64) AppleWebKit/537.36 (KHTML, like Gecko) Ubuntu Chromium/77.0.3865.90 HeadlessChrome/77.0.3865.90 Safari/537.36"
192.168.10.190 - - [03/Mar/2020:13:10:42 +0000] "GET /kronolith/themes/default/block/screen.css HTTP/1.1" 200 516 "http://mail.cup.com/services/portal/" "Mozilla/5.0 (X11; Linux x86_64) AppleWebKit/537.36 (KHTML, like Gecko) Ubuntu Chromium/77.0.3865.90 HeadlessChrome/77.0.3865.90 Safari/537.36"
192.168.10.190 - - [03/Mar/2020:13:10:42 +0000] "GET /ingo/themes/default/block/screen.css HTTP/1.1" 200 521 "http://mail.cup.com/services/portal/" "Mozilla/5.0 (X11; Linux x86_64) AppleWebKit/537.36 (KHTML, like Gecko) Ubuntu Chromium/77.0.3865.90 HeadlessChrome/77.0.3865.90 Safari/537.36"
192.168.10.190 - - [03/Mar/2020:13:10:42 +0000] "GET /nag/themes/default/block/screen.css HTTP/1.1" 200 438 "http://mail.cup.com/services/portal/" "Mozilla/5.0 (X11; Linux x86_64) AppleWebKit/537.36 (KHTML, like Gecko) Ubuntu Chromium/77.0.3865.90 HeadlessChrome/77.0.3865.90 Safari/537.36"
192.168.10.190 - - [03/Mar/2020:13:10:42 +0000] "GET /turba/themes/default/block/screen.css HTTP/1.1" 200 450 "http://mail.cup.com/services/portal/" "Mozilla/5.0 (X11; Linux x86_64) AppleWebKit/537.36 (KHTML, like Gecko) Ubuntu Chromium/77.0.3865.90 HeadlessChrome/77.0.3865.90 Safari/537.36"
192.168.10.190 - - [03/Mar/2020:13:10:42 +0000] "GET /js/hordeblocks.js?v=dc442439853f80a9467ce727c08e9b0e HTTP/1.1" 200 639 "http://mail.cup.com/services/portal/" "Mozilla/5.0 (X11; Linux x86_64) AppleWebKit/537.36 (KHTML, like Gecko) Ubuntu Chromium/77.0.3865.90 HeadlessChrome/77.0.3865.90 Safari/537.36"
192.168.10.190 - - [03/Mar/2020:13:10:42 +0000] "GET /js/hordecore.js?v=dc442439853f80a9467ce727c08e9b0e HTTP/1.1" 200 6452 "http://mail.cup.com/services/portal/" "Mozilla/5.0 (X11; Linux x86_64) AppleWebKit/537.36 (KHTML, like Gecko) Ubuntu Chromium/77.0.3865.90 HeadlessChrome/77.0.3865.90 Safari/537.36"
192.168.10.190 - - [03/Mar/2020:13:10:42 +0000] "GET /js/tooltips.js?v=dc442439853f80a9467ce727c08e9b0e HTTP/1.1" 200 1280 "http://mail.cup.com/services/portal/" "Mozilla/5.0 (X11; Linux x86_64) AppleWebKit/537.36 (KHTML, like Gecko) Ubuntu Chromium/77.0.3865.90 HeadlessChrome/77.0.3865.90 Safari/537.36"
192.168.10.190 - - [03/Mar/2020:13:10:42 +0000] "GET /js/date/en-US.js?v=dc442439853f80a9467ce727c08e9b0e HTTP/1.1" 200 2633 "http://mail.cup.com/services/portal/" "Mozilla/5.0 (X11; Linux x86_64) AppleWebKit/537.36 (KHTML, like Gecko) Ubuntu Chromium/77.0.3865.90 HeadlessChrome/77.0.3865.90 Safari/537.36"
192.168.10.190 - - [03/Mar/2020:13:10:42 +0000] "GET /js/popup.js?v=dc442439853f80a9467ce727c08e9b0e HTTP/1.1" 200 1444 "http://mail.cup.com/services/portal/" "Mozilla/5.0 (X11; Linux x86_64) AppleWebKit/537.36 (KHTML, like Gecko) Ubuntu Chromium/77.0.3865.90 HeadlessChrome/77.0.3865.90 Safari/537.36"
192.168.10.190 - - [03/Mar/2020:13:10:42 +0000] "GET /turba/js/minisearch.js?v=bdffa700049748b9e0ede1748b17c142 HTTP/1.1" 200 902 "http://mail.cup.com/services/portal/" "Mozilla/5.0 (X11; Linux x86_64) AppleWebKit/537.36 (KHTML, like Gecko) Ubuntu Chromium/77.0.3865.90 HeadlessChrome/77.0.3865.90 Safari/537.36"
192.168.10.190 - - [03/Mar/2020:13:10:42 +0000] "GET /js/topbar.js?v=dc442439853f80a9467ce727c08e9b0e HTTP/1.1" 200 1515 "http://mail.cup.com/services/portal/" "Mozilla/5.0 (X11; Linux x86_64) AppleWebKit/537.36 (KHTML, like Gecko) Ubuntu Chromium/77.0.3865.90 HeadlessChrome/77.0.3865.90 Safari/537.36"
192.168.10.190 - - [03/Mar/2020:13:10:42 +0000] "GET /js/scriptaculous/effects.js?v=dc442439853f80a9467ce727c08e9b0e HTTP/1.1" 200 9056 "http://mail.cup.com/services/portal/" "Mozilla/5.0 (X11; Linux x86_64) AppleWebKit/537.36 (KHTML, like Gecko) Ubuntu Chromium/77.0.3865.90 HeadlessChrome/77.0.3865.90 Safari/537.36"
192.168.10.190 - - [03/Mar/2020:13:10:42 +0000] "GET /js/scriptaculous/sound.js?v=dc442439853f80a9467ce727c08e9b0e HTTP/1.1" 200 1307 "http://mail.cup.com/services/portal/" "Mozilla/5.0 (X11; Linux x86_64) AppleWebKit/537.36 (KHTML, like Gecko) Ubuntu Chromium/77.0.3865.90 HeadlessChrome/77.0.3865.90 Safari/537.36"
192.168.10.190 - - [03/Mar/2020:13:10:42 +0000] "GET /js/growler.js?v=dc442439853f80a9467ce727c08e9b0e HTTP/1.1" 200 2873 "http://mail.cup.com/services/portal/" "Mozilla/5.0 (X11; Linux x86_64) AppleWebKit/537.36 (KHTML, like Gecko) Ubuntu Chromium/77.0.3865.90 HeadlessChrome/77.0.3865.90 Safari/537.36"
192.168.10.190 - - [03/Mar/2020:13:10:42 +0000] "GET /js/date/date.js?v=dc442439853f80a9467ce727c08e9b0e HTTP/1.1" 200 17978 "http://mail.cup.com/services/portal/" "Mozilla/5.0 (X11; Linux x86_64) AppleWebKit/537.36 (KHTML, like Gecko) Ubuntu Chromium/77.0.3865.90 HeadlessChrome/77.0.3865.90 Safari/537.36"
192.168.10.190 - - [03/Mar/2020:13:10:42 +0000] "GET /themes/default/graphics/head-bg.png HTTP/1.1" 304 163 "http://mail.cup.com/themes/default/screen.css" "Mozilla/5.0 (X11; Linux x86_64) AppleWebKit/537.36 (KHTML, like Gecko) Ubuntu Chromium/77.0.3865.90 HeadlessChrome/77.0.3865.90 Safari/537.36"
192.168.10.190 - - [03/Mar/2020:13:10:42 +0000] "GET /themes/default/graphics/logo.png HTTP/1.1" 304 164 "http://mail.cup.com/themes/default/screen.css" "Mozilla/5.0 (X11; Linux x86_64) AppleWebKit/537.36 (KHTML, like Gecko) Ubuntu Chromium/77.0.3865.90 HeadlessChrome/77.0.3865.90 Safari/537.36"
192.168.10.190 - - [03/Mar/2020:13:10:42 +0000] "GET /themes/default/graphics/navi-arrow-normal.png HTTP/1.1" 304 163 "http://mail.cup.com/themes/default/screen.css" "Mozilla/5.0 (X11; Linux x86_64) AppleWebKit/537.36 (KHTML, like Gecko) Ubuntu Chromium/77.0.3865.90 HeadlessChrome/77.0.3865.90 Safari/537.36"
192.168.10.190 - - [03/Mar/2020:13:10:42 +0000] "GET /themes/default/graphics/settings.png HTTP/1.1" 304 164 "http://mail.cup.com/themes/default/screen.css" "Mozilla/5.0 (X11; Linux x86_64) AppleWebKit/537.36 (KHTML, like Gecko) Ubuntu Chromium/77.0.3865.90 HeadlessChrome/77.0.3865.90 Safari/537.36"
192.168.10.190 - - [03/Mar/2020:13:10:42 +0000] "GET /themes/default/graphics/logout.png HTTP/1.1" 304 164 "http://mail.cup.com/themes/default/screen.css" "Mozilla/5.0 (X11; Linux x86_64) AppleWebKit/537.36 (KHTML, like Gecko) Ubuntu Chromium/77.0.3865.90 HeadlessChrome/77.0.3865.90 Safari/537.36"
192.168.10.190 - - [03/Mar/2020:13:10:42 +0000] "GET /themes/default/graphics/sidebar-new-bg.png HTTP/1.1" 304 163 "http://mail.cup.com/themes/default/screen.css" "Mozilla/5.0 (X11; Linux x86_64) AppleWebKit/537.36 (KHTML, like Gecko) Ubuntu Chromium/77.0.3865.90 HeadlessChrome/77.0.3865.90 Safari/537.36"
192.168.10.190 - - [03/Mar/2020:13:10:42 +0000] "GET /themes/default/graphics/tabset.png HTTP/1.1" 304 163 "http://mail.cup.com/themes/default/screen.css" "Mozilla/5.0 (X11; Linux x86_64) AppleWebKit/537.36 (KHTML, like Gecko) Ubuntu Chromium/77.0.3865.90 HeadlessChrome/77.0.3865.90 Safari/537.36"
192.168.10.190 - - [03/Mar/2020:13:10:42 +0000] "GET /themes/default/graphics/sidebar-new.png HTTP/1.1" 304 164 "http://mail.cup.com/themes/default/screen.css" "Mozilla/5.0 (X11; Linux x86_64) AppleWebKit/537.36 (KHTML, like Gecko) Ubuntu Chromium/77.0.3865.90 HeadlessChrome/77.0.3865.90 Safari/537.36"
192.168.10.190 - - [03/Mar/2020:13:10:42 +0000] "GET /ingo/themes/default/graphics/whitelist.png HTTP/1.1" 304 164 "http://mail.cup.com/ingo/themes/default/block/screen.css" "Mozilla/5.0 (X11; Linux x86_64) AppleWebKit/537.36 (KHTML, like Gecko) Ubuntu Chromium/77.0.3865.90 HeadlessChrome/77.0.3865.90 Safari/537.36"
192.168.10.190 - - [03/Mar/2020:13:10:42 +0000] "GET /ingo/themes/default/graphics/blacklist.png HTTP/1.1" 304 164 "http://mail.cup.com/ingo/themes/default/block/screen.css" "Mozilla/5.0 (X11; Linux x86_64) AppleWebKit/537.36 (KHTML, like Gecko) Ubuntu Chromium/77.0.3865.90 HeadlessChrome/77.0.3865.90 Safari/537.36"
192.168.10.190 - - [03/Mar/2020:13:10:42 +0000] "GET /themes/default/graphics/button.png HTTP/1.1" 304 163 "http://mail.cup.com/themes/default/screen.css" "Mozilla/5.0 (X11; Linux x86_64) AppleWebKit/537.36 (KHTML, like Gecko) Ubuntu Chromium/77.0.3865.90 HeadlessChrome/77.0.3865.90 Safari/537.36"
192.168.10.190 - - [03/Mar/2020:13:10:42 +0000] "GET /turba/themes/default/graphics/loading.gif HTTP/1.1" 304 164 "http://mail.cup.com/turba/themes/default/block/screen.css" "Mozilla/5.0 (X11; Linux x86_64) AppleWebKit/537.36 (KHTML, like Gecko) Ubuntu Chromium/77.0.3865.90 HeadlessChrome/77.0.3865.90 Safari/537.36"
192.168.10.190 - - [03/Mar/2020:13:10:42 +0000] "GET /themes/default/graphics/alerts/message.png HTTP/1.1" 304 164 "http://mail.cup.com/themes/default/screen.css" "Mozilla/5.0 (X11; Linux x86_64) AppleWebKit/537.36 (KHTML, like Gecko) Ubuntu Chromium/77.0.3865.90 HeadlessChrome/77.0.3865.90 Safari/537.36"
192.168.10.190 - - [03/Mar/2020:13:10:42 +0000] "GET /themes/default/graphics/close.png HTTP/1.1" 304 164 "http://mail.cup.com/themes/default/screen.css" "Mozilla/5.0 (X11; Linux x86_64) AppleWebKit/537.36 (KHTML, like Gecko) Ubuntu Chromium/77.0.3865.90 HeadlessChrome/77.0.3865.90 Safari/537.36"
192.168.10.190 - - [03/Mar/2020:13:10:45 +0000] "GET /themes/default/graphics/navi-arrow-active.png HTTP/1.1" 304 164 "http://mail.cup.com/themes/default/screen.css" "Mozilla/5.0 (X11; Linux x86_64) AppleWebKit/537.36 (KHTML, like Gecko) Ubuntu Chromium/77.0.3865.90 HeadlessChrome/77.0.3865.90 Safari/537.36"
192.168.10.190 - - [03/Mar/2020:13:10:45 +0000] "GET /themes/default/graphics/navi-subnavi.png HTTP/1.1" 304 163 "http://mail.cup.com/themes/default/screen.css" "Mozilla/5.0 (X11; Linux x86_64) AppleWebKit/537.36 (KHTML, like Gecko) Ubuntu Chromium/77.0.3865.90 HeadlessChrome/77.0.3865.90 Safari/537.36"
192.168.10.190 - - [03/Mar/2020:13:10:45 +0000] "GET /nag/ HTTP/1.1" 200 10230 "http://mail.cup.com/services/portal/" "Mozilla/5.0 (X11; Linux x86_64) AppleWebKit/537.36 (KHTML, like Gecko) Ubuntu Chromium/77.0.3865.90 HeadlessChrome/77.0.3865.90 Safari/537.36"
192.168.10.190 - - [03/Mar/2020:13:10:46 +0000] "GET /nag/themes/default/screen.css HTTP/1.1" 200 1132 "http://mail.cup.com/nag/" "Mozilla/5.0 (X11; Linux x86_64) AppleWebKit/537.36 (KHTML, like Gecko) Ubuntu Chromium/77.0.3865.90 HeadlessChrome/77.0.3865.90 Safari/537.36"
192.168.10.190 - - [03/Mar/2020:13:10:46 +0000] "GET /js/quickfinder.js?v=dc442439853f80a9467ce727c08e9b0e HTTP/1.1" 200 1493 "http://mail.cup.com/nag/" "Mozilla/5.0 (X11; Linux x86_64) AppleWebKit/537.36 (KHTML, like Gecko) Ubuntu Chromium/77.0.3865.90 HeadlessChrome/77.0.3865.90 Safari/537.36"
192.168.10.190 - - [03/Mar/2020:13:10:46 +0000] "GET /js/tables.js?v=dc442439853f80a9467ce727c08e9b0e HTTP/1.1" 200 2454 "http://mail.cup.com/nag/" "Mozilla/5.0 (X11; Linux x86_64) AppleWebKit/537.36 (KHTML, like Gecko) Ubuntu Chromium/77.0.3865.90 HeadlessChrome/77.0.3865.90 Safari/537.36"
192.168.10.190 - - [03/Mar/2020:13:10:46 +0000] "GET /js/sidebar.js?v=dc442439853f80a9467ce727c08e9b0e HTTP/1.1" 200 1077 "http://mail.cup.com/nag/" "Mozilla/5.0 (X11; Linux x86_64) AppleWebKit/537.36 (KHTML, like Gecko) Ubuntu Chromium/77.0.3865.90 HeadlessChrome/77.0.3865.90 Safari/537.36"
192.168.10.190 - - [03/Mar/2020:13:10:46 +0000] "GET /js/redbox.js?v=dc442439853f80a9467ce727c08e9b0e HTTP/1.1" 200 1610 "http://mail.cup.com/nag/" "Mozilla/5.0 (X11; Linux x86_64) AppleWebKit/537.36 (KHTML, like Gecko) Ubuntu Chromium/77.0.3865.90 HeadlessChrome/77.0.3865.90 Safari/537.36"
192.168.10.190 - - [03/Mar/2020:13:10:46 +0000] "GET /themes/default/graphics/navi-center-active.png HTTP/1.1" 304 163 "http://mail.cup.com/themes/default/screen.css" "Mozilla/5.0 (X11; Linux x86_64) AppleWebKit/537.36 (KHTML, like Gecko) Ubuntu Chromium/77.0.3865.90 HeadlessChrome/77.0.3865.90 Safari/537.36"
192.168.10.190 - - [03/Mar/2020:13:10:46 +0000] "GET /themes/default/graphics/navi-right-active.png HTTP/1.1" 304 163 "http://mail.cup.com/themes/default/screen.css" "Mozilla/5.0 (X11; Linux x86_64) AppleWebKit/537.36 (KHTML, like Gecko) Ubuntu Chromium/77.0.3865.90 HeadlessChrome/77.0.3865.90 Safari/537.36"
192.168.10.190 - - [03/Mar/2020:13:10:46 +0000] "GET /themes/default/graphics/navi-left-active.png HTTP/1.1" 304 163 "http://mail.cup.com/themes/default/screen.css" "Mozilla/5.0 (X11; Linux x86_64) AppleWebKit/537.36 (KHTML, like Gecko) Ubuntu Chromium/77.0.3865.90 HeadlessChrome/77.0.3865.90 Safari/537.36"
192.168.10.190 - - [03/Mar/2020:13:10:46 +0000] "GET /themes/default/graphics/tab.png HTTP/1.1" 304 163 "http://mail.cup.com/themes/default/screen.css" "Mozilla/5.0 (X11; Linux x86_64) AppleWebKit/537.36 (KHTML, like Gecko) Ubuntu Chromium/77.0.3865.90 HeadlessChrome/77.0.3865.90 Safari/537.36"
192.168.10.190 - - [03/Mar/2020:13:10:46 +0000] "GET /themes/default/graphics/tablehead-bg.png HTTP/1.1" 304 163 "http://mail.cup.com/themes/default/screen.css" "Mozilla/5.0 (X11; Linux x86_64) AppleWebKit/537.36 (KHTML, like Gecko) Ubuntu Chromium/77.0.3865.90 HeadlessChrome/77.0.3865.90 Safari/537.36"
192.168.10.190 - - [03/Mar/2020:13:10:46 +0000] "GET /themes/default/graphics/az.png HTTP/1.1" 304 164 "http://mail.cup.com/themes/default/screen.css" "Mozilla/5.0 (X11; Linux x86_64) AppleWebKit/537.36 (KHTML, like Gecko) Ubuntu Chromium/77.0.3865.90 HeadlessChrome/77.0.3865.90 Safari/537.36"
192.168.10.190 - - [03/Mar/2020:13:10:46 +0000] "GET /nag/themes/default/graphics/add.png HTTP/1.1" 304 164 "http://mail.cup.com/nag/themes/default/screen.css" "Mozilla/5.0 (X11; Linux x86_64) AppleWebKit/537.36 (KHTML, like Gecko) Ubuntu Chromium/77.0.3865.90 HeadlessChrome/77.0.3865.90 Safari/537.36"
192.168.10.190 - - [03/Mar/2020:13:10:46 +0000] "GET /themes/default/graphics/sidebar-split.png HTTP/1.1" 304 163 "http://mail.cup.com/themes/default/screen.css" "Mozilla/5.0 (X11; Linux x86_64) AppleWebKit/537.36 (KHTML, like Gecko) Ubuntu Chromium/77.0.3865.90 HeadlessChrome/77.0.3865.90 Safari/537.36"
192.168.10.190 - - [03/Mar/2020:13:10:46 +0000] "GET /themes/default/graphics/tablehead-split.png HTTP/1.1" 304 163 "http://mail.cup.com/themes/default/screen.css" "Mozilla/5.0 (X11; Linux x86_64) AppleWebKit/537.36 (KHTML, like Gecko) Ubuntu Chromium/77.0.3865.90 HeadlessChrome/77.0.3865.90 Safari/537.36"
192.168.10.190 - - [03/Mar/2020:13:10:46 +0000] "GET /themes/default/graphics/sidebar-active-bg.png HTTP/1.1" 304 163 "http://mail.cup.com/themes/default/screen.css" "Mozilla/5.0 (X11; Linux x86_64) AppleWebKit/537.36 (KHTML, like Gecko) Ubuntu Chromium/77.0.3865.90 HeadlessChrome/77.0.3865.90 Safari/537.36"
192.168.10.190 - - [03/Mar/2020:13:10:46 +0000] "GET /nag/themes/default/graphics/nag.png HTTP/1.1" 304 164 "http://mail.cup.com/nag/themes/default/screen.css" "Mozilla/5.0 (X11; Linux x86_64) AppleWebKit/537.36 (KHTML, like Gecko) Ubuntu Chromium/77.0.3865.90 HeadlessChrome/77.0.3865.90 Safari/537.36"
192.168.10.190 - - [03/Mar/2020:13:10:46 +0000] "GET /nag/themes/default/graphics/search.png HTTP/1.1" 304 164 "http://mail.cup.com/nag/themes/default/screen.css" "Mozilla/5.0 (X11; Linux x86_64) AppleWebKit/537.36 (KHTML, like Gecko) Ubuntu Chromium/77.0.3865.90 HeadlessChrome/77.0.3865.90 Safari/537.36"
192.168.10.190 - - [03/Mar/2020:13:10:46 +0000] "GET /themes/default/graphics/data.png HTTP/1.1" 304 164 "http://mail.cup.com/themes/default/screen.css" "Mozilla/5.0 (X11; Linux x86_64) AppleWebKit/537.36 (KHTML, like Gecko) Ubuntu Chromium/77.0.3865.90 HeadlessChrome/77.0.3865.90 Safari/537.36"
192.168.10.190 - - [03/Mar/2020:13:10:46 +0000] "GET /themes/default/graphics/plus-sidebar.png HTTP/1.1" 304 164 "http://mail.cup.com/themes/default/screen.css" "Mozilla/5.0 (X11; Linux x86_64) AppleWebKit/537.36 (KHTML, like Gecko) Ubuntu Chromium/77.0.3865.90 HeadlessChrome/77.0.3865.90 Safari/537.36"
192.168.10.190 - - [03/Mar/2020:13:10:46 +0000] "GET /themes/default/graphics/collapse.png HTTP/1.1" 304 163 "http://mail.cup.com/themes/default/screen.css" "Mozilla/5.0 (X11; Linux x86_64) AppleWebKit/537.36 (KHTML, like Gecko) Ubuntu Chromium/77.0.3865.90 HeadlessChrome/77.0.3865.90 Safari/537.36"
192.168.10.190 - - [03/Mar/2020:13:10:46 +0000] "GET /themes/default/graphics/expand.png HTTP/1.1" 304 163 "http://mail.cup.com/themes/default/screen.css" "Mozilla/5.0 (X11; Linux x86_64) AppleWebKit/537.36 (KHTML, like Gecko) Ubuntu Chromium/77.0.3865.90 HeadlessChrome/77.0.3865.90 Safari/537.36"
192.168.10.190 - - [03/Mar/2020:13:10:46 +0000] "GET /themes/default/graphics/checkbox_on.png HTTP/1.1" 304 164 "http://mail.cup.com/themes/default/screen.css" "Mozilla/5.0 (X11; Linux x86_64) AppleWebKit/537.36 (KHTML, like Gecko) Ubuntu Chromium/77.0.3865.90 HeadlessChrome/77.0.3865.90 Safari/537.36"
192.168.10.190 - - [03/Mar/2020:13:10:46 +0000] "GET /themes/default/graphics/edit-sidebar-fff.png HTTP/1.1" 304 163 "http://mail.cup.com/themes/default/screen.css" "Mozilla/5.0 (X11; Linux x86_64) AppleWebKit/537.36 (KHTML, like Gecko) Ubuntu Chromium/77.0.3865.90 HeadlessChrome/77.0.3865.90 Safari/537.36"
192.168.10.190 - - [03/Mar/2020:13:10:46 +0000] "GET /themes/default/graphics/slidevert-bg.png HTTP/1.1" 304 163 "http://mail.cup.com/themes/default/screen.css" "Mozilla/5.0 (X11; Linux x86_64) AppleWebKit/537.36 (KHTML, like Gecko) Ubuntu Chromium/77.0.3865.90 HeadlessChrome/77.0.3865.90 Safari/537.36"
192.168.10.190 - - [03/Mar/2020:13:10:46 +0000] "GET /themes/default/graphics/slidevert.png HTTP/1.1" 304 163 "http://mail.cup.com/themes/default/screen.css" "Mozilla/5.0 (X11; Linux x86_64) AppleWebKit/537.36 (KHTML, like Gecko) Ubuntu Chromium/77.0.3865.90 HeadlessChrome/77.0.3865.90 Safari/537.36"
::1 - - [03/Mar/2020:13:10:53 +0000] "OPTIONS * HTTP/1.0" 200 110 "-" "Apache/2.4.25 (Debian) OpenSSL/1.0.2u (internal dummy connection)"
192.168.10.200 - - [03/Mar/2020:13:10:54 +0000] "GET /services/portal/ HTTP/1.1" 200 8649 "http://mail.cup.com/imp/dynamic.php?page=mailbox" "Mozilla/5.0 (X11; Linux x86_64) AppleWebKit/537.36 (KHTML, like Gecko) Ubuntu Chromium/77.0.3865.90 HeadlessChrome/77.0.3865.90 Safari/537.36"
192.168.10.238 - - [03/Mar/2020:13:10:58 +0000] "GET /mnemo/memo.php?actionID=add_memo HTTP/1.1" 200 5978 "http://mail.cup.com/mnemo/" "Mozilla/5.0 (X11; Ubuntu; Linux x86_64; rv:73.0) Gecko/20100101 Firefox/73.0"
192.168.10.200 - - [03/Mar/2020:13:10:59 +0000] "GET /imp/dynamic.php?page=mailbox HTTP/1.1" 200 8891 "http://mail.cup.com/services/portal/" "Mozilla/5.0 (X11; Linux x86_64) AppleWebKit/537.36 (KHTML, like Gecko) Ubuntu Chromium/77.0.3865.90 HeadlessChrome/77.0.3865.90 Safari/537.36"
192.168.10.200 - - [03/Mar/2020:13:10:59 +0000] "POST /services/ajax.php/imp/dynamicInit HTTP/1.1" 200 1538 "http://mail.cup.com/imp/dynamic.php?page=mailbox" "Mozilla/5.0 (X11; Linux x86_64) AppleWebKit/537.36 (KHTML, like Gecko) Ubuntu Chromium/77.0.3865.90 HeadlessChrome/77.0.3865.90 Safari/537.36"
192.168.10.238 - - [03/Mar/2020:13:11:07 +0000] "POST /services/ajax.php/horde/imple?token=vvUVv3_nWcB1hHdRuYm7-9e&app=mnemo&imple=Mnemo_Ajax_Imple_TagAutoCompleter&input=memo_tags HTTP/1.1" 200 381 "http://mail.cup.com/mnemo/memo.php?actionID=add_memo" "Mozilla/5.0 (X11; Ubuntu; Linux x86_64; rv:73.0) Gecko/20100101 Firefox/73.0"
192.168.10.200 - - [03/Mar/2020:13:11:08 +0000] "POST /services/ajax.php/imp/viewPort HTTP/1.1" 200 906 "http://mail.cup.com/imp/dynamic.php?page=mailbox" "Mozilla/5.0 (X11; Linux x86_64) AppleWebKit/537.36 (KHTML, like Gecko) Ubuntu Chromium/77.0.3865.90 HeadlessChrome/77.0.3865.90 Safari/537.36"
192.168.10.238 - - [03/Mar/2020:13:11:11 +0000] "POST /mnemo/memo.php HTTP/1.1" 302 413 "http://mail.cup.com/mnemo/memo.php?actionID=add_memo" "Mozilla/5.0 (X11; Ubuntu; Linux x86_64; rv:73.0) Gecko/20100101 Firefox/73.0"
192.168.10.238 - - [03/Mar/2020:13:11:11 +0000] "GET /mnemo/list.php HTTP/1.1" 200 6391 "http://mail.cup.com/mnemo/memo.php?actionID=add_memo" "Mozilla/5.0 (X11; Ubuntu; Linux x86_64; rv:73.0) Gecko/20100101 Firefox/73.0"
::1 - - [03/Mar/2020:13:11:12 +0000] "OPTIONS * HTTP/1.0" 200 110 "-" "Apache/2.4.25 (Debian) OpenSSL/1.0.2u (internal dummy connection)"
192.168.10.200 - - [03/Mar/2020:13:11:13 +0000] "GET /imp/dynamic.php?page=compose&type=new&token=MEoKhjygL3i-ejFmncGWY6S&uniq=1583241073365 HTTP/1.1" 200 5528 "http://mail.cup.com/imp/dynamic.php?page=mailbox" "Mozilla/5.0 (X11; Linux x86_64) AppleWebKit/537.36 (KHTML, like Gecko) Ubuntu Chromium/77.0.3865.90 HeadlessChrome/77.0.3865.90 Safari/537.36"
::1 - - [03/Mar/2020:13:11:17 +0000] "OPTIONS * HTTP/1.0" 200 110 "-" "Apache/2.4.25 (Debian) OpenSSL/1.0.2u (internal dummy connection)"
::1 - - [03/Mar/2020:13:11:21 +0000] "OPTIONS * HTTP/1.0" 200 110 "-" "Apache/2.4.25 (Debian) OpenSSL/1.0.2u (internal dummy connection)"
192.168.10.190 - - [03/Mar/2020:13:11:23 +0000] "GET /nag/task.php?actionID=add_task HTTP/1.1" 200 9530 "http://mail.cup.com/nag/" "Mozilla/5.0 (X11; Linux x86_64) AppleWebKit/537.36 (KHTML, like Gecko) Ubuntu Chromium/77.0.3865.90 HeadlessChrome/77.0.3865.90 Safari/537.36"
192.168.10.190 - - [03/Mar/2020:13:11:23 +0000] "GET /js/form_sections.js?v=dc442439853f80a9467ce727c08e9b0e HTTP/1.1" 200 947 "http://mail.cup.com/nag/task.php?actionID=add_task" "Mozilla/5.0 (X11; Linux x86_64) AppleWebKit/537.36 (KHTML, like Gecko) Ubuntu Chromium/77.0.3865.90 HeadlessChrome/77.0.3865.90 Safari/537.36"
192.168.10.190 - - [03/Mar/2020:13:11:23 +0000] "GET /js/keynavlist.js?v=dc442439853f80a9467ce727c08e9b0e HTTP/1.1" 200 2835 "http://mail.cup.com/nag/task.php?actionID=add_task" "Mozilla/5.0 (X11; Linux x86_64) AppleWebKit/537.36 (KHTML, like Gecko) Ubuntu Chromium/77.0.3865.90 HeadlessChrome/77.0.3865.90 Safari/537.36"
192.168.10.190 - - [03/Mar/2020:13:11:23 +0000] "GET /js/autocomplete.js?v=dc442439853f80a9467ce727c08e9b0e HTTP/1.1" 200 3114 "http://mail.cup.com/nag/task.php?actionID=add_task" "Mozilla/5.0 (X11; Linux x86_64) AppleWebKit/537.36 (KHTML, like Gecko) Ubuntu Chromium/77.0.3865.90 HeadlessChrome/77.0.3865.90 Safari/537.36"
192.168.10.190 - - [03/Mar/2020:13:11:23 +0000] "GET /js/liquidmetal.js?v=dc442439853f80a9467ce727c08e9b0e HTTP/1.1" 200 1738 "http://mail.cup.com/nag/task.php?actionID=add_task" "Mozilla/5.0 (X11; Linux x86_64) AppleWebKit/537.36 (KHTML, like Gecko) Ubuntu Chromium/77.0.3865.90 HeadlessChrome/77.0.3865.90 Safari/537.36"
192.168.10.190 - - [03/Mar/2020:13:11:23 +0000] "GET /js/imple.js?v=dc442439853f80a9467ce727c08e9b0e HTTP/1.1" 200 948 "http://mail.cup.com/nag/task.php?actionID=add_task" "Mozilla/5.0 (X11; Linux x86_64) AppleWebKit/537.36 (KHTML, like Gecko) Ubuntu Chromium/77.0.3865.90 HeadlessChrome/77.0.3865.90 Safari/537.36"
192.168.10.190 - - [03/Mar/2020:13:11:23 +0000] "GET /js/calendar.js?v=dc442439853f80a9467ce727c08e9b0e HTTP/1.1" 200 2853 "http://mail.cup.com/nag/task.php?actionID=add_task" "Mozilla/5.0 (X11; Linux x86_64) AppleWebKit/537.36 (KHTML, like Gecko) Ubuntu Chromium/77.0.3865.90 HeadlessChrome/77.0.3865.90 Safari/537.36"
192.168.10.190 - - [03/Mar/2020:13:11:23 +0000] "GET /nag/js/calendar.js?v=839a6380454bbd865d6aa6063c84bc2b HTTP/1.1" 200 1306 "http://mail.cup.com/nag/task.php?actionID=add_task" "Mozilla/5.0 (X11; Linux x86_64) AppleWebKit/537.36 (KHTML, like Gecko) Ubuntu Chromium/77.0.3865.90 HeadlessChrome/77.0.3865.90 Safari/537.36"
192.168.10.190 - - [03/Mar/2020:13:11:23 +0000] "GET /nag/js/task.js?v=839a6380454bbd865d6aa6063c84bc2b HTTP/1.1" 200 1022 "http://mail.cup.com/nag/task.php?actionID=add_task" "Mozilla/5.0 (X11; Linux x86_64) AppleWebKit/537.36 (KHTML, like Gecko) Ubuntu Chromium/77.0.3865.90 HeadlessChrome/77.0.3865.90 Safari/537.36"
192.168.10.200 - - [03/Mar/2020:13:11:30 +0000] "POST /services/ajax.php/imp/sendMessage HTTP/1.1" 200 478 "http://mail.cup.com/imp/dynamic.php?page=compose&type=new&token=MEoKhjygL3i-ejFmncGWY6S&uniq=1583241073365" "Mozilla/5.0 (X11; Linux x86_64) AppleWebKit/537.36 (KHTML, like Gecko) Ubuntu Chromium/77.0.3865.90 HeadlessChrome/77.0.3865.90 Safari/537.36"
::1 - - [03/Mar/2020:13:11:31 +0000] "OPTIONS * HTTP/1.0" 200 110 "-" "Apache/2.4.25 (Debian) OpenSSL/1.0.2u (internal dummy connection)"
::1 - - [03/Mar/2020:13:11:32 +0000] "OPTIONS * HTTP/1.0" 200 110 "-" "Apache/2.4.25 (Debian) OpenSSL/1.0.2u (internal dummy connection)"
::1 - - [03/Mar/2020:13:11:33 +0000] "OPTIONS * HTTP/1.0" 200 110 "-" "Apache/2.4.25 (Debian) OpenSSL/1.0.2u (internal dummy connection)"
192.168.10.190 - - [03/Mar/2020:13:11:34 +0000] "POST /services/ajax.php/horde/imple?token=slAP9uOKwCkG30j1ntIyDsc&app=nag&imple=Nag_Ajax_Imple_TagAutoCompleter&input=tags HTTP/1.1" 200 379 "http://mail.cup.com/nag/task.php?actionID=add_task" "Mozilla/5.0 (X11; Linux x86_64) AppleWebKit/537.36 (KHTML, like Gecko) Ubuntu Chromium/77.0.3865.90 HeadlessChrome/77.0.3865.90 Safari/537.36"
::1 - - [03/Mar/2020:13:11:35 +0000] "OPTIONS * HTTP/1.0" 200 110 "-" "Apache/2.4.25 (Debian) OpenSSL/1.0.2u (internal dummy connection)"
::1 - - [03/Mar/2020:13:11:37 +0000] "OPTIONS * HTTP/1.0" 200 110 "-" "Apache/2.4.25 (Debian) OpenSSL/1.0.2u (internal dummy connection)"
::1 - - [03/Mar/2020:13:11:39 +0000] "OPTIONS * HTTP/1.0" 200 110 "-" "Apache/2.4.25 (Debian) OpenSSL/1.0.2u (internal dummy connection)"
192.168.10.238 - - [03/Mar/2020:13:11:45 +0000] "GET /services/portal/ HTTP/1.1" 200 9278 "http://mail.cup.com/mnemo/list.php" "Mozilla/5.0 (X11; Ubuntu; Linux x86_64; rv:73.0) Gecko/20100101 Firefox/73.0"
192.168.10.238 - - [03/Mar/2020:13:11:50 +0000] "GET /nag/ HTTP/1.1" 200 8468 "http://mail.cup.com/services/portal/" "Mozilla/5.0 (X11; Ubuntu; Linux x86_64; rv:73.0) Gecko/20100101 Firefox/73.0"
192.168.10.190 - - [03/Mar/2020:13:11:53 +0000] "POST /nag/task/save.php HTTP/1.1" 302 412 "http://mail.cup.com/nag/task.php?actionID=add_task" "Mozilla/5.0 (X11; Linux x86_64) AppleWebKit/537.36 (KHTML, like Gecko) Ubuntu Chromium/77.0.3865.90 HeadlessChrome/77.0.3865.90 Safari/537.36"
192.168.10.190 - - [03/Mar/2020:13:11:53 +0000] "GET /nag/list.php HTTP/1.1" 200 10412 "http://mail.cup.com/nag/task.php?actionID=add_task" "Mozilla/5.0 (X11; Linux x86_64) AppleWebKit/537.36 (KHTML, like Gecko) Ubuntu Chromium/77.0.3865.90 HeadlessChrome/77.0.3865.90 Safari/537.36"
192.168.10.190 - - [03/Mar/2020:13:11:53 +0000] "GET /themes/default/graphics/alerts/success.png HTTP/1.1" 304 164 "http://mail.cup.com/themes/default/screen.css" "Mozilla/5.0 (X11; Linux x86_64) AppleWebKit/537.36 (KHTML, like Gecko) Ubuntu Chromium/77.0.3865.90 HeadlessChrome/77.0.3865.90 Safari/537.36"
192.168.10.200 - - [03/Mar/2020:13:12:09 +0000] "GET /services/portal/ HTTP/1.1" 200 8651 "http://mail.cup.com/imp/dynamic.php?page=mailbox" "Mozilla/5.0 (X11; Linux x86_64) AppleWebKit/537.36 (KHTML, like Gecko) Ubuntu Chromium/77.0.3865.90 HeadlessChrome/77.0.3865.90 Safari/537.36"
192.168.10.200 - - [03/Mar/2020:13:12:14 +0000] "GET /imp/dynamic.php?page=mailbox HTTP/1.1" 200 8891 "http://mail.cup.com/services/portal/" "Mozilla/5.0 (X11; Linux x86_64) AppleWebKit/537.36 (KHTML, like Gecko) Ubuntu Chromium/77.0.3865.90 HeadlessChrome/77.0.3865.90 Safari/537.36"
192.168.10.200 - - [03/Mar/2020:13:12:15 +0000] "POST /services/ajax.php/imp/dynamicInit HTTP/1.1" 200 1538 "http://mail.cup.com/imp/dynamic.php?page=mailbox" "Mozilla/5.0 (X11; Linux x86_64) AppleWebKit/537.36 (KHTML, like Gecko) Ubuntu Chromium/77.0.3865.90 HeadlessChrome/77.0.3865.90 Safari/537.36"
::1 - - [03/Mar/2020:13:12:18 +0000] "OPTIONS * HTTP/1.0" 200 110 "-" "Apache/2.4.25 (Debian) OpenSSL/1.0.2u (internal dummy connection)"
192.168.10.200 - - [03/Mar/2020:13:12:22 +0000] "POST /services/ajax.php/imp/viewPort HTTP/1.1" 200 908 "http://mail.cup.com/imp/dynamic.php?page=mailbox" "Mozilla/5.0 (X11; Linux x86_64) AppleWebKit/537.36 (KHTML, like Gecko) Ubuntu Chromium/77.0.3865.90 HeadlessChrome/77.0.3865.90 Safari/537.36"
::1 - - [03/Mar/2020:13:12:23 +0000] "OPTIONS * HTTP/1.0" 200 110 "-" "Apache/2.4.25 (Debian) OpenSSL/1.0.2u (internal dummy connection)"
192.168.10.238 - - [03/Mar/2020:13:12:26 +0000] "GET /nag/task.php?actionID=add_task HTTP/1.1" 200 9019 "http://mail.cup.com/nag/" "Mozilla/5.0 (X11; Ubuntu; Linux x86_64; rv:73.0) Gecko/20100101 Firefox/73.0"
192.168.10.190 - - [03/Mar/2020:13:12:27 +0000] "GET /services/portal/ HTTP/1.1" 200 10793 "http://mail.cup.com/nag/list.php" "Mozilla/5.0 (X11; Linux x86_64) AppleWebKit/537.36 (KHTML, like Gecko) Ubuntu Chromium/77.0.3865.90 HeadlessChrome/77.0.3865.90 Safari/537.36"
192.168.10.200 - - [03/Mar/2020:13:12:30 +0000] "POST /services/ajax.php/imp/showMessage HTTP/1.1" 200 2314 "http://mail.cup.com/imp/dynamic.php?page=mailbox" "Mozilla/5.0 (X11; Linux x86_64) AppleWebKit/537.36 (KHTML, like Gecko) Ubuntu Chromium/77.0.3865.90 HeadlessChrome/77.0.3865.90 Safari/537.36"
192.168.10.190 - - [03/Mar/2020:13:12:30 +0000] "GET /kronolith/ HTTP/1.1" 200 24709 "http://mail.cup.com/services/portal/" "Mozilla/5.0 (X11; Linux x86_64) AppleWebKit/537.36 (KHTML, like Gecko) Ubuntu Chromium/77.0.3865.90 HeadlessChrome/77.0.3865.90 Safari/537.36"
192.168.10.190 - - [03/Mar/2020:13:12:31 +0000] "GET /kronolith/themes/default/webkit.css HTTP/1.1" 200 416 "http://mail.cup.com/kronolith/" "Mozilla/5.0 (X11; Linux x86_64) AppleWebKit/537.36 (KHTML, like Gecko) Ubuntu Chromium/77.0.3865.90 HeadlessChrome/77.0.3865.90 Safari/537.36"
192.168.10.190 - - [03/Mar/2020:13:12:31 +0000] "GET /kronolith/themes/default/dynamic/screen.css HTTP/1.1" 200 3792 "http://mail.cup.com/kronolith/" "Mozilla/5.0 (X11; Linux x86_64) AppleWebKit/537.36 (KHTML, like Gecko) Ubuntu Chromium/77.0.3865.90 HeadlessChrome/77.0.3865.90 Safari/537.36"
192.168.10.190 - - [03/Mar/2020:13:12:31 +0000] "GET /themes/default/graphics/search-topbar.png HTTP/1.1" 304 165 "http://mail.cup.com/kronolith/" "Mozilla/5.0 (X11; Linux x86_64) AppleWebKit/537.36 (KHTML, like Gecko) Ubuntu Chromium/77.0.3865.90 HeadlessChrome/77.0.3865.90 Safari/537.36"
192.168.10.190 - - [03/Mar/2020:13:12:31 +0000] "GET /kronolith/themes/default/screen.css HTTP/1.1" 200 2772 "http://mail.cup.com/kronolith/" "Mozilla/5.0 (X11; Linux x86_64) AppleWebKit/537.36 (KHTML, like Gecko) Ubuntu Chromium/77.0.3865.90 HeadlessChrome/77.0.3865.90 Safari/537.36"
192.168.10.190 - - [03/Mar/2020:13:12:31 +0000] "GET /kronolith/js/dragdrop2.js?v=cdac878cfbf59a65fe9f73fb16b22d01 HTTP/1.1" 200 6711 "http://mail.cup.com/kronolith/" "Mozilla/5.0 (X11; Linux x86_64) AppleWebKit/537.36 (KHTML, like Gecko) Ubuntu Chromium/77.0.3865.90 HeadlessChrome/77.0.3865.90 Safari/537.36"
192.168.10.190 - - [03/Mar/2020:13:12:31 +0000] "GET /js/prettyautocomplete.js?v=dc442439853f80a9467ce727c08e9b0e HTTP/1.1" 200 3381 "http://mail.cup.com/kronolith/" "Mozilla/5.0 (X11; Linux x86_64) AppleWebKit/537.36 (KHTML, like Gecko) Ubuntu Chromium/77.0.3865.90 HeadlessChrome/77.0.3865.90 Safari/537.36"
192.168.10.190 - - [03/Mar/2020:13:12:31 +0000] "GET /js/colorpicker.js?v=dc442439853f80a9467ce727c08e9b0e HTTP/1.1" 200 3736 "http://mail.cup.com/kronolith/" "Mozilla/5.0 (X11; Linux x86_64) AppleWebKit/537.36 (KHTML, like Gecko) Ubuntu Chromium/77.0.3865.90 HeadlessChrome/77.0.3865.90 Safari/537.36"
192.168.10.190 - - [03/Mar/2020:13:12:31 +0000] "GET /js/form_ghost.js?v=dc442439853f80a9467ce727c08e9b0e HTTP/1.1" 200 1901 "http://mail.cup.com/kronolith/" "Mozilla/5.0 (X11; Linux x86_64) AppleWebKit/537.36 (KHTML, like Gecko) Ubuntu Chromium/77.0.3865.90 HeadlessChrome/77.0.3865.90 Safari/537.36"
192.168.10.190 - - [03/Mar/2020:13:12:31 +0000] "GET /kronolith/js/kronolith.js?v=cdac878cfbf59a65fe9f73fb16b22d01 HTTP/1.1" 200 50927 "http://mail.cup.com/kronolith/" "Mozilla/5.0 (X11; Linux x86_64) AppleWebKit/537.36 (KHTML, like Gecko) Ubuntu Chromium/77.0.3865.90 HeadlessChrome/77.0.3865.90 Safari/537.36"
192.168.10.190 - - [03/Mar/2020:13:12:31 +0000] "GET /themes/default/graphics/buttonbar-bg.png HTTP/1.1" 304 163 "http://mail.cup.com/themes/default/screen.css" "Mozilla/5.0 (X11; Linux x86_64) AppleWebKit/537.36 (KHTML, like Gecko) Ubuntu Chromium/77.0.3865.90 HeadlessChrome/77.0.3865.90 Safari/537.36"
192.168.10.190 - - [03/Mar/2020:13:12:31 +0000] "GET /themes/default/graphics/button-split.png HTTP/1.1" 304 163 "http://mail.cup.com/themes/default/screen.css" "Mozilla/5.0 (X11; Linux x86_64) AppleWebKit/537.36 (KHTML, like Gecko) Ubuntu Chromium/77.0.3865.90 HeadlessChrome/77.0.3865.90 Safari/537.36"
192.168.10.190 - - [03/Mar/2020:13:12:31 +0000] "GET /kronolith/themes/default/graphics/left.png HTTP/1.1" 304 164 "http://mail.cup.com/kronolith/themes/default/screen.css" "Mozilla/5.0 (X11; Linux x86_64) AppleWebKit/537.36 (KHTML, like Gecko) Ubuntu Chromium/77.0.3865.90 HeadlessChrome/77.0.3865.90 Safari/537.36"
192.168.10.190 - - [03/Mar/2020:13:12:31 +0000] "GET /themes/default/graphics/button-active-bg.png HTTP/1.1" 304 163 "http://mail.cup.com/themes/default/screen.css" "Mozilla/5.0 (X11; Linux x86_64) AppleWebKit/537.36 (KHTML, like Gecko) Ubuntu Chromium/77.0.3865.90 HeadlessChrome/77.0.3865.90 Safari/537.36"
192.168.10.190 - - [03/Mar/2020:13:12:31 +0000] "GET /kronolith/themes/default/graphics/right.png HTTP/1.1" 304 165 "http://mail.cup.com/kronolith/themes/default/screen.css" "Mozilla/5.0 (X11; Linux x86_64) AppleWebKit/537.36 (KHTML, like Gecko) Ubuntu Chromium/77.0.3865.90 HeadlessChrome/77.0.3865.90 Safari/537.36"
192.168.10.190 - - [03/Mar/2020:13:12:31 +0000] "GET /kronolith/themes/default/graphics/dayview.png HTTP/1.1" 304 164 "http://mail.cup.com/kronolith/themes/default/screen.css" "Mozilla/5.0 (X11; Linux x86_64) AppleWebKit/537.36 (KHTML, like Gecko) Ubuntu Chromium/77.0.3865.90 HeadlessChrome/77.0.3865.90 Safari/537.36"
192.168.10.190 - - [03/Mar/2020:13:12:31 +0000] "GET /kronolith/themes/default/graphics/workweekview.png HTTP/1.1" 304 164 "http://mail.cup.com/kronolith/themes/default/screen.css" "Mozilla/5.0 (X11; Linux x86_64) AppleWebKit/537.36 (KHTML, like Gecko) Ubuntu Chromium/77.0.3865.90 HeadlessChrome/77.0.3865.90 Safari/537.36"
192.168.10.190 - - [03/Mar/2020:13:12:31 +0000] "GET /kronolith/themes/default/graphics/monthview.png HTTP/1.1" 304 164 "http://mail.cup.com/kronolith/themes/default/screen.css" "Mozilla/5.0 (X11; Linux x86_64) AppleWebKit/537.36 (KHTML, like Gecko) Ubuntu Chromium/77.0.3865.90 HeadlessChrome/77.0.3865.90 Safari/537.36"
192.168.10.190 - - [03/Mar/2020:13:12:31 +0000] "GET /kronolith/themes/default/graphics/yearview.png HTTP/1.1" 304 164 "http://mail.cup.com/kronolith/themes/default/screen.css" "Mozilla/5.0 (X11; Linux x86_64) AppleWebKit/537.36 (KHTML, like Gecko) Ubuntu Chromium/77.0.3865.90 HeadlessChrome/77.0.3865.90 Safari/537.36"
192.168.10.190 - - [03/Mar/2020:13:12:31 +0000] "GET /kronolith/themes/default/graphics/weekview.png HTTP/1.1" 304 164 "http://mail.cup.com/kronolith/themes/default/screen.css" "Mozilla/5.0 (X11; Linux x86_64) AppleWebKit/537.36 (KHTML, like Gecko) Ubuntu Chromium/77.0.3865.90 HeadlessChrome/77.0.3865.90 Safari/537.36"
192.168.10.190 - - [03/Mar/2020:13:12:31 +0000] "GET /kronolith/themes/default/graphics/new.png HTTP/1.1" 304 164 "http://mail.cup.com/kronolith/themes/default/dynamic/screen.css" "Mozilla/5.0 (X11; Linux x86_64) AppleWebKit/537.36 (KHTML, like Gecko) Ubuntu Chromium/77.0.3865.90 HeadlessChrome/77.0.3865.90 Safari/537.36"
192.168.10.190 - - [03/Mar/2020:13:12:31 +0000] "GET /kronolith/themes/default/graphics/tasks.png HTTP/1.1" 304 164 "http://mail.cup.com/kronolith/themes/default/screen.css" "Mozilla/5.0 (X11; Linux x86_64) AppleWebKit/537.36 (KHTML, like Gecko) Ubuntu Chromium/77.0.3865.90 HeadlessChrome/77.0.3865.90 Safari/537.36"
192.168.10.190 - - [03/Mar/2020:13:12:31 +0000] "GET /kronolith/themes/default/graphics/loading.gif HTTP/1.1" 304 164 "http://mail.cup.com/kronolith/themes/default/dynamic/screen.css" "Mozilla/5.0 (X11; Linux x86_64) AppleWebKit/537.36 (KHTML, like Gecko) Ubuntu Chromium/77.0.3865.90 HeadlessChrome/77.0.3865.90 Safari/537.36"
192.168.10.190 - - [03/Mar/2020:13:12:31 +0000] "POST /services/ajax.php/kronolith/listCalendars HTTP/1.1" 200 972 "http://mail.cup.com/kronolith/" "Mozilla/5.0 (X11; Linux x86_64) AppleWebKit/537.36 (KHTML, like Gecko) Ubuntu Chromium/77.0.3865.90 HeadlessChrome/77.0.3865.90 Safari/537.36"
192.168.10.190 - - [03/Mar/2020:13:12:31 +0000] "POST /services/ajax.php/kronolith/listEvents HTTP/1.1" 200 1847 "http://mail.cup.com/kronolith/" "Mozilla/5.0 (X11; Linux x86_64) AppleWebKit/537.36 (KHTML, like Gecko) Ubuntu Chromium/77.0.3865.90 HeadlessChrome/77.0.3865.90 Safari/537.36"
192.168.10.190 - - [03/Mar/2020:13:12:31 +0000] "POST /services/ajax.php/kronolith/listEvents HTTP/1.1" 200 548 "http://mail.cup.com/kronolith/" "Mozilla/5.0 (X11; Linux x86_64) AppleWebKit/537.36 (KHTML, like Gecko) Ubuntu Chromium/77.0.3865.90 HeadlessChrome/77.0.3865.90 Safari/537.36"
192.168.10.190 - - [03/Mar/2020:13:12:34 +0000] "GET /themes/default/graphics/checkbox_off.png HTTP/1.1" 304 164 "http://mail.cup.com/themes/default/screen.css" "Mozilla/5.0 (X11; Linux x86_64) AppleWebKit/537.36 (KHTML, like Gecko) Ubuntu Chromium/77.0.3865.90 HeadlessChrome/77.0.3865.90 Safari/537.36"
::1 - - [03/Mar/2020:13:12:39 +0000] "OPTIONS * HTTP/1.0" 200 110 "-" "Apache/2.4.25 (Debian) OpenSSL/1.0.2u (internal dummy connection)"
192.168.10.238 - - [03/Mar/2020:13:12:40 +0000] "POST /services/ajax.php/horde/imple?token=vvUVv3_nWcB1hHdRuYm7-9e&app=nag&imple=Nag_Ajax_Imple_TagAutoCompleter&input=tags HTTP/1.1" 200 371 "http://mail.cup.com/nag/task.php?actionID=add_task" "Mozilla/5.0 (X11; Ubuntu; Linux x86_64; rv:73.0) Gecko/20100101 Firefox/73.0"
192.168.10.200 - - [03/Mar/2020:13:12:40 +0000] "GET /imp/dynamic.php?page=message&buid=46&mailbox=SU5CT1g&token=MEoKhjygL3i-ejFmncGWY6S&uniq=1583241160701 HTTP/1.1" 200 7348 "http://mail.cup.com/imp/dynamic.php?page=mailbox" "Mozilla/5.0 (X11; Linux x86_64) AppleWebKit/537.36 (KHTML, like Gecko) Ubuntu Chromium/77.0.3865.90 HeadlessChrome/77.0.3865.90 Safari/537.36"
192.168.10.200 - - [03/Mar/2020:13:12:44 +0000] "POST /services/ajax.php/imp/getReplyData HTTP/1.1" 200 929 "http://mail.cup.com/imp/dynamic.php?page=message&buid=46&mailbox=SU5CT1g&token=MEoKhjygL3i-ejFmncGWY6S&uniq=1583241160701" "Mozilla/5.0 (X11; Linux x86_64) AppleWebKit/537.36 (KHTML, like Gecko) Ubuntu Chromium/77.0.3865.90 HeadlessChrome/77.0.3865.90 Safari/537.36"
192.168.10.200 - - [03/Mar/2020:13:12:51 +0000] "POST /services/ajax.php/imp/sendMessage HTTP/1.1" 200 634 "http://mail.cup.com/imp/dynamic.php?page=message&buid=46&mailbox=SU5CT1g&token=MEoKhjygL3i-ejFmncGWY6S&uniq=1583241160701" "Mozilla/5.0 (X11; Linux x86_64) AppleWebKit/537.36 (KHTML, like Gecko) Ubuntu Chromium/77.0.3865.90 HeadlessChrome/77.0.3865.90 Safari/537.36"
::1 - - [03/Mar/2020:13:12:52 +0000] "OPTIONS * HTTP/1.0" 200 110 "-" "Apache/2.4.25 (Debian) OpenSSL/1.0.2u (internal dummy connection)"
::1 - - [03/Mar/2020:13:12:54 +0000] "OPTIONS * HTTP/1.0" 200 110 "-" "Apache/2.4.25 (Debian) OpenSSL/1.0.2u (internal dummy connection)"
192.168.10.238 - - [03/Mar/2020:13:13:07 +0000] "POST /nag/task/save.php HTTP/1.1" 302 412 "http://mail.cup.com/nag/task.php?actionID=add_task" "Mozilla/5.0 (X11; Ubuntu; Linux x86_64; rv:73.0) Gecko/20100101 Firefox/73.0"
192.168.10.190 - - [03/Mar/2020:13:13:08 +0000] "GET /themes/default/graphics/redbox_spinner.gif HTTP/1.1" 304 166 "http://mail.cup.com/themes/default/screen.css" "Mozilla/5.0 (X11; Linux x86_64) AppleWebKit/537.36 (KHTML, like Gecko) Ubuntu Chromium/77.0.3865.90 HeadlessChrome/77.0.3865.90 Safari/537.36"
192.168.10.238 - - [03/Mar/2020:13:13:07 +0000] "GET /nag/list.php HTTP/1.1" 200 8681 "http://mail.cup.com/nag/task.php?actionID=add_task" "Mozilla/5.0 (X11; Ubuntu; Linux x86_64; rv:73.0) Gecko/20100101 Firefox/73.0"
192.168.10.190 - - [03/Mar/2020:13:13:07 +0000] "POST /services/ajax.php/kronolith/getEvent HTTP/1.1" 200 683 "http://mail.cup.com/kronolith/" "Mozilla/5.0 (X11; Linux x86_64) AppleWebKit/537.36 (KHTML, like Gecko) Ubuntu Chromium/77.0.3865.90 HeadlessChrome/77.0.3865.90 Safari/537.36"
192.168.10.190 - - [03/Mar/2020:13:13:08 +0000] "GET /themes/default/graphics/button-delete.png HTTP/1.1" 304 163 "http://mail.cup.com/themes/default/screen.css" "Mozilla/5.0 (X11; Linux x86_64) AppleWebKit/537.36 (KHTML, like Gecko) Ubuntu Chromium/77.0.3865.90 HeadlessChrome/77.0.3865.90 Safari/537.36"
192.168.10.190 - - [03/Mar/2020:13:13:08 +0000] "POST /services/ajax.php/kronolith/listTopTags HTTP/1.1" 200 457 "http://mail.cup.com/kronolith/" "Mozilla/5.0 (X11; Linux x86_64) AppleWebKit/537.36 (KHTML, like Gecko) Ubuntu Chromium/77.0.3865.90 HeadlessChrome/77.0.3865.90 Safari/537.36"
192.168.10.190 - - [03/Mar/2020:13:13:14 +0000] "POST /services/ajax.php/kronolith/deleteEvent HTTP/1.1" 200 533 "http://mail.cup.com/kronolith/" "Mozilla/5.0 (X11; Linux x86_64) AppleWebKit/537.36 (KHTML, like Gecko) Ubuntu Chromium/77.0.3865.90 HeadlessChrome/77.0.3865.90 Safari/537.36"
192.168.10.190 - - [03/Mar/2020:13:13:20 +0000] "GET /services/portal/ HTTP/1.1" 200 10789 "http://mail.cup.com/kronolith/" "Mozilla/5.0 (X11; Linux x86_64) AppleWebKit/537.36 (KHTML, like Gecko) Ubuntu Chromium/77.0.3865.90 HeadlessChrome/77.0.3865.90 Safari/537.36"
192.168.10.190 - - [03/Mar/2020:13:13:24 +0000] "GET /turba/ HTTP/1.1" 200 4348 "http://mail.cup.com/services/portal/" "Mozilla/5.0 (X11; Linux x86_64) AppleWebKit/537.36 (KHTML, like Gecko) Ubuntu Chromium/77.0.3865.90 HeadlessChrome/77.0.3865.90 Safari/537.36"
192.168.10.190 - - [03/Mar/2020:13:13:24 +0000] "GET /turba/js/search.js?v=bdffa700049748b9e0ede1748b17c142 HTTP/1.1" 200 1016 "http://mail.cup.com/turba/" "Mozilla/5.0 (X11; Linux x86_64) AppleWebKit/537.36 (KHTML, like Gecko) Ubuntu Chromium/77.0.3865.90 HeadlessChrome/77.0.3865.90 Safari/537.36"
192.168.10.190 - - [03/Mar/2020:13:13:24 +0000] "GET /turba/themes/default/screen.css HTTP/1.1" 200 1297 "http://mail.cup.com/turba/" "Mozilla/5.0 (X11; Linux x86_64) AppleWebKit/537.36 (KHTML, like Gecko) Ubuntu Chromium/77.0.3865.90 HeadlessChrome/77.0.3865.90 Safari/537.36"
192.168.10.190 - - [03/Mar/2020:13:13:24 +0000] "GET /turba/themes/default/graphics/search.png HTTP/1.1" 304 164 "http://mail.cup.com/turba/themes/default/screen.css" "Mozilla/5.0 (X11; Linux x86_64) AppleWebKit/537.36 (KHTML, like Gecko) Ubuntu Chromium/77.0.3865.90 HeadlessChrome/77.0.3865.90 Safari/537.36"
192.168.10.190 - - [03/Mar/2020:13:13:24 +0000] "GET /turba/themes/default/graphics/menu/browse.png HTTP/1.1" 304 164 "http://mail.cup.com/turba/themes/default/screen.css" "Mozilla/5.0 (X11; Linux x86_64) AppleWebKit/537.36 (KHTML, like Gecko) Ubuntu Chromium/77.0.3865.90 HeadlessChrome/77.0.3865.90 Safari/537.36"
192.168.10.190 - - [03/Mar/2020:13:13:24 +0000] "GET /themes/default/graphics/radiobox_on.png HTTP/1.1" 304 164 "http://mail.cup.com/themes/default/screen.css" "Mozilla/5.0 (X11; Linux x86_64) AppleWebKit/537.36 (KHTML, like Gecko) Ubuntu Chromium/77.0.3865.90 HeadlessChrome/77.0.3865.90 Safari/537.36"
192.168.10.190 - - [03/Mar/2020:13:13:24 +0000] "GET /themes/default/graphics/edit-sidebar-000.png HTTP/1.1" 304 163 "http://mail.cup.com/themes/default/screen.css" "Mozilla/5.0 (X11; Linux x86_64) AppleWebKit/537.36 (KHTML, like Gecko) Ubuntu Chromium/77.0.3865.90 HeadlessChrome/77.0.3865.90 Safari/537.36"
::1 - - [03/Mar/2020:13:13:27 +0000] "OPTIONS * HTTP/1.0" 200 110 "-" "Apache/2.4.25 (Debian) OpenSSL/1.0.2u (internal dummy connection)"
192.168.10.190 - - [03/Mar/2020:13:13:28 +0000] "GET /turba/browse.php HTTP/1.1" 200 5270 "http://mail.cup.com/turba/" "Mozilla/5.0 (X11; Linux x86_64) AppleWebKit/537.36 (KHTML, like Gecko) Ubuntu Chromium/77.0.3865.90 HeadlessChrome/77.0.3865.90 Safari/537.36"
192.168.10.190 - - [03/Mar/2020:13:13:28 +0000] "GET /turba/themes/default/graphics/edit.png HTTP/1.1" 304 164 "http://mail.cup.com/turba/themes/default/screen.css" "Mozilla/5.0 (X11; Linux x86_64) AppleWebKit/537.36 (KHTML, like Gecko) Ubuntu Chromium/77.0.3865.90 HeadlessChrome/77.0.3865.90 Safari/537.36"
192.168.10.190 - - [03/Mar/2020:13:13:28 +0000] "GET /turba/themes/default/graphics/delete.png HTTP/1.1" 304 164 "http://mail.cup.com/turba/themes/default/screen.css" "Mozilla/5.0 (X11; Linux x86_64) AppleWebKit/537.36 (KHTML, like Gecko) Ubuntu Chromium/77.0.3865.90 HeadlessChrome/77.0.3865.90 Safari/537.36"
::1 - - [03/Mar/2020:13:13:28 +0000] "OPTIONS * HTTP/1.0" 200 110 "-" "Apache/2.4.25 (Debian) OpenSSL/1.0.2u (internal dummy connection)"
192.168.10.190 - - [03/Mar/2020:13:13:31 +0000] "GET /turba/contact.php?source=pf_Zo8PGJAC16WfD_mBo8rz&key=7STrrUmLpUvKeCZCw9y8UnA HTTP/1.1" 200 21052 "http://mail.cup.com/turba/browse.php" "Mozilla/5.0 (X11; Linux x86_64) AppleWebKit/537.36 (KHTML, like Gecko) Ubuntu Chromium/77.0.3865.90 HeadlessChrome/77.0.3865.90 Safari/537.36"
192.168.10.190 - - [03/Mar/2020:13:13:32 +0000] "GET /turba/js/contact_tabs.js?v=bdffa700049748b9e0ede1748b17c142 HTTP/1.1" 200 777 "http://mail.cup.com/turba/contact.php?source=pf_Zo8PGJAC16WfD_mBo8rz&key=7STrrUmLpUvKeCZCw9y8UnA" "Mozilla/5.0 (X11; Linux x86_64) AppleWebKit/537.36 (KHTML, like Gecko) Ubuntu Chromium/77.0.3865.90 HeadlessChrome/77.0.3865.90 Safari/537.36"
