192.168.10.190 - - [29/Feb/2020:13:27:20 +0000] "GET /services/portal/ HTTP/1.1" 200 8048 "http://mail.cup.com/kronolith/" "Mozilla/5.0 (X11; Ubuntu; Linux x86_64; rv:73.0) Gecko/20100101 Firefox/73.0"
192.168.10.190 - - [29/Feb/2020:13:27:20 +0000] "POST /services/ajax.php/kronolith/deleteEvent HTTP/1.1" 200 535 "http://mail.cup.com/kronolith/" "Mozilla/5.0 (X11; Ubuntu; Linux x86_64; rv:73.0) Gecko/20100101 Firefox/73.0"
192.168.10.190 - - [29/Feb/2020:13:27:23 +0000] "GET /themes/default/graphics/navi-subnavi.png HTTP/1.1" 200 474 "http://mail.cup.com/themes/default/screen.css" "Mozilla/5.0 (X11; Ubuntu; Linux x86_64; rv:73.0) Gecko/20100101 Firefox/73.0"
192.168.10.190 - - [29/Feb/2020:13:27:23 +0000] "GET /themes/default/graphics/settings-active.png HTTP/1.1" 200 804 "http://mail.cup.com/themes/default/screen.css" "Mozilla/5.0 (X11; Ubuntu; Linux x86_64; rv:73.0) Gecko/20100101 Firefox/73.0"
192.168.10.190 - - [29/Feb/2020:13:27:26 +0000] "GET /services/prefs.php?app=horde HTTP/1.1" 200 3654 "http://mail.cup.com/services/portal/" "Mozilla/5.0 (X11; Ubuntu; Linux x86_64; rv:73.0) Gecko/20100101 Firefox/73.0"
192.168.10.190 - - [29/Feb/2020:13:27:26 +0000] "GET /themes/default/graphics/button.png HTTP/1.1" 200 373 "http://mail.cup.com/themes/default/screen.css" "Mozilla/5.0 (X11; Ubuntu; Linux x86_64; rv:73.0) Gecko/20100101 Firefox/73.0"
192.168.10.190 - - [29/Feb/2020:13:27:30 +0000] "GET /services/prefs.php?app=horde&group=identities HTTP/1.1" 200 4575 "http://mail.cup.com/services/prefs.php?app=horde" "Mozilla/5.0 (X11; Ubuntu; Linux x86_64; rv:73.0) Gecko/20100101 Firefox/73.0"
192.168.10.190 - - [29/Feb/2020:13:27:30 +0000] "GET /services/portal/ HTTP/1.1" 200 7073 "http://mail.cup.com/kronolith/" "Mozilla/5.0 (X11; Ubuntu; Linux x86_64; rv:73.0) Gecko/20100101 Firefox/73.0"
192.168.10.190 - - [29/Feb/2020:13:27:33 +0000] "GET /services/portal/ HTTP/1.1" 200 6931 "http://mail.cup.com/imp/dynamic.php?page=mailbox" "Mozilla/5.0 (X11; Linux x86_64) AppleWebKit/537.36 (KHTML, like Gecko) Ubuntu Chromium/77.0.3865.90 HeadlessChrome/77.0.3865.90 Safari/537.36"
192.168.10.190 - - [29/Feb/2020:13:27:36 +0000] "GET /nag/ HTTP/1.1" 200 7812 "http://mail.cup.com/services/portal/" "Mozilla/5.0 (X11; Linux x86_64) AppleWebKit/537.36 (KHTML, like Gecko) Ubuntu Chromium/77.0.3865.90 HeadlessChrome/77.0.3865.90 Safari/537.36"
192.168.10.190 - - [29/Feb/2020:13:27:36 +0000] "GET /imp/dynamic.php?page=mailbox HTTP/1.1" 200 8749 "http://mail.cup.com/services/portal/" "Mozilla/5.0 (X11; Ubuntu; Linux x86_64; rv:73.0) Gecko/20100101 Firefox/73.0"
192.168.10.190 - - [29/Feb/2020:13:27:36 +0000] "POST /services/prefs.php HTTP/1.1" 200 4608 "http://mail.cup.com/services/prefs.php?app=horde&group=identities" "Mozilla/5.0 (X11; Ubuntu; Linux x86_64; rv:73.0) Gecko/20100101 Firefox/73.0"
192.168.10.190 - - [29/Feb/2020:13:27:37 +0000] "POST /services/ajax.php/imp/dynamicInit HTTP/1.1" 200 1515 "http://mail.cup.com/imp/dynamic.php?page=mailbox" "Mozilla/5.0 (X11; Ubuntu; Linux x86_64; rv:73.0) Gecko/20100101 Firefox/73.0"
::1 - - [29/Feb/2020:13:27:39 +0000] "OPTIONS * HTTP/1.0" 200 110 "-" "Apache/2.4.25 (Debian) OpenSSL/1.0.2u (internal dummy connection)"
::1 - - [29/Feb/2020:13:27:40 +0000] "OPTIONS * HTTP/1.0" 200 110 "-" "Apache/2.4.25 (Debian) OpenSSL/1.0.2u (internal dummy connection)"
192.168.10.190 - - [29/Feb/2020:13:27:43 +0000] "POST /services/ajax.php/imp/viewPort HTTP/1.1" 200 886 "http://mail.cup.com/imp/dynamic.php?page=mailbox" "Mozilla/5.0 (X11; Ubuntu; Linux x86_64; rv:73.0) Gecko/20100101 Firefox/73.0"
192.168.10.190 - - [29/Feb/2020:13:27:45 +0000] "GET /services/prefs.php?app=horde HTTP/1.1" 200 3653 "http://mail.cup.com/services/prefs.php" "Mozilla/5.0 (X11; Ubuntu; Linux x86_64; rv:73.0) Gecko/20100101 Firefox/73.0"
192.168.10.190 - - [29/Feb/2020:13:27:50 +0000] "GET /services/prefs.php?app=imp HTTP/1.1" 200 4025 "http://mail.cup.com/services/prefs.php?app=horde" "Mozilla/5.0 (X11; Ubuntu; Linux x86_64; rv:73.0) Gecko/20100101 Firefox/73.0"
192.168.10.190 - - [29/Feb/2020:13:27:50 +0000] "GET /imp/themes/default/basic/screen.css HTTP/1.1" 200 1954 "http://mail.cup.com/services/prefs.php?app=imp" "Mozilla/5.0 (X11; Ubuntu; Linux x86_64; rv:73.0) Gecko/20100101 Firefox/73.0"
::1 - - [29/Feb/2020:13:27:52 +0000] "OPTIONS * HTTP/1.0" 200 110 "-" "Apache/2.4.25 (Debian) OpenSSL/1.0.2u (internal dummy connection)"
192.168.10.4 - - [29/Feb/2020:13:27:53 +0000] "GET /services/portal/ HTTP/1.1" 200 7925 "http://mail.cup.com/imp/dynamic.php?page=mailbox" "Mozilla/5.0 (X11; Linux x86_64) AppleWebKit/537.36 (KHTML, like Gecko) Ubuntu Chromium/77.0.3865.90 HeadlessChrome/77.0.3865.90 Safari/537.36"
::1 - - [29/Feb/2020:13:27:53 +0000] "OPTIONS * HTTP/1.0" 200 110 "-" "Apache/2.4.25 (Debian) OpenSSL/1.0.2u (internal dummy connection)"
192.168.10.190 - - [29/Feb/2020:13:27:56 +0000] "GET /services/prefs.php?app=imp&group=delmove HTTP/1.1" 200 5539 "http://mail.cup.com/services/prefs.php?app=imp" "Mozilla/5.0 (X11; Ubuntu; Linux x86_64; rv:73.0) Gecko/20100101 Firefox/73.0"
192.168.10.4 - - [29/Feb/2020:13:27:57 +0000] "GET /nag/ HTTP/1.1" 200 7822 "http://mail.cup.com/services/portal/" "Mozilla/5.0 (X11; Linux x86_64) AppleWebKit/537.36 (KHTML, like Gecko) Ubuntu Chromium/77.0.3865.90 HeadlessChrome/77.0.3865.90 Safari/537.36"
::1 - - [29/Feb/2020:13:28:01 +0000] "OPTIONS * HTTP/1.0" 200 110 "-" "Apache/2.4.25 (Debian) OpenSSL/1.0.2u (internal dummy connection)"
::1 - - [29/Feb/2020:13:28:02 +0000] "OPTIONS * HTTP/1.0" 200 110 "-" "Apache/2.4.25 (Debian) OpenSSL/1.0.2u (internal dummy connection)"
192.168.10.190 - - [29/Feb/2020:13:28:11 +0000] "GET /nag/task.php?tasklist=zDBXZRkKYCpWlsFSf_AhjRi&task=ySnf0gZHzgILxM9V9fqaq2b&actionID=modify_task&have_search&tab_name=1&url=%2Fnag%2F HTTP/1.1" 200 9059 "http://mail.cup.com/nag/" "Mozilla/5.0 (X11; Linux x86_64) AppleWebKit/537.36 (KHTML, like Gecko) Ubuntu Chromium/77.0.3865.90 HeadlessChrome/77.0.3865.90 Safari/537.36"
192.168.10.190 - - [29/Feb/2020:13:28:13 +0000] "POST /nag/task/save.php HTTP/1.1" 302 411 "http://mail.cup.com/nag/task.php?tasklist=zDBXZRkKYCpWlsFSf_AhjRi&task=ySnf0gZHzgILxM9V9fqaq2b&actionID=modify_task&have_search&tab_name=1&url=%2Fnag%2F" "Mozilla/5.0 (X11; Linux x86_64) AppleWebKit/537.36 (KHTML, like Gecko) Ubuntu Chromium/77.0.3865.90 HeadlessChrome/77.0.3865.90 Safari/537.36"
192.168.10.190 - - [29/Feb/2020:13:28:13 +0000] "GET /nag/list.php HTTP/1.1" 200 5325 "http://mail.cup.com/nag/task.php?tasklist=zDBXZRkKYCpWlsFSf_AhjRi&task=ySnf0gZHzgILxM9V9fqaq2b&actionID=modify_task&have_search&tab_name=1&url=%2Fnag%2F" "Mozilla/5.0 (X11; Linux x86_64) AppleWebKit/537.36 (KHTML, like Gecko) Ubuntu Chromium/77.0.3865.90 HeadlessChrome/77.0.3865.90 Safari/537.36"
192.168.10.190 - - [29/Feb/2020:13:28:16 +0000] "POST /services/prefs.php HTTP/1.1" 200 5638 "http://mail.cup.com/services/prefs.php?app=imp&group=delmove" "Mozilla/5.0 (X11; Ubuntu; Linux x86_64; rv:73.0) Gecko/20100101 Firefox/73.0"
192.168.10.190 - - [29/Feb/2020:13:28:18 +0000] "GET /services/portal/ HTTP/1.1" 200 7049 "http://mail.cup.com/imp/dynamic.php?page=mailbox" "Mozilla/5.0 (X11; Ubuntu; Linux x86_64; rv:73.0) Gecko/20100101 Firefox/73.0"
192.168.10.190 - - [29/Feb/2020:13:28:21 +0000] "GET /nag/ HTTP/1.1" 200 8258 "http://mail.cup.com/services/portal/" "Mozilla/5.0 (X11; Ubuntu; Linux x86_64; rv:73.0) Gecko/20100101 Firefox/73.0"
192.168.10.190 - - [29/Feb/2020:13:28:25 +0000] "POST /services/prefs.php HTTP/1.1" 200 5636 "http://mail.cup.com/services/prefs.php" "Mozilla/5.0 (X11; Ubuntu; Linux x86_64; rv:73.0) Gecko/20100101 Firefox/73.0"
::1 - - [29/Feb/2020:13:28:33 +0000] "OPTIONS * HTTP/1.0" 200 110 "-" "Apache/2.4.25 (Debian) OpenSSL/1.0.2u (internal dummy connection)"
192.168.10.4 - - [29/Feb/2020:13:28:38 +0000] "GET /nag/task.php?tasklist=u3-SVDbFWKDJoedJdADggr5&task=8w-kZfjlALhZbXsoaZckKBP&actionID=modify_task&have_search&tab_name=1&url=%2Fnag%2F HTTP/1.1" 200 9066 "http://mail.cup.com/nag/" "Mozilla/5.0 (X11; Linux x86_64) AppleWebKit/537.36 (KHTML, like Gecko) Ubuntu Chromium/77.0.3865.90 HeadlessChrome/77.0.3865.90 Safari/537.36"
192.168.10.4 - - [29/Feb/2020:13:28:42 +0000] "POST /nag/task/save.php HTTP/1.1" 302 411 "http://mail.cup.com/nag/task.php?tasklist=u3-SVDbFWKDJoedJdADggr5&task=8w-kZfjlALhZbXsoaZckKBP&actionID=modify_task&have_search&tab_name=1&url=%2Fnag%2F" "Mozilla/5.0 (X11; Linux x86_64) AppleWebKit/537.36 (KHTML, like Gecko) Ubuntu Chromium/77.0.3865.90 HeadlessChrome/77.0.3865.90 Safari/537.36"
192.168.10.4 - - [29/Feb/2020:13:28:42 +0000] "GET /nag/list.php HTTP/1.1" 200 5326 "http://mail.cup.com/nag/task.php?tasklist=u3-SVDbFWKDJoedJdADggr5&task=8w-kZfjlALhZbXsoaZckKBP&actionID=modify_task&have_search&tab_name=1&url=%2Fnag%2F" "Mozilla/5.0 (X11; Linux x86_64) AppleWebKit/537.36 (KHTML, like Gecko) Ubuntu Chromium/77.0.3865.90 HeadlessChrome/77.0.3865.90 Safari/537.36"
192.168.10.190 - - [29/Feb/2020:13:28:46 +0000] "GET /services/portal/ HTTP/1.1" 200 5901 "http://mail.cup.com/nag/list.php" "Mozilla/5.0 (X11; Linux x86_64) AppleWebKit/537.36 (KHTML, like Gecko) Ubuntu Chromium/77.0.3865.90 HeadlessChrome/77.0.3865.90 Safari/537.36"
192.168.10.190 - - [29/Feb/2020:13:28:58 +0000] "GET /services/portal/ HTTP/1.1" 200 8046 "http://mail.cup.com/services/prefs.php" "Mozilla/5.0 (X11; Ubuntu; Linux x86_64; rv:73.0) Gecko/20100101 Firefox/73.0"
192.168.10.190 - - [29/Feb/2020:13:28:59 +0000] "GET /nag/task.php?actionID=add_task HTTP/1.1" 200 8959 "http://mail.cup.com/nag/" "Mozilla/5.0 (X11; Ubuntu; Linux x86_64; rv:73.0) Gecko/20100101 Firefox/73.0"
192.168.10.190 - - [29/Feb/2020:13:29:04 +0000] "GET /kronolith/ HTTP/1.1" 200 24703 "http://mail.cup.com/services/portal/" "Mozilla/5.0 (X11; Ubuntu; Linux x86_64; rv:73.0) Gecko/20100101 Firefox/73.0"
192.168.10.190 - - [29/Feb/2020:13:29:04 +0000] "GET /kronolith/themes/default/graphics/left.png HTTP/1.1" 200 560 "http://mail.cup.com/kronolith/themes/default/screen.css" "Mozilla/5.0 (X11; Ubuntu; Linux x86_64; rv:73.0) Gecko/20100101 Firefox/73.0"
192.168.10.190 - - [29/Feb/2020:13:29:04 +0000] "GET /kronolith/themes/default/graphics/right.png HTTP/1.1" 200 551 "http://mail.cup.com/kronolith/themes/default/screen.css" "Mozilla/5.0 (X11; Ubuntu; Linux x86_64; rv:73.0) Gecko/20100101 Firefox/73.0"
192.168.10.190 - - [29/Feb/2020:13:29:05 +0000] "POST /services/ajax.php/kronolith/listCalendars HTTP/1.1" 200 970 "http://mail.cup.com/kronolith/" "Mozilla/5.0 (X11; Ubuntu; Linux x86_64; rv:73.0) Gecko/20100101 Firefox/73.0"
192.168.10.190 - - [29/Feb/2020:13:29:05 +0000] "POST /services/ajax.php/kronolith/listEvents HTTP/1.1" 200 1227 "http://mail.cup.com/kronolith/" "Mozilla/5.0 (X11; Ubuntu; Linux x86_64; rv:73.0) Gecko/20100101 Firefox/73.0"
192.168.10.190 - - [29/Feb/2020:13:29:05 +0000] "POST /services/ajax.php/kronolith/listEvents HTTP/1.1" 200 549 "http://mail.cup.com/kronolith/" "Mozilla/5.0 (X11; Ubuntu; Linux x86_64; rv:73.0) Gecko/20100101 Firefox/73.0"
192.168.10.190 - - [29/Feb/2020:13:29:10 +0000] "POST /services/ajax.php/kronolith/getEvent HTTP/1.1" 200 682 "http://mail.cup.com/kronolith/" "Mozilla/5.0 (X11; Ubuntu; Linux x86_64; rv:73.0) Gecko/20100101 Firefox/73.0"
192.168.10.190 - - [29/Feb/2020:13:29:10 +0000] "POST /services/ajax.php/kronolith/listTopTags HTTP/1.1" 200 461 "http://mail.cup.com/kronolith/" "Mozilla/5.0 (X11; Ubuntu; Linux x86_64; rv:73.0) Gecko/20100101 Firefox/73.0"
192.168.10.190 - - [29/Feb/2020:13:29:13 +0000] "POST /services/ajax.php/horde/imple?token=HbHjdXcLijQ4glJD0Dvwigm&app=nag&imple=Nag_Ajax_Imple_TagAutoCompleter&input=tags HTTP/1.1" 200 371 "http://mail.cup.com/nag/task.php?actionID=add_task" "Mozilla/5.0 (X11; Ubuntu; Linux x86_64; rv:73.0) Gecko/20100101 Firefox/73.0"
192.168.10.4 - - [29/Feb/2020:13:29:15 +0000] "GET /services/portal/ HTTP/1.1" 200 6899 "http://mail.cup.com/nag/list.php" "Mozilla/5.0 (X11; Linux x86_64) AppleWebKit/537.36 (KHTML, like Gecko) Ubuntu Chromium/77.0.3865.90 HeadlessChrome/77.0.3865.90 Safari/537.36"
::1 - - [29/Feb/2020:13:29:18 +0000] "OPTIONS * HTTP/1.0" 200 110 "-" "Apache/2.4.25 (Debian) OpenSSL/1.0.2u (internal dummy connection)"
::1 - - [29/Feb/2020:13:29:19 +0000] "OPTIONS * HTTP/1.0" 200 110 "-" "Apache/2.4.25 (Debian) OpenSSL/1.0.2u (internal dummy connection)"
192.168.10.4 - - [29/Feb/2020:13:29:19 +0000] "GET /nag/ HTTP/1.1" 200 5222 "http://mail.cup.com/services/portal/" "Mozilla/5.0 (X11; Linux x86_64) AppleWebKit/537.36 (KHTML, like Gecko) Ubuntu Chromium/77.0.3865.90 HeadlessChrome/77.0.3865.90 Safari/537.36"
192.168.10.190 - - [29/Feb/2020:13:29:19 +0000] "GET /services/portal/ HTTP/1.1" 200 5902 "http://mail.cup.com/services/portal/" "Mozilla/5.0 (X11; Linux x86_64) AppleWebKit/537.36 (KHTML, like Gecko) Ubuntu Chromium/77.0.3865.90 HeadlessChrome/77.0.3865.90 Safari/537.36"
192.168.10.190 - - [29/Feb/2020:13:29:19 +0000] "POST /services/ajax.php/kronolith/deleteEvent HTTP/1.1" 200 535 "http://mail.cup.com/kronolith/" "Mozilla/5.0 (X11; Ubuntu; Linux x86_64; rv:73.0) Gecko/20100101 Firefox/73.0"
::1 - - [29/Feb/2020:13:29:21 +0000] "OPTIONS * HTTP/1.0" 200 110 "-" "Apache/2.4.25 (Debian) OpenSSL/1.0.2u (internal dummy connection)"
192.168.10.190 - - [29/Feb/2020:13:29:21 +0000] "GET /nag/ HTTP/1.1" 200 5221 "http://mail.cup.com/services/portal/" "Mozilla/5.0 (X11; Linux x86_64) AppleWebKit/537.36 (KHTML, like Gecko) Ubuntu Chromium/77.0.3865.90 HeadlessChrome/77.0.3865.90 Safari/537.36"
::1 - - [29/Feb/2020:13:29:25 +0000] "OPTIONS * HTTP/1.0" 200 110 "-" "Apache/2.4.25 (Debian) OpenSSL/1.0.2u (internal dummy connection)"
::1 - - [29/Feb/2020:13:29:29 +0000] "OPTIONS * HTTP/1.0" 200 110 "-" "Apache/2.4.25 (Debian) OpenSSL/1.0.2u (internal dummy connection)"
192.168.10.190 - - [29/Feb/2020:13:29:29 +0000] "GET /services/portal/ HTTP/1.1" 200 8047 "http://mail.cup.com/kronolith/" "Mozilla/5.0 (X11; Ubuntu; Linux x86_64; rv:73.0) Gecko/20100101 Firefox/73.0"
192.168.10.190 - - [29/Feb/2020:13:29:35 +0000] "GET /kronolith/ HTTP/1.1" 200 24702 "http://mail.cup.com/services/portal/" "Mozilla/5.0 (X11; Ubuntu; Linux x86_64; rv:73.0) Gecko/20100101 Firefox/73.0"
192.168.10.190 - - [29/Feb/2020:13:29:35 +0000] "POST /services/ajax.php/kronolith/listCalendars HTTP/1.1" 200 969 "http://mail.cup.com/kronolith/" "Mozilla/5.0 (X11; Ubuntu; Linux x86_64; rv:73.0) Gecko/20100101 Firefox/73.0"
192.168.10.190 - - [29/Feb/2020:13:29:35 +0000] "POST /services/ajax.php/kronolith/listEvents HTTP/1.1" 200 549 "http://mail.cup.com/kronolith/" "Mozilla/5.0 (X11; Ubuntu; Linux x86_64; rv:73.0) Gecko/20100101 Firefox/73.0"
192.168.10.190 - - [29/Feb/2020:13:29:35 +0000] "POST /services/ajax.php/kronolith/listEvents HTTP/1.1" 200 1137 "http://mail.cup.com/kronolith/" "Mozilla/5.0 (X11; Ubuntu; Linux x86_64; rv:73.0) Gecko/20100101 Firefox/73.0"
::1 - - [29/Feb/2020:13:29:41 +0000] "OPTIONS * HTTP/1.0" 200 110 "-" "Apache/2.4.25 (Debian) OpenSSL/1.0.2u (internal dummy connection)"
192.168.10.190 - - [29/Feb/2020:13:29:41 +0000] "POST /nag/task/save.php HTTP/1.1" 302 412 "http://mail.cup.com/nag/task.php?actionID=add_task" "Mozilla/5.0 (X11; Ubuntu; Linux x86_64; rv:73.0) Gecko/20100101 Firefox/73.0"
192.168.10.190 - - [29/Feb/2020:13:29:42 +0000] "GET /nag/list.php HTTP/1.1" 200 8472 "http://mail.cup.com/nag/task.php?actionID=add_task" "Mozilla/5.0 (X11; Ubuntu; Linux x86_64; rv:73.0) Gecko/20100101 Firefox/73.0"
::1 - - [29/Feb/2020:13:29:45 +0000] "OPTIONS * HTTP/1.0" 200 110 "-" "Apache/2.4.25 (Debian) OpenSSL/1.0.2u (internal dummy connection)"
::1 - - [29/Feb/2020:13:29:54 +0000] "OPTIONS * HTTP/1.0" 200 110 "-" "Apache/2.4.25 (Debian) OpenSSL/1.0.2u (internal dummy connection)"
192.168.10.190 - - [29/Feb/2020:13:29:56 +0000] "GET /nag/task.php?actionID=add_task HTTP/1.1" 200 8891 "http://mail.cup.com/nag/" "Mozilla/5.0 (X11; Linux x86_64) AppleWebKit/537.36 (KHTML, like Gecko) Ubuntu Chromium/77.0.3865.90 HeadlessChrome/77.0.3865.90 Safari/537.36"
192.168.10.4 - - [29/Feb/2020:13:29:57 +0000] "GET /nag/task.php?actionID=add_task HTTP/1.1" 200 8889 "http://mail.cup.com/nag/" "Mozilla/5.0 (X11; Linux x86_64) AppleWebKit/537.36 (KHTML, like Gecko) Ubuntu Chromium/77.0.3865.90 HeadlessChrome/77.0.3865.90 Safari/537.36"
192.168.10.190 - - [29/Feb/2020:13:30:04 +0000] "POST /services/ajax.php/horde/imple?token=DO9phi9jI2YPCvflzreVkks&app=nag&imple=Nag_Ajax_Imple_TagAutoCompleter&input=tags HTTP/1.1" 200 371 "http://mail.cup.com/nag/task.php?actionID=add_task" "Mozilla/5.0 (X11; Linux x86_64) AppleWebKit/537.36 (KHTML, like Gecko) Ubuntu Chromium/77.0.3865.90 HeadlessChrome/77.0.3865.90 Safari/537.36"
192.168.10.4 - - [29/Feb/2020:13:30:13 +0000] "POST /services/ajax.php/horde/imple?token=_kpRmw_4zA3SvmWxVMKF86P&app=nag&imple=Nag_Ajax_Imple_TagAutoCompleter&input=tags HTTP/1.1" 200 376 "http://mail.cup.com/nag/task.php?actionID=add_task" "Mozilla/5.0 (X11; Linux x86_64) AppleWebKit/537.36 (KHTML, like Gecko) Ubuntu Chromium/77.0.3865.90 HeadlessChrome/77.0.3865.90 Safari/537.36"
192.168.10.190 - - [29/Feb/2020:13:30:15 +0000] "GET /services/portal/ HTTP/1.1" 200 7141 "http://mail.cup.com/nag/list.php" "Mozilla/5.0 (X11; Ubuntu; Linux x86_64; rv:73.0) Gecko/20100101 Firefox/73.0"
192.168.10.190 - - [29/Feb/2020:13:30:15 +0000] "GET /services/portal/ HTTP/1.1" 200 8052 "http://mail.cup.com/kronolith/" "Mozilla/5.0 (X11; Ubuntu; Linux x86_64; rv:73.0) Gecko/20100101 Firefox/73.0"
192.168.10.190 - - [29/Feb/2020:13:30:19 +0000] "POST /nag/task/save.php HTTP/1.1" 302 412 "http://mail.cup.com/nag/task.php?actionID=add_task" "Mozilla/5.0 (X11; Linux x86_64) AppleWebKit/537.36 (KHTML, like Gecko) Ubuntu Chromium/77.0.3865.90 HeadlessChrome/77.0.3865.90 Safari/537.36"
192.168.10.190 - - [29/Feb/2020:13:30:19 +0000] "GET /nag/list.php HTTP/1.1" 200 7917 "http://mail.cup.com/nag/task.php?actionID=add_task" "Mozilla/5.0 (X11; Linux x86_64) AppleWebKit/537.36 (KHTML, like Gecko) Ubuntu Chromium/77.0.3865.90 HeadlessChrome/77.0.3865.90 Safari/537.36"
192.168.10.190 - - [29/Feb/2020:13:30:19 +0000] "GET /kronolith/ HTTP/1.1" 200 24700 "http://mail.cup.com/services/portal/" "Mozilla/5.0 (X11; Ubuntu; Linux x86_64; rv:73.0) Gecko/20100101 Firefox/73.0"
192.168.10.190 - - [29/Feb/2020:13:30:19 +0000] "GET /imp/dynamic.php?page=mailbox HTTP/1.1" 200 8747 "http://mail.cup.com/services/portal/" "Mozilla/5.0 (X11; Ubuntu; Linux x86_64; rv:73.0) Gecko/20100101 Firefox/73.0"
192.168.10.190 - - [29/Feb/2020:13:30:20 +0000] "GET /themes/default/graphics/popdown.png HTTP/1.1" 200 458 "http://mail.cup.com/themes/default/screen.css" "Mozilla/5.0 (X11; Ubuntu; Linux x86_64; rv:73.0) Gecko/20100101 Firefox/73.0"
192.168.10.190 - - [29/Feb/2020:13:30:20 +0000] "POST /services/ajax.php/kronolith/listCalendars HTTP/1.1" 200 969 "http://mail.cup.com/kronolith/" "Mozilla/5.0 (X11; Ubuntu; Linux x86_64; rv:73.0) Gecko/20100101 Firefox/73.0"
192.168.10.190 - - [29/Feb/2020:13:30:20 +0000] "GET /imp/themes/default/graphics/reload.png HTTP/1.1" 200 747 "http://mail.cup.com/imp/themes/default/dynamic/screen.css" "Mozilla/5.0 (X11; Ubuntu; Linux x86_64; rv:73.0) Gecko/20100101 Firefox/73.0"
192.168.10.190 - - [29/Feb/2020:13:30:20 +0000] "GET /themes/default/graphics/tablehead-bg.png HTTP/1.1" 200 341 "http://mail.cup.com/themes/default/screen.css" "Mozilla/5.0 (X11; Ubuntu; Linux x86_64; rv:73.0) Gecko/20100101 Firefox/73.0"
192.168.10.190 - - [29/Feb/2020:13:30:20 +0000] "POST /services/ajax.php/imp/dynamicInit HTTP/1.1" 200 1664 "http://mail.cup.com/imp/dynamic.php?page=mailbox" "Mozilla/5.0 (X11; Ubuntu; Linux x86_64; rv:73.0) Gecko/20100101 Firefox/73.0"
192.168.10.190 - - [29/Feb/2020:13:30:20 +0000] "GET /imp/themes/default/graphics/flags/personal.png HTTP/1.1" 200 453 "http://mail.cup.com/imp/themes/default/screen.css" "Mozilla/5.0 (X11; Ubuntu; Linux x86_64; rv:73.0) Gecko/20100101 Firefox/73.0"
192.168.10.190 - - [29/Feb/2020:13:30:20 +0000] "GET /imp/themes/default/graphics/flags/unseen.png HTTP/1.1" 200 474 "http://mail.cup.com/imp/themes/default/screen.css" "Mozilla/5.0 (X11; Ubuntu; Linux x86_64; rv:73.0) Gecko/20100101 Firefox/73.0"
192.168.10.190 - - [29/Feb/2020:13:30:20 +0000] "GET /imp/themes/default/graphics/flags/answered.png HTTP/1.1" 200 400 "http://mail.cup.com/imp/themes/default/screen.css" "Mozilla/5.0 (X11; Ubuntu; Linux x86_64; rv:73.0) Gecko/20100101 Firefox/73.0"
192.168.10.190 - - [29/Feb/2020:13:30:20 +0000] "GET /themes/default/graphics/za.png HTTP/1.1" 200 525 "http://mail.cup.com/themes/default/screen.css" "Mozilla/5.0 (X11; Ubuntu; Linux x86_64; rv:73.0) Gecko/20100101 Firefox/73.0"
192.168.10.190 - - [29/Feb/2020:13:30:20 +0000] "GET /themes/default/graphics/sidebar-active-bg.png HTTP/1.1" 200 380 "http://mail.cup.com/themes/default/screen.css" "Mozilla/5.0 (X11; Ubuntu; Linux x86_64; rv:73.0) Gecko/20100101 Firefox/73.0"
192.168.10.190 - - [29/Feb/2020:13:30:20 +0000] "GET /imp/themes/default/graphics/folders/inbox.png HTTP/1.1" 200 710 "http://mail.cup.com/imp/themes/default/screen.css" "Mozilla/5.0 (X11; Ubuntu; Linux x86_64; rv:73.0) Gecko/20100101 Firefox/73.0"
192.168.10.190 - - [29/Feb/2020:13:30:20 +0000] "POST /services/ajax.php/kronolith/listEvents HTTP/1.1" 200 2013 "http://mail.cup.com/kronolith/" "Mozilla/5.0 (X11; Ubuntu; Linux x86_64; rv:73.0) Gecko/20100101 Firefox/73.0"
192.168.10.190 - - [29/Feb/2020:13:30:20 +0000] "GET /imp/themes/default/graphics/folders/sent.png HTTP/1.1" 200 692 "http://mail.cup.com/imp/themes/default/screen.css" "Mozilla/5.0 (X11; Ubuntu; Linux x86_64; rv:73.0) Gecko/20100101 Firefox/73.0"
192.168.10.190 - - [29/Feb/2020:13:30:20 +0000] "GET /imp/themes/default/graphics/folders/folder.png HTTP/1.1" 200 478 "http://mail.cup.com/imp/themes/default/dynamic/screen.css" "Mozilla/5.0 (X11; Ubuntu; Linux x86_64; rv:73.0) Gecko/20100101 Firefox/73.0"
192.168.10.190 - - [29/Feb/2020:13:30:20 +0000] "GET /imp/themes/default/graphics/folders/trash.png HTTP/1.1" 200 580 "http://mail.cup.com/imp/themes/default/screen.css" "Mozilla/5.0 (X11; Ubuntu; Linux x86_64; rv:73.0) Gecko/20100101 Firefox/73.0"
192.168.10.190 - - [29/Feb/2020:13:30:20 +0000] "GET /imp/themes/default/graphics/folders/plus.png HTTP/1.1" 200 620 "http://mail.cup.com/imp/themes/default/dynamic/screen.css" "Mozilla/5.0 (X11; Ubuntu; Linux x86_64; rv:73.0) Gecko/20100101 Firefox/73.0"
192.168.10.190 - - [29/Feb/2020:13:30:20 +0000] "POST /services/ajax.php/kronolith/listEvents HTTP/1.1" 200 549 "http://mail.cup.com/kronolith/" "Mozilla/5.0 (X11; Ubuntu; Linux x86_64; rv:73.0) Gecko/20100101 Firefox/73.0"
::1 - - [29/Feb/2020:13:30:26 +0000] "OPTIONS * HTTP/1.0" 200 110 "-" "Apache/2.4.25 (Debian) OpenSSL/1.0.2u (internal dummy connection)"
::1 - - [29/Feb/2020:13:30:27 +0000] "OPTIONS * HTTP/1.0" 200 110 "-" "Apache/2.4.25 (Debian) OpenSSL/1.0.2u (internal dummy connection)"
192.168.10.190 - - [29/Feb/2020:13:30:27 +0000] "GET /themes/default/graphics/az.png HTTP/1.1" 200 533 "http://mail.cup.com/themes/default/screen.css" "Mozilla/5.0 (X11; Ubuntu; Linux x86_64; rv:73.0) Gecko/20100101 Firefox/73.0"
192.168.10.190 - - [29/Feb/2020:13:30:27 +0000] "POST /services/ajax.php/kronolith/listTopTags HTTP/1.1" 200 420 "http://mail.cup.com/kronolith/" "Mozilla/5.0 (X11; Ubuntu; Linux x86_64; rv:73.0) Gecko/20100101 Firefox/73.0"
192.168.10.190 - - [29/Feb/2020:13:30:27 +0000] "POST /services/ajax.php/imp/viewPort HTTP/1.1" 200 1028 "http://mail.cup.com/imp/dynamic.php?page=mailbox" "Mozilla/5.0 (X11; Ubuntu; Linux x86_64; rv:73.0) Gecko/20100101 Firefox/73.0"
192.168.10.190 - - [29/Feb/2020:13:30:31 +0000] "GET /imp/themes/default/graphics/checkbox_on.png HTTP/1.1" 200 745 "http://mail.cup.com/imp/themes/default/dynamic/screen.css" "Mozilla/5.0 (X11; Ubuntu; Linux x86_64; rv:73.0) Gecko/20100101 Firefox/73.0"
192.168.10.190 - - [29/Feb/2020:13:30:31 +0000] "GET /imp/themes/default/graphics/flags/personal-inv.png HTTP/1.1" 200 460 "http://mail.cup.com/imp/themes/default/dynamic/screen.css" "Mozilla/5.0 (X11; Ubuntu; Linux x86_64; rv:73.0) Gecko/20100101 Firefox/73.0"
192.168.10.190 - - [29/Feb/2020:13:30:31 +0000] "GET /imp/themes/default/graphics/delete.png HTTP/1.1" 200 581 "http://mail.cup.com/imp/themes/default/dynamic/screen.css" "Mozilla/5.0 (X11; Ubuntu; Linux x86_64; rv:73.0) Gecko/20100101 Firefox/73.0"
192.168.10.190 - - [29/Feb/2020:13:30:31 +0000] "POST /services/ajax.php/imp/showMessage HTTP/1.1" 200 2598 "http://mail.cup.com/imp/dynamic.php?page=mailbox" "Mozilla/5.0 (X11; Ubuntu; Linux x86_64; rv:73.0) Gecko/20100101 Firefox/73.0"
192.168.10.190 - - [29/Feb/2020:13:30:31 +0000] "GET /imp/themes/default/graphics/plus.png HTTP/1.1" 200 753 "http://mail.cup.com/imp/themes/default/dynamic/screen.css" "Mozilla/5.0 (X11; Ubuntu; Linux x86_64; rv:73.0) Gecko/20100101 Firefox/73.0"
::1 - - [29/Feb/2020:13:30:34 +0000] "OPTIONS * HTTP/1.0" 200 110 "-" "Apache/2.4.25 (Debian) OpenSSL/1.0.2u (internal dummy connection)"
192.168.10.190 - - [29/Feb/2020:13:30:34 +0000] "POST /services/ajax.php/imp/deleteMessages HTTP/1.1" 200 553 "http://mail.cup.com/imp/dynamic.php?page=mailbox" "Mozilla/5.0 (X11; Ubuntu; Linux x86_64; rv:73.0) Gecko/20100101 Firefox/73.0"
192.168.10.190 - - [29/Feb/2020:13:30:34 +0000] "GET /imp/themes/default/graphics/flags/deleted.png HTTP/1.1" 200 442 "http://mail.cup.com/imp/themes/default/screen.css" "Mozilla/5.0 (X11; Ubuntu; Linux x86_64; rv:73.0) Gecko/20100101 Firefox/73.0"
::1 - - [29/Feb/2020:13:30:35 +0000] "OPTIONS * HTTP/1.0" 200 110 "-" "Apache/2.4.25 (Debian) OpenSSL/1.0.2u (internal dummy connection)"
::1 - - [29/Feb/2020:13:30:40 +0000] "OPTIONS * HTTP/1.0" 200 110 "-" "Apache/2.4.25 (Debian) OpenSSL/1.0.2u (internal dummy connection)"
192.168.10.4 - - [29/Feb/2020:13:30:43 +0000] "POST /nag/task/save.php HTTP/1.1" 302 412 "http://mail.cup.com/nag/task.php?actionID=add_task" "Mozilla/5.0 (X11; Linux x86_64) AppleWebKit/537.36 (KHTML, like Gecko) Ubuntu Chromium/77.0.3865.90 HeadlessChrome/77.0.3865.90 Safari/537.36"
192.168.10.4 - - [29/Feb/2020:13:30:44 +0000] "GET /nag/list.php HTTP/1.1" 200 8208 "http://mail.cup.com/nag/task.php?actionID=add_task" "Mozilla/5.0 (X11; Linux x86_64) AppleWebKit/537.36 (KHTML, like Gecko) Ubuntu Chromium/77.0.3865.90 HeadlessChrome/77.0.3865.90 Safari/537.36"
192.168.10.190 - - [29/Feb/2020:13:30:51 +0000] "GET /services/portal/ HTTP/1.1" 200 6927 "http://mail.cup.com/nag/list.php" "Mozilla/5.0 (X11; Linux x86_64) AppleWebKit/537.36 (KHTML, like Gecko) Ubuntu Chromium/77.0.3865.90 HeadlessChrome/77.0.3865.90 Safari/537.36"
192.168.10.190 - - [29/Feb/2020:13:30:52 +0000] "POST /services/ajax.php/kronolith/saveEvent HTTP/1.1" 200 646 "http://mail.cup.com/kronolith/" "Mozilla/5.0 (X11; Ubuntu; Linux x86_64; rv:73.0) Gecko/20100101 Firefox/73.0"
192.168.10.190 - - [29/Feb/2020:13:30:54 +0000] "GET /imp/dynamic.php?page=mailbox HTTP/1.1" 200 8746 "http://mail.cup.com/services/portal/" "Mozilla/5.0 (X11; Linux x86_64) AppleWebKit/537.36 (KHTML, like Gecko) Ubuntu Chromium/77.0.3865.90 HeadlessChrome/77.0.3865.90 Safari/537.36"
192.168.10.190 - - [29/Feb/2020:13:30:54 +0000] "POST /services/ajax.php/imp/dynamicInit HTTP/1.1" 200 1758 "http://mail.cup.com/imp/dynamic.php?page=mailbox" "Mozilla/5.0 (X11; Linux x86_64) AppleWebKit/537.36 (KHTML, like Gecko) Ubuntu Chromium/77.0.3865.90 HeadlessChrome/77.0.3865.90 Safari/537.36"
192.168.10.190 - - [29/Feb/2020:13:30:59 +0000] "POST /services/ajax.php/imp/viewPort HTTP/1.1" 200 1129 "http://mail.cup.com/imp/dynamic.php?page=mailbox" "Mozilla/5.0 (X11; Linux x86_64) AppleWebKit/537.36 (KHTML, like Gecko) Ubuntu Chromium/77.0.3865.90 HeadlessChrome/77.0.3865.90 Safari/537.36"
192.168.10.190 - - [29/Feb/2020:13:31:03 +0000] "POST /services/ajax.php/imp/showMessage HTTP/1.1" 200 2682 "http://mail.cup.com/imp/dynamic.php?page=mailbox" "Mozilla/5.0 (X11; Linux x86_64) AppleWebKit/537.36 (KHTML, like Gecko) Ubuntu Chromium/77.0.3865.90 HeadlessChrome/77.0.3865.90 Safari/537.36"
192.168.10.190 - - [29/Feb/2020:13:31:03 +0000] "GET /services/portal/ HTTP/1.1" 200 7136 "http://mail.cup.com/kronolith/" "Mozilla/5.0 (X11; Ubuntu; Linux x86_64; rv:73.0) Gecko/20100101 Firefox/73.0"
192.168.10.190 - - [29/Feb/2020:13:31:07 +0000] "GET /services/portal/ HTTP/1.1" 200 8045 "http://mail.cup.com/imp/dynamic.php?page=mailbox" "Mozilla/5.0 (X11; Ubuntu; Linux x86_64; rv:73.0) Gecko/20100101 Firefox/73.0"
192.168.10.190 - - [29/Feb/2020:13:31:08 +0000] "GET /imp/dynamic.php?page=message&buid=12&mailbox=SU5CT1g&token=DO9phi9jI2YPCvflzreVkks&uniq=1582983068874 HTTP/1.1" 200 7274 "http://mail.cup.com/imp/dynamic.php?page=mailbox" "Mozilla/5.0 (X11; Linux x86_64) AppleWebKit/537.36 (KHTML, like Gecko) Ubuntu Chromium/77.0.3865.90 HeadlessChrome/77.0.3865.90 Safari/537.36"
192.168.10.190 - - [29/Feb/2020:13:31:09 +0000] "GET /nag/ HTTP/1.1" 200 8372 "http://mail.cup.com/services/portal/" "Mozilla/5.0 (X11; Ubuntu; Linux x86_64; rv:73.0) Gecko/20100101 Firefox/73.0"
192.168.10.190 - - [29/Feb/2020:13:31:11 +0000] "POST /services/ajax.php/imp/getReplyData HTTP/1.1" 200 932 "http://mail.cup.com/imp/dynamic.php?page=message&buid=12&mailbox=SU5CT1g&token=DO9phi9jI2YPCvflzreVkks&uniq=1582983068874" "Mozilla/5.0 (X11; Linux x86_64) AppleWebKit/537.36 (KHTML, like Gecko) Ubuntu Chromium/77.0.3865.90 HeadlessChrome/77.0.3865.90 Safari/537.36"
192.168.10.190 - - [29/Feb/2020:13:31:14 +0000] "GET /imp/dynamic.php?page=mailbox HTTP/1.1" 200 8748 "http://mail.cup.com/services/portal/" "Mozilla/5.0 (X11; Ubuntu; Linux x86_64; rv:73.0) Gecko/20100101 Firefox/73.0"
192.168.10.190 - - [29/Feb/2020:13:31:15 +0000] "POST /services/ajax.php/imp/dynamicInit HTTP/1.1" 200 1629 "http://mail.cup.com/imp/dynamic.php?page=mailbox" "Mozilla/5.0 (X11; Ubuntu; Linux x86_64; rv:73.0) Gecko/20100101 Firefox/73.0"
192.168.10.190 - - [29/Feb/2020:13:31:15 +0000] "GET /imp/themes/default/graphics/flags/personal.png HTTP/1.1" 200 453 "http://mail.cup.com/imp/themes/default/screen.css" "Mozilla/5.0 (X11; Ubuntu; Linux x86_64; rv:73.0) Gecko/20100101 Firefox/73.0"
192.168.10.190 - - [29/Feb/2020:13:31:16 +0000] "POST /services/ajax.php/imp/sendMessage HTTP/1.1" 200 611 "http://mail.cup.com/imp/dynamic.php?page=message&buid=12&mailbox=SU5CT1g&token=DO9phi9jI2YPCvflzreVkks&uniq=1582983068874" "Mozilla/5.0 (X11; Linux x86_64) AppleWebKit/537.36 (KHTML, like Gecko) Ubuntu Chromium/77.0.3865.90 HeadlessChrome/77.0.3865.90 Safari/537.36"
192.168.10.4 - - [29/Feb/2020:13:31:19 +0000] "GET /services/portal/ HTTP/1.1" 200 7775 "http://mail.cup.com/nag/list.php" "Mozilla/5.0 (X11; Linux x86_64) AppleWebKit/537.36 (KHTML, like Gecko) Ubuntu Chromium/77.0.3865.90 HeadlessChrome/77.0.3865.90 Safari/537.36"
192.168.10.4 - - [29/Feb/2020:13:31:24 +0000] "GET /nag/ HTTP/1.1" 200 8108 "http://mail.cup.com/services/portal/" "Mozilla/5.0 (X11; Linux x86_64) AppleWebKit/537.36 (KHTML, like Gecko) Ubuntu Chromium/77.0.3865.90 HeadlessChrome/77.0.3865.90 Safari/537.36"
192.168.10.190 - - [29/Feb/2020:13:31:24 +0000] "POST /services/ajax.php/imp/viewPort HTTP/1.1" 200 992 "http://mail.cup.com/imp/dynamic.php?page=mailbox" "Mozilla/5.0 (X11; Ubuntu; Linux x86_64; rv:73.0) Gecko/20100101 Firefox/73.0"
192.168.10.190 - - [29/Feb/2020:13:31:31 +0000] "GET /imp/dynamic.php?page=compose&type=new&token=5sNGy4C11w8Rxstk9A8lTXu&uniq=1582983090717 HTTP/1.1" 200 5529 "http://mail.cup.com/imp/dynamic.php?page=mailbox" "Mozilla/5.0 (X11; Ubuntu; Linux x86_64; rv:73.0) Gecko/20100101 Firefox/73.0"
::1 - - [29/Feb/2020:13:31:39 +0000] "OPTIONS * HTTP/1.0" 200 110 "-" "Apache/2.4.25 (Debian) OpenSSL/1.0.2u (internal dummy connection)"
192.168.10.190 - - [29/Feb/2020:13:31:42 +0000] "POST /services/ajax.php/imp/sendMessage HTTP/1.1" 200 479 "http://mail.cup.com/imp/dynamic.php?page=compose&type=new&token=5sNGy4C11w8Rxstk9A8lTXu&uniq=1582983090717" "Mozilla/5.0 (X11; Ubuntu; Linux x86_64; rv:73.0) Gecko/20100101 Firefox/73.0"
192.168.10.190 - - [29/Feb/2020:13:31:49 +0000] "GET /nag/task.php?actionID=add_task HTTP/1.1" 200 8995 "http://mail.cup.com/nag/" "Mozilla/5.0 (X11; Ubuntu; Linux x86_64; rv:73.0) Gecko/20100101 Firefox/73.0"
192.168.10.190 - - [29/Feb/2020:13:31:52 +0000] "GET /services/portal/ HTTP/1.1" 200 6965 "http://mail.cup.com/imp/dynamic.php?page=mailbox" "Mozilla/5.0 (X11; Linux x86_64) AppleWebKit/537.36 (KHTML, like Gecko) Ubuntu Chromium/77.0.3865.90 HeadlessChrome/77.0.3865.90 Safari/537.36"
192.168.10.190 - - [29/Feb/2020:13:31:55 +0000] "GET /mnemo/ HTTP/1.1" 200 5598 "http://mail.cup.com/services/portal/" "Mozilla/5.0 (X11; Linux x86_64) AppleWebKit/537.36 (KHTML, like Gecko) Ubuntu Chromium/77.0.3865.90 HeadlessChrome/77.0.3865.90 Safari/537.36"
192.168.10.4 - - [29/Feb/2020:13:32:02 +0000] "GET /nag/task.php?tasklist=u3-SVDbFWKDJoedJdADggr5&task=GPEIhuVInCyfh6O4_c9SBG4&actionID=modify_task&have_search&tab_name=1&url=%2Fnag%2F HTTP/1.1" 200 9061 "http://mail.cup.com/nag/" "Mozilla/5.0 (X11; Linux x86_64) AppleWebKit/537.36 (KHTML, like Gecko) Ubuntu Chromium/77.0.3865.90 HeadlessChrome/77.0.3865.90 Safari/537.36"
192.168.10.190 - - [29/Feb/2020:13:32:03 +0000] "POST /services/ajax.php/horde/imple?token=HbHjdXcLijQ4glJD0Dvwigm&app=nag&imple=Nag_Ajax_Imple_TagAutoCompleter&input=tags HTTP/1.1" 200 371 "http://mail.cup.com/nag/task.php?actionID=add_task" "Mozilla/5.0 (X11; Ubuntu; Linux x86_64; rv:73.0) Gecko/20100101 Firefox/73.0"
192.168.10.4 - - [29/Feb/2020:13:32:06 +0000] "POST /nag/task/save.php HTTP/1.1" 302 411 "http://mail.cup.com/nag/task.php?tasklist=u3-SVDbFWKDJoedJdADggr5&task=GPEIhuVInCyfh6O4_c9SBG4&actionID=modify_task&have_search&tab_name=1&url=%2Fnag%2F" "Mozilla/5.0 (X11; Linux x86_64) AppleWebKit/537.36 (KHTML, like Gecko) Ubuntu Chromium/77.0.3865.90 HeadlessChrome/77.0.3865.90 Safari/537.36"
192.168.10.4 - - [29/Feb/2020:13:32:07 +0000] "GET /nag/list.php HTTP/1.1" 200 5326 "http://mail.cup.com/nag/task.php?tasklist=u3-SVDbFWKDJoedJdADggr5&task=GPEIhuVInCyfh6O4_c9SBG4&actionID=modify_task&have_search&tab_name=1&url=%2Fnag%2F" "Mozilla/5.0 (X11; Linux x86_64) AppleWebKit/537.36 (KHTML, like Gecko) Ubuntu Chromium/77.0.3865.90 HeadlessChrome/77.0.3865.90 Safari/537.36"
192.168.10.190 - - [29/Feb/2020:13:32:22 +0000] "GET /services/portal/ HTTP/1.1" 200 8049 "http://mail.cup.com/imp/dynamic.php?page=mailbox" "Mozilla/5.0 (X11; Ubuntu; Linux x86_64; rv:73.0) Gecko/20100101 Firefox/73.0"
192.168.10.190 - - [29/Feb/2020:13:32:25 +0000] "GET /mnemo/ HTTP/1.1" 200 5596 "http://mail.cup.com/services/portal/" "Mozilla/5.0 (X11; Ubuntu; Linux x86_64; rv:73.0) Gecko/20100101 Firefox/73.0"
192.168.10.190 - - [29/Feb/2020:13:32:30 +0000] "GET /mnemo/memo.php?actionID=add_memo HTTP/1.1" 200 5975 "http://mail.cup.com/mnemo/" "Mozilla/5.0 (X11; Linux x86_64) AppleWebKit/537.36 (KHTML, like Gecko) Ubuntu Chromium/77.0.3865.90 HeadlessChrome/77.0.3865.90 Safari/537.36"
192.168.10.190 - - [29/Feb/2020:13:32:34 +0000] "POST /nag/task/save.php HTTP/1.1" 302 412 "http://mail.cup.com/nag/task.php?actionID=add_task" "Mozilla/5.0 (X11; Ubuntu; Linux x86_64; rv:73.0) Gecko/20100101 Firefox/73.0"
192.168.10.190 - - [29/Feb/2020:13:32:34 +0000] "GET /nag/list.php HTTP/1.1" 200 8575 "http://mail.cup.com/nag/task.php?actionID=add_task" "Mozilla/5.0 (X11; Ubuntu; Linux x86_64; rv:73.0) Gecko/20100101 Firefox/73.0"
192.168.10.190 - - [29/Feb/2020:13:32:35 +0000] "POST /services/ajax.php/horde/imple?token=DO9phi9jI2YPCvflzreVkks&app=mnemo&imple=Mnemo_Ajax_Imple_TagAutoCompleter&input=memo_tags HTTP/1.1" 200 371 "http://mail.cup.com/mnemo/memo.php?actionID=add_memo" "Mozilla/5.0 (X11; Linux x86_64) AppleWebKit/537.36 (KHTML, like Gecko) Ubuntu Chromium/77.0.3865.90 HeadlessChrome/77.0.3865.90 Safari/537.36"
192.168.10.190 - - [29/Feb/2020:13:32:37 +0000] "POST /mnemo/memo.php HTTP/1.1" 302 413 "http://mail.cup.com/mnemo/memo.php?actionID=add_memo" "Mozilla/5.0 (X11; Linux x86_64) AppleWebKit/537.36 (KHTML, like Gecko) Ubuntu Chromium/77.0.3865.90 HeadlessChrome/77.0.3865.90 Safari/537.36"
192.168.10.190 - - [29/Feb/2020:13:32:37 +0000] "GET /mnemo/list.php HTTP/1.1" 200 5812 "http://mail.cup.com/mnemo/memo.php?actionID=add_memo" "Mozilla/5.0 (X11; Linux x86_64) AppleWebKit/537.36 (KHTML, like Gecko) Ubuntu Chromium/77.0.3865.90 HeadlessChrome/77.0.3865.90 Safari/537.36"
192.168.10.4 - - [29/Feb/2020:13:32:41 +0000] "GET /services/portal/ HTTP/1.1" 200 6894 "http://mail.cup.com/nag/list.php" "Mozilla/5.0 (X11; Linux x86_64) AppleWebKit/537.36 (KHTML, like Gecko) Ubuntu Chromium/77.0.3865.90 HeadlessChrome/77.0.3865.90 Safari/537.36"
192.168.10.4 - - [29/Feb/2020:13:32:46 +0000] "GET /mnemo/ HTTP/1.1" 200 6708 "http://mail.cup.com/services/portal/" "Mozilla/5.0 (X11; Linux x86_64) AppleWebKit/537.36 (KHTML, like Gecko) Ubuntu Chromium/77.0.3865.90 HeadlessChrome/77.0.3865.90 Safari/537.36"
192.168.10.190 - - [29/Feb/2020:13:33:02 +0000] "GET /mnemo/memo.php?memo=gPtvgAKIv7eryZDZ1dznK0Q&memolist=n7q5eVS5QnBXB8YYtvjk8UQ&actionID=modify_memo HTTP/1.1" 200 6112 "http://mail.cup.com/mnemo/" "Mozilla/5.0 (X11; Ubuntu; Linux x86_64; rv:73.0) Gecko/20100101 Firefox/73.0"
192.168.10.190 - - [29/Feb/2020:13:33:06 +0000] "GET /mnemo/memo.php?memo=gPtvgAKIv7eryZDZ1dznK0Q&memolist=n7q5eVS5QnBXB8YYtvjk8UQ&actionID=delete_memos HTTP/1.1" 302 413 "http://mail.cup.com/mnemo/memo.php?memo=gPtvgAKIv7eryZDZ1dznK0Q&memolist=n7q5eVS5QnBXB8YYtvjk8UQ&actionID=modify_memo" "Mozilla/5.0 (X11; Ubuntu; Linux x86_64; rv:73.0) Gecko/20100101 Firefox/73.0"
192.168.10.190 - - [29/Feb/2020:13:33:06 +0000] "GET /mnemo/list.php HTTP/1.1" 200 5616 "http://mail.cup.com/mnemo/memo.php?memo=gPtvgAKIv7eryZDZ1dznK0Q&memolist=n7q5eVS5QnBXB8YYtvjk8UQ&actionID=modify_memo" "Mozilla/5.0 (X11; Ubuntu; Linux x86_64; rv:73.0) Gecko/20100101 Firefox/73.0"
192.168.10.190 - - [29/Feb/2020:13:33:08 +0000] "GET /services/portal/ HTTP/1.1" 200 7238 "http://mail.cup.com/nag/list.php" "Mozilla/5.0 (X11; Ubuntu; Linux x86_64; rv:73.0) Gecko/20100101 Firefox/73.0"
::1 - - [29/Feb/2020:13:33:09 +0000] "OPTIONS * HTTP/1.0" 200 110 "-" "Apache/2.4.25 (Debian) OpenSSL/1.0.2u (internal dummy connection)"
192.168.10.190 - - [29/Feb/2020:13:33:09 +0000] "GET /services/portal/ HTTP/1.1" 200 7014 "http://mail.cup.com/mnemo/list.php" "Mozilla/5.0 (X11; Linux x86_64) AppleWebKit/537.36 (KHTML, like Gecko) Ubuntu Chromium/77.0.3865.90 HeadlessChrome/77.0.3865.90 Safari/537.36"
192.168.10.190 - - [29/Feb/2020:13:33:11 +0000] "GET /imp/dynamic.php?page=mailbox HTTP/1.1" 200 8744 "http://mail.cup.com/services/portal/" "Mozilla/5.0 (X11; Ubuntu; Linux x86_64; rv:73.0) Gecko/20100101 Firefox/73.0"
192.168.10.190 - - [29/Feb/2020:13:33:12 +0000] "POST /services/ajax.php/imp/dynamicInit HTTP/1.1" 200 1547 "http://mail.cup.com/imp/dynamic.php?page=mailbox" "Mozilla/5.0 (X11; Ubuntu; Linux x86_64; rv:73.0) Gecko/20100101 Firefox/73.0"
192.168.10.190 - - [29/Feb/2020:13:33:12 +0000] "GET /imp/dynamic.php?page=mailbox HTTP/1.1" 200 8746 "http://mail.cup.com/services/portal/" "Mozilla/5.0 (X11; Linux x86_64) AppleWebKit/537.36 (KHTML, like Gecko) Ubuntu Chromium/77.0.3865.90 HeadlessChrome/77.0.3865.90 Safari/537.36"
192.168.10.190 - - [29/Feb/2020:13:33:12 +0000] "POST /services/ajax.php/imp/dynamicInit HTTP/1.1" 200 1777 "http://mail.cup.com/imp/dynamic.php?page=mailbox" "Mozilla/5.0 (X11; Linux x86_64) AppleWebKit/537.36 (KHTML, like Gecko) Ubuntu Chromium/77.0.3865.90 HeadlessChrome/77.0.3865.90 Safari/537.36"
192.168.10.190 - - [29/Feb/2020:13:33:17 +0000] "POST /services/ajax.php/imp/viewPort HTTP/1.1" 200 1121 "http://mail.cup.com/imp/dynamic.php?page=mailbox" "Mozilla/5.0 (X11; Linux x86_64) AppleWebKit/537.36 (KHTML, like Gecko) Ubuntu Chromium/77.0.3865.90 HeadlessChrome/77.0.3865.90 Safari/537.36"
192.168.10.190 - - [29/Feb/2020:13:33:19 +0000] "GET /imp/dynamic.php?page=compose&type=new&token=DO9phi9jI2YPCvflzreVkks&uniq=1582983199641 HTTP/1.1" 200 5527 "http://mail.cup.com/imp/dynamic.php?page=mailbox" "Mozilla/5.0 (X11; Linux x86_64) AppleWebKit/537.36 (KHTML, like Gecko) Ubuntu Chromium/77.0.3865.90 HeadlessChrome/77.0.3865.90 Safari/537.36"
192.168.10.190 - - [29/Feb/2020:13:33:21 +0000] "POST /services/ajax.php/imp/viewPort HTTP/1.1" 200 906 "http://mail.cup.com/imp/dynamic.php?page=mailbox" "Mozilla/5.0 (X11; Ubuntu; Linux x86_64; rv:73.0) Gecko/20100101 Firefox/73.0"
192.168.10.4 - - [29/Feb/2020:13:33:24 +0000] "GET /mnemo/memo.php?actionID=add_memo HTTP/1.1" 200 5974 "http://mail.cup.com/mnemo/" "Mozilla/5.0 (X11; Linux x86_64) AppleWebKit/537.36 (KHTML, like Gecko) Ubuntu Chromium/77.0.3865.90 HeadlessChrome/77.0.3865.90 Safari/537.36"
192.168.10.190 - - [29/Feb/2020:13:33:27 +0000] "POST /services/ajax.php/imp/sendMessage HTTP/1.1" 200 476 "http://mail.cup.com/imp/dynamic.php?page=compose&type=new&token=DO9phi9jI2YPCvflzreVkks&uniq=1582983199641" "Mozilla/5.0 (X11; Linux x86_64) AppleWebKit/537.36 (KHTML, like Gecko) Ubuntu Chromium/77.0.3865.90 HeadlessChrome/77.0.3865.90 Safari/537.36"
::1 - - [29/Feb/2020:13:33:29 +0000] "OPTIONS * HTTP/1.0" 200 110 "-" "Apache/2.4.25 (Debian) OpenSSL/1.0.2u (internal dummy connection)"
192.168.10.4 - - [29/Feb/2020:13:33:35 +0000] "POST /services/ajax.php/horde/imple?token=_kpRmw_4zA3SvmWxVMKF86P&app=mnemo&imple=Mnemo_Ajax_Imple_TagAutoCompleter&input=memo_tags HTTP/1.1" 200 371 "http://mail.cup.com/mnemo/memo.php?actionID=add_memo" "Mozilla/5.0 (X11; Linux x86_64) AppleWebKit/537.36 (KHTML, like Gecko) Ubuntu Chromium/77.0.3865.90 HeadlessChrome/77.0.3865.90 Safari/537.36"
192.168.10.190 - - [29/Feb/2020:13:33:40 +0000] "GET /services/portal/ HTTP/1.1" 200 7971 "http://mail.cup.com/mnemo/list.php" "Mozilla/5.0 (X11; Ubuntu; Linux x86_64; rv:73.0) Gecko/20100101 Firefox/73.0"
192.168.10.4 - - [29/Feb/2020:13:33:40 +0000] "POST /mnemo/memo.php HTTP/1.1" 302 414 "http://mail.cup.com/mnemo/memo.php?actionID=add_memo" "Mozilla/5.0 (X11; Linux x86_64) AppleWebKit/537.36 (KHTML, like Gecko) Ubuntu Chromium/77.0.3865.90 HeadlessChrome/77.0.3865.90 Safari/537.36"
192.168.10.4 - - [29/Feb/2020:13:33:40 +0000] "GET /mnemo/list.php HTTP/1.1" 200 6920 "http://mail.cup.com/mnemo/memo.php?actionID=add_memo" "Mozilla/5.0 (X11; Linux x86_64) AppleWebKit/537.36 (KHTML, like Gecko) Ubuntu Chromium/77.0.3865.90 HeadlessChrome/77.0.3865.90 Safari/537.36"
192.168.10.190 - - [29/Feb/2020:13:33:44 +0000] "GET /kronolith/ HTTP/1.1" 200 24702 "http://mail.cup.com/services/portal/" "Mozilla/5.0 (X11; Ubuntu; Linux x86_64; rv:73.0) Gecko/20100101 Firefox/73.0"
192.168.10.190 - - [29/Feb/2020:13:33:45 +0000] "POST /services/ajax.php/kronolith/listCalendars HTTP/1.1" 200 969 "http://mail.cup.com/kronolith/" "Mozilla/5.0 (X11; Ubuntu; Linux x86_64; rv:73.0) Gecko/20100101 Firefox/73.0"
192.168.10.190 - - [29/Feb/2020:13:33:45 +0000] "POST /services/ajax.php/kronolith/listEvents HTTP/1.1" 200 549 "http://mail.cup.com/kronolith/" "Mozilla/5.0 (X11; Ubuntu; Linux x86_64; rv:73.0) Gecko/20100101 Firefox/73.0"
192.168.10.190 - - [29/Feb/2020:13:33:45 +0000] "POST /services/ajax.php/kronolith/listEvents HTTP/1.1" 200 1137 "http://mail.cup.com/kronolith/" "Mozilla/5.0 (X11; Ubuntu; Linux x86_64; rv:73.0) Gecko/20100101 Firefox/73.0"
::1 - - [29/Feb/2020:13:33:55 +0000] "OPTIONS * HTTP/1.0" 200 110 "-" "Apache/2.4.25 (Debian) OpenSSL/1.0.2u (internal dummy connection)"
192.168.10.190 - - [29/Feb/2020:13:33:56 +0000] "POST /services/ajax.php/kronolith/listTopTags HTTP/1.1" 200 457 "http://mail.cup.com/kronolith/" "Mozilla/5.0 (X11; Ubuntu; Linux x86_64; rv:73.0) Gecko/20100101 Firefox/73.0"
192.168.10.190 - - [29/Feb/2020:13:33:57 +0000] "GET /services/portal/ HTTP/1.1" 200 7201 "http://mail.cup.com/imp/dynamic.php?page=mailbox" "Mozilla/5.0 (X11; Ubuntu; Linux x86_64; rv:73.0) Gecko/20100101 Firefox/73.0"
192.168.10.190 - - [29/Feb/2020:13:34:02 +0000] "GET /services/portal/ HTTP/1.1" 200 7019 "http://mail.cup.com/imp/dynamic.php?page=mailbox" "Mozilla/5.0 (X11; Linux x86_64) AppleWebKit/537.36 (KHTML, like Gecko) Ubuntu Chromium/77.0.3865.90 HeadlessChrome/77.0.3865.90 Safari/537.36"
192.168.10.190 - - [29/Feb/2020:13:34:03 +0000] "GET /nag/ HTTP/1.1" 200 8480 "http://mail.cup.com/services/portal/" "Mozilla/5.0 (X11; Ubuntu; Linux x86_64; rv:73.0) Gecko/20100101 Firefox/73.0"
192.168.10.190 - - [29/Feb/2020:13:34:04 +0000] "GET /imp/dynamic.php?page=mailbox HTTP/1.1" 200 8747 "http://mail.cup.com/services/portal/" "Mozilla/5.0 (X11; Linux x86_64) AppleWebKit/537.36 (KHTML, like Gecko) Ubuntu Chromium/77.0.3865.90 HeadlessChrome/77.0.3865.90 Safari/537.36"
192.168.10.190 - - [29/Feb/2020:13:34:05 +0000] "POST /services/ajax.php/imp/dynamicInit HTTP/1.1" 200 1761 "http://mail.cup.com/imp/dynamic.php?page=mailbox" "Mozilla/5.0 (X11; Linux x86_64) AppleWebKit/537.36 (KHTML, like Gecko) Ubuntu Chromium/77.0.3865.90 HeadlessChrome/77.0.3865.90 Safari/537.36"
192.168.10.190 - - [29/Feb/2020:13:34:09 +0000] "POST /services/ajax.php/imp/viewPort HTTP/1.1" 200 1134 "http://mail.cup.com/imp/dynamic.php?page=mailbox" "Mozilla/5.0 (X11; Linux x86_64) AppleWebKit/537.36 (KHTML, like Gecko) Ubuntu Chromium/77.0.3865.90 HeadlessChrome/77.0.3865.90 Safari/537.36"
192.168.10.190 - - [29/Feb/2020:13:34:12 +0000] "POST /services/ajax.php/imp/showMessage HTTP/1.1" 200 2996 "http://mail.cup.com/imp/dynamic.php?page=mailbox" "Mozilla/5.0 (X11; Linux x86_64) AppleWebKit/537.36 (KHTML, like Gecko) Ubuntu Chromium/77.0.3865.90 HeadlessChrome/77.0.3865.90 Safari/537.36"
192.168.10.190 - - [29/Feb/2020:13:34:14 +0000] "POST /services/ajax.php/imp/deleteMessages HTTP/1.1" 200 549 "http://mail.cup.com/imp/dynamic.php?page=mailbox" "Mozilla/5.0 (X11; Linux x86_64) AppleWebKit/537.36 (KHTML, like Gecko) Ubuntu Chromium/77.0.3865.90 HeadlessChrome/77.0.3865.90 Safari/537.36"
192.168.10.4 - - [29/Feb/2020:13:34:15 +0000] "GET /services/portal/ HTTP/1.1" 200 6974 "http://mail.cup.com/mnemo/list.php" "Mozilla/5.0 (X11; Linux x86_64) AppleWebKit/537.36 (KHTML, like Gecko) Ubuntu Chromium/77.0.3865.90 HeadlessChrome/77.0.3865.90 Safari/537.36"
192.168.10.190 - - [29/Feb/2020:13:34:18 +0000] "POST /services/ajax.php/kronolith/saveEvent HTTP/1.1" 200 651 "http://mail.cup.com/kronolith/" "Mozilla/5.0 (X11; Ubuntu; Linux x86_64; rv:73.0) Gecko/20100101 Firefox/73.0"
192.168.10.4 - - [29/Feb/2020:13:34:21 +0000] "GET /nag/ HTTP/1.1" 200 5219 "http://mail.cup.com/services/portal/" "Mozilla/5.0 (X11; Linux x86_64) AppleWebKit/537.36 (KHTML, like Gecko) Ubuntu Chromium/77.0.3865.90 HeadlessChrome/77.0.3865.90 Safari/537.36"
::1 - - [29/Feb/2020:13:34:23 +0000] "OPTIONS * HTTP/1.0" 200 110 "-" "Apache/2.4.25 (Debian) OpenSSL/1.0.2u (internal dummy connection)"
192.168.10.190 - - [29/Feb/2020:13:34:23 +0000] "GET /services/portal/ HTTP/1.1" 200 7978 "http://mail.cup.com/kronolith/" "Mozilla/5.0 (X11; Ubuntu; Linux x86_64; rv:73.0) Gecko/20100101 Firefox/73.0"
::1 - - [29/Feb/2020:13:34:24 +0000] "OPTIONS * HTTP/1.0" 200 110 "-" "Apache/2.4.25 (Debian) OpenSSL/1.0.2u (internal dummy connection)"
::1 - - [29/Feb/2020:13:34:25 +0000] "OPTIONS * HTTP/1.0" 200 110 "-" "Apache/2.4.25 (Debian) OpenSSL/1.0.2u (internal dummy connection)"
::1 - - [29/Feb/2020:13:34:26 +0000] "OPTIONS * HTTP/1.0" 200 110 "-" "Apache/2.4.25 (Debian) OpenSSL/1.0.2u (internal dummy connection)"
::1 - - [29/Feb/2020:13:34:28 +0000] "OPTIONS * HTTP/1.0" 200 110 "-" "Apache/2.4.25 (Debian) OpenSSL/1.0.2u (internal dummy connection)"
::1 - - [29/Feb/2020:13:34:29 +0000] "OPTIONS * HTTP/1.0" 200 110 "-" "Apache/2.4.25 (Debian) OpenSSL/1.0.2u (internal dummy connection)"
::1 - - [29/Feb/2020:13:34:30 +0000] "OPTIONS * HTTP/1.0" 200 110 "-" "Apache/2.4.25 (Debian) OpenSSL/1.0.2u (internal dummy connection)"
192.168.10.190 - - [29/Feb/2020:13:34:31 +0000] "GET /services/prefs.php?app=horde HTTP/1.1" 200 3656 "http://mail.cup.com/services/portal/" "Mozilla/5.0 (X11; Ubuntu; Linux x86_64; rv:73.0) Gecko/20100101 Firefox/73.0"
192.168.10.190 - - [29/Feb/2020:13:34:35 +0000] "GET /services/prefs.php?app=horde&group=identities HTTP/1.1" 200 4577 "http://mail.cup.com/services/prefs.php?app=horde" "Mozilla/5.0 (X11; Ubuntu; Linux x86_64; rv:73.0) Gecko/20100101 Firefox/73.0"
192.168.10.190 - - [29/Feb/2020:13:34:40 +0000] "POST /services/prefs.php HTTP/1.1" 200 4607 "http://mail.cup.com/services/prefs.php?app=horde&group=identities" "Mozilla/5.0 (X11; Ubuntu; Linux x86_64; rv:73.0) Gecko/20100101 Firefox/73.0"
192.168.10.190 - - [29/Feb/2020:13:34:41 +0000] "GET /nag/task.php?tasklist=Mc3b0molD9QOw1RLSHnvXVd&task=-qO9xlN8bfUgThoEkzLojXZ&actionID=modify_task&have_search&tab_name=1&url=%2Fnag%2F HTTP/1.1" 200 9177 "http://mail.cup.com/nag/" "Mozilla/5.0 (X11; Ubuntu; Linux x86_64; rv:73.0) Gecko/20100101 Firefox/73.0"
192.168.10.190 - - [29/Feb/2020:13:34:44 +0000] "POST /nag/task/save.php HTTP/1.1" 302 411 "http://mail.cup.com/nag/task.php?tasklist=Mc3b0molD9QOw1RLSHnvXVd&task=-qO9xlN8bfUgThoEkzLojXZ&actionID=modify_task&have_search&tab_name=1&url=%2Fnag%2F" "Mozilla/5.0 (X11; Ubuntu; Linux x86_64; rv:73.0) Gecko/20100101 Firefox/73.0"
192.168.10.190 - - [29/Feb/2020:13:34:44 +0000] "GET /nag/list.php HTTP/1.1" 200 8441 "http://mail.cup.com/nag/task.php?tasklist=Mc3b0molD9QOw1RLSHnvXVd&task=-qO9xlN8bfUgThoEkzLojXZ&actionID=modify_task&have_search&tab_name=1&url=%2Fnag%2F" "Mozilla/5.0 (X11; Ubuntu; Linux x86_64; rv:73.0) Gecko/20100101 Firefox/73.0"
192.168.10.190 - - [29/Feb/2020:13:34:46 +0000] "GET /services/portal/ HTTP/1.1" 200 7005 "http://mail.cup.com/imp/dynamic.php?page=mailbox" "Mozilla/5.0 (X11; Linux x86_64) AppleWebKit/537.36 (KHTML, like Gecko) Ubuntu Chromium/77.0.3865.90 HeadlessChrome/77.0.3865.90 Safari/537.36"
192.168.10.190 - - [29/Feb/2020:13:34:49 +0000] "GET /imp/dynamic.php?page=mailbox HTTP/1.1" 200 8744 "http://mail.cup.com/services/portal/" "Mozilla/5.0 (X11; Linux x86_64) AppleWebKit/537.36 (KHTML, like Gecko) Ubuntu Chromium/77.0.3865.90 HeadlessChrome/77.0.3865.90 Safari/537.36"
192.168.10.190 - - [29/Feb/2020:13:34:49 +0000] "POST /services/ajax.php/imp/dynamicInit HTTP/1.1" 200 1753 "http://mail.cup.com/imp/dynamic.php?page=mailbox" "Mozilla/5.0 (X11; Linux x86_64) AppleWebKit/537.36 (KHTML, like Gecko) Ubuntu Chromium/77.0.3865.90 HeadlessChrome/77.0.3865.90 Safari/537.36"
