192.168.10.238 - - [05/Mar/2020:16:20:51 +0000] "GET /services/portal/ HTTP/1.1" 200 9549 "http://mail.cup.com/turba/browse.php" "Mozilla/5.0 (X11; Ubuntu; Linux x86_64; rv:73.0) Gecko/20100101 Firefox/73.0"
192.168.10.190 - - [05/Mar/2020:16:20:55 +0000] "GET /nag/task.php?tasklist=-tuA1UJG7ilRa4A_Y2M_t3c&task=YsDtVee1HtJIoVpGEq6THZr&actionID=modify_task&have_search&tab_name=1&url=%2Fnag%2F HTTP/1.1" 200 9225 "http://mail.cup.com/nag/" "Mozilla/5.0 (X11; Ubuntu; Linux x86_64; rv:73.0) Gecko/20100101 Firefox/73.0"
192.168.10.238 - - [05/Mar/2020:16:20:55 +0000] "GET /nag/ HTTP/1.1" 200 8693 "http://mail.cup.com/services/portal/" "Mozilla/5.0 (X11; Ubuntu; Linux x86_64; rv:73.0) Gecko/20100101 Firefox/73.0"
192.168.10.238 - - [05/Mar/2020:16:20:55 +0000] "GET /services/portal/ HTTP/1.1" 200 10715 "http://mail.cup.com/mnemo/list.php" "Mozilla/5.0 (X11; Ubuntu; Linux x86_64; rv:73.0) Gecko/20100101 Firefox/73.0"
192.168.10.190 - - [05/Mar/2020:16:20:59 +0000] "POST /services/ajax.php/horde/imple?token=ycKORsE-3NyyOptmkc1U3FY&app=nag&imple=Nag_Ajax_Imple_TagAutoCompleter&input=tags HTTP/1.1" 200 376 "http://mail.cup.com/nag/task.php?actionID=add_task" "Mozilla/5.0 (X11; Ubuntu; Linux x86_64; rv:73.0) Gecko/20100101 Firefox/73.0"
192.168.10.238 - - [05/Mar/2020:16:21:00 +0000] "GET /kronolith/ HTTP/1.1" 200 24704 "http://mail.cup.com/services/portal/" "Mozilla/5.0 (X11; Ubuntu; Linux x86_64; rv:73.0) Gecko/20100101 Firefox/73.0"
192.168.10.238 - - [05/Mar/2020:16:21:00 +0000] "POST /services/ajax.php/kronolith/listCalendars HTTP/1.1" 200 969 "http://mail.cup.com/kronolith/" "Mozilla/5.0 (X11; Ubuntu; Linux x86_64; rv:73.0) Gecko/20100101 Firefox/73.0"
192.168.10.190 - - [05/Mar/2020:16:21:00 +0000] "POST /nag/task/save.php HTTP/1.1" 302 412 "http://mail.cup.com/nag/task.php?tasklist=-tuA1UJG7ilRa4A_Y2M_t3c&task=YsDtVee1HtJIoVpGEq6THZr&actionID=modify_task&have_search&tab_name=1&url=%2Fnag%2F" "Mozilla/5.0 (X11; Ubuntu; Linux x86_64; rv:73.0) Gecko/20100101 Firefox/73.0"
192.168.10.190 - - [05/Mar/2020:16:21:00 +0000] "GET /nag/list.php HTTP/1.1" 200 8674 "http://mail.cup.com/nag/task.php?tasklist=-tuA1UJG7ilRa4A_Y2M_t3c&task=YsDtVee1HtJIoVpGEq6THZr&actionID=modify_task&have_search&tab_name=1&url=%2Fnag%2F" "Mozilla/5.0 (X11; Ubuntu; Linux x86_64; rv:73.0) Gecko/20100101 Firefox/73.0"
192.168.10.238 - - [05/Mar/2020:16:21:00 +0000] "POST /services/ajax.php/kronolith/listEvents HTTP/1.1" 200 1227 "http://mail.cup.com/kronolith/" "Mozilla/5.0 (X11; Ubuntu; Linux x86_64; rv:73.0) Gecko/20100101 Firefox/73.0"
192.168.10.238 - - [05/Mar/2020:16:21:00 +0000] "POST /services/ajax.php/kronolith/listEvents HTTP/1.1" 200 548 "http://mail.cup.com/kronolith/" "Mozilla/5.0 (X11; Ubuntu; Linux x86_64; rv:73.0) Gecko/20100101 Firefox/73.0"
192.168.10.238 - - [05/Mar/2020:16:21:07 +0000] "POST /services/ajax.php/kronolith/getEvent HTTP/1.1" 200 675 "http://mail.cup.com/kronolith/" "Mozilla/5.0 (X11; Ubuntu; Linux x86_64; rv:73.0) Gecko/20100101 Firefox/73.0"
192.168.10.238 - - [05/Mar/2020:16:21:07 +0000] "POST /services/ajax.php/kronolith/listTopTags HTTP/1.1" 200 447 "http://mail.cup.com/kronolith/" "Mozilla/5.0 (X11; Ubuntu; Linux x86_64; rv:73.0) Gecko/20100101 Firefox/73.0"
192.168.10.190 - - [05/Mar/2020:16:21:18 +0000] "POST /nag/task/save.php HTTP/1.1" 302 412 "http://mail.cup.com/nag/task.php?actionID=add_task" "Mozilla/5.0 (X11; Ubuntu; Linux x86_64; rv:73.0) Gecko/20100101 Firefox/73.0"
192.168.10.238 - - [05/Mar/2020:16:21:18 +0000] "POST /services/ajax.php/kronolith/deleteEvent HTTP/1.1" 200 536 "http://mail.cup.com/kronolith/" "Mozilla/5.0 (X11; Ubuntu; Linux x86_64; rv:73.0) Gecko/20100101 Firefox/73.0"
192.168.10.190 - - [05/Mar/2020:16:21:18 +0000] "GET /nag/list.php HTTP/1.1" 200 11158 "http://mail.cup.com/nag/task.php?actionID=add_task" "Mozilla/5.0 (X11; Ubuntu; Linux x86_64; rv:73.0) Gecko/20100101 Firefox/73.0"
192.168.10.238 - - [05/Mar/2020:16:21:29 +0000] "GET /services/portal/ HTTP/1.1" 200 10719 "http://mail.cup.com/kronolith/" "Mozilla/5.0 (X11; Ubuntu; Linux x86_64; rv:73.0) Gecko/20100101 Firefox/73.0"
192.168.10.190 - - [05/Mar/2020:16:21:35 +0000] "GET /services/portal/ HTTP/1.1" 200 9304 "http://mail.cup.com/nag/list.php" "Mozilla/5.0 (X11; Ubuntu; Linux x86_64; rv:73.0) Gecko/20100101 Firefox/73.0"
192.168.10.238 - - [05/Mar/2020:16:21:36 +0000] "GET /nag/task.php?tasklist=QenQzj7IndkNvbzcJlsF7sn&task=R0hyGoEgUTMjZA--cTWdfRa&actionID=modify_task&have_search&tab_name=1&url=%2Fnag%2F HTTP/1.1" 200 9239 "http://mail.cup.com/nag/" "Mozilla/5.0 (X11; Ubuntu; Linux x86_64; rv:73.0) Gecko/20100101 Firefox/73.0"
192.168.10.238 - - [05/Mar/2020:16:21:36 +0000] "GET /nag/ HTTP/1.1" 200 10009 "http://mail.cup.com/services/portal/" "Mozilla/5.0 (X11; Ubuntu; Linux x86_64; rv:73.0) Gecko/20100101 Firefox/73.0"
192.168.10.238 - - [05/Mar/2020:16:21:36 +0000] "GET /themes/default/graphics/button-delete.png HTTP/1.1" 200 384 "http://mail.cup.com/themes/default/screen.css" "Mozilla/5.0 (X11; Ubuntu; Linux x86_64; rv:73.0) Gecko/20100101 Firefox/73.0"
192.168.10.190 - - [05/Mar/2020:16:21:41 +0000] "GET /mnemo/ HTTP/1.1" 200 6662 "http://mail.cup.com/services/portal/" "Mozilla/5.0 (X11; Ubuntu; Linux x86_64; rv:73.0) Gecko/20100101 Firefox/73.0"
192.168.10.190 - - [05/Mar/2020:16:21:41 +0000] "GET /mnemo/themes/default/graphics/mnemo.png HTTP/1.1" 200 665 "http://mail.cup.com/mnemo/themes/default/screen.css" "Mozilla/5.0 (X11; Ubuntu; Linux x86_64; rv:73.0) Gecko/20100101 Firefox/73.0"
192.168.10.238 - - [05/Mar/2020:16:21:42 +0000] "POST /nag/task/save.php HTTP/1.1" 302 412 "http://mail.cup.com/nag/task.php?tasklist=QenQzj7IndkNvbzcJlsF7sn&task=R0hyGoEgUTMjZA--cTWdfRa&actionID=modify_task&have_search&tab_name=1&url=%2Fnag%2F" "Mozilla/5.0 (X11; Ubuntu; Linux x86_64; rv:73.0) Gecko/20100101 Firefox/73.0"
192.168.10.238 - - [05/Mar/2020:16:21:42 +0000] "GET /nag/list.php HTTP/1.1" 200 8699 "http://mail.cup.com/nag/task.php?tasklist=QenQzj7IndkNvbzcJlsF7sn&task=R0hyGoEgUTMjZA--cTWdfRa&actionID=modify_task&have_search&tab_name=1&url=%2Fnag%2F" "Mozilla/5.0 (X11; Ubuntu; Linux x86_64; rv:73.0) Gecko/20100101 Firefox/73.0"
192.168.10.190 - - [05/Mar/2020:16:21:51 +0000] "GET /services/portal/ HTTP/1.1" 200 13505 "http://mail.cup.com/nag/list.php" "Mozilla/5.0 (X11; Ubuntu; Linux x86_64; rv:73.0) Gecko/20100101 Firefox/73.0"
192.168.10.190 - - [05/Mar/2020:16:21:55 +0000] "GET /mnemo/ HTTP/1.1" 200 8284 "http://mail.cup.com/services/portal/" "Mozilla/5.0 (X11; Ubuntu; Linux x86_64; rv:73.0) Gecko/20100101 Firefox/73.0"
192.168.10.238 - - [05/Mar/2020:16:22:16 +0000] "GET /nag/task.php?actionID=add_task HTTP/1.1" 200 9456 "http://mail.cup.com/nag/" "Mozilla/5.0 (X11; Ubuntu; Linux x86_64; rv:73.0) Gecko/20100101 Firefox/73.0"
192.168.10.238 - - [05/Mar/2020:16:22:17 +0000] "GET /services/portal/ HTTP/1.1" 200 9490 "http://mail.cup.com/nag/list.php" "Mozilla/5.0 (X11; Ubuntu; Linux x86_64; rv:73.0) Gecko/20100101 Firefox/73.0"
192.168.10.190 - - [05/Mar/2020:16:22:20 +0000] "GET /mnemo/memo.php?memo=dHNZSZpkKGFOHzC_Zros_dc&memolist=n7q5eVS5QnBXB8YYtvjk8UQ&actionID=modify_memo HTTP/1.1" 200 6109 "http://mail.cup.com/mnemo/" "Mozilla/5.0 (X11; Ubuntu; Linux x86_64; rv:73.0) Gecko/20100101 Firefox/73.0"
192.168.10.238 - - [05/Mar/2020:16:22:22 +0000] "GET /mnemo/ HTTP/1.1" 200 6898 "http://mail.cup.com/services/portal/" "Mozilla/5.0 (X11; Ubuntu; Linux x86_64; rv:73.0) Gecko/20100101 Firefox/73.0"
192.168.10.238 - - [05/Mar/2020:16:22:22 +0000] "GET /themes/default/graphics/edit-sidebar-000.png HTTP/1.1" 200 507 "http://mail.cup.com/themes/default/screen.css" "Mozilla/5.0 (X11; Ubuntu; Linux x86_64; rv:73.0) Gecko/20100101 Firefox/73.0"
192.168.10.190 - - [05/Mar/2020:16:22:25 +0000] "GET /mnemo/memo.php?memo=dHNZSZpkKGFOHzC_Zros_dc&memolist=n7q5eVS5QnBXB8YYtvjk8UQ&actionID=delete_memos HTTP/1.1" 302 413 "http://mail.cup.com/mnemo/memo.php?memo=dHNZSZpkKGFOHzC_Zros_dc&memolist=n7q5eVS5QnBXB8YYtvjk8UQ&actionID=modify_memo" "Mozilla/5.0 (X11; Ubuntu; Linux x86_64; rv:73.0) Gecko/20100101 Firefox/73.0"
192.168.10.190 - - [05/Mar/2020:16:22:25 +0000] "GET /mnemo/list.php HTTP/1.1" 200 6684 "http://mail.cup.com/mnemo/memo.php?memo=dHNZSZpkKGFOHzC_Zros_dc&memolist=n7q5eVS5QnBXB8YYtvjk8UQ&actionID=modify_memo" "Mozilla/5.0 (X11; Ubuntu; Linux x86_64; rv:73.0) Gecko/20100101 Firefox/73.0"
192.168.10.190 - - [05/Mar/2020:16:22:30 +0000] "GET /mnemo/memo.php?actionID=add_memo HTTP/1.1" 200 5978 "http://mail.cup.com/mnemo/" "Mozilla/5.0 (X11; Ubuntu; Linux x86_64; rv:73.0) Gecko/20100101 Firefox/73.0"
192.168.10.238 - - [05/Mar/2020:16:22:33 +0000] "POST /services/ajax.php/horde/imple?token=rSt1AuEE_xSMOOsojY-tj1w&app=nag&imple=Nag_Ajax_Imple_TagAutoCompleter&input=tags HTTP/1.1" 200 371 "http://mail.cup.com/nag/task.php?actionID=add_task" "Mozilla/5.0 (X11; Ubuntu; Linux x86_64; rv:73.0) Gecko/20100101 Firefox/73.0"
192.168.10.190 - - [05/Mar/2020:16:22:36 +0000] "POST /services/ajax.php/horde/imple?token=ycKORsE-3NyyOptmkc1U3FY&app=mnemo&imple=Mnemo_Ajax_Imple_TagAutoCompleter&input=memo_tags HTTP/1.1" 200 371 "http://mail.cup.com/mnemo/memo.php?actionID=add_memo" "Mozilla/5.0 (X11; Ubuntu; Linux x86_64; rv:73.0) Gecko/20100101 Firefox/73.0"
192.168.10.190 - - [05/Mar/2020:16:22:38 +0000] "POST /mnemo/memo.php HTTP/1.1" 302 413 "http://mail.cup.com/mnemo/memo.php?actionID=add_memo" "Mozilla/5.0 (X11; Ubuntu; Linux x86_64; rv:73.0) Gecko/20100101 Firefox/73.0"
192.168.10.190 - - [05/Mar/2020:16:22:39 +0000] "GET /mnemo/list.php HTTP/1.1" 200 8515 "http://mail.cup.com/mnemo/memo.php?actionID=add_memo" "Mozilla/5.0 (X11; Ubuntu; Linux x86_64; rv:73.0) Gecko/20100101 Firefox/73.0"
192.168.10.190 - - [05/Mar/2020:16:23:01 +0000] "GET /services/portal/ HTTP/1.1" 200 9232 "http://mail.cup.com/mnemo/list.php" "Mozilla/5.0 (X11; Ubuntu; Linux x86_64; rv:73.0) Gecko/20100101 Firefox/73.0"
192.168.10.238 - - [05/Mar/2020:16:23:01 +0000] "GET /mnemo/memo.php?memo=7QYsEnIQ-UBtsCovzRGK6yH&memolist=U9WHu5t5tMkoCjOBBoU8S36&actionID=modify_memo HTTP/1.1" 200 6123 "http://mail.cup.com/mnemo/" "Mozilla/5.0 (X11; Ubuntu; Linux x86_64; rv:73.0) Gecko/20100101 Firefox/73.0"
192.168.10.238 - - [05/Mar/2020:16:23:02 +0000] "POST /nag/task/save.php HTTP/1.1" 302 412 "http://mail.cup.com/nag/task.php?actionID=add_task" "Mozilla/5.0 (X11; Ubuntu; Linux x86_64; rv:73.0) Gecko/20100101 Firefox/73.0"
192.168.10.238 - - [05/Mar/2020:16:23:03 +0000] "GET /nag/list.php HTTP/1.1" 200 10206 "http://mail.cup.com/nag/task.php?actionID=add_task" "Mozilla/5.0 (X11; Ubuntu; Linux x86_64; rv:73.0) Gecko/20100101 Firefox/73.0"
192.168.10.190 - - [05/Mar/2020:16:23:05 +0000] "GET /imp/dynamic.php?page=mailbox HTTP/1.1" 200 8748 "http://mail.cup.com/services/portal/" "Mozilla/5.0 (X11; Ubuntu; Linux x86_64; rv:73.0) Gecko/20100101 Firefox/73.0"
192.168.10.190 - - [05/Mar/2020:16:23:05 +0000] "POST /services/ajax.php/imp/dynamicInit HTTP/1.1" 200 2171 "http://mail.cup.com/imp/dynamic.php?page=mailbox" "Mozilla/5.0 (X11; Ubuntu; Linux x86_64; rv:73.0) Gecko/20100101 Firefox/73.0"
192.168.10.238 - - [05/Mar/2020:16:23:06 +0000] "GET /mnemo/memo.php?memo=7QYsEnIQ-UBtsCovzRGK6yH&memolist=U9WHu5t5tMkoCjOBBoU8S36&actionID=delete_memos HTTP/1.1" 302 413 "http://mail.cup.com/mnemo/memo.php?memo=7QYsEnIQ-UBtsCovzRGK6yH&memolist=U9WHu5t5tMkoCjOBBoU8S36&actionID=modify_memo" "Mozilla/5.0 (X11; Ubuntu; Linux x86_64; rv:73.0) Gecko/20100101 Firefox/73.0"
192.168.10.238 - - [05/Mar/2020:16:23:06 +0000] "GET /mnemo/list.php HTTP/1.1" 200 6910 "http://mail.cup.com/mnemo/memo.php?memo=7QYsEnIQ-UBtsCovzRGK6yH&memolist=U9WHu5t5tMkoCjOBBoU8S36&actionID=modify_memo" "Mozilla/5.0 (X11; Ubuntu; Linux x86_64; rv:73.0) Gecko/20100101 Firefox/73.0"
192.168.10.190 - - [05/Mar/2020:16:23:12 +0000] "GET /services/portal/ HTTP/1.1" 200 13571 "http://mail.cup.com/mnemo/list.php" "Mozilla/5.0 (X11; Ubuntu; Linux x86_64; rv:73.0) Gecko/20100101 Firefox/73.0"
192.168.10.190 - - [05/Mar/2020:16:23:14 +0000] "GET /nag/ HTTP/1.1" 200 11056 "http://mail.cup.com/services/portal/" "Mozilla/5.0 (X11; Ubuntu; Linux x86_64; rv:73.0) Gecko/20100101 Firefox/73.0"
192.168.10.190 - - [05/Mar/2020:16:23:17 +0000] "POST /services/ajax.php/imp/viewPort HTTP/1.1" 200 1537 "http://mail.cup.com/imp/dynamic.php?page=mailbox" "Mozilla/5.0 (X11; Ubuntu; Linux x86_64; rv:73.0) Gecko/20100101 Firefox/73.0"
192.168.10.190 - - [05/Mar/2020:16:23:23 +0000] "GET /imp/dynamic.php?page=compose&type=new&token=HtiXJ2Ox4zXNaiAHh7Jmlaf&uniq=1583425402851 HTTP/1.1" 200 5530 "http://mail.cup.com/imp/dynamic.php?page=mailbox" "Mozilla/5.0 (X11; Ubuntu; Linux x86_64; rv:73.0) Gecko/20100101 Firefox/73.0"
192.168.10.190 - - [05/Mar/2020:16:23:36 +0000] "POST /services/ajax.php/imp/sendMessage HTTP/1.1" 200 475 "http://mail.cup.com/imp/dynamic.php?page=compose&type=new&token=HtiXJ2Ox4zXNaiAHh7Jmlaf&uniq=1583425402851" "Mozilla/5.0 (X11; Ubuntu; Linux x86_64; rv:73.0) Gecko/20100101 Firefox/73.0"
192.168.10.238 - - [05/Mar/2020:16:23:40 +0000] "GET /services/portal/ HTTP/1.1" 200 10779 "http://mail.cup.com/nag/list.php" "Mozilla/5.0 (X11; Ubuntu; Linux x86_64; rv:73.0) Gecko/20100101 Firefox/73.0"
192.168.10.238 - - [05/Mar/2020:16:23:41 +0000] "GET /services/portal/ HTTP/1.1" 200 9430 "http://mail.cup.com/mnemo/list.php" "Mozilla/5.0 (X11; Ubuntu; Linux x86_64; rv:73.0) Gecko/20100101 Firefox/73.0"
192.168.10.238 - - [05/Mar/2020:16:23:45 +0000] "GET /imp/dynamic.php?page=mailbox HTTP/1.1" 200 8752 "http://mail.cup.com/services/portal/" "Mozilla/5.0 (X11; Ubuntu; Linux x86_64; rv:73.0) Gecko/20100101 Firefox/73.0"
192.168.10.238 - - [05/Mar/2020:16:23:46 +0000] "GET /themes/default/graphics/popdown.png HTTP/1.1" 200 458 "http://mail.cup.com/themes/default/screen.css" "Mozilla/5.0 (X11; Ubuntu; Linux x86_64; rv:73.0) Gecko/20100101 Firefox/73.0"
192.168.10.238 - - [05/Mar/2020:16:23:46 +0000] "GET /themes/default/graphics/buttonbar-bg.png HTTP/1.1" 200 375 "http://mail.cup.com/themes/default/screen.css" "Mozilla/5.0 (X11; Ubuntu; Linux x86_64; rv:73.0) Gecko/20100101 Firefox/73.0"
192.168.10.238 - - [05/Mar/2020:16:23:46 +0000] "POST /services/ajax.php/imp/dynamicInit HTTP/1.1" 200 2143 "http://mail.cup.com/imp/dynamic.php?page=mailbox" "Mozilla/5.0 (X11; Ubuntu; Linux x86_64; rv:73.0) Gecko/20100101 Firefox/73.0"
192.168.10.238 - - [05/Mar/2020:16:23:47 +0000] "GET /nag/ HTTP/1.1" 200 10102 "http://mail.cup.com/services/portal/" "Mozilla/5.0 (X11; Ubuntu; Linux x86_64; rv:73.0) Gecko/20100101 Firefox/73.0"
192.168.10.190 - - [05/Mar/2020:16:23:51 +0000] "GET /nag/task.php?tasklist=EJYTwUW1bvTW_IlYqx2Qf6_&task=NPRcthh76bosMmhgP5ptJ6J&actionID=modify_task&have_search&tab_name=1&url=%2Fnag%2F HTTP/1.1" 200 9924 "http://mail.cup.com/nag/" "Mozilla/5.0 (X11; Ubuntu; Linux x86_64; rv:73.0) Gecko/20100101 Firefox/73.0"
192.168.10.190 - - [05/Mar/2020:16:23:54 +0000] "POST /nag/task/save.php HTTP/1.1" 302 411 "http://mail.cup.com/nag/task.php?tasklist=EJYTwUW1bvTW_IlYqx2Qf6_&task=NPRcthh76bosMmhgP5ptJ6J&actionID=modify_task&have_search&tab_name=1&url=%2Fnag%2F" "Mozilla/5.0 (X11; Ubuntu; Linux x86_64; rv:73.0) Gecko/20100101 Firefox/73.0"
192.168.10.190 - - [05/Mar/2020:16:23:54 +0000] "GET /nag/list.php HTTP/1.1" 200 11066 "http://mail.cup.com/nag/task.php?tasklist=EJYTwUW1bvTW_IlYqx2Qf6_&task=NPRcthh76bosMmhgP5ptJ6J&actionID=modify_task&have_search&tab_name=1&url=%2Fnag%2F" "Mozilla/5.0 (X11; Ubuntu; Linux x86_64; rv:73.0) Gecko/20100101 Firefox/73.0"
192.168.10.238 - - [05/Mar/2020:16:23:55 +0000] "POST /services/ajax.php/imp/viewPort HTTP/1.1" 200 1486 "http://mail.cup.com/imp/dynamic.php?page=mailbox" "Mozilla/5.0 (X11; Ubuntu; Linux x86_64; rv:73.0) Gecko/20100101 Firefox/73.0"
192.168.10.238 - - [05/Mar/2020:16:23:59 +0000] "POST /services/ajax.php/imp/showMessage HTTP/1.1" 200 2439 "http://mail.cup.com/imp/dynamic.php?page=mailbox" "Mozilla/5.0 (X11; Ubuntu; Linux x86_64; rv:73.0) Gecko/20100101 Firefox/73.0"
192.168.10.238 - - [05/Mar/2020:16:24:03 +0000] "POST /services/ajax.php/imp/deleteMessages HTTP/1.1" 200 558 "http://mail.cup.com/imp/dynamic.php?page=mailbox" "Mozilla/5.0 (X11; Ubuntu; Linux x86_64; rv:73.0) Gecko/20100101 Firefox/73.0"
192.168.10.190 - - [05/Mar/2020:16:24:15 +0000] "GET /services/portal/ HTTP/1.1" 200 9206 "http://mail.cup.com/imp/dynamic.php?page=mailbox" "Mozilla/5.0 (X11; Ubuntu; Linux x86_64; rv:73.0) Gecko/20100101 Firefox/73.0"
192.168.10.190 - - [05/Mar/2020:16:24:22 +0000] "GET /nag/ HTTP/1.1" 200 8568 "http://mail.cup.com/services/portal/" "Mozilla/5.0 (X11; Ubuntu; Linux x86_64; rv:73.0) Gecko/20100101 Firefox/73.0"
192.168.10.238 - - [05/Mar/2020:16:24:27 +0000] "GET /nag/task.php?tasklist=l1089rmnpjD-BTleJyT7h0u&task=J8GYzOevPuts0SJGSgipvmj&actionID=modify_task&have_search&tab_name=1&url=%2Fnag%2F HTTP/1.1" 200 9626 "http://mail.cup.com/nag/" "Mozilla/5.0 (X11; Ubuntu; Linux x86_64; rv:73.0) Gecko/20100101 Firefox/73.0"
192.168.10.190 - - [05/Mar/2020:16:24:27 +0000] "GET /services/portal/ HTTP/1.1" 200 13504 "http://mail.cup.com/nag/list.php" "Mozilla/5.0 (X11; Ubuntu; Linux x86_64; rv:73.0) Gecko/20100101 Firefox/73.0"
192.168.10.238 - - [05/Mar/2020:16:24:30 +0000] "POST /nag/task/save.php HTTP/1.1" 302 411 "http://mail.cup.com/nag/task.php?tasklist=l1089rmnpjD-BTleJyT7h0u&task=J8GYzOevPuts0SJGSgipvmj&actionID=modify_task&have_search&tab_name=1&url=%2Fnag%2F" "Mozilla/5.0 (X11; Ubuntu; Linux x86_64; rv:73.0) Gecko/20100101 Firefox/73.0"
192.168.10.238 - - [05/Mar/2020:16:24:30 +0000] "GET /nag/list.php HTTP/1.1" 200 10127 "http://mail.cup.com/nag/task.php?tasklist=l1089rmnpjD-BTleJyT7h0u&task=J8GYzOevPuts0SJGSgipvmj&actionID=modify_task&have_search&tab_name=1&url=%2Fnag%2F" "Mozilla/5.0 (X11; Ubuntu; Linux x86_64; rv:73.0) Gecko/20100101 Firefox/73.0"
192.168.10.190 - - [05/Mar/2020:16:24:31 +0000] "GET /nag/ HTTP/1.1" 200 10956 "http://mail.cup.com/services/portal/" "Mozilla/5.0 (X11; Ubuntu; Linux x86_64; rv:73.0) Gecko/20100101 Firefox/73.0"
192.168.10.238 - - [05/Mar/2020:16:24:37 +0000] "GET /services/portal/ HTTP/1.1" 200 9408 "http://mail.cup.com/imp/dynamic.php?page=mailbox" "Mozilla/5.0 (X11; Ubuntu; Linux x86_64; rv:73.0) Gecko/20100101 Firefox/73.0"
192.168.10.190 - - [05/Mar/2020:16:25:01 +0000] "GET /nag/task.php?actionID=add_task HTTP/1.1" 200 9052 "http://mail.cup.com/nag/" "Mozilla/5.0 (X11; Ubuntu; Linux x86_64; rv:73.0) Gecko/20100101 Firefox/73.0"
192.168.10.190 - - [05/Mar/2020:16:25:06 +0000] "GET /nag/task.php?tasklist=EJYTwUW1bvTW_IlYqx2Qf6_&task=mvNRcaHAuVY-vvCsHxYs0Db&actionID=modify_task&have_search&tab_name=1&url=%2Fnag%2F HTTP/1.1" 200 9895 "http://mail.cup.com/nag/" "Mozilla/5.0 (X11; Ubuntu; Linux x86_64; rv:73.0) Gecko/20100101 Firefox/73.0"
192.168.10.238 - - [05/Mar/2020:16:25:07 +0000] "GET /services/portal/ HTTP/1.1" 200 10710 "http://mail.cup.com/nag/list.php" "Mozilla/5.0 (X11; Ubuntu; Linux x86_64; rv:73.0) Gecko/20100101 Firefox/73.0"
192.168.10.190 - - [05/Mar/2020:16:25:10 +0000] "POST /nag/task/save.php HTTP/1.1" 302 411 "http://mail.cup.com/nag/task.php?tasklist=EJYTwUW1bvTW_IlYqx2Qf6_&task=mvNRcaHAuVY-vvCsHxYs0Db&actionID=modify_task&have_search&tab_name=1&url=%2Fnag%2F" "Mozilla/5.0 (X11; Ubuntu; Linux x86_64; rv:73.0) Gecko/20100101 Firefox/73.0"
192.168.10.190 - - [05/Mar/2020:16:25:10 +0000] "GET /nag/list.php HTTP/1.1" 200 10976 "http://mail.cup.com/nag/task.php?tasklist=EJYTwUW1bvTW_IlYqx2Qf6_&task=mvNRcaHAuVY-vvCsHxYs0Db&actionID=modify_task&have_search&tab_name=1&url=%2Fnag%2F" "Mozilla/5.0 (X11; Ubuntu; Linux x86_64; rv:73.0) Gecko/20100101 Firefox/73.0"
192.168.10.238 - - [05/Mar/2020:16:25:11 +0000] "GET /services/portal/ HTTP/1.1" 200 9406 "http://mail.cup.com/services/portal/" "Mozilla/5.0 (X11; Ubuntu; Linux x86_64; rv:73.0) Gecko/20100101 Firefox/73.0"
192.168.10.238 - - [05/Mar/2020:16:25:12 +0000] "GET /imp/dynamic.php?page=mailbox HTTP/1.1" 200 8749 "http://mail.cup.com/services/portal/" "Mozilla/5.0 (X11; Ubuntu; Linux x86_64; rv:73.0) Gecko/20100101 Firefox/73.0"
192.168.10.238 - - [05/Mar/2020:16:25:13 +0000] "POST /services/ajax.php/imp/dynamicInit HTTP/1.1" 200 1552 "http://mail.cup.com/imp/dynamic.php?page=mailbox" "Mozilla/5.0 (X11; Ubuntu; Linux x86_64; rv:73.0) Gecko/20100101 Firefox/73.0"
192.168.10.190 - - [05/Mar/2020:16:25:14 +0000] "POST /services/ajax.php/horde/imple?token=HtiXJ2Ox4zXNaiAHh7Jmlaf&app=nag&imple=Nag_Ajax_Imple_TagAutoCompleter&input=tags HTTP/1.1" 200 371 "http://mail.cup.com/nag/task.php?actionID=add_task" "Mozilla/5.0 (X11; Ubuntu; Linux x86_64; rv:73.0) Gecko/20100101 Firefox/73.0"
192.168.10.238 - - [05/Mar/2020:16:25:16 +0000] "GET /imp/dynamic.php?page=mailbox HTTP/1.1" 200 8750 "http://mail.cup.com/services/portal/" "Mozilla/5.0 (X11; Ubuntu; Linux x86_64; rv:73.0) Gecko/20100101 Firefox/73.0"
192.168.10.238 - - [05/Mar/2020:16:25:16 +0000] "POST /services/ajax.php/imp/dynamicInit HTTP/1.1" 200 2129 "http://mail.cup.com/imp/dynamic.php?page=mailbox" "Mozilla/5.0 (X11; Ubuntu; Linux x86_64; rv:73.0) Gecko/20100101 Firefox/73.0"
192.168.10.238 - - [05/Mar/2020:16:25:24 +0000] "POST /services/ajax.php/imp/viewPort HTTP/1.1" 200 924 "http://mail.cup.com/imp/dynamic.php?page=mailbox" "Mozilla/5.0 (X11; Ubuntu; Linux x86_64; rv:73.0) Gecko/20100101 Firefox/73.0"
192.168.10.238 - - [05/Mar/2020:16:25:26 +0000] "POST /services/ajax.php/imp/viewPort HTTP/1.1" 200 1462 "http://mail.cup.com/imp/dynamic.php?page=mailbox" "Mozilla/5.0 (X11; Ubuntu; Linux x86_64; rv:73.0) Gecko/20100101 Firefox/73.0"
192.168.10.238 - - [05/Mar/2020:16:25:29 +0000] "GET /imp/dynamic.php?page=compose&type=new&token=rSt1AuEE_xSMOOsojY-tj1w&uniq=1583425529606 HTTP/1.1" 200 5537 "http://mail.cup.com/imp/dynamic.php?page=mailbox" "Mozilla/5.0 (X11; Ubuntu; Linux x86_64; rv:73.0) Gecko/20100101 Firefox/73.0"
192.168.10.238 - - [05/Mar/2020:16:25:31 +0000] "GET /imp/themes/default/graphics/flags/answered-inv.png HTTP/1.1" 200 405 "http://mail.cup.com/imp/themes/default/dynamic/screen.css" "Mozilla/5.0 (X11; Ubuntu; Linux x86_64; rv:73.0) Gecko/20100101 Firefox/73.0"
192.168.10.238 - - [05/Mar/2020:16:25:31 +0000] "POST /services/ajax.php/imp/showMessage HTTP/1.1" 200 2669 "http://mail.cup.com/imp/dynamic.php?page=mailbox" "Mozilla/5.0 (X11; Ubuntu; Linux x86_64; rv:73.0) Gecko/20100101 Firefox/73.0"
192.168.10.238 - - [05/Mar/2020:16:25:35 +0000] "POST /services/ajax.php/imp/deleteMessages HTTP/1.1" 200 556 "http://mail.cup.com/imp/dynamic.php?page=mailbox" "Mozilla/5.0 (X11; Ubuntu; Linux x86_64; rv:73.0) Gecko/20100101 Firefox/73.0"
192.168.10.238 - - [05/Mar/2020:16:25:36 +0000] "POST /services/ajax.php/imp/addAttachment?jsonhtml=1&token=rSt1AuEE_xSMOOsojY-tj1w HTTP/1.1" 200 1217 "http://mail.cup.com/imp/dynamic.php?page=compose&type=new&token=rSt1AuEE_xSMOOsojY-tj1w&uniq=1583425529606" "Mozilla/5.0 (X11; Ubuntu; Linux x86_64; rv:73.0) Gecko/20100101 Firefox/73.0"
192.168.10.190 - - [05/Mar/2020:16:25:37 +0000] "POST /nag/task/save.php HTTP/1.1" 302 412 "http://mail.cup.com/nag/task.php?actionID=add_task" "Mozilla/5.0 (X11; Ubuntu; Linux x86_64; rv:73.0) Gecko/20100101 Firefox/73.0"
192.168.10.190 - - [05/Mar/2020:16:25:37 +0000] "GET /nag/list.php HTTP/1.1" 200 8775 "http://mail.cup.com/nag/task.php?actionID=add_task" "Mozilla/5.0 (X11; Ubuntu; Linux x86_64; rv:73.0) Gecko/20100101 Firefox/73.0"
192.168.10.190 - - [05/Mar/2020:16:25:44 +0000] "GET /services/portal/ HTTP/1.1" 200 13459 "http://mail.cup.com/nag/list.php" "Mozilla/5.0 (X11; Ubuntu; Linux x86_64; rv:73.0) Gecko/20100101 Firefox/73.0"
192.168.10.238 - - [05/Mar/2020:16:25:46 +0000] "POST /services/ajax.php/imp/sendMessage HTTP/1.1" 200 481 "http://mail.cup.com/imp/dynamic.php?page=compose&type=new&token=rSt1AuEE_xSMOOsojY-tj1w&uniq=1583425529606" "Mozilla/5.0 (X11; Ubuntu; Linux x86_64; rv:73.0) Gecko/20100101 Firefox/73.0"
192.168.10.190 - - [05/Mar/2020:16:25:46 +0000] "GET /mnemo/ HTTP/1.1" 200 8368 "http://mail.cup.com/services/portal/" "Mozilla/5.0 (X11; Ubuntu; Linux x86_64; rv:73.0) Gecko/20100101 Firefox/73.0"
192.168.10.238 - - [05/Mar/2020:16:26:09 +0000] "GET /services/portal/ HTTP/1.1" 200 9416 "http://mail.cup.com/imp/dynamic.php?page=mailbox" "Mozilla/5.0 (X11; Ubuntu; Linux x86_64; rv:73.0) Gecko/20100101 Firefox/73.0"
192.168.10.190 - - [05/Mar/2020:16:26:10 +0000] "GET /services/portal/ HTTP/1.1" 200 9282 "http://mail.cup.com/nag/list.php" "Mozilla/5.0 (X11; Ubuntu; Linux x86_64; rv:73.0) Gecko/20100101 Firefox/73.0"
192.168.10.238 - - [05/Mar/2020:16:26:14 +0000] "GET /imp/dynamic.php?page=mailbox HTTP/1.1" 200 8753 "http://mail.cup.com/services/portal/" "Mozilla/5.0 (X11; Ubuntu; Linux x86_64; rv:73.0) Gecko/20100101 Firefox/73.0"
192.168.10.238 - - [05/Mar/2020:16:26:14 +0000] "POST /services/ajax.php/imp/dynamicInit HTTP/1.1" 200 2095 "http://mail.cup.com/imp/dynamic.php?page=mailbox" "Mozilla/5.0 (X11; Ubuntu; Linux x86_64; rv:73.0) Gecko/20100101 Firefox/73.0"
192.168.10.190 - - [05/Mar/2020:16:26:16 +0000] "GET /kronolith/ HTTP/1.1" 200 24701 "http://mail.cup.com/services/portal/" "Mozilla/5.0 (X11; Ubuntu; Linux x86_64; rv:73.0) Gecko/20100101 Firefox/73.0"
192.168.10.190 - - [05/Mar/2020:16:26:16 +0000] "POST /services/ajax.php/kronolith/listCalendars HTTP/1.1" 200 968 "http://mail.cup.com/kronolith/" "Mozilla/5.0 (X11; Ubuntu; Linux x86_64; rv:73.0) Gecko/20100101 Firefox/73.0"
192.168.10.190 - - [05/Mar/2020:16:26:16 +0000] "POST /services/ajax.php/kronolith/listEvents HTTP/1.1" 200 1832 "http://mail.cup.com/kronolith/" "Mozilla/5.0 (X11; Ubuntu; Linux x86_64; rv:73.0) Gecko/20100101 Firefox/73.0"
192.168.10.190 - - [05/Mar/2020:16:26:16 +0000] "POST /services/ajax.php/kronolith/listEvents HTTP/1.1" 200 549 "http://mail.cup.com/kronolith/" "Mozilla/5.0 (X11; Ubuntu; Linux x86_64; rv:73.0) Gecko/20100101 Firefox/73.0"
192.168.10.190 - - [05/Mar/2020:16:26:22 +0000] "POST /services/ajax.php/kronolith/listTopTags HTTP/1.1" 200 448 "http://mail.cup.com/kronolith/" "Mozilla/5.0 (X11; Ubuntu; Linux x86_64; rv:73.0) Gecko/20100101 Firefox/73.0"
192.168.10.238 - - [05/Mar/2020:16:26:23 +0000] "POST /services/ajax.php/imp/viewPort HTTP/1.1" 200 1444 "http://mail.cup.com/imp/dynamic.php?page=mailbox" "Mozilla/5.0 (X11; Ubuntu; Linux x86_64; rv:73.0) Gecko/20100101 Firefox/73.0"
192.168.10.190 - - [05/Mar/2020:16:26:23 +0000] "GET /mnemo/memo.php?memo=MOrrdeyC4GnhtXkjb6Lt9IQ&memolist=i22fq_SWRHE9Sqv8_OqUkun&actionID=modify_memo HTTP/1.1" 200 6100 "http://mail.cup.com/mnemo/" "Mozilla/5.0 (X11; Ubuntu; Linux x86_64; rv:73.0) Gecko/20100101 Firefox/73.0"
192.168.10.190 - - [05/Mar/2020:16:26:26 +0000] "GET /mnemo/memo.php?memo=MOrrdeyC4GnhtXkjb6Lt9IQ&memolist=i22fq_SWRHE9Sqv8_OqUkun&actionID=delete_memos HTTP/1.1" 302 413 "http://mail.cup.com/mnemo/memo.php?memo=MOrrdeyC4GnhtXkjb6Lt9IQ&memolist=i22fq_SWRHE9Sqv8_OqUkun&actionID=modify_memo" "Mozilla/5.0 (X11; Ubuntu; Linux x86_64; rv:73.0) Gecko/20100101 Firefox/73.0"
192.168.10.190 - - [05/Mar/2020:16:26:26 +0000] "GET /mnemo/list.php HTTP/1.1" 200 8405 "http://mail.cup.com/mnemo/memo.php?memo=MOrrdeyC4GnhtXkjb6Lt9IQ&memolist=i22fq_SWRHE9Sqv8_OqUkun&actionID=modify_memo" "Mozilla/5.0 (X11; Ubuntu; Linux x86_64; rv:73.0) Gecko/20100101 Firefox/73.0"
192.168.10.238 - - [05/Mar/2020:16:26:27 +0000] "POST /services/ajax.php/imp/showMessage HTTP/1.1" 200 2642 "http://mail.cup.com/imp/dynamic.php?page=mailbox" "Mozilla/5.0 (X11; Ubuntu; Linux x86_64; rv:73.0) Gecko/20100101 Firefox/73.0"
192.168.10.238 - - [05/Mar/2020:16:26:27 +0000] "GET /services/portal/ HTTP/1.1" 200 10715 "http://mail.cup.com/imp/dynamic.php?page=mailbox" "Mozilla/5.0 (X11; Ubuntu; Linux x86_64; rv:73.0) Gecko/20100101 Firefox/73.0"
192.168.10.238 - - [05/Mar/2020:16:26:29 +0000] "POST /services/ajax.php/imp/deleteMessages HTTP/1.1" 200 557 "http://mail.cup.com/imp/dynamic.php?page=mailbox" "Mozilla/5.0 (X11; Ubuntu; Linux x86_64; rv:73.0) Gecko/20100101 Firefox/73.0"
192.168.10.238 - - [05/Mar/2020:16:26:30 +0000] "GET /mnemo/ HTTP/1.1" 200 7453 "http://mail.cup.com/services/portal/" "Mozilla/5.0 (X11; Ubuntu; Linux x86_64; rv:73.0) Gecko/20100101 Firefox/73.0"
::1 - - [05/Mar/2020:16:26:36 +0000] "OPTIONS * HTTP/1.0" 200 110 "-" "Apache/2.4.25 (Debian) OpenSSL/1.0.2u (internal dummy connection)"
192.168.10.190 - - [05/Mar/2020:16:26:47 +0000] "POST /services/ajax.php/kronolith/saveEvent HTTP/1.1" 200 650 "http://mail.cup.com/kronolith/" "Mozilla/5.0 (X11; Ubuntu; Linux x86_64; rv:73.0) Gecko/20100101 Firefox/73.0"
192.168.10.190 - - [05/Mar/2020:16:26:55 +0000] "GET /services/portal/ HTTP/1.1" 200 9317 "http://mail.cup.com/kronolith/" "Mozilla/5.0 (X11; Ubuntu; Linux x86_64; rv:73.0) Gecko/20100101 Firefox/73.0"
192.168.10.190 - - [05/Mar/2020:16:26:59 +0000] "GET /imp/dynamic.php?page=mailbox HTTP/1.1" 200 8748 "http://mail.cup.com/services/portal/" "Mozilla/5.0 (X11; Ubuntu; Linux x86_64; rv:73.0) Gecko/20100101 Firefox/73.0"
192.168.10.190 - - [05/Mar/2020:16:26:59 +0000] "POST /services/ajax.php/imp/dynamicInit HTTP/1.1" 200 2208 "http://mail.cup.com/imp/dynamic.php?page=mailbox" "Mozilla/5.0 (X11; Ubuntu; Linux x86_64; rv:73.0) Gecko/20100101 Firefox/73.0"
192.168.10.190 - - [05/Mar/2020:16:27:00 +0000] "GET /services/portal/ HTTP/1.1" 200 13390 "http://mail.cup.com/mnemo/list.php" "Mozilla/5.0 (X11; Ubuntu; Linux x86_64; rv:73.0) Gecko/20100101 Firefox/73.0"
192.168.10.190 - - [05/Mar/2020:16:27:03 +0000] "GET /imp/dynamic.php?page=mailbox HTTP/1.1" 200 8751 "http://mail.cup.com/services/portal/" "Mozilla/5.0 (X11; Ubuntu; Linux x86_64; rv:73.0) Gecko/20100101 Firefox/73.0"
192.168.10.190 - - [05/Mar/2020:16:27:04 +0000] "POST /services/ajax.php/imp/dynamicInit HTTP/1.1" 200 1537 "http://mail.cup.com/imp/dynamic.php?page=mailbox" "Mozilla/5.0 (X11; Ubuntu; Linux x86_64; rv:73.0) Gecko/20100101 Firefox/73.0"
192.168.10.190 - - [05/Mar/2020:16:27:05 +0000] "POST /services/ajax.php/imp/viewPort HTTP/1.1" 200 1509 "http://mail.cup.com/imp/dynamic.php?page=mailbox" "Mozilla/5.0 (X11; Ubuntu; Linux x86_64; rv:73.0) Gecko/20100101 Firefox/73.0"
192.168.10.238 - - [05/Mar/2020:16:27:05 +0000] "GET /services/portal/ HTTP/1.1" 200 9406 "http://mail.cup.com/imp/dynamic.php?page=mailbox" "Mozilla/5.0 (X11; Ubuntu; Linux x86_64; rv:73.0) Gecko/20100101 Firefox/73.0"
192.168.10.238 - - [05/Mar/2020:16:27:05 +0000] "GET /mnemo/memo.php?memo=YhYp01WTYWH06iKp_h9ZRIX&memolist=So-amNOMh4MOnmspgFMMWA8&actionID=modify_memo HTTP/1.1" 200 6114 "http://mail.cup.com/mnemo/" "Mozilla/5.0 (X11; Ubuntu; Linux x86_64; rv:73.0) Gecko/20100101 Firefox/73.0"
192.168.10.190 - - [05/Mar/2020:16:27:07 +0000] "GET /imp/themes/default/graphics/checkbox_on.png HTTP/1.1" 200 745 "http://mail.cup.com/imp/themes/default/dynamic/screen.css" "Mozilla/5.0 (X11; Ubuntu; Linux x86_64; rv:73.0) Gecko/20100101 Firefox/73.0"
192.168.10.190 - - [05/Mar/2020:16:27:07 +0000] "GET /imp/themes/default/graphics/flags/unseen-inv.png HTTP/1.1" 200 481 "http://mail.cup.com/imp/themes/default/dynamic/screen.css" "Mozilla/5.0 (X11; Ubuntu; Linux x86_64; rv:73.0) Gecko/20100101 Firefox/73.0"
192.168.10.190 - - [05/Mar/2020:16:27:07 +0000] "POST /services/ajax.php/imp/showMessage HTTP/1.1" 200 2709 "http://mail.cup.com/imp/dynamic.php?page=mailbox" "Mozilla/5.0 (X11; Ubuntu; Linux x86_64; rv:73.0) Gecko/20100101 Firefox/73.0"
192.168.10.190 - - [05/Mar/2020:16:27:08 +0000] "POST /services/ajax.php/imp/viewPort HTTP/1.1" 200 906 "http://mail.cup.com/imp/dynamic.php?page=mailbox" "Mozilla/5.0 (X11; Ubuntu; Linux x86_64; rv:73.0) Gecko/20100101 Firefox/73.0"
192.168.10.238 - - [05/Mar/2020:16:27:09 +0000] "GET /mnemo/memo.php?memo=YhYp01WTYWH06iKp_h9ZRIX&memolist=So-amNOMh4MOnmspgFMMWA8&actionID=delete_memos HTTP/1.1" 302 413 "http://mail.cup.com/mnemo/memo.php?memo=YhYp01WTYWH06iKp_h9ZRIX&memolist=So-amNOMh4MOnmspgFMMWA8&actionID=modify_memo" "Mozilla/5.0 (X11; Ubuntu; Linux x86_64; rv:73.0) Gecko/20100101 Firefox/73.0"
192.168.10.238 - - [05/Mar/2020:16:27:09 +0000] "GET /mnemo/list.php HTTP/1.1" 200 7459 "http://mail.cup.com/mnemo/memo.php?memo=YhYp01WTYWH06iKp_h9ZRIX&memolist=So-amNOMh4MOnmspgFMMWA8&actionID=modify_memo" "Mozilla/5.0 (X11; Ubuntu; Linux x86_64; rv:73.0) Gecko/20100101 Firefox/73.0"
192.168.10.190 - - [05/Mar/2020:16:27:11 +0000] "GET /imp/dynamic.php?page=compose&type=new&token=ycKORsE-3NyyOptmkc1U3FY&uniq=1583425631490 HTTP/1.1" 200 5525 "http://mail.cup.com/imp/dynamic.php?page=mailbox" "Mozilla/5.0 (X11; Ubuntu; Linux x86_64; rv:73.0) Gecko/20100101 Firefox/73.0"
192.168.10.190 - - [05/Mar/2020:16:27:12 +0000] "POST /services/ajax.php/imp/deleteMessages HTTP/1.1" 200 558 "http://mail.cup.com/imp/dynamic.php?page=mailbox" "Mozilla/5.0 (X11; Ubuntu; Linux x86_64; rv:73.0) Gecko/20100101 Firefox/73.0"
192.168.10.190 - - [05/Mar/2020:16:27:20 +0000] "POST /services/ajax.php/imp/sendMessage HTTP/1.1" 200 478 "http://mail.cup.com/imp/dynamic.php?page=compose&type=new&token=ycKORsE-3NyyOptmkc1U3FY&uniq=1583425631490" "Mozilla/5.0 (X11; Ubuntu; Linux x86_64; rv:73.0) Gecko/20100101 Firefox/73.0"
192.168.10.238 - - [05/Mar/2020:16:27:40 +0000] "GET /services/portal/ HTTP/1.1" 200 9406 "http://mail.cup.com/services/portal/" "Mozilla/5.0 (X11; Ubuntu; Linux x86_64; rv:73.0) Gecko/20100101 Firefox/73.0"
192.168.10.238 - - [05/Mar/2020:16:27:45 +0000] "GET /services/portal/ HTTP/1.1" 200 10636 "http://mail.cup.com/mnemo/list.php" "Mozilla/5.0 (X11; Ubuntu; Linux x86_64; rv:73.0) Gecko/20100101 Firefox/73.0"
192.168.10.238 - - [05/Mar/2020:16:27:45 +0000] "GET /imp/dynamic.php?page=mailbox HTTP/1.1" 200 8751 "http://mail.cup.com/services/portal/" "Mozilla/5.0 (X11; Ubuntu; Linux x86_64; rv:73.0) Gecko/20100101 Firefox/73.0"
192.168.10.238 - - [05/Mar/2020:16:27:46 +0000] "POST /services/ajax.php/imp/dynamicInit HTTP/1.1" 200 2082 "http://mail.cup.com/imp/dynamic.php?page=mailbox" "Mozilla/5.0 (X11; Ubuntu; Linux x86_64; rv:73.0) Gecko/20100101 Firefox/73.0"
192.168.10.190 - - [05/Mar/2020:16:27:48 +0000] "GET /services/portal/ HTTP/1.1" 200 9281 "http://mail.cup.com/imp/dynamic.php?page=mailbox" "Mozilla/5.0 (X11; Ubuntu; Linux x86_64; rv:73.0) Gecko/20100101 Firefox/73.0"
192.168.10.238 - - [05/Mar/2020:16:27:50 +0000] "GET /kronolith/ HTTP/1.1" 200 24706 "http://mail.cup.com/services/portal/" "Mozilla/5.0 (X11; Ubuntu; Linux x86_64; rv:73.0) Gecko/20100101 Firefox/73.0"
192.168.10.238 - - [05/Mar/2020:16:27:50 +0000] "POST /services/ajax.php/kronolith/listCalendars HTTP/1.1" 200 969 "http://mail.cup.com/kronolith/" "Mozilla/5.0 (X11; Ubuntu; Linux x86_64; rv:73.0) Gecko/20100101 Firefox/73.0"
192.168.10.238 - - [05/Mar/2020:16:27:50 +0000] "POST /services/ajax.php/kronolith/listEvents HTTP/1.1" 200 548 "http://mail.cup.com/kronolith/" "Mozilla/5.0 (X11; Ubuntu; Linux x86_64; rv:73.0) Gecko/20100101 Firefox/73.0"
192.168.10.238 - - [05/Mar/2020:16:27:50 +0000] "POST /services/ajax.php/kronolith/listEvents HTTP/1.1" 200 1131 "http://mail.cup.com/kronolith/" "Mozilla/5.0 (X11; Ubuntu; Linux x86_64; rv:73.0) Gecko/20100101 Firefox/73.0"
192.168.10.238 - - [05/Mar/2020:16:27:54 +0000] "POST /services/ajax.php/imp/viewPort HTTP/1.1" 200 1413 "http://mail.cup.com/imp/dynamic.php?page=mailbox" "Mozilla/5.0 (X11; Ubuntu; Linux x86_64; rv:73.0) Gecko/20100101 Firefox/73.0"
192.168.10.190 - - [05/Mar/2020:16:27:55 +0000] "GET /nag/ HTTP/1.1" 200 8678 "http://mail.cup.com/services/portal/" "Mozilla/5.0 (X11; Ubuntu; Linux x86_64; rv:73.0) Gecko/20100101 Firefox/73.0"
192.168.10.190 - - [05/Mar/2020:16:27:55 +0000] "GET /services/portal/ HTTP/1.1" 200 13385 "http://mail.cup.com/imp/dynamic.php?page=mailbox" "Mozilla/5.0 (X11; Ubuntu; Linux x86_64; rv:73.0) Gecko/20100101 Firefox/73.0"
192.168.10.190 - - [05/Mar/2020:16:27:58 +0000] "GET /kronolith/ HTTP/1.1" 200 24703 "http://mail.cup.com/services/portal/" "Mozilla/5.0 (X11; Ubuntu; Linux x86_64; rv:73.0) Gecko/20100101 Firefox/73.0"
192.168.10.190 - - [05/Mar/2020:16:27:58 +0000] "POST /services/ajax.php/kronolith/listCalendars HTTP/1.1" 200 963 "http://mail.cup.com/kronolith/" "Mozilla/5.0 (X11; Ubuntu; Linux x86_64; rv:73.0) Gecko/20100101 Firefox/73.0"
192.168.10.190 - - [05/Mar/2020:16:27:59 +0000] "POST /services/ajax.php/kronolith/listEvents HTTP/1.1" 200 1487 "http://mail.cup.com/kronolith/" "Mozilla/5.0 (X11; Ubuntu; Linux x86_64; rv:73.0) Gecko/20100101 Firefox/73.0"
192.168.10.190 - - [05/Mar/2020:16:27:59 +0000] "POST /services/ajax.php/kronolith/listEvents HTTP/1.1" 200 549 "http://mail.cup.com/kronolith/" "Mozilla/5.0 (X11; Ubuntu; Linux x86_64; rv:73.0) Gecko/20100101 Firefox/73.0"
192.168.10.200 - - [05/Mar/2020:16:27:59 +0000] "GET /login.php HTTP/1.1" 200 2532 "-" "Mozilla/5.0 (X11; Ubuntu; Linux x86_64; rv:73.0) Gecko/20100101 Firefox/73.0"
192.168.10.238 - - [05/Mar/2020:16:27:59 +0000] "GET /imp/dynamic.php?page=compose&type=new&token=9zT4LjGEO0NctPfeQ4T5zX1&uniq=1583425679479 HTTP/1.1" 200 5534 "http://mail.cup.com/imp/dynamic.php?page=mailbox" "Mozilla/5.0 (X11; Ubuntu; Linux x86_64; rv:73.0) Gecko/20100101 Firefox/73.0"
192.168.10.238 - - [05/Mar/2020:16:28:00 +0000] "GET /imp/themes/default/graphics/close.png HTTP/1.1" 200 757 "http://mail.cup.com/imp/themes/default/screen.css" "Mozilla/5.0 (X11; Ubuntu; Linux x86_64; rv:73.0) Gecko/20100101 Firefox/73.0"
192.168.10.190 - - [05/Mar/2020:16:28:03 +0000] "POST /services/ajax.php/kronolith/listTopTags HTTP/1.1" 200 442 "http://mail.cup.com/kronolith/" "Mozilla/5.0 (X11; Ubuntu; Linux x86_64; rv:73.0) Gecko/20100101 Firefox/73.0"
192.168.10.200 - - [05/Mar/2020:16:28:09 +0000] "POST /login.php HTTP/1.1" 302 601 "http://mail.cup.com/login.php" "Mozilla/5.0 (X11; Ubuntu; Linux x86_64; rv:73.0) Gecko/20100101 Firefox/73.0"
192.168.10.200 - - [05/Mar/2020:16:28:09 +0000] "GET /services/portal/ HTTP/1.1" 200 8258 "http://mail.cup.com/login.php" "Mozilla/5.0 (X11; Ubuntu; Linux x86_64; rv:73.0) Gecko/20100101 Firefox/73.0"
192.168.10.200 - - [05/Mar/2020:16:28:14 +0000] "GET /nag/ HTTP/1.1" 200 5229 "http://mail.cup.com/services/portal/" "Mozilla/5.0 (X11; Ubuntu; Linux x86_64; rv:73.0) Gecko/20100101 Firefox/73.0"
192.168.10.238 - - [05/Mar/2020:16:28:13 +0000] "POST /services/ajax.php/imp/sendMessage HTTP/1.1" 200 481 "http://mail.cup.com/imp/dynamic.php?page=compose&type=new&token=9zT4LjGEO0NctPfeQ4T5zX1&uniq=1583425679479" "Mozilla/5.0 (X11; Ubuntu; Linux x86_64; rv:73.0) Gecko/20100101 Firefox/73.0"
192.168.10.200 - - [05/Mar/2020:16:28:14 +0000] "GET /themes/default/graphics/navi-right-active.png HTTP/1.1" 200 428 "http://mail.cup.com/themes/default/screen.css" "Mozilla/5.0 (X11; Ubuntu; Linux x86_64; rv:73.0) Gecko/20100101 Firefox/73.0"
192.168.10.200 - - [05/Mar/2020:16:28:14 +0000] "GET /themes/default/graphics/data.png HTTP/1.1" 200 654 "http://mail.cup.com/themes/default/screen.css" "Mozilla/5.0 (X11; Ubuntu; Linux x86_64; rv:73.0) Gecko/20100101 Firefox/73.0"
192.168.10.190 - - [05/Mar/2020:16:28:20 +0000] "POST /services/ajax.php/kronolith/saveEvent HTTP/1.1" 200 645 "http://mail.cup.com/kronolith/" "Mozilla/5.0 (X11; Ubuntu; Linux x86_64; rv:73.0) Gecko/20100101 Firefox/73.0"
192.168.10.190 - - [05/Mar/2020:16:28:25 +0000] "GET /services/portal/ HTTP/1.1" 200 13395 "http://mail.cup.com/kronolith/" "Mozilla/5.0 (X11; Ubuntu; Linux x86_64; rv:73.0) Gecko/20100101 Firefox/73.0"
192.168.10.190 - - [05/Mar/2020:16:28:28 +0000] "GET /nag/ HTTP/1.1" 200 10867 "http://mail.cup.com/services/portal/" "Mozilla/5.0 (X11; Ubuntu; Linux x86_64; rv:73.0) Gecko/20100101 Firefox/73.0"
192.168.10.190 - - [05/Mar/2020:16:28:36 +0000] "GET /nag/task.php?tasklist=-tuA1UJG7ilRa4A_Y2M_t3c&task=yGl5zPV_ZX083cQM0TucX5r&actionID=modify_task&have_search&tab_name=1&url=%2Fnag%2F HTTP/1.1" 200 9218 "http://mail.cup.com/nag/" "Mozilla/5.0 (X11; Ubuntu; Linux x86_64; rv:73.0) Gecko/20100101 Firefox/73.0"
192.168.10.238 - - [05/Mar/2020:16:28:37 +0000] "GET /services/portal/ HTTP/1.1" 200 10636 "http://mail.cup.com/kronolith/" "Mozilla/5.0 (X11; Ubuntu; Linux x86_64; rv:73.0) Gecko/20100101 Firefox/73.0"
192.168.10.190 - - [05/Mar/2020:16:28:39 +0000] "POST /nag/task/save.php HTTP/1.1" 302 411 "http://mail.cup.com/nag/task.php?tasklist=-tuA1UJG7ilRa4A_Y2M_t3c&task=yGl5zPV_ZX083cQM0TucX5r&actionID=modify_task&have_search&tab_name=1&url=%2Fnag%2F" "Mozilla/5.0 (X11; Ubuntu; Linux x86_64; rv:73.0) Gecko/20100101 Firefox/73.0"
192.168.10.190 - - [05/Mar/2020:16:28:40 +0000] "GET /nag/list.php HTTP/1.1" 200 8681 "http://mail.cup.com/nag/task.php?tasklist=-tuA1UJG7ilRa4A_Y2M_t3c&task=yGl5zPV_ZX083cQM0TucX5r&actionID=modify_task&have_search&tab_name=1&url=%2Fnag%2F" "Mozilla/5.0 (X11; Ubuntu; Linux x86_64; rv:73.0) Gecko/20100101 Firefox/73.0"
192.168.10.238 - - [05/Mar/2020:16:28:52 +0000] "GET /services/portal/ HTTP/1.1" 200 9403 "http://mail.cup.com/imp/dynamic.php?page=mailbox" "Mozilla/5.0 (X11; Ubuntu; Linux x86_64; rv:73.0) Gecko/20100101 Firefox/73.0"
192.168.10.200 - - [05/Mar/2020:16:28:53 +0000] "GET /nag/task.php?actionID=add_task HTTP/1.1" 200 8901 "http://mail.cup.com/nag/" "Mozilla/5.0 (X11; Ubuntu; Linux x86_64; rv:73.0) Gecko/20100101 Firefox/73.0"
192.168.10.238 - - [05/Mar/2020:16:28:56 +0000] "GET /nag/ HTTP/1.1" 200 8595 "http://mail.cup.com/services/portal/" "Mozilla/5.0 (X11; Ubuntu; Linux x86_64; rv:73.0) Gecko/20100101 Firefox/73.0"
192.168.10.238 - - [05/Mar/2020:16:28:56 +0000] "GET /themes/default/graphics/tab.png HTTP/1.1" 200 375 "http://mail.cup.com/themes/default/screen.css" "Mozilla/5.0 (X11; Ubuntu; Linux x86_64; rv:73.0) Gecko/20100101 Firefox/73.0"
192.168.10.190 - - [05/Mar/2020:16:29:04 +0000] "GET /nag/task.php?tasklist=EJYTwUW1bvTW_IlYqx2Qf6_&task=47GymyAYJQ1oueJIb0qphUk&actionID=modify_task&have_search&tab_name=1&url=%2Fnag%2F HTTP/1.1" 200 9871 "http://mail.cup.com/nag/" "Mozilla/5.0 (X11; Ubuntu; Linux x86_64; rv:73.0) Gecko/20100101 Firefox/73.0"
192.168.10.200 - - [05/Mar/2020:16:29:07 +0000] "POST /services/ajax.php/horde/imple?token=Opf-USdhnF5oWGiY2q4QgK-&app=nag&imple=Nag_Ajax_Imple_TagAutoCompleter&input=tags HTTP/1.1" 200 371 "http://mail.cup.com/nag/task.php?actionID=add_task" "Mozilla/5.0 (X11; Ubuntu; Linux x86_64; rv:73.0) Gecko/20100101 Firefox/73.0"
192.168.10.190 - - [05/Mar/2020:16:29:07 +0000] "POST /nag/task/save.php HTTP/1.1" 302 411 "http://mail.cup.com/nag/task.php?tasklist=EJYTwUW1bvTW_IlYqx2Qf6_&task=47GymyAYJQ1oueJIb0qphUk&actionID=modify_task&have_search&tab_name=1&url=%2Fnag%2F" "Mozilla/5.0 (X11; Ubuntu; Linux x86_64; rv:73.0) Gecko/20100101 Firefox/73.0"
192.168.10.190 - - [05/Mar/2020:16:29:07 +0000] "GET /nag/list.php HTTP/1.1" 200 10907 "http://mail.cup.com/nag/task.php?tasklist=EJYTwUW1bvTW_IlYqx2Qf6_&task=47GymyAYJQ1oueJIb0qphUk&actionID=modify_task&have_search&tab_name=1&url=%2Fnag%2F" "Mozilla/5.0 (X11; Ubuntu; Linux x86_64; rv:73.0) Gecko/20100101 Firefox/73.0"
192.168.10.238 - - [05/Mar/2020:16:29:12 +0000] "GET /services/portal/ HTTP/1.1" 200 10639 "http://mail.cup.com/services/portal/" "Mozilla/5.0 (X11; Ubuntu; Linux x86_64; rv:73.0) Gecko/20100101 Firefox/73.0"
192.168.10.190 - - [05/Mar/2020:16:29:16 +0000] "GET /services/portal/ HTTP/1.1" 200 9212 "http://mail.cup.com/nag/list.php" "Mozilla/5.0 (X11; Ubuntu; Linux x86_64; rv:73.0) Gecko/20100101 Firefox/73.0"
192.168.10.238 - - [05/Mar/2020:16:29:18 +0000] "GET /imp/dynamic.php?page=mailbox HTTP/1.1" 200 8750 "http://mail.cup.com/services/portal/" "Mozilla/5.0 (X11; Ubuntu; Linux x86_64; rv:73.0) Gecko/20100101 Firefox/73.0"
192.168.10.238 - - [05/Mar/2020:16:29:18 +0000] "POST /services/ajax.php/imp/dynamicInit HTTP/1.1" 200 1552 "http://mail.cup.com/imp/dynamic.php?page=mailbox" "Mozilla/5.0 (X11; Ubuntu; Linux x86_64; rv:73.0) Gecko/20100101 Firefox/73.0"
192.168.10.190 - - [05/Mar/2020:16:29:21 +0000] "GET /imp/dynamic.php?page=mailbox HTTP/1.1" 200 8748 "http://mail.cup.com/services/portal/" "Mozilla/5.0 (X11; Ubuntu; Linux x86_64; rv:73.0) Gecko/20100101 Firefox/73.0"
192.168.10.190 - - [05/Mar/2020:16:29:21 +0000] "POST /services/ajax.php/imp/dynamicInit HTTP/1.1" 200 2146 "http://mail.cup.com/imp/dynamic.php?page=mailbox" "Mozilla/5.0 (X11; Ubuntu; Linux x86_64; rv:73.0) Gecko/20100101 Firefox/73.0"
192.168.10.238 - - [05/Mar/2020:16:29:28 +0000] "POST /services/ajax.php/imp/viewPort HTTP/1.1" 200 919 "http://mail.cup.com/imp/dynamic.php?page=mailbox" "Mozilla/5.0 (X11; Ubuntu; Linux x86_64; rv:73.0) Gecko/20100101 Firefox/73.0"
192.168.10.190 - - [05/Mar/2020:16:29:30 +0000] "POST /services/ajax.php/imp/viewPort HTTP/1.1" 200 1515 "http://mail.cup.com/imp/dynamic.php?page=mailbox" "Mozilla/5.0 (X11; Ubuntu; Linux x86_64; rv:73.0) Gecko/20100101 Firefox/73.0"
192.168.10.200 - - [05/Mar/2020:16:29:31 +0000] "POST /nag/task/save.php HTTP/1.1" 302 412 "http://mail.cup.com/nag/task.php?actionID=add_task" "Mozilla/5.0 (X11; Ubuntu; Linux x86_64; rv:73.0) Gecko/20100101 Firefox/73.0"
192.168.10.200 - - [05/Mar/2020:16:29:32 +0000] "GET /nag/list.php HTTP/1.1" 200 8209 "http://mail.cup.com/nag/task.php?actionID=add_task" "Mozilla/5.0 (X11; Ubuntu; Linux x86_64; rv:73.0) Gecko/20100101 Firefox/73.0"
192.168.10.238 - - [05/Mar/2020:16:29:36 +0000] "GET /nag/task.php?actionID=add_task HTTP/1.1" 200 9063 "http://mail.cup.com/nag/" "Mozilla/5.0 (X11; Ubuntu; Linux x86_64; rv:73.0) Gecko/20100101 Firefox/73.0"
192.168.10.190 - - [05/Mar/2020:16:29:39 +0000] "POST /services/ajax.php/imp/showMessage HTTP/1.1" 200 3867 "http://mail.cup.com/imp/dynamic.php?page=mailbox" "Mozilla/5.0 (X11; Ubuntu; Linux x86_64; rv:73.0) Gecko/20100101 Firefox/73.0"
192.168.10.238 - - [05/Mar/2020:16:29:39 +0000] "POST /services/ajax.php/imp/showMessage HTTP/1.1" 200 2971 "http://mail.cup.com/imp/dynamic.php?page=mailbox" "Mozilla/5.0 (X11; Ubuntu; Linux x86_64; rv:73.0) Gecko/20100101 Firefox/73.0"
192.168.10.190 - - [05/Mar/2020:16:29:41 +0000] "GET /services/portal/ HTTP/1.1" 200 13342 "http://mail.cup.com/nag/list.php" "Mozilla/5.0 (X11; Ubuntu; Linux x86_64; rv:73.0) Gecko/20100101 Firefox/73.0"
192.168.10.190 - - [05/Mar/2020:16:29:42 +0000] "GET /imp/themes/default/graphics/newwin.png HTTP/1.1" 200 584 "http://mail.cup.com/imp/themes/default/dynamic/screen.css" "Mozilla/5.0 (X11; Ubuntu; Linux x86_64; rv:73.0) Gecko/20100101 Firefox/73.0"
192.168.10.190 - - [05/Mar/2020:16:29:44 +0000] "GET /imp/dynamic.php?page=mailbox HTTP/1.1" 200 8750 "http://mail.cup.com/services/portal/" "Mozilla/5.0 (X11; Ubuntu; Linux x86_64; rv:73.0) Gecko/20100101 Firefox/73.0"
192.168.10.190 - - [05/Mar/2020:16:29:44 +0000] "POST /services/ajax.php/imp/dynamicInit HTTP/1.1" 200 1539 "http://mail.cup.com/imp/dynamic.php?page=mailbox" "Mozilla/5.0 (X11; Ubuntu; Linux x86_64; rv:73.0) Gecko/20100101 Firefox/73.0"
192.168.10.190 - - [05/Mar/2020:16:29:47 +0000] "GET /imp/dynamic.php?page=message&buid=189&mailbox=SU5CT1g&token=HtiXJ2Ox4zXNaiAHh7Jmlaf&uniq=1583425787208 HTTP/1.1" 200 7886 "http://mail.cup.com/imp/dynamic.php?page=mailbox" "Mozilla/5.0 (X11; Ubuntu; Linux x86_64; rv:73.0) Gecko/20100101 Firefox/73.0"
192.168.10.238 - - [05/Mar/2020:16:29:48 +0000] "GET /imp/dynamic.php?page=message&buid=89&mailbox=SU5CT1g&token=rSt1AuEE_xSMOOsojY-tj1w&uniq=1583425788538 HTTP/1.1" 200 7924 "http://mail.cup.com/imp/dynamic.php?page=mailbox" "Mozilla/5.0 (X11; Ubuntu; Linux x86_64; rv:73.0) Gecko/20100101 Firefox/73.0"
192.168.10.190 - - [05/Mar/2020:16:29:50 +0000] "POST /services/ajax.php/imp/viewPort HTTP/1.1" 200 908 "http://mail.cup.com/imp/dynamic.php?page=mailbox" "Mozilla/5.0 (X11; Ubuntu; Linux x86_64; rv:73.0) Gecko/20100101 Firefox/73.0"
192.168.10.190 - - [05/Mar/2020:16:29:50 +0000] "POST /services/ajax.php/imp/getReplyData HTTP/1.1" 200 1308 "http://mail.cup.com/imp/dynamic.php?page=message&buid=189&mailbox=SU5CT1g&token=HtiXJ2Ox4zXNaiAHh7Jmlaf&uniq=1583425787208" "Mozilla/5.0 (X11; Ubuntu; Linux x86_64; rv:73.0) Gecko/20100101 Firefox/73.0"
192.168.10.190 - - [05/Mar/2020:16:29:50 +0000] "GET /imp/themes/default/graphics/delete-small.png HTTP/1.1" 200 391 "http://mail.cup.com/imp/dynamic.php?page=message&buid=189&mailbox=SU5CT1g&token=HtiXJ2Ox4zXNaiAHh7Jmlaf&uniq=1583425787208" "Mozilla/5.0 (X11; Ubuntu; Linux x86_64; rv:73.0) Gecko/20100101 Firefox/73.0"
192.168.10.238 - - [05/Mar/2020:16:29:50 +0000] "POST /services/ajax.php/horde/imple?token=9zT4LjGEO0NctPfeQ4T5zX1&app=nag&imple=Nag_Ajax_Imple_TagAutoCompleter&input=tags HTTP/1.1" 200 371 "http://mail.cup.com/nag/task.php?actionID=add_task" "Mozilla/5.0 (X11; Ubuntu; Linux x86_64; rv:73.0) Gecko/20100101 Firefox/73.0"
192.168.10.190 - - [05/Mar/2020:16:29:54 +0000] "POST /services/ajax.php/imp/showMessage HTTP/1.1" 200 2263 "http://mail.cup.com/imp/dynamic.php?page=mailbox" "Mozilla/5.0 (X11; Ubuntu; Linux x86_64; rv:73.0) Gecko/20100101 Firefox/73.0"
192.168.10.238 - - [05/Mar/2020:16:29:55 +0000] "POST /services/ajax.php/imp/getReplyData HTTP/1.1" 200 1314 "http://mail.cup.com/imp/dynamic.php?page=message&buid=89&mailbox=SU5CT1g&token=rSt1AuEE_xSMOOsojY-tj1w&uniq=1583425788538" "Mozilla/5.0 (X11; Ubuntu; Linux x86_64; rv:73.0) Gecko/20100101 Firefox/73.0"
192.168.10.190 - - [05/Mar/2020:16:30:01 +0000] "GET /imp/dynamic.php?page=message&buid=134&mailbox=SU5CT1g&token=ycKORsE-3NyyOptmkc1U3FY&uniq=1583425800945 HTTP/1.1" 200 7653 "http://mail.cup.com/imp/dynamic.php?page=mailbox" "Mozilla/5.0 (X11; Ubuntu; Linux x86_64; rv:73.0) Gecko/20100101 Firefox/73.0"
192.168.10.190 - - [05/Mar/2020:16:30:04 +0000] "POST /services/ajax.php/imp/getReplyData HTTP/1.1" 200 1102 "http://mail.cup.com/imp/dynamic.php?page=message&buid=134&mailbox=SU5CT1g&token=ycKORsE-3NyyOptmkc1U3FY&uniq=1583425800945" "Mozilla/5.0 (X11; Ubuntu; Linux x86_64; rv:73.0) Gecko/20100101 Firefox/73.0"
192.168.10.238 - - [05/Mar/2020:16:30:03 +0000] "POST /services/ajax.php/imp/sendMessage HTTP/1.1" 200 638 "http://mail.cup.com/imp/dynamic.php?page=message&buid=89&mailbox=SU5CT1g&token=rSt1AuEE_xSMOOsojY-tj1w&uniq=1583425788538" "Mozilla/5.0 (X11; Ubuntu; Linux x86_64; rv:73.0) Gecko/20100101 Firefox/73.0"
192.168.10.200 - - [05/Mar/2020:16:30:06 +0000] "GET /services/portal/ HTTP/1.1" 200 8997 "http://mail.cup.com/nag/list.php" "Mozilla/5.0 (X11; Ubuntu; Linux x86_64; rv:73.0) Gecko/20100101 Firefox/73.0"
