192.168.10.238 - - [03/Mar/2020:13:20:13 +0000] "GET /imp/dynamic.php?page=message&buid=22&mailbox=SU5CT1g&token=vvUVv3_nWcB1hHdRuYm7-9e&uniq=1583241613149 HTTP/1.1" 200 9483 "http://mail.cup.com/imp/dynamic.php?page=mailbox" "Mozilla/5.0 (X11; Ubuntu; Linux x86_64; rv:73.0) Gecko/20100101 Firefox/73.0"
192.168.10.238 - - [03/Mar/2020:13:20:13 +0000] "GET /js/textarearesize.js?v=dc442439853f80a9467ce727c08e9b0e HTTP/1.1" 200 1167 "http://mail.cup.com/imp/dynamic.php?page=message&buid=22&mailbox=SU5CT1g&token=vvUVv3_nWcB1hHdRuYm7-9e&uniq=1583241613149" "Mozilla/5.0 (X11; Ubuntu; Linux x86_64; rv:73.0) Gecko/20100101 Firefox/73.0"
192.168.10.238 - - [03/Mar/2020:13:20:13 +0000] "GET /imp/js/message-dimp.js?v=29c8308baa6508a21e1be9e3345d1287 HTTP/1.1" 200 2957 "http://mail.cup.com/imp/dynamic.php?page=message&buid=22&mailbox=SU5CT1g&token=vvUVv3_nWcB1hHdRuYm7-9e&uniq=1583241613149" "Mozilla/5.0 (X11; Ubuntu; Linux x86_64; rv:73.0) Gecko/20100101 Firefox/73.0"
192.168.10.238 - - [03/Mar/2020:13:20:13 +0000] "GET /imp/themes/default/graphics/message_source.png HTTP/1.1" 200 386 "http://mail.cup.com/imp/themes/default/dynamic/screen.css" "Mozilla/5.0 (X11; Ubuntu; Linux x86_64; rv:73.0) Gecko/20100101 Firefox/73.0"
192.168.10.200 - - [03/Mar/2020:13:20:18 +0000] "POST /services/ajax.php/imp/viewPort HTTP/1.1" 200 908 "http://mail.cup.com/imp/dynamic.php?page=mailbox" "Mozilla/5.0 (X11; Linux x86_64) AppleWebKit/537.36 (KHTML, like Gecko) Ubuntu Chromium/77.0.3865.90 HeadlessChrome/77.0.3865.90 Safari/537.36"
192.168.10.238 - - [03/Mar/2020:13:20:18 +0000] "POST /services/ajax.php/imp/getReplyData HTTP/1.1" 200 2551 "http://mail.cup.com/imp/dynamic.php?page=message&buid=22&mailbox=SU5CT1g&token=vvUVv3_nWcB1hHdRuYm7-9e&uniq=1583241613149" "Mozilla/5.0 (X11; Ubuntu; Linux x86_64; rv:73.0) Gecko/20100101 Firefox/73.0"
192.168.10.238 - - [03/Mar/2020:13:20:23 +0000] "POST /services/ajax.php/imp/sendMessage HTTP/1.1" 200 613 "http://mail.cup.com/imp/dynamic.php?page=message&buid=22&mailbox=SU5CT1g&token=vvUVv3_nWcB1hHdRuYm7-9e&uniq=1583241613149" "Mozilla/5.0 (X11; Ubuntu; Linux x86_64; rv:73.0) Gecko/20100101 Firefox/73.0"
192.168.10.200 - - [03/Mar/2020:13:20:24 +0000] "GET /imp/dynamic.php?page=compose&type=new&token=MEoKhjygL3i-ejFmncGWY6S&uniq=1583241623994 HTTP/1.1" 200 5530 "http://mail.cup.com/imp/dynamic.php?page=mailbox" "Mozilla/5.0 (X11; Linux x86_64) AppleWebKit/537.36 (KHTML, like Gecko) Ubuntu Chromium/77.0.3865.90 HeadlessChrome/77.0.3865.90 Safari/537.36"
192.168.10.190 - - [03/Mar/2020:13:20:30 +0000] "GET /services/portal/ HTTP/1.1" 200 10711 "http://mail.cup.com/imp/dynamic.php?page=mailbox" "Mozilla/5.0 (X11; Linux x86_64) AppleWebKit/537.36 (KHTML, like Gecko) Ubuntu Chromium/77.0.3865.90 HeadlessChrome/77.0.3865.90 Safari/537.36"
192.168.10.200 - - [03/Mar/2020:13:20:39 +0000] "POST /services/ajax.php/imp/sendMessage HTTP/1.1" 200 477 "http://mail.cup.com/imp/dynamic.php?page=compose&type=new&token=MEoKhjygL3i-ejFmncGWY6S&uniq=1583241623994" "Mozilla/5.0 (X11; Linux x86_64) AppleWebKit/537.36 (KHTML, like Gecko) Ubuntu Chromium/77.0.3865.90 HeadlessChrome/77.0.3865.90 Safari/537.36"
192.168.10.190 - - [03/Mar/2020:13:21:04 +0000] "GET /services/portal/ HTTP/1.1" 200 10716 "http://mail.cup.com/services/portal/" "Mozilla/5.0 (X11; Linux x86_64) AppleWebKit/537.36 (KHTML, like Gecko) Ubuntu Chromium/77.0.3865.90 HeadlessChrome/77.0.3865.90 Safari/537.36"
192.168.10.238 - - [03/Mar/2020:13:21:05 +0000] "GET /services/portal/ HTTP/1.1" 200 9574 "http://mail.cup.com/imp/dynamic.php?page=mailbox" "Mozilla/5.0 (X11; Ubuntu; Linux x86_64; rv:73.0) Gecko/20100101 Firefox/73.0"
192.168.10.190 - - [03/Mar/2020:13:21:08 +0000] "GET /imp/dynamic.php?page=mailbox HTTP/1.1" 200 8750 "http://mail.cup.com/services/portal/" "Mozilla/5.0 (X11; Linux x86_64) AppleWebKit/537.36 (KHTML, like Gecko) Ubuntu Chromium/77.0.3865.90 HeadlessChrome/77.0.3865.90 Safari/537.36"
192.168.10.190 - - [03/Mar/2020:13:21:08 +0000] "POST /services/ajax.php/imp/dynamicInit HTTP/1.1" 200 3403 "http://mail.cup.com/imp/dynamic.php?page=mailbox" "Mozilla/5.0 (X11; Linux x86_64) AppleWebKit/537.36 (KHTML, like Gecko) Ubuntu Chromium/77.0.3865.90 HeadlessChrome/77.0.3865.90 Safari/537.36"
192.168.10.238 - - [03/Mar/2020:13:21:11 +0000] "GET /nag/ HTTP/1.1" 200 8787 "http://mail.cup.com/services/portal/" "Mozilla/5.0 (X11; Ubuntu; Linux x86_64; rv:73.0) Gecko/20100101 Firefox/73.0"
192.168.10.190 - - [03/Mar/2020:13:21:15 +0000] "POST /services/ajax.php/imp/viewPort HTTP/1.1" 200 2729 "http://mail.cup.com/imp/dynamic.php?page=mailbox" "Mozilla/5.0 (X11; Linux x86_64) AppleWebKit/537.36 (KHTML, like Gecko) Ubuntu Chromium/77.0.3865.90 HeadlessChrome/77.0.3865.90 Safari/537.36"
192.168.10.200 - - [03/Mar/2020:13:21:17 +0000] "GET /services/portal/ HTTP/1.1" 200 8522 "http://mail.cup.com/imp/dynamic.php?page=mailbox" "Mozilla/5.0 (X11; Linux x86_64) AppleWebKit/537.36 (KHTML, like Gecko) Ubuntu Chromium/77.0.3865.90 HeadlessChrome/77.0.3865.90 Safari/537.36"
192.168.10.190 - - [03/Mar/2020:13:21:21 +0000] "POST /services/ajax.php/imp/showMessage HTTP/1.1" 200 2763 "http://mail.cup.com/imp/dynamic.php?page=mailbox" "Mozilla/5.0 (X11; Linux x86_64) AppleWebKit/537.36 (KHTML, like Gecko) Ubuntu Chromium/77.0.3865.90 HeadlessChrome/77.0.3865.90 Safari/537.36"
192.168.10.200 - - [03/Mar/2020:13:21:27 +0000] "GET /services/prefs.php?app=horde HTTP/1.1" 200 3787 "http://mail.cup.com/services/portal/" "Mozilla/5.0 (X11; Linux x86_64) AppleWebKit/537.36 (KHTML, like Gecko) Ubuntu Chromium/77.0.3865.90 HeadlessChrome/77.0.3865.90 Safari/537.36"
192.168.10.190 - - [03/Mar/2020:13:21:29 +0000] "GET /imp/dynamic.php?page=message&buid=128&mailbox=SU5CT1g&token=slAP9uOKwCkG30j1ntIyDsc&uniq=1583241689284 HTTP/1.1" 200 7321 "http://mail.cup.com/imp/dynamic.php?page=mailbox" "Mozilla/5.0 (X11; Linux x86_64) AppleWebKit/537.36 (KHTML, like Gecko) Ubuntu Chromium/77.0.3865.90 HeadlessChrome/77.0.3865.90 Safari/537.36"
192.168.10.200 - - [03/Mar/2020:13:21:30 +0000] "GET /services/prefs.php?app=horde&group=identities HTTP/1.1" 200 4722 "http://mail.cup.com/services/prefs.php?app=horde" "Mozilla/5.0 (X11; Linux x86_64) AppleWebKit/537.36 (KHTML, like Gecko) Ubuntu Chromium/77.0.3865.90 HeadlessChrome/77.0.3865.90 Safari/537.36"
192.168.10.190 - - [03/Mar/2020:13:21:32 +0000] "POST /services/ajax.php/imp/getReplyData HTTP/1.1" 200 851 "http://mail.cup.com/imp/dynamic.php?page=message&buid=128&mailbox=SU5CT1g&token=slAP9uOKwCkG30j1ntIyDsc&uniq=1583241689284" "Mozilla/5.0 (X11; Linux x86_64) AppleWebKit/537.36 (KHTML, like Gecko) Ubuntu Chromium/77.0.3865.90 HeadlessChrome/77.0.3865.90 Safari/537.36"
192.168.10.200 - - [03/Mar/2020:13:21:36 +0000] "POST /services/prefs.php HTTP/1.1" 200 4754 "http://mail.cup.com/services/prefs.php?app=horde&group=identities" "Mozilla/5.0 (X11; Linux x86_64) AppleWebKit/537.36 (KHTML, like Gecko) Ubuntu Chromium/77.0.3865.90 HeadlessChrome/77.0.3865.90 Safari/537.36"
192.168.10.190 - - [03/Mar/2020:13:21:39 +0000] "POST /services/ajax.php/imp/sendMessage HTTP/1.1" 200 615 "http://mail.cup.com/imp/dynamic.php?page=message&buid=128&mailbox=SU5CT1g&token=slAP9uOKwCkG30j1ntIyDsc&uniq=1583241689284" "Mozilla/5.0 (X11; Linux x86_64) AppleWebKit/537.36 (KHTML, like Gecko) Ubuntu Chromium/77.0.3865.90 HeadlessChrome/77.0.3865.90 Safari/537.36"
192.168.10.200 - - [03/Mar/2020:13:21:47 +0000] "GET /services/prefs.php?app=horde HTTP/1.1" 200 3784 "http://mail.cup.com/services/prefs.php" "Mozilla/5.0 (X11; Linux x86_64) AppleWebKit/537.36 (KHTML, like Gecko) Ubuntu Chromium/77.0.3865.90 HeadlessChrome/77.0.3865.90 Safari/537.36"
192.168.10.238 - - [03/Mar/2020:13:21:52 +0000] "GET /nag/task.php?tasklist=QenQzj7IndkNvbzcJlsF7sn&task=KA4yk1KG3vUv1j3EjdlK8UY&actionID=modify_task&have_search&tab_name=1&url=%2Fnag%2F HTTP/1.1" 200 9262 "http://mail.cup.com/nag/" "Mozilla/5.0 (X11; Ubuntu; Linux x86_64; rv:73.0) Gecko/20100101 Firefox/73.0"
192.168.10.200 - - [03/Mar/2020:13:21:52 +0000] "GET /services/prefs.php?app=imp HTTP/1.1" 200 4163 "http://mail.cup.com/services/prefs.php?app=horde" "Mozilla/5.0 (X11; Linux x86_64) AppleWebKit/537.36 (KHTML, like Gecko) Ubuntu Chromium/77.0.3865.90 HeadlessChrome/77.0.3865.90 Safari/537.36"
192.168.10.200 - - [03/Mar/2020:13:21:55 +0000] "GET /services/prefs.php?app=imp&group=delmove HTTP/1.1" 200 5682 "http://mail.cup.com/services/prefs.php?app=imp" "Mozilla/5.0 (X11; Linux x86_64) AppleWebKit/537.36 (KHTML, like Gecko) Ubuntu Chromium/77.0.3865.90 HeadlessChrome/77.0.3865.90 Safari/537.36"
192.168.10.238 - - [03/Mar/2020:13:21:57 +0000] "POST /nag/task/save.php HTTP/1.1" 302 411 "http://mail.cup.com/nag/task.php?tasklist=QenQzj7IndkNvbzcJlsF7sn&task=KA4yk1KG3vUv1j3EjdlK8UY&actionID=modify_task&have_search&tab_name=1&url=%2Fnag%2F" "Mozilla/5.0 (X11; Ubuntu; Linux x86_64; rv:73.0) Gecko/20100101 Firefox/73.0"
192.168.10.238 - - [03/Mar/2020:13:21:57 +0000] "GET /nag/list.php HTTP/1.1" 200 8782 "http://mail.cup.com/nag/task.php?tasklist=QenQzj7IndkNvbzcJlsF7sn&task=KA4yk1KG3vUv1j3EjdlK8UY&actionID=modify_task&have_search&tab_name=1&url=%2Fnag%2F" "Mozilla/5.0 (X11; Ubuntu; Linux x86_64; rv:73.0) Gecko/20100101 Firefox/73.0"
192.168.10.200 - - [03/Mar/2020:13:22:11 +0000] "POST /services/prefs.php HTTP/1.1" 200 5775 "http://mail.cup.com/services/prefs.php?app=imp&group=delmove" "Mozilla/5.0 (X11; Linux x86_64) AppleWebKit/537.36 (KHTML, like Gecko) Ubuntu Chromium/77.0.3865.90 HeadlessChrome/77.0.3865.90 Safari/537.36"
192.168.10.190 - - [03/Mar/2020:13:22:19 +0000] "GET /services/portal/ HTTP/1.1" 200 10711 "http://mail.cup.com/imp/dynamic.php?page=mailbox" "Mozilla/5.0 (X11; Linux x86_64) AppleWebKit/537.36 (KHTML, like Gecko) Ubuntu Chromium/77.0.3865.90 HeadlessChrome/77.0.3865.90 Safari/537.36"
192.168.10.200 - - [03/Mar/2020:13:22:21 +0000] "POST /services/prefs.php HTTP/1.1" 200 5772 "http://mail.cup.com/services/prefs.php" "Mozilla/5.0 (X11; Linux x86_64) AppleWebKit/537.36 (KHTML, like Gecko) Ubuntu Chromium/77.0.3865.90 HeadlessChrome/77.0.3865.90 Safari/537.36"
192.168.10.190 - - [03/Mar/2020:13:22:23 +0000] "GET /nag/ HTTP/1.1" 200 10220 "http://mail.cup.com/services/portal/" "Mozilla/5.0 (X11; Linux x86_64) AppleWebKit/537.36 (KHTML, like Gecko) Ubuntu Chromium/77.0.3865.90 HeadlessChrome/77.0.3865.90 Safari/537.36"
192.168.10.238 - - [03/Mar/2020:13:22:31 +0000] "GET /services/portal/ HTTP/1.1" 200 9528 "http://mail.cup.com/nag/list.php" "Mozilla/5.0 (X11; Ubuntu; Linux x86_64; rv:73.0) Gecko/20100101 Firefox/73.0"
192.168.10.238 - - [03/Mar/2020:13:22:37 +0000] "GET /mnemo/ HTTP/1.1" 200 6360 "http://mail.cup.com/services/portal/" "Mozilla/5.0 (X11; Ubuntu; Linux x86_64; rv:73.0) Gecko/20100101 Firefox/73.0"
192.168.10.200 - - [03/Mar/2020:13:22:57 +0000] "GET /services/portal/ HTTP/1.1" 200 8524 "http://mail.cup.com/services/prefs.php" "Mozilla/5.0 (X11; Linux x86_64) AppleWebKit/537.36 (KHTML, like Gecko) Ubuntu Chromium/77.0.3865.90 HeadlessChrome/77.0.3865.90 Safari/537.36"
192.168.10.190 - - [03/Mar/2020:13:23:00 +0000] "GET /nag/task.php?actionID=add_task HTTP/1.1" 200 9540 "http://mail.cup.com/nag/" "Mozilla/5.0 (X11; Linux x86_64) AppleWebKit/537.36 (KHTML, like Gecko) Ubuntu Chromium/77.0.3865.90 HeadlessChrome/77.0.3865.90 Safari/537.36"
192.168.10.200 - - [03/Mar/2020:13:23:01 +0000] "GET /login.php?horde_logout_token=MEoKhjygL3i-ejFmncGWY6S&logout_reason=4 HTTP/1.1" 200 3840 "http://mail.cup.com/services/portal/" "Mozilla/5.0 (X11; Linux x86_64) AppleWebKit/537.36 (KHTML, like Gecko) Ubuntu Chromium/77.0.3865.90 HeadlessChrome/77.0.3865.90 Safari/537.36"
192.168.10.190 - - [03/Mar/2020:13:23:11 +0000] "POST /services/ajax.php/horde/imple?token=slAP9uOKwCkG30j1ntIyDsc&app=nag&imple=Nag_Ajax_Imple_TagAutoCompleter&input=tags HTTP/1.1" 200 371 "http://mail.cup.com/nag/task.php?actionID=add_task" "Mozilla/5.0 (X11; Linux x86_64) AppleWebKit/537.36 (KHTML, like Gecko) Ubuntu Chromium/77.0.3865.90 HeadlessChrome/77.0.3865.90 Safari/537.36"
192.168.10.238 - - [03/Mar/2020:13:23:15 +0000] "GET /mnemo/memo.php?memo=weB21JTAoVlUa3NeqS6Ietq&memolist=U9WHu5t5tMkoCjOBBoU8S36&actionID=modify_memo HTTP/1.1" 200 6113 "http://mail.cup.com/mnemo/" "Mozilla/5.0 (X11; Ubuntu; Linux x86_64; rv:73.0) Gecko/20100101 Firefox/73.0"
192.168.10.238 - - [03/Mar/2020:13:23:20 +0000] "GET /mnemo/memo.php?memo=weB21JTAoVlUa3NeqS6Ietq&memolist=U9WHu5t5tMkoCjOBBoU8S36&actionID=delete_memos HTTP/1.1" 302 414 "http://mail.cup.com/mnemo/memo.php?memo=weB21JTAoVlUa3NeqS6Ietq&memolist=U9WHu5t5tMkoCjOBBoU8S36&actionID=modify_memo" "Mozilla/5.0 (X11; Ubuntu; Linux x86_64; rv:73.0) Gecko/20100101 Firefox/73.0"
192.168.10.238 - - [03/Mar/2020:13:23:21 +0000] "GET /mnemo/list.php HTTP/1.1" 200 6381 "http://mail.cup.com/mnemo/memo.php?memo=weB21JTAoVlUa3NeqS6Ietq&memolist=U9WHu5t5tMkoCjOBBoU8S36&actionID=modify_memo" "Mozilla/5.0 (X11; Ubuntu; Linux x86_64; rv:73.0) Gecko/20100101 Firefox/73.0"
192.168.10.190 - - [03/Mar/2020:13:23:30 +0000] "POST /nag/task/save.php HTTP/1.1" 302 412 "http://mail.cup.com/nag/task.php?actionID=add_task" "Mozilla/5.0 (X11; Linux x86_64) AppleWebKit/537.36 (KHTML, like Gecko) Ubuntu Chromium/77.0.3865.90 HeadlessChrome/77.0.3865.90 Safari/537.36"
192.168.10.190 - - [03/Mar/2020:13:23:30 +0000] "GET /nag/list.php HTTP/1.1" 200 10408 "http://mail.cup.com/nag/task.php?actionID=add_task" "Mozilla/5.0 (X11; Linux x86_64) AppleWebKit/537.36 (KHTML, like Gecko) Ubuntu Chromium/77.0.3865.90 HeadlessChrome/77.0.3865.90 Safari/537.36"
192.168.10.238 - - [03/Mar/2020:13:23:56 +0000] "GET /services/portal/ HTTP/1.1" 200 9453 "http://mail.cup.com/mnemo/list.php" "Mozilla/5.0 (X11; Ubuntu; Linux x86_64; rv:73.0) Gecko/20100101 Firefox/73.0"
192.168.10.190 - - [03/Mar/2020:13:24:04 +0000] "GET /services/portal/ HTTP/1.1" 200 10769 "http://mail.cup.com/nag/list.php" "Mozilla/5.0 (X11; Linux x86_64) AppleWebKit/537.36 (KHTML, like Gecko) Ubuntu Chromium/77.0.3865.90 HeadlessChrome/77.0.3865.90 Safari/537.36"
192.168.10.190 - - [03/Mar/2020:13:24:08 +0000] "GET /turba/ HTTP/1.1" 200 4349 "http://mail.cup.com/services/portal/" "Mozilla/5.0 (X11; Linux x86_64) AppleWebKit/537.36 (KHTML, like Gecko) Ubuntu Chromium/77.0.3865.90 HeadlessChrome/77.0.3865.90 Safari/537.36"
192.168.10.190 - - [03/Mar/2020:13:24:11 +0000] "GET /turba/browse.php HTTP/1.1" 200 5133 "http://mail.cup.com/turba/" "Mozilla/5.0 (X11; Linux x86_64) AppleWebKit/537.36 (KHTML, like Gecko) Ubuntu Chromium/77.0.3865.90 HeadlessChrome/77.0.3865.90 Safari/537.36"
192.168.10.190 - - [03/Mar/2020:13:24:15 +0000] "GET /turba/contact.php?source=pf_Zo8PGJAC16WfD_mBo8rz&key=amEZJnkn7np6Dj2tYdwhAIs HTTP/1.1" 200 21049 "http://mail.cup.com/turba/browse.php" "Mozilla/5.0 (X11; Linux x86_64) AppleWebKit/537.36 (KHTML, like Gecko) Ubuntu Chromium/77.0.3865.90 HeadlessChrome/77.0.3865.90 Safari/537.36"
192.168.10.190 - - [03/Mar/2020:13:24:22 +0000] "POST /turba/delete.php HTTP/1.1" 302 416 "http://mail.cup.com/turba/contact.php?source=pf_Zo8PGJAC16WfD_mBo8rz&key=amEZJnkn7np6Dj2tYdwhAIs" "Mozilla/5.0 (X11; Linux x86_64) AppleWebKit/537.36 (KHTML, like Gecko) Ubuntu Chromium/77.0.3865.90 HeadlessChrome/77.0.3865.90 Safari/537.36"
192.168.10.190 - - [03/Mar/2020:13:24:22 +0000] "GET /turba/search.php HTTP/1.1" 200 4434 "http://mail.cup.com/turba/contact.php?source=pf_Zo8PGJAC16WfD_mBo8rz&key=amEZJnkn7np6Dj2tYdwhAIs" "Mozilla/5.0 (X11; Linux x86_64) AppleWebKit/537.36 (KHTML, like Gecko) Ubuntu Chromium/77.0.3865.90 HeadlessChrome/77.0.3865.90 Safari/537.36"
192.168.10.238 - - [03/Mar/2020:13:24:29 +0000] "GET /services/portal/ HTTP/1.1" 200 9457 "http://mail.cup.com/services/portal/" "Mozilla/5.0 (X11; Ubuntu; Linux x86_64; rv:73.0) Gecko/20100101 Firefox/73.0"
192.168.10.238 - - [03/Mar/2020:13:24:34 +0000] "GET /nag/ HTTP/1.1" 200 8677 "http://mail.cup.com/services/portal/" "Mozilla/5.0 (X11; Ubuntu; Linux x86_64; rv:73.0) Gecko/20100101 Firefox/73.0"
192.168.10.190 - - [03/Mar/2020:13:24:55 +0000] "GET /services/portal/ HTTP/1.1" 200 10773 "http://mail.cup.com/turba/search.php" "Mozilla/5.0 (X11; Linux x86_64) AppleWebKit/537.36 (KHTML, like Gecko) Ubuntu Chromium/77.0.3865.90 HeadlessChrome/77.0.3865.90 Safari/537.36"
192.168.10.190 - - [03/Mar/2020:13:24:59 +0000] "GET /imp/dynamic.php?page=mailbox HTTP/1.1" 200 8748 "http://mail.cup.com/services/portal/" "Mozilla/5.0 (X11; Linux x86_64) AppleWebKit/537.36 (KHTML, like Gecko) Ubuntu Chromium/77.0.3865.90 HeadlessChrome/77.0.3865.90 Safari/537.36"
192.168.10.190 - - [03/Mar/2020:13:24:59 +0000] "POST /services/ajax.php/imp/dynamicInit HTTP/1.1" 200 3388 "http://mail.cup.com/imp/dynamic.php?page=mailbox" "Mozilla/5.0 (X11; Linux x86_64) AppleWebKit/537.36 (KHTML, like Gecko) Ubuntu Chromium/77.0.3865.90 HeadlessChrome/77.0.3865.90 Safari/537.36"
192.168.10.190 - - [03/Mar/2020:13:25:07 +0000] "POST /services/ajax.php/imp/viewPort HTTP/1.1" 200 2104 "http://mail.cup.com/imp/dynamic.php?page=mailbox" "Mozilla/5.0 (X11; Linux x86_64) AppleWebKit/537.36 (KHTML, like Gecko) Ubuntu Chromium/77.0.3865.90 HeadlessChrome/77.0.3865.90 Safari/537.36"
192.168.10.190 - - [03/Mar/2020:13:25:10 +0000] "POST /services/ajax.php/imp/showMessage HTTP/1.1" 200 3114 "http://mail.cup.com/imp/dynamic.php?page=mailbox" "Mozilla/5.0 (X11; Linux x86_64) AppleWebKit/537.36 (KHTML, like Gecko) Ubuntu Chromium/77.0.3865.90 HeadlessChrome/77.0.3865.90 Safari/537.36"
192.168.10.190 - - [03/Mar/2020:13:25:10 +0000] "GET /imp/view.php?imp_img_view=view_thumbnail&actionID=view_attach&id=2&muid=%7B5%7DINBOX132&view_token=slAP9uOKwCkG30j1ntIyDsc HTTP/1.1" 200 3846 "http://mail.cup.com/imp/dynamic.php?page=mailbox" "Mozilla/5.0 (X11; Linux x86_64) AppleWebKit/537.36 (KHTML, like Gecko) Ubuntu Chromium/77.0.3865.90 HeadlessChrome/77.0.3865.90 Safari/537.36"
192.168.10.238 - - [03/Mar/2020:13:25:12 +0000] "GET /nag/task.php?actionID=add_task HTTP/1.1" 200 9083 "http://mail.cup.com/nag/" "Mozilla/5.0 (X11; Ubuntu; Linux x86_64; rv:73.0) Gecko/20100101 Firefox/73.0"
192.168.10.190 - - [03/Mar/2020:13:25:13 +0000] "POST /services/ajax.php/imp/deleteMessages HTTP/1.1" 200 559 "http://mail.cup.com/imp/dynamic.php?page=mailbox" "Mozilla/5.0 (X11; Linux x86_64) AppleWebKit/537.36 (KHTML, like Gecko) Ubuntu Chromium/77.0.3865.90 HeadlessChrome/77.0.3865.90 Safari/537.36"
192.168.10.200 - - [03/Mar/2020:13:25:14 +0000] "GET /login.php HTTP/1.1" 200 2532 "-" "Mozilla/5.0 (X11; Ubuntu; Linux x86_64; rv:73.0) Gecko/20100101 Firefox/73.0"
192.168.10.200 - - [03/Mar/2020:13:25:22 +0000] "POST /login.php HTTP/1.1" 302 601 "http://mail.cup.com/login.php" "Mozilla/5.0 (X11; Ubuntu; Linux x86_64; rv:73.0) Gecko/20100101 Firefox/73.0"
192.168.10.200 - - [03/Mar/2020:13:25:22 +0000] "GET /services/portal/ HTTP/1.1" 200 9498 "http://mail.cup.com/login.php" "Mozilla/5.0 (X11; Ubuntu; Linux x86_64; rv:73.0) Gecko/20100101 Firefox/73.0"
192.168.10.200 - - [03/Mar/2020:13:25:23 +0000] "GET /themes/default/graphics/sidebar-new-bg.png HTTP/1.1" 200 383 "http://mail.cup.com/themes/default/screen.css" "Mozilla/5.0 (X11; Ubuntu; Linux x86_64; rv:73.0) Gecko/20100101 Firefox/73.0"
192.168.10.200 - - [03/Mar/2020:13:25:23 +0000] "GET /themes/default/graphics/alerts/message.png HTTP/1.1" 200 762 "http://mail.cup.com/themes/default/screen.css" "Mozilla/5.0 (X11; Ubuntu; Linux x86_64; rv:73.0) Gecko/20100101 Firefox/73.0"
192.168.10.238 - - [03/Mar/2020:13:25:25 +0000] "POST /services/ajax.php/horde/imple?token=vvUVv3_nWcB1hHdRuYm7-9e&app=nag&imple=Nag_Ajax_Imple_TagAutoCompleter&input=tags HTTP/1.1" 200 371 "http://mail.cup.com/nag/task.php?actionID=add_task" "Mozilla/5.0 (X11; Ubuntu; Linux x86_64; rv:73.0) Gecko/20100101 Firefox/73.0"
192.168.10.200 - - [03/Mar/2020:13:25:27 +0000] "GET /turba/ HTTP/1.1" 200 4351 "http://mail.cup.com/services/portal/" "Mozilla/5.0 (X11; Ubuntu; Linux x86_64; rv:73.0) Gecko/20100101 Firefox/73.0"
192.168.10.200 - - [03/Mar/2020:13:25:31 +0000] "GET /turba/browse.php HTTP/1.1" 200 5394 "http://mail.cup.com/turba/" "Mozilla/5.0 (X11; Ubuntu; Linux x86_64; rv:73.0) Gecko/20100101 Firefox/73.0"
192.168.10.200 - - [03/Mar/2020:13:25:36 +0000] "GET /turba/contact.php?source=lHZAbasXgjgJKBl8QDq5bO8&key=JlsrmRh_FpUTxsIB0i_sbZv HTTP/1.1" 200 21061 "http://mail.cup.com/turba/browse.php" "Mozilla/5.0 (X11; Ubuntu; Linux x86_64; rv:73.0) Gecko/20100101 Firefox/73.0"
192.168.10.200 - - [03/Mar/2020:13:25:44 +0000] "POST /turba/delete.php HTTP/1.1" 302 416 "http://mail.cup.com/turba/contact.php?source=lHZAbasXgjgJKBl8QDq5bO8&key=JlsrmRh_FpUTxsIB0i_sbZv" "Mozilla/5.0 (X11; Ubuntu; Linux x86_64; rv:73.0) Gecko/20100101 Firefox/73.0"
192.168.10.200 - - [03/Mar/2020:13:25:44 +0000] "GET /turba/search.php HTTP/1.1" 200 4435 "http://mail.cup.com/turba/contact.php?source=lHZAbasXgjgJKBl8QDq5bO8&key=JlsrmRh_FpUTxsIB0i_sbZv" "Mozilla/5.0 (X11; Ubuntu; Linux x86_64; rv:73.0) Gecko/20100101 Firefox/73.0"
192.168.10.190 - - [03/Mar/2020:13:25:46 +0000] "GET /services/portal/ HTTP/1.1" 200 10772 "http://mail.cup.com/imp/dynamic.php?page=mailbox" "Mozilla/5.0 (X11; Linux x86_64) AppleWebKit/537.36 (KHTML, like Gecko) Ubuntu Chromium/77.0.3865.90 HeadlessChrome/77.0.3865.90 Safari/537.36"
192.168.10.238 - - [03/Mar/2020:13:25:47 +0000] "POST /nag/task/save.php HTTP/1.1" 302 412 "http://mail.cup.com/nag/task.php?actionID=add_task" "Mozilla/5.0 (X11; Ubuntu; Linux x86_64; rv:73.0) Gecko/20100101 Firefox/73.0"
192.168.10.238 - - [03/Mar/2020:13:25:47 +0000] "GET /nag/list.php HTTP/1.1" 200 8890 "http://mail.cup.com/nag/task.php?actionID=add_task" "Mozilla/5.0 (X11; Ubuntu; Linux x86_64; rv:73.0) Gecko/20100101 Firefox/73.0"
192.168.10.190 - - [03/Mar/2020:13:25:50 +0000] "GET /turba/ HTTP/1.1" 200 4349 "http://mail.cup.com/services/portal/" "Mozilla/5.0 (X11; Linux x86_64) AppleWebKit/537.36 (KHTML, like Gecko) Ubuntu Chromium/77.0.3865.90 HeadlessChrome/77.0.3865.90 Safari/537.36"
192.168.10.190 - - [03/Mar/2020:13:25:54 +0000] "GET /turba/browse.php HTTP/1.1" 200 4017 "http://mail.cup.com/turba/" "Mozilla/5.0 (X11; Linux x86_64) AppleWebKit/537.36 (KHTML, like Gecko) Ubuntu Chromium/77.0.3865.90 HeadlessChrome/77.0.3865.90 Safari/537.36"
::1 - - [03/Mar/2020:13:25:59 +0000] "OPTIONS * HTTP/1.0" 200 110 "-" "Apache/2.4.25 (Debian) OpenSSL/1.0.2u (internal dummy connection)"
::1 - - [03/Mar/2020:13:26:01 +0000] "OPTIONS * HTTP/1.0" 200 110 "-" "Apache/2.4.25 (Debian) OpenSSL/1.0.2u (internal dummy connection)"
192.168.10.200 - - [03/Mar/2020:13:26:17 +0000] "GET /services/portal/ HTTP/1.1" 200 9433 "http://mail.cup.com/turba/search.php" "Mozilla/5.0 (X11; Ubuntu; Linux x86_64; rv:73.0) Gecko/20100101 Firefox/73.0"
192.168.10.238 - - [03/Mar/2020:13:26:20 +0000] "GET /services/portal/ HTTP/1.1" 200 9523 "http://mail.cup.com/nag/list.php" "Mozilla/5.0 (X11; Ubuntu; Linux x86_64; rv:73.0) Gecko/20100101 Firefox/73.0"
192.168.10.200 - - [03/Mar/2020:13:26:21 +0000] "GET /themes/default/graphics/navi-subnavi.png HTTP/1.1" 200 474 "http://mail.cup.com/themes/default/screen.css" "Mozilla/5.0 (X11; Ubuntu; Linux x86_64; rv:73.0) Gecko/20100101 Firefox/73.0"
192.168.10.238 - - [03/Mar/2020:13:26:25 +0000] "GET /imp/dynamic.php?page=mailbox HTTP/1.1" 200 8748 "http://mail.cup.com/services/portal/" "Mozilla/5.0 (X11; Ubuntu; Linux x86_64; rv:73.0) Gecko/20100101 Firefox/73.0"
192.168.10.238 - - [03/Mar/2020:13:26:25 +0000] "POST /services/ajax.php/imp/dynamicInit HTTP/1.1" 200 2154 "http://mail.cup.com/imp/dynamic.php?page=mailbox" "Mozilla/5.0 (X11; Ubuntu; Linux x86_64; rv:73.0) Gecko/20100101 Firefox/73.0"
192.168.10.200 - - [03/Mar/2020:13:26:25 +0000] "GET /services/prefs.php?app=horde HTTP/1.1" 200 3657 "http://mail.cup.com/services/portal/" "Mozilla/5.0 (X11; Ubuntu; Linux x86_64; rv:73.0) Gecko/20100101 Firefox/73.0"
192.168.10.200 - - [03/Mar/2020:13:26:26 +0000] "GET /themes/default/graphics/button.png HTTP/1.1" 200 373 "http://mail.cup.com/themes/default/screen.css" "Mozilla/5.0 (X11; Ubuntu; Linux x86_64; rv:73.0) Gecko/20100101 Firefox/73.0"
192.168.10.200 - - [03/Mar/2020:13:26:29 +0000] "GET /services/prefs.php?app=horde&group=identities HTTP/1.1" 200 4585 "http://mail.cup.com/services/prefs.php?app=horde" "Mozilla/5.0 (X11; Ubuntu; Linux x86_64; rv:73.0) Gecko/20100101 Firefox/73.0"
192.168.10.200 - - [03/Mar/2020:13:26:30 +0000] "GET /js/identityselect.js?v=dc442439853f80a9467ce727c08e9b0e HTTP/1.1" 200 794 "http://mail.cup.com/services/prefs.php?app=horde&group=identities" "Mozilla/5.0 (X11; Ubuntu; Linux x86_64; rv:73.0) Gecko/20100101 Firefox/73.0"
192.168.10.238 - - [03/Mar/2020:13:26:34 +0000] "POST /services/ajax.php/imp/viewPort HTTP/1.1" 200 1499 "http://mail.cup.com/imp/dynamic.php?page=mailbox" "Mozilla/5.0 (X11; Ubuntu; Linux x86_64; rv:73.0) Gecko/20100101 Firefox/73.0"
192.168.10.200 - - [03/Mar/2020:13:26:34 +0000] "POST /services/prefs.php HTTP/1.1" 200 4611 "http://mail.cup.com/services/prefs.php?app=horde&group=identities" "Mozilla/5.0 (X11; Ubuntu; Linux x86_64; rv:73.0) Gecko/20100101 Firefox/73.0"
192.168.10.238 - - [03/Mar/2020:13:26:39 +0000] "POST /services/ajax.php/imp/showMessage HTTP/1.1" 200 2778 "http://mail.cup.com/imp/dynamic.php?page=mailbox" "Mozilla/5.0 (X11; Ubuntu; Linux x86_64; rv:73.0) Gecko/20100101 Firefox/73.0"
192.168.10.238 - - [03/Mar/2020:13:26:43 +0000] "POST /services/ajax.php/imp/deleteMessages HTTP/1.1" 200 558 "http://mail.cup.com/imp/dynamic.php?page=mailbox" "Mozilla/5.0 (X11; Ubuntu; Linux x86_64; rv:73.0) Gecko/20100101 Firefox/73.0"
192.168.10.200 - - [03/Mar/2020:13:26:44 +0000] "GET /services/prefs.php?app=horde HTTP/1.1" 200 3658 "http://mail.cup.com/services/prefs.php" "Mozilla/5.0 (X11; Ubuntu; Linux x86_64; rv:73.0) Gecko/20100101 Firefox/73.0"
::1 - - [03/Mar/2020:13:26:49 +0000] "OPTIONS * HTTP/1.0" 200 110 "-" "Apache/2.4.25 (Debian) OpenSSL/1.0.2u (internal dummy connection)"
192.168.10.200 - - [03/Mar/2020:13:26:49 +0000] "GET /services/prefs.php?app=imp HTTP/1.1" 200 4028 "http://mail.cup.com/services/prefs.php?app=horde" "Mozilla/5.0 (X11; Ubuntu; Linux x86_64; rv:73.0) Gecko/20100101 Firefox/73.0"
192.168.10.200 - - [03/Mar/2020:13:26:54 +0000] "GET /services/prefs.php?app=imp&group=delmove HTTP/1.1" 200 5544 "http://mail.cup.com/services/prefs.php?app=imp" "Mozilla/5.0 (X11; Ubuntu; Linux x86_64; rv:73.0) Gecko/20100101 Firefox/73.0"
192.168.10.190 - - [03/Mar/2020:13:27:01 +0000] "GET /services/portal/ HTTP/1.1" 200 10772 "http://mail.cup.com/turba/browse.php" "Mozilla/5.0 (X11; Linux x86_64) AppleWebKit/537.36 (KHTML, like Gecko) Ubuntu Chromium/77.0.3865.90 HeadlessChrome/77.0.3865.90 Safari/537.36"
192.168.10.190 - - [03/Mar/2020:13:27:05 +0000] "GET /imp/dynamic.php?page=mailbox HTTP/1.1" 200 8751 "http://mail.cup.com/services/portal/" "Mozilla/5.0 (X11; Linux x86_64) AppleWebKit/537.36 (KHTML, like Gecko) Ubuntu Chromium/77.0.3865.90 HeadlessChrome/77.0.3865.90 Safari/537.36"
192.168.10.190 - - [03/Mar/2020:13:27:05 +0000] "POST /services/ajax.php/imp/dynamicInit HTTP/1.1" 200 3371 "http://mail.cup.com/imp/dynamic.php?page=mailbox" "Mozilla/5.0 (X11; Linux x86_64) AppleWebKit/537.36 (KHTML, like Gecko) Ubuntu Chromium/77.0.3865.90 HeadlessChrome/77.0.3865.90 Safari/537.36"
192.168.10.200 - - [03/Mar/2020:13:27:05 +0000] "POST /services/prefs.php HTTP/1.1" 200 5639 "http://mail.cup.com/services/prefs.php?app=imp&group=delmove" "Mozilla/5.0 (X11; Ubuntu; Linux x86_64; rv:73.0) Gecko/20100101 Firefox/73.0"
192.168.10.190 - - [03/Mar/2020:13:27:12 +0000] "POST /services/ajax.php/imp/viewPort HTTP/1.1" 200 2694 "http://mail.cup.com/imp/dynamic.php?page=mailbox" "Mozilla/5.0 (X11; Linux x86_64) AppleWebKit/537.36 (KHTML, like Gecko) Ubuntu Chromium/77.0.3865.90 HeadlessChrome/77.0.3865.90 Safari/537.36"
192.168.10.200 - - [03/Mar/2020:13:27:14 +0000] "POST /services/prefs.php HTTP/1.1" 200 5640 "http://mail.cup.com/services/prefs.php" "Mozilla/5.0 (X11; Ubuntu; Linux x86_64; rv:73.0) Gecko/20100101 Firefox/73.0"
192.168.10.190 - - [03/Mar/2020:13:27:15 +0000] "GET /imp/dynamic.php?page=compose&type=new&token=slAP9uOKwCkG30j1ntIyDsc&uniq=1583242035511 HTTP/1.1" 200 5526 "http://mail.cup.com/imp/dynamic.php?page=mailbox" "Mozilla/5.0 (X11; Linux x86_64) AppleWebKit/537.36 (KHTML, like Gecko) Ubuntu Chromium/77.0.3865.90 HeadlessChrome/77.0.3865.90 Safari/537.36"
192.168.10.238 - - [03/Mar/2020:13:27:16 +0000] "GET /services/portal/ HTTP/1.1" 200 9498 "http://mail.cup.com/imp/dynamic.php?page=mailbox" "Mozilla/5.0 (X11; Ubuntu; Linux x86_64; rv:73.0) Gecko/20100101 Firefox/73.0"
192.168.10.238 - - [03/Mar/2020:13:27:20 +0000] "GET /kronolith/ HTTP/1.1" 200 24704 "http://mail.cup.com/services/portal/" "Mozilla/5.0 (X11; Ubuntu; Linux x86_64; rv:73.0) Gecko/20100101 Firefox/73.0"
192.168.10.238 - - [03/Mar/2020:13:27:20 +0000] "POST /services/ajax.php/kronolith/listCalendars HTTP/1.1" 200 968 "http://mail.cup.com/kronolith/" "Mozilla/5.0 (X11; Ubuntu; Linux x86_64; rv:73.0) Gecko/20100101 Firefox/73.0"
192.168.10.238 - - [03/Mar/2020:13:27:20 +0000] "POST /services/ajax.php/kronolith/listEvents HTTP/1.1" 200 1904 "http://mail.cup.com/kronolith/" "Mozilla/5.0 (X11; Ubuntu; Linux x86_64; rv:73.0) Gecko/20100101 Firefox/73.0"
192.168.10.238 - - [03/Mar/2020:13:27:20 +0000] "POST /services/ajax.php/kronolith/listEvents HTTP/1.1" 200 549 "http://mail.cup.com/kronolith/" "Mozilla/5.0 (X11; Ubuntu; Linux x86_64; rv:73.0) Gecko/20100101 Firefox/73.0"
192.168.10.190 - - [03/Mar/2020:13:27:22 +0000] "POST /services/ajax.php/imp/addAttachment?jsonhtml=1&token=slAP9uOKwCkG30j1ntIyDsc HTTP/1.1" 200 1025 "http://mail.cup.com/imp/dynamic.php?page=compose&type=new&token=slAP9uOKwCkG30j1ntIyDsc&uniq=1583242035511" "Mozilla/5.0 (X11; Linux x86_64) AppleWebKit/537.36 (KHTML, like Gecko) Ubuntu Chromium/77.0.3865.90 HeadlessChrome/77.0.3865.90 Safari/537.36"
192.168.10.238 - - [03/Mar/2020:13:27:29 +0000] "POST /services/ajax.php/kronolith/getEvent HTTP/1.1" 200 679 "http://mail.cup.com/kronolith/" "Mozilla/5.0 (X11; Ubuntu; Linux x86_64; rv:73.0) Gecko/20100101 Firefox/73.0"
192.168.10.238 - - [03/Mar/2020:13:27:29 +0000] "POST /services/ajax.php/kronolith/listTopTags HTTP/1.1" 200 450 "http://mail.cup.com/kronolith/" "Mozilla/5.0 (X11; Ubuntu; Linux x86_64; rv:73.0) Gecko/20100101 Firefox/73.0"
192.168.10.190 - - [03/Mar/2020:13:27:30 +0000] "POST /services/ajax.php/imp/sendMessage HTTP/1.1" 200 481 "http://mail.cup.com/imp/dynamic.php?page=compose&type=new&token=slAP9uOKwCkG30j1ntIyDsc&uniq=1583242035511" "Mozilla/5.0 (X11; Linux x86_64) AppleWebKit/537.36 (KHTML, like Gecko) Ubuntu Chromium/77.0.3865.90 HeadlessChrome/77.0.3865.90 Safari/537.36"
192.168.10.238 - - [03/Mar/2020:13:27:37 +0000] "POST /services/ajax.php/kronolith/deleteEvent HTTP/1.1" 200 534 "http://mail.cup.com/kronolith/" "Mozilla/5.0 (X11; Ubuntu; Linux x86_64; rv:73.0) Gecko/20100101 Firefox/73.0"
192.168.10.238 - - [03/Mar/2020:13:27:46 +0000] "GET /services/portal/ HTTP/1.1" 200 9422 "http://mail.cup.com/kronolith/" "Mozilla/5.0 (X11; Ubuntu; Linux x86_64; rv:73.0) Gecko/20100101 Firefox/73.0"
192.168.10.200 - - [03/Mar/2020:13:27:50 +0000] "GET /services/portal/ HTTP/1.1" 200 9393 "http://mail.cup.com/services/prefs.php" "Mozilla/5.0 (X11; Ubuntu; Linux x86_64; rv:73.0) Gecko/20100101 Firefox/73.0"
192.168.10.238 - - [03/Mar/2020:13:27:51 +0000] "GET /nag/ HTTP/1.1" 200 8786 "http://mail.cup.com/services/portal/" "Mozilla/5.0 (X11; Ubuntu; Linux x86_64; rv:73.0) Gecko/20100101 Firefox/73.0"
192.168.10.200 - - [03/Mar/2020:13:27:54 +0000] "GET /nag/ HTTP/1.1" 200 8688 "http://mail.cup.com/services/portal/" "Mozilla/5.0 (X11; Ubuntu; Linux x86_64; rv:73.0) Gecko/20100101 Firefox/73.0"
::1 - - [03/Mar/2020:13:28:04 +0000] "OPTIONS * HTTP/1.0" 200 110 "-" "Apache/2.4.25 (Debian) OpenSSL/1.0.2u (internal dummy connection)"
192.168.10.190 - - [03/Mar/2020:13:28:07 +0000] "GET /services/portal/ HTTP/1.1" 200 10766 "http://mail.cup.com/imp/dynamic.php?page=mailbox" "Mozilla/5.0 (X11; Linux x86_64) AppleWebKit/537.36 (KHTML, like Gecko) Ubuntu Chromium/77.0.3865.90 HeadlessChrome/77.0.3865.90 Safari/537.36"
192.168.10.190 - - [03/Mar/2020:13:28:11 +0000] "GET /imp/dynamic.php?page=mailbox HTTP/1.1" 200 8750 "http://mail.cup.com/services/portal/" "Mozilla/5.0 (X11; Linux x86_64) AppleWebKit/537.36 (KHTML, like Gecko) Ubuntu Chromium/77.0.3865.90 HeadlessChrome/77.0.3865.90 Safari/537.36"
192.168.10.190 - - [03/Mar/2020:13:28:12 +0000] "POST /services/ajax.php/imp/dynamicInit HTTP/1.1" 200 3358 "http://mail.cup.com/imp/dynamic.php?page=mailbox" "Mozilla/5.0 (X11; Linux x86_64) AppleWebKit/537.36 (KHTML, like Gecko) Ubuntu Chromium/77.0.3865.90 HeadlessChrome/77.0.3865.90 Safari/537.36"
192.168.10.190 - - [03/Mar/2020:13:28:18 +0000] "POST /services/ajax.php/imp/viewPort HTTP/1.1" 200 2086 "http://mail.cup.com/imp/dynamic.php?page=mailbox" "Mozilla/5.0 (X11; Linux x86_64) AppleWebKit/537.36 (KHTML, like Gecko) Ubuntu Chromium/77.0.3865.90 HeadlessChrome/77.0.3865.90 Safari/537.36"
192.168.10.190 - - [03/Mar/2020:13:28:21 +0000] "GET /imp/dynamic.php?page=compose&type=new&token=slAP9uOKwCkG30j1ntIyDsc&uniq=1583242101869 HTTP/1.1" 200 5530 "http://mail.cup.com/imp/dynamic.php?page=mailbox" "Mozilla/5.0 (X11; Linux x86_64) AppleWebKit/537.36 (KHTML, like Gecko) Ubuntu Chromium/77.0.3865.90 HeadlessChrome/77.0.3865.90 Safari/537.36"
192.168.10.190 - - [03/Mar/2020:13:28:29 +0000] "POST /services/ajax.php/imp/addAttachment?jsonhtml=1&token=slAP9uOKwCkG30j1ntIyDsc HTTP/1.1" 200 1216 "http://mail.cup.com/imp/dynamic.php?page=compose&type=new&token=slAP9uOKwCkG30j1ntIyDsc&uniq=1583242101869" "Mozilla/5.0 (X11; Linux x86_64) AppleWebKit/537.36 (KHTML, like Gecko) Ubuntu Chromium/77.0.3865.90 HeadlessChrome/77.0.3865.90 Safari/537.36"
192.168.10.238 - - [03/Mar/2020:13:28:30 +0000] "GET /nag/task.php?tasklist=QenQzj7IndkNvbzcJlsF7sn&task=zcM3AhngDWbBoUth2MjJ_Q4&actionID=modify_task&have_search&tab_name=1&url=%2Fnag%2F HTTP/1.1" 200 9262 "http://mail.cup.com/nag/" "Mozilla/5.0 (X11; Ubuntu; Linux x86_64; rv:73.0) Gecko/20100101 Firefox/73.0"
192.168.10.200 - - [03/Mar/2020:13:28:33 +0000] "GET /nag/task.php?actionID=add_task HTTP/1.1" 200 9091 "http://mail.cup.com/nag/" "Mozilla/5.0 (X11; Ubuntu; Linux x86_64; rv:73.0) Gecko/20100101 Firefox/73.0"
192.168.10.238 - - [03/Mar/2020:13:28:34 +0000] "POST /nag/task/save.php HTTP/1.1" 302 411 "http://mail.cup.com/nag/task.php?tasklist=QenQzj7IndkNvbzcJlsF7sn&task=zcM3AhngDWbBoUth2MjJ_Q4&actionID=modify_task&have_search&tab_name=1&url=%2Fnag%2F" "Mozilla/5.0 (X11; Ubuntu; Linux x86_64; rv:73.0) Gecko/20100101 Firefox/73.0"
192.168.10.238 - - [03/Mar/2020:13:28:34 +0000] "GET /nag/list.php HTTP/1.1" 200 8797 "http://mail.cup.com/nag/task.php?tasklist=QenQzj7IndkNvbzcJlsF7sn&task=zcM3AhngDWbBoUth2MjJ_Q4&actionID=modify_task&have_search&tab_name=1&url=%2Fnag%2F" "Mozilla/5.0 (X11; Ubuntu; Linux x86_64; rv:73.0) Gecko/20100101 Firefox/73.0"
192.168.10.190 - - [03/Mar/2020:13:28:37 +0000] "POST /services/ajax.php/imp/sendMessage HTTP/1.1" 200 477 "http://mail.cup.com/imp/dynamic.php?page=compose&type=new&token=slAP9uOKwCkG30j1ntIyDsc&uniq=1583242101869" "Mozilla/5.0 (X11; Linux x86_64) AppleWebKit/537.36 (KHTML, like Gecko) Ubuntu Chromium/77.0.3865.90 HeadlessChrome/77.0.3865.90 Safari/537.36"
192.168.10.200 - - [03/Mar/2020:13:28:47 +0000] "POST /services/ajax.php/horde/imple?token=kKc4LGRrfqE3iPIPCuyudl1&app=nag&imple=Nag_Ajax_Imple_TagAutoCompleter&input=tags HTTP/1.1" 200 371 "http://mail.cup.com/nag/task.php?actionID=add_task" "Mozilla/5.0 (X11; Ubuntu; Linux x86_64; rv:73.0) Gecko/20100101 Firefox/73.0"
::1 - - [03/Mar/2020:13:28:56 +0000] "OPTIONS * HTTP/1.0" 200 110 "-" "Apache/2.4.25 (Debian) OpenSSL/1.0.2u (internal dummy connection)"
192.168.10.238 - - [03/Mar/2020:13:29:09 +0000] "GET /services/portal/ HTTP/1.1" 200 9344 "http://mail.cup.com/nag/list.php" "Mozilla/5.0 (X11; Ubuntu; Linux x86_64; rv:73.0) Gecko/20100101 Firefox/73.0"
192.168.10.238 - - [03/Mar/2020:13:29:13 +0000] "GET /nag/ HTTP/1.1" 200 8691 "http://mail.cup.com/services/portal/" "Mozilla/5.0 (X11; Ubuntu; Linux x86_64; rv:73.0) Gecko/20100101 Firefox/73.0"
192.168.10.190 - - [03/Mar/2020:13:29:13 +0000] "GET /services/portal/ HTTP/1.1" 200 10781 "http://mail.cup.com/imp/dynamic.php?page=mailbox" "Mozilla/5.0 (X11; Linux x86_64) AppleWebKit/537.36 (KHTML, like Gecko) Ubuntu Chromium/77.0.3865.90 HeadlessChrome/77.0.3865.90 Safari/537.36"
192.168.10.200 - - [03/Mar/2020:13:29:14 +0000] "POST /nag/task/save.php HTTP/1.1" 302 412 "http://mail.cup.com/nag/task.php?actionID=add_task" "Mozilla/5.0 (X11; Ubuntu; Linux x86_64; rv:73.0) Gecko/20100101 Firefox/73.0"
192.168.10.200 - - [03/Mar/2020:13:29:14 +0000] "GET /nag/list.php HTTP/1.1" 200 8897 "http://mail.cup.com/nag/task.php?actionID=add_task" "Mozilla/5.0 (X11; Ubuntu; Linux x86_64; rv:73.0) Gecko/20100101 Firefox/73.0"
192.168.10.200 - - [03/Mar/2020:13:29:14 +0000] "GET /themes/default/graphics/tablehead-bg.png HTTP/1.1" 200 340 "http://mail.cup.com/themes/default/screen.css" "Mozilla/5.0 (X11; Ubuntu; Linux x86_64; rv:73.0) Gecko/20100101 Firefox/73.0"
192.168.10.190 - - [03/Mar/2020:13:29:17 +0000] "GET /nag/ HTTP/1.1" 200 10301 "http://mail.cup.com/services/portal/" "Mozilla/5.0 (X11; Linux x86_64) AppleWebKit/537.36 (KHTML, like Gecko) Ubuntu Chromium/77.0.3865.90 HeadlessChrome/77.0.3865.90 Safari/537.36"
::1 - - [03/Mar/2020:13:29:35 +0000] "OPTIONS * HTTP/1.0" 200 110 "-" "Apache/2.4.25 (Debian) OpenSSL/1.0.2u (internal dummy connection)"
192.168.10.200 - - [03/Mar/2020:13:29:49 +0000] "GET /services/portal/ HTTP/1.1" 200 9469 "http://mail.cup.com/nag/list.php" "Mozilla/5.0 (X11; Ubuntu; Linux x86_64; rv:73.0) Gecko/20100101 Firefox/73.0"
192.168.10.238 - - [03/Mar/2020:13:29:49 +0000] "GET /nag/task.php?tasklist=QenQzj7IndkNvbzcJlsF7sn&task=rdgs_CHlCcCbtQqkjscZ2kl&actionID=modify_task&have_search&tab_name=1&url=%2Fnag%2F HTTP/1.1" 200 9235 "http://mail.cup.com/nag/" "Mozilla/5.0 (X11; Ubuntu; Linux x86_64; rv:73.0) Gecko/20100101 Firefox/73.0"
192.168.10.238 - - [03/Mar/2020:13:29:54 +0000] "POST /nag/task/save.php HTTP/1.1" 302 411 "http://mail.cup.com/nag/task.php?tasklist=QenQzj7IndkNvbzcJlsF7sn&task=rdgs_CHlCcCbtQqkjscZ2kl&actionID=modify_task&have_search&tab_name=1&url=%2Fnag%2F" "Mozilla/5.0 (X11; Ubuntu; Linux x86_64; rv:73.0) Gecko/20100101 Firefox/73.0"
192.168.10.200 - - [03/Mar/2020:13:29:54 +0000] "GET /imp/dynamic.php?page=mailbox HTTP/1.1" 200 8755 "http://mail.cup.com/services/portal/" "Mozilla/5.0 (X11; Ubuntu; Linux x86_64; rv:73.0) Gecko/20100101 Firefox/73.0"
192.168.10.238 - - [03/Mar/2020:13:29:54 +0000] "GET /nag/list.php HTTP/1.1" 200 8697 "http://mail.cup.com/nag/task.php?tasklist=QenQzj7IndkNvbzcJlsF7sn&task=rdgs_CHlCcCbtQqkjscZ2kl&actionID=modify_task&have_search&tab_name=1&url=%2Fnag%2F" "Mozilla/5.0 (X11; Ubuntu; Linux x86_64; rv:73.0) Gecko/20100101 Firefox/73.0"
192.168.10.190 - - [03/Mar/2020:13:29:54 +0000] "GET /nag/task.php?actionID=add_task HTTP/1.1" 200 9567 "http://mail.cup.com/nag/" "Mozilla/5.0 (X11; Linux x86_64) AppleWebKit/537.36 (KHTML, like Gecko) Ubuntu Chromium/77.0.3865.90 HeadlessChrome/77.0.3865.90 Safari/537.36"
192.168.10.200 - - [03/Mar/2020:13:29:54 +0000] "POST /services/ajax.php/imp/dynamicInit HTTP/1.1" 200 2436 "http://mail.cup.com/imp/dynamic.php?page=mailbox" "Mozilla/5.0 (X11; Ubuntu; Linux x86_64; rv:73.0) Gecko/20100101 Firefox/73.0"
192.168.10.200 - - [03/Mar/2020:13:30:03 +0000] "POST /services/ajax.php/imp/viewPort HTTP/1.1" 200 1787 "http://mail.cup.com/imp/dynamic.php?page=mailbox" "Mozilla/5.0 (X11; Ubuntu; Linux x86_64; rv:73.0) Gecko/20100101 Firefox/73.0"
192.168.10.190 - - [03/Mar/2020:13:30:04 +0000] "POST /services/ajax.php/horde/imple?token=slAP9uOKwCkG30j1ntIyDsc&app=nag&imple=Nag_Ajax_Imple_TagAutoCompleter&input=tags HTTP/1.1" 200 371 "http://mail.cup.com/nag/task.php?actionID=add_task" "Mozilla/5.0 (X11; Linux x86_64) AppleWebKit/537.36 (KHTML, like Gecko) Ubuntu Chromium/77.0.3865.90 HeadlessChrome/77.0.3865.90 Safari/537.36"
192.168.10.200 - - [03/Mar/2020:13:30:12 +0000] "POST /services/ajax.php/imp/showMessage HTTP/1.1" 200 5593 "http://mail.cup.com/imp/dynamic.php?page=mailbox" "Mozilla/5.0 (X11; Ubuntu; Linux x86_64; rv:73.0) Gecko/20100101 Firefox/73.0"
192.168.10.200 - - [03/Mar/2020:13:30:12 +0000] "GET /imp/view.php?imp_img_view=view_thumbnail&actionID=view_attach&id=2&muid=%7B5%7DINBOX88&view_token=kKc4LGRrfqE3iPIPCuyudl1 HTTP/1.1" 200 899 "http://mail.cup.com/imp/dynamic.php?page=mailbox" "Mozilla/5.0 (X11; Ubuntu; Linux x86_64; rv:73.0) Gecko/20100101 Firefox/73.0"
::1 - - [03/Mar/2020:13:30:18 +0000] "OPTIONS * HTTP/1.0" 200 110 "-" "Apache/2.4.25 (Debian) OpenSSL/1.0.2u (internal dummy connection)"
::1 - - [03/Mar/2020:13:30:19 +0000] "OPTIONS * HTTP/1.0" 200 110 "-" "Apache/2.4.25 (Debian) OpenSSL/1.0.2u (internal dummy connection)"
::1 - - [03/Mar/2020:13:30:20 +0000] "OPTIONS * HTTP/1.0" 200 110 "-" "Apache/2.4.25 (Debian) OpenSSL/1.0.2u (internal dummy connection)"
192.168.10.200 - - [03/Mar/2020:13:30:20 +0000] "GET /imp/dynamic.php?page=message&buid=88&mailbox=SU5CT1g&token=kKc4LGRrfqE3iPIPCuyudl1&uniq=1583242220337 HTTP/1.1" 200 8174 "http://mail.cup.com/imp/dynamic.php?page=mailbox" "Mozilla/5.0 (X11; Ubuntu; Linux x86_64; rv:73.0) Gecko/20100101 Firefox/73.0"
192.168.10.200 - - [03/Mar/2020:13:30:21 +0000] "GET /imp/view.php?imp_img_view=view_thumbnail&actionID=view_attach&id=2&muid=%7B5%7DINBOX88&view_token=kKc4LGRrfqE3iPIPCuyudl1 HTTP/1.1" 200 899 "http://mail.cup.com/imp/dynamic.php?page=message&buid=88&mailbox=SU5CT1g&token=kKc4LGRrfqE3iPIPCuyudl1&uniq=1583242220337" "Mozilla/5.0 (X11; Ubuntu; Linux x86_64; rv:73.0) Gecko/20100101 Firefox/73.0"
::1 - - [03/Mar/2020:13:30:22 +0000] "OPTIONS * HTTP/1.0" 200 110 "-" "Apache/2.4.25 (Debian) OpenSSL/1.0.2u (internal dummy connection)"
192.168.10.200 - - [03/Mar/2020:13:30:24 +0000] "POST /services/ajax.php/imp/getReplyData HTTP/1.1" 200 1038 "http://mail.cup.com/imp/dynamic.php?page=message&buid=88&mailbox=SU5CT1g&token=kKc4LGRrfqE3iPIPCuyudl1&uniq=1583242220337" "Mozilla/5.0 (X11; Ubuntu; Linux x86_64; rv:73.0) Gecko/20100101 Firefox/73.0"
192.168.10.190 - - [03/Mar/2020:13:30:27 +0000] "POST /nag/task/save.php HTTP/1.1" 302 412 "http://mail.cup.com/nag/task.php?actionID=add_task" "Mozilla/5.0 (X11; Linux x86_64) AppleWebKit/537.36 (KHTML, like Gecko) Ubuntu Chromium/77.0.3865.90 HeadlessChrome/77.0.3865.90 Safari/537.36"
192.168.10.190 - - [03/Mar/2020:13:30:27 +0000] "GET /nag/list.php HTTP/1.1" 200 10500 "http://mail.cup.com/nag/task.php?actionID=add_task" "Mozilla/5.0 (X11; Linux x86_64) AppleWebKit/537.36 (KHTML, like Gecko) Ubuntu Chromium/77.0.3865.90 HeadlessChrome/77.0.3865.90 Safari/537.36"
192.168.10.238 - - [03/Mar/2020:13:30:27 +0000] "GET /services/portal/ HTTP/1.1" 200 9279 "http://mail.cup.com/nag/list.php" "Mozilla/5.0 (X11; Ubuntu; Linux x86_64; rv:73.0) Gecko/20100101 Firefox/73.0"
192.168.10.200 - - [03/Mar/2020:13:30:30 +0000] "POST /services/ajax.php/imp/sendMessage HTTP/1.1" 200 630 "http://mail.cup.com/imp/dynamic.php?page=message&buid=88&mailbox=SU5CT1g&token=kKc4LGRrfqE3iPIPCuyudl1&uniq=1583242220337" "Mozilla/5.0 (X11; Ubuntu; Linux x86_64; rv:73.0) Gecko/20100101 Firefox/73.0"
192.168.10.238 - - [03/Mar/2020:13:30:31 +0000] "GET /nag/ HTTP/1.1" 200 8589 "http://mail.cup.com/services/portal/" "Mozilla/5.0 (X11; Ubuntu; Linux x86_64; rv:73.0) Gecko/20100101 Firefox/73.0"
::1 - - [03/Mar/2020:13:30:36 +0000] "OPTIONS * HTTP/1.0" 200 110 "-" "Apache/2.4.25 (Debian) OpenSSL/1.0.2u (internal dummy connection)"
::1 - - [03/Mar/2020:13:30:41 +0000] "OPTIONS * HTTP/1.0" 200 110 "-" "Apache/2.4.25 (Debian) OpenSSL/1.0.2u (internal dummy connection)"
192.168.10.190 - - [03/Mar/2020:13:31:01 +0000] "GET /services/portal/ HTTP/1.1" 200 10819 "http://mail.cup.com/nag/list.php" "Mozilla/5.0 (X11; Linux x86_64) AppleWebKit/537.36 (KHTML, like Gecko) Ubuntu Chromium/77.0.3865.90 HeadlessChrome/77.0.3865.90 Safari/537.36"
192.168.10.238 - - [03/Mar/2020:13:31:09 +0000] "GET /nag/task.php?tasklist=QenQzj7IndkNvbzcJlsF7sn&task=Drl3U1sr1TrivhUDLElugWm&actionID=modify_task&have_search&tab_name=1&url=%2Fnag%2F HTTP/1.1" 200 9201 "http://mail.cup.com/nag/" "Mozilla/5.0 (X11; Ubuntu; Linux x86_64; rv:73.0) Gecko/20100101 Firefox/73.0"
192.168.10.200 - - [03/Mar/2020:13:31:11 +0000] "GET /services/portal/ HTTP/1.1" 200 9469 "http://mail.cup.com/imp/dynamic.php?page=mailbox" "Mozilla/5.0 (X11; Ubuntu; Linux x86_64; rv:73.0) Gecko/20100101 Firefox/73.0"
192.168.10.238 - - [03/Mar/2020:13:31:15 +0000] "POST /nag/task/save.php HTTP/1.1" 302 412 "http://mail.cup.com/nag/task.php?tasklist=QenQzj7IndkNvbzcJlsF7sn&task=Drl3U1sr1TrivhUDLElugWm&actionID=modify_task&have_search&tab_name=1&url=%2Fnag%2F" "Mozilla/5.0 (X11; Ubuntu; Linux x86_64; rv:73.0) Gecko/20100101 Firefox/73.0"
192.168.10.238 - - [03/Mar/2020:13:31:15 +0000] "GET /nag/list.php HTTP/1.1" 200 8591 "http://mail.cup.com/nag/task.php?tasklist=QenQzj7IndkNvbzcJlsF7sn&task=Drl3U1sr1TrivhUDLElugWm&actionID=modify_task&have_search&tab_name=1&url=%2Fnag%2F" "Mozilla/5.0 (X11; Ubuntu; Linux x86_64; rv:73.0) Gecko/20100101 Firefox/73.0"
192.168.10.200 - - [03/Mar/2020:13:31:16 +0000] "GET /nag/ HTTP/1.1" 200 8795 "http://mail.cup.com/services/portal/" "Mozilla/5.0 (X11; Ubuntu; Linux x86_64; rv:73.0) Gecko/20100101 Firefox/73.0"
192.168.10.200 - - [03/Mar/2020:13:31:16 +0000] "GET /themes/default/graphics/sidebar-split.png HTTP/1.1" 200 353 "http://mail.cup.com/themes/default/screen.css" "Mozilla/5.0 (X11; Ubuntu; Linux x86_64; rv:73.0) Gecko/20100101 Firefox/73.0"
192.168.10.190 - - [03/Mar/2020:13:31:34 +0000] "GET /services/portal/ HTTP/1.1" 200 10815 "http://mail.cup.com/services/portal/" "Mozilla/5.0 (X11; Linux x86_64) AppleWebKit/537.36 (KHTML, like Gecko) Ubuntu Chromium/77.0.3865.90 HeadlessChrome/77.0.3865.90 Safari/537.36"
192.168.10.190 - - [03/Mar/2020:13:31:38 +0000] "GET /nag/ HTTP/1.1" 200 10395 "http://mail.cup.com/services/portal/" "Mozilla/5.0 (X11; Linux x86_64) AppleWebKit/537.36 (KHTML, like Gecko) Ubuntu Chromium/77.0.3865.90 HeadlessChrome/77.0.3865.90 Safari/537.36"
192.168.10.238 - - [03/Mar/2020:13:31:48 +0000] "GET /services/portal/ HTTP/1.1" 200 9174 "http://mail.cup.com/nag/list.php" "Mozilla/5.0 (X11; Ubuntu; Linux x86_64; rv:73.0) Gecko/20100101 Firefox/73.0"
192.168.10.238 - - [03/Mar/2020:13:31:53 +0000] "GET /imp/dynamic.php?page=mailbox HTTP/1.1" 200 8748 "http://mail.cup.com/services/portal/" "Mozilla/5.0 (X11; Ubuntu; Linux x86_64; rv:73.0) Gecko/20100101 Firefox/73.0"
192.168.10.238 - - [03/Mar/2020:13:31:54 +0000] "POST /services/ajax.php/imp/dynamicInit HTTP/1.1" 200 2231 "http://mail.cup.com/imp/dynamic.php?page=mailbox" "Mozilla/5.0 (X11; Ubuntu; Linux x86_64; rv:73.0) Gecko/20100101 Firefox/73.0"
192.168.10.200 - - [03/Mar/2020:13:31:55 +0000] "GET /nag/task.php?actionID=add_task HTTP/1.1" 200 9125 "http://mail.cup.com/nag/" "Mozilla/5.0 (X11; Ubuntu; Linux x86_64; rv:73.0) Gecko/20100101 Firefox/73.0"
192.168.10.238 - - [03/Mar/2020:13:32:03 +0000] "POST /services/ajax.php/imp/viewPort HTTP/1.1" 200 1560 "http://mail.cup.com/imp/dynamic.php?page=mailbox" "Mozilla/5.0 (X11; Ubuntu; Linux x86_64; rv:73.0) Gecko/20100101 Firefox/73.0"
192.168.10.200 - - [03/Mar/2020:13:32:06 +0000] "POST /services/ajax.php/horde/imple?token=kKc4LGRrfqE3iPIPCuyudl1&app=nag&imple=Nag_Ajax_Imple_TagAutoCompleter&input=tags HTTP/1.1" 200 383 "http://mail.cup.com/nag/task.php?actionID=add_task" "Mozilla/5.0 (X11; Ubuntu; Linux x86_64; rv:73.0) Gecko/20100101 Firefox/73.0"
192.168.10.238 - - [03/Mar/2020:13:32:08 +0000] "POST /services/ajax.php/imp/showMessage HTTP/1.1" 200 3370 "http://mail.cup.com/imp/dynamic.php?page=mailbox" "Mozilla/5.0 (X11; Ubuntu; Linux x86_64; rv:73.0) Gecko/20100101 Firefox/73.0"
192.168.10.238 - - [03/Mar/2020:13:32:12 +0000] "POST /services/ajax.php/imp/deleteMessages HTTP/1.1" 200 555 "http://mail.cup.com/imp/dynamic.php?page=mailbox" "Mozilla/5.0 (X11; Ubuntu; Linux x86_64; rv:73.0) Gecko/20100101 Firefox/73.0"
192.168.10.190 - - [03/Mar/2020:13:32:15 +0000] "GET /nag/task.php?tasklist=0hGBmZa5hCZ2vDVwHVWZoz2&task=FAx7NKQzX9bC_vuTt4SBjlw&actionID=modify_task&have_search&tab_name=1&url=%2Fnag%2F HTTP/1.1" 200 9731 "http://mail.cup.com/nag/" "Mozilla/5.0 (X11; Linux x86_64) AppleWebKit/537.36 (KHTML, like Gecko) Ubuntu Chromium/77.0.3865.90 HeadlessChrome/77.0.3865.90 Safari/537.36"
::1 - - [03/Mar/2020:13:32:16 +0000] "OPTIONS * HTTP/1.0" 200 110 "-" "Apache/2.4.25 (Debian) OpenSSL/1.0.2u (internal dummy connection)"
::1 - - [03/Mar/2020:13:32:17 +0000] "OPTIONS * HTTP/1.0" 200 110 "-" "Apache/2.4.25 (Debian) OpenSSL/1.0.2u (internal dummy connection)"
192.168.10.190 - - [03/Mar/2020:13:32:18 +0000] "POST /nag/task/save.php HTTP/1.1" 302 411 "http://mail.cup.com/nag/task.php?tasklist=0hGBmZa5hCZ2vDVwHVWZoz2&task=FAx7NKQzX9bC_vuTt4SBjlw&actionID=modify_task&have_search&tab_name=1&url=%2Fnag%2F" "Mozilla/5.0 (X11; Linux x86_64) AppleWebKit/537.36 (KHTML, like Gecko) Ubuntu Chromium/77.0.3865.90 HeadlessChrome/77.0.3865.90 Safari/537.36"
192.168.10.190 - - [03/Mar/2020:13:32:19 +0000] "GET /nag/list.php HTTP/1.1" 200 10429 "http://mail.cup.com/nag/task.php?tasklist=0hGBmZa5hCZ2vDVwHVWZoz2&task=FAx7NKQzX9bC_vuTt4SBjlw&actionID=modify_task&have_search&tab_name=1&url=%2Fnag%2F" "Mozilla/5.0 (X11; Linux x86_64) AppleWebKit/537.36 (KHTML, like Gecko) Ubuntu Chromium/77.0.3865.90 HeadlessChrome/77.0.3865.90 Safari/537.36"
::1 - - [03/Mar/2020:13:32:20 +0000] "OPTIONS * HTTP/1.0" 200 110 "-" "Apache/2.4.25 (Debian) OpenSSL/1.0.2u (internal dummy connection)"
::1 - - [03/Mar/2020:13:32:26 +0000] "OPTIONS * HTTP/1.0" 200 110 "-" "Apache/2.4.25 (Debian) OpenSSL/1.0.2u (internal dummy connection)"
192.168.10.200 - - [03/Mar/2020:13:32:28 +0000] "POST /nag/task/save.php HTTP/1.1" 302 412 "http://mail.cup.com/nag/task.php?actionID=add_task" "Mozilla/5.0 (X11; Ubuntu; Linux x86_64; rv:73.0) Gecko/20100101 Firefox/73.0"
