192.168.10.190 - - [04/Mar/2020:19:32:07 +0000] "GET /themes/default/graphics/slidevert-bg.png HTTP/1.1" 200 353 "http://mail.cup.com/themes/default/screen.css" "Mozilla/5.0 (X11; Ubuntu; Linux x86_64; rv:73.0) Gecko/20100101 Firefox/73.0"
192.168.10.190 - - [04/Mar/2020:19:32:07 +0000] "GET /nag/themes/default/graphics/favicon.ico HTTP/1.1" 200 2026 "-" "Mozilla/5.0 (X11; Ubuntu; Linux x86_64; rv:73.0) Gecko/20100101 Firefox/73.0"
192.168.10.190 - - [04/Mar/2020:19:32:07 +0000] "POST /services/ajax.php/kronolith/listEvents HTTP/1.1" 200 1945 "http://mail.cup.com/kronolith/" "Mozilla/5.0 (X11; Ubuntu; Linux x86_64; rv:73.0) Gecko/20100101 Firefox/73.0"
192.168.10.190 - - [04/Mar/2020:19:32:07 +0000] "POST /services/ajax.php/kronolith/listEvents HTTP/1.1" 200 549 "http://mail.cup.com/kronolith/" "Mozilla/5.0 (X11; Ubuntu; Linux x86_64; rv:73.0) Gecko/20100101 Firefox/73.0"
::1 - - [04/Mar/2020:19:32:12 +0000] "OPTIONS * HTTP/1.0" 200 110 "-" "Apache/2.4.25 (Debian) OpenSSL/1.0.2u (internal dummy connection)"
::1 - - [04/Mar/2020:19:32:13 +0000] "OPTIONS * HTTP/1.0" 200 110 "-" "Apache/2.4.25 (Debian) OpenSSL/1.0.2u (internal dummy connection)"
192.168.10.190 - - [04/Mar/2020:19:32:14 +0000] "POST /services/ajax.php/kronolith/listTopTags HTTP/1.1" 200 451 "http://mail.cup.com/kronolith/" "Mozilla/5.0 (X11; Ubuntu; Linux x86_64; rv:73.0) Gecko/20100101 Firefox/73.0"
::1 - - [04/Mar/2020:19:32:14 +0000] "OPTIONS * HTTP/1.0" 200 110 "-" "Apache/2.4.25 (Debian) OpenSSL/1.0.2u (internal dummy connection)"
::1 - - [04/Mar/2020:19:32:15 +0000] "OPTIONS * HTTP/1.0" 200 110 "-" "Apache/2.4.25 (Debian) OpenSSL/1.0.2u (internal dummy connection)"
::1 - - [04/Mar/2020:19:32:16 +0000] "OPTIONS * HTTP/1.0" 200 110 "-" "Apache/2.4.25 (Debian) OpenSSL/1.0.2u (internal dummy connection)"
::1 - - [04/Mar/2020:19:32:19 +0000] "OPTIONS * HTTP/1.0" 200 110 "-" "Apache/2.4.25 (Debian) OpenSSL/1.0.2u (internal dummy connection)"
192.168.10.190 - - [04/Mar/2020:19:32:20 +0000] "GET /mnemo/memo.php?memo=RRmektVz0y5KjDIUZa6o_mt&memolist=-owcwoRdU-K8urr350qzewP&actionID=modify_memo HTTP/1.1" 200 6107 "http://mail.cup.com/mnemo/" "Mozilla/5.0 (X11; Linux x86_64) AppleWebKit/537.36 (KHTML, like Gecko) Ubuntu Chromium/77.0.3865.90 HeadlessChrome/77.0.3865.90 Safari/537.36"
192.168.10.190 - - [04/Mar/2020:19:32:22 +0000] "GET /mnemo/memo.php?memo=RRmektVz0y5KjDIUZa6o_mt&memolist=-owcwoRdU-K8urr350qzewP&actionID=delete_memos HTTP/1.1" 302 413 "http://mail.cup.com/mnemo/memo.php?memo=RRmektVz0y5KjDIUZa6o_mt&memolist=-owcwoRdU-K8urr350qzewP&actionID=modify_memo" "Mozilla/5.0 (X11; Linux x86_64) AppleWebKit/537.36 (KHTML, like Gecko) Ubuntu Chromium/77.0.3865.90 HeadlessChrome/77.0.3865.90 Safari/537.36"
192.168.10.190 - - [04/Mar/2020:19:32:23 +0000] "GET /mnemo/list.php HTTP/1.1" 200 6634 "http://mail.cup.com/mnemo/memo.php?memo=RRmektVz0y5KjDIUZa6o_mt&memolist=-owcwoRdU-K8urr350qzewP&actionID=modify_memo" "Mozilla/5.0 (X11; Linux x86_64) AppleWebKit/537.36 (KHTML, like Gecko) Ubuntu Chromium/77.0.3865.90 HeadlessChrome/77.0.3865.90 Safari/537.36"
192.168.10.4 - - [04/Mar/2020:19:32:27 +0000] "GET /services/portal/ HTTP/1.1" 200 8668 "http://mail.cup.com/mnemo/list.php" "Mozilla/5.0 (X11; Ubuntu; Linux x86_64; rv:73.0) Gecko/20100101 Firefox/73.0"
::1 - - [04/Mar/2020:19:32:30 +0000] "OPTIONS * HTTP/1.0" 200 110 "-" "Apache/2.4.25 (Debian) OpenSSL/1.0.2u (internal dummy connection)"
192.168.10.4 - - [04/Mar/2020:19:32:31 +0000] "GET /imp/dynamic.php?page=mailbox HTTP/1.1" 200 8748 "http://mail.cup.com/services/portal/" "Mozilla/5.0 (X11; Ubuntu; Linux x86_64; rv:73.0) Gecko/20100101 Firefox/73.0"
192.168.10.4 - - [04/Mar/2020:19:32:31 +0000] "POST /services/ajax.php/imp/dynamicInit HTTP/1.1" 200 2070 "http://mail.cup.com/imp/dynamic.php?page=mailbox" "Mozilla/5.0 (X11; Ubuntu; Linux x86_64; rv:73.0) Gecko/20100101 Firefox/73.0"
192.168.10.4 - - [04/Mar/2020:19:32:37 +0000] "POST /services/ajax.php/imp/viewPort HTTP/1.1" 200 1410 "http://mail.cup.com/imp/dynamic.php?page=mailbox" "Mozilla/5.0 (X11; Ubuntu; Linux x86_64; rv:73.0) Gecko/20100101 Firefox/73.0"
192.168.10.190 - - [04/Mar/2020:19:32:37 +0000] "POST /services/ajax.php/kronolith/saveEvent HTTP/1.1" 200 648 "http://mail.cup.com/kronolith/" "Mozilla/5.0 (X11; Ubuntu; Linux x86_64; rv:73.0) Gecko/20100101 Firefox/73.0"
192.168.10.4 - - [04/Mar/2020:19:32:40 +0000] "GET /imp/dynamic.php?page=compose&type=new&token=sFTBOQ5-4PcD0ch6GeuaTW1&uniq=1583350360085 HTTP/1.1" 200 5534 "http://mail.cup.com/imp/dynamic.php?page=mailbox" "Mozilla/5.0 (X11; Ubuntu; Linux x86_64; rv:73.0) Gecko/20100101 Firefox/73.0"
192.168.10.4 - - [04/Mar/2020:19:32:41 +0000] "GET /services/portal/ HTTP/1.1" 200 12222 "http://mail.cup.com/mnemo/list.php" "Mozilla/5.0 (X11; Linux x86_64) AppleWebKit/537.36 (KHTML, like Gecko) Ubuntu Chromium/77.0.3865.90 HeadlessChrome/77.0.3865.90 Safari/537.36"
192.168.10.238 - - [04/Mar/2020:19:32:44 +0000] "GET /login.php HTTP/1.1" 200 6316 "-" "python-requests/2.18.4"
192.168.10.238 - - [04/Mar/2020:19:32:44 +0000] "POST /login.php HTTP/1.1" 302 559 "-" "python-requests/2.18.4"
192.168.10.190 - - [04/Mar/2020:19:32:44 +0000] "GET /services/portal/ HTTP/1.1" 200 9820 "http://mail.cup.com/kronolith/" "Mozilla/5.0 (X11; Ubuntu; Linux x86_64; rv:73.0) Gecko/20100101 Firefox/73.0"
192.168.10.238 - - [04/Mar/2020:19:32:44 +0000] "GET /turba/add.php HTTP/1.1" 200 119586 "-" "python-requests/2.18.4"
192.168.10.4 - - [04/Mar/2020:19:32:44 +0000] "GET /nag/ HTTP/1.1" 200 9470 "http://mail.cup.com/services/portal/" "Mozilla/5.0 (X11; Linux x86_64) AppleWebKit/537.36 (KHTML, like Gecko) Ubuntu Chromium/77.0.3865.90 HeadlessChrome/77.0.3865.90 Safari/537.36"
192.168.10.238 - - [04/Mar/2020:19:32:44 +0000] "POST /turba/add.php HTTP/1.1" 200 17931 "-" "python-requests/2.18.4"
192.168.10.238 - - [04/Mar/2020:19:32:45 +0000] "HEAD /static/evil.php HTTP/1.1" 200 167 "-" "python-requests/2.18.4"
192.168.10.190 - - [04/Mar/2020:19:32:46 +0000] "GET /nag/task.php?actionID=add_task HTTP/1.1" 200 8929 "http://mail.cup.com/nag/" "Mozilla/5.0 (X11; Ubuntu; Linux x86_64; rv:73.0) Gecko/20100101 Firefox/73.0"
192.168.10.190 - - [04/Mar/2020:19:32:47 +0000] "GET /js/form_sections.js?v=dc442439853f80a9467ce727c08e9b0e HTTP/1.1" 200 947 "http://mail.cup.com/nag/task.php?actionID=add_task" "Mozilla/5.0 (X11; Ubuntu; Linux x86_64; rv:73.0) Gecko/20100101 Firefox/73.0"
192.168.10.190 - - [04/Mar/2020:19:32:47 +0000] "GET /js/keynavlist.js?v=dc442439853f80a9467ce727c08e9b0e HTTP/1.1" 200 2835 "http://mail.cup.com/nag/task.php?actionID=add_task" "Mozilla/5.0 (X11; Ubuntu; Linux x86_64; rv:73.0) Gecko/20100101 Firefox/73.0"
192.168.10.190 - - [04/Mar/2020:19:32:47 +0000] "GET /js/autocomplete.js?v=dc442439853f80a9467ce727c08e9b0e HTTP/1.1" 200 3113 "http://mail.cup.com/nag/task.php?actionID=add_task" "Mozilla/5.0 (X11; Ubuntu; Linux x86_64; rv:73.0) Gecko/20100101 Firefox/73.0"
192.168.10.190 - - [04/Mar/2020:19:32:47 +0000] "GET /js/imple.js?v=dc442439853f80a9467ce727c08e9b0e HTTP/1.1" 200 947 "http://mail.cup.com/nag/task.php?actionID=add_task" "Mozilla/5.0 (X11; Ubuntu; Linux x86_64; rv:73.0) Gecko/20100101 Firefox/73.0"
192.168.10.190 - - [04/Mar/2020:19:32:47 +0000] "GET /js/liquidmetal.js?v=dc442439853f80a9467ce727c08e9b0e HTTP/1.1" 200 1737 "http://mail.cup.com/nag/task.php?actionID=add_task" "Mozilla/5.0 (X11; Ubuntu; Linux x86_64; rv:73.0) Gecko/20100101 Firefox/73.0"
192.168.10.190 - - [04/Mar/2020:19:32:47 +0000] "GET /js/calendar.js?v=dc442439853f80a9467ce727c08e9b0e HTTP/1.1" 200 2852 "http://mail.cup.com/nag/task.php?actionID=add_task" "Mozilla/5.0 (X11; Ubuntu; Linux x86_64; rv:73.0) Gecko/20100101 Firefox/73.0"
192.168.10.190 - - [04/Mar/2020:19:32:47 +0000] "GET /nag/js/calendar.js?v=839a6380454bbd865d6aa6063c84bc2b HTTP/1.1" 200 1306 "http://mail.cup.com/nag/task.php?actionID=add_task" "Mozilla/5.0 (X11; Ubuntu; Linux x86_64; rv:73.0) Gecko/20100101 Firefox/73.0"
192.168.10.190 - - [04/Mar/2020:19:32:47 +0000] "GET /nag/js/task.js?v=839a6380454bbd865d6aa6063c84bc2b HTTP/1.1" 200 1022 "http://mail.cup.com/nag/task.php?actionID=add_task" "Mozilla/5.0 (X11; Ubuntu; Linux x86_64; rv:73.0) Gecko/20100101 Firefox/73.0"
192.168.10.190 - - [04/Mar/2020:19:32:48 +0000] "GET /mnemo/ HTTP/1.1" 200 6673 "http://mail.cup.com/services/portal/" "Mozilla/5.0 (X11; Ubuntu; Linux x86_64; rv:73.0) Gecko/20100101 Firefox/73.0"
192.168.10.4 - - [04/Mar/2020:19:32:49 +0000] "POST /services/ajax.php/imp/sendMessage HTTP/1.1" 200 476 "http://mail.cup.com/imp/dynamic.php?page=compose&type=new&token=sFTBOQ5-4PcD0ch6GeuaTW1&uniq=1583350360085" "Mozilla/5.0 (X11; Ubuntu; Linux x86_64; rv:73.0) Gecko/20100101 Firefox/73.0"
192.168.10.190 - - [04/Mar/2020:19:32:55 +0000] "GET /services/portal/ HTTP/1.1" 200 8789 "http://mail.cup.com/mnemo/list.php" "Mozilla/5.0 (X11; Linux x86_64) AppleWebKit/537.36 (KHTML, like Gecko) Ubuntu Chromium/77.0.3865.90 HeadlessChrome/77.0.3865.90 Safari/537.36"
192.168.10.190 - - [04/Mar/2020:19:32:57 +0000] "GET /mnemo/ HTTP/1.1" 200 6527 "http://mail.cup.com/services/portal/" "Mozilla/5.0 (X11; Linux x86_64) AppleWebKit/537.36 (KHTML, like Gecko) Ubuntu Chromium/77.0.3865.90 HeadlessChrome/77.0.3865.90 Safari/537.36"
192.168.10.190 - - [04/Mar/2020:19:32:59 +0000] "POST /services/ajax.php/horde/imple?token=31XF-h1lLfn8xc_yRRBIpof&app=nag&imple=Nag_Ajax_Imple_TagAutoCompleter&input=tags HTTP/1.1" 200 376 "http://mail.cup.com/nag/task.php?actionID=add_task" "Mozilla/5.0 (X11; Ubuntu; Linux x86_64; rv:73.0) Gecko/20100101 Firefox/73.0"
192.168.10.4 - - [04/Mar/2020:19:33:21 +0000] "GET /nag/task.php?actionID=add_task HTTP/1.1" 200 9294 "http://mail.cup.com/nag/" "Mozilla/5.0 (X11; Linux x86_64) AppleWebKit/537.36 (KHTML, like Gecko) Ubuntu Chromium/77.0.3865.90 HeadlessChrome/77.0.3865.90 Safari/537.36"
192.168.10.4 - - [04/Mar/2020:19:33:26 +0000] "GET /services/portal/ HTTP/1.1" 200 8666 "http://mail.cup.com/imp/dynamic.php?page=mailbox" "Mozilla/5.0 (X11; Ubuntu; Linux x86_64; rv:73.0) Gecko/20100101 Firefox/73.0"
192.168.10.4 - - [04/Mar/2020:19:33:26 +0000] "GET /imp/themes/default/block/screen.css HTTP/1.1" 200 458 "http://mail.cup.com/services/portal/" "Mozilla/5.0 (X11; Ubuntu; Linux x86_64; rv:73.0) Gecko/20100101 Firefox/73.0"
192.168.10.190 - - [04/Mar/2020:19:33:27 +0000] "GET /mnemo/memo.php?actionID=add_memo HTTP/1.1" 200 5976 "http://mail.cup.com/mnemo/" "Mozilla/5.0 (X11; Ubuntu; Linux x86_64; rv:73.0) Gecko/20100101 Firefox/73.0"
192.168.10.4 - - [04/Mar/2020:19:33:29 +0000] "GET /mnemo/ HTTP/1.1" 200 5608 "http://mail.cup.com/services/portal/" "Mozilla/5.0 (X11; Ubuntu; Linux x86_64; rv:73.0) Gecko/20100101 Firefox/73.0"
192.168.10.4 - - [04/Mar/2020:19:33:29 +0000] "GET /mnemo/themes/default/screen.css HTTP/1.1" 200 1023 "http://mail.cup.com/mnemo/" "Mozilla/5.0 (X11; Ubuntu; Linux x86_64; rv:73.0) Gecko/20100101 Firefox/73.0"
192.168.10.190 - - [04/Mar/2020:19:33:31 +0000] "POST /nag/task/save.php HTTP/1.1" 302 412 "http://mail.cup.com/nag/task.php?actionID=add_task" "Mozilla/5.0 (X11; Ubuntu; Linux x86_64; rv:73.0) Gecko/20100101 Firefox/73.0"
192.168.10.190 - - [04/Mar/2020:19:33:31 +0000] "GET /nag/list.php HTTP/1.1" 200 8044 "http://mail.cup.com/nag/task.php?actionID=add_task" "Mozilla/5.0 (X11; Ubuntu; Linux x86_64; rv:73.0) Gecko/20100101 Firefox/73.0"
192.168.10.190 - - [04/Mar/2020:19:33:32 +0000] "GET /mnemo/memo.php?memo=Ogi5dC-qHdNJPVbrYPMRcWJ&memolist=-owcwoRdU-K8urr350qzewP&actionID=modify_memo HTTP/1.1" 200 6119 "http://mail.cup.com/mnemo/" "Mozilla/5.0 (X11; Linux x86_64) AppleWebKit/537.36 (KHTML, like Gecko) Ubuntu Chromium/77.0.3865.90 HeadlessChrome/77.0.3865.90 Safari/537.36"
192.168.10.4 - - [04/Mar/2020:19:33:33 +0000] "POST /services/ajax.php/horde/imple?token=PMc8LXSdsyfaZl0eNNagMJw&app=nag&imple=Nag_Ajax_Imple_TagAutoCompleter&input=tags HTTP/1.1" 200 371 "http://mail.cup.com/nag/task.php?actionID=add_task" "Mozilla/5.0 (X11; Linux x86_64) AppleWebKit/537.36 (KHTML, like Gecko) Ubuntu Chromium/77.0.3865.90 HeadlessChrome/77.0.3865.90 Safari/537.36"
192.168.10.190 - - [04/Mar/2020:19:33:34 +0000] "GET /mnemo/memo.php?memo=Ogi5dC-qHdNJPVbrYPMRcWJ&memolist=-owcwoRdU-K8urr350qzewP&actionID=delete_memos HTTP/1.1" 302 413 "http://mail.cup.com/mnemo/memo.php?memo=Ogi5dC-qHdNJPVbrYPMRcWJ&memolist=-owcwoRdU-K8urr350qzewP&actionID=modify_memo" "Mozilla/5.0 (X11; Linux x86_64) AppleWebKit/537.36 (KHTML, like Gecko) Ubuntu Chromium/77.0.3865.90 HeadlessChrome/77.0.3865.90 Safari/537.36"
192.168.10.190 - - [04/Mar/2020:19:33:34 +0000] "GET /mnemo/list.php HTTP/1.1" 200 6544 "http://mail.cup.com/mnemo/memo.php?memo=Ogi5dC-qHdNJPVbrYPMRcWJ&memolist=-owcwoRdU-K8urr350qzewP&actionID=modify_memo" "Mozilla/5.0 (X11; Linux x86_64) AppleWebKit/537.36 (KHTML, like Gecko) Ubuntu Chromium/77.0.3865.90 HeadlessChrome/77.0.3865.90 Safari/537.36"
192.168.10.190 - - [04/Mar/2020:19:33:35 +0000] "POST /services/ajax.php/horde/imple?token=AH-DmTcIMUmddmhXl3BBPcs&app=mnemo&imple=Mnemo_Ajax_Imple_TagAutoCompleter&input=memo_tags HTTP/1.1" 200 371 "http://mail.cup.com/mnemo/memo.php?actionID=add_memo" "Mozilla/5.0 (X11; Ubuntu; Linux x86_64; rv:73.0) Gecko/20100101 Firefox/73.0"
192.168.10.190 - - [04/Mar/2020:19:33:37 +0000] "POST /mnemo/memo.php HTTP/1.1" 302 413 "http://mail.cup.com/mnemo/memo.php?actionID=add_memo" "Mozilla/5.0 (X11; Ubuntu; Linux x86_64; rv:73.0) Gecko/20100101 Firefox/73.0"
192.168.10.190 - - [04/Mar/2020:19:33:37 +0000] "GET /mnemo/list.php HTTP/1.1" 200 6880 "http://mail.cup.com/mnemo/memo.php?actionID=add_memo" "Mozilla/5.0 (X11; Ubuntu; Linux x86_64; rv:73.0) Gecko/20100101 Firefox/73.0"
192.168.10.4 - - [04/Mar/2020:19:33:56 +0000] "POST /nag/task/save.php HTTP/1.1" 302 412 "http://mail.cup.com/nag/task.php?actionID=add_task" "Mozilla/5.0 (X11; Linux x86_64) AppleWebKit/537.36 (KHTML, like Gecko) Ubuntu Chromium/77.0.3865.90 HeadlessChrome/77.0.3865.90 Safari/537.36"
192.168.10.4 - - [04/Mar/2020:19:33:56 +0000] "GET /nag/list.php HTTP/1.1" 200 9671 "http://mail.cup.com/nag/task.php?actionID=add_task" "Mozilla/5.0 (X11; Linux x86_64) AppleWebKit/537.36 (KHTML, like Gecko) Ubuntu Chromium/77.0.3865.90 HeadlessChrome/77.0.3865.90 Safari/537.36"
192.168.10.190 - - [04/Mar/2020:19:34:04 +0000] "GET /services/portal/ HTTP/1.1" 200 9140 "http://mail.cup.com/nag/list.php" "Mozilla/5.0 (X11; Ubuntu; Linux x86_64; rv:73.0) Gecko/20100101 Firefox/73.0"
192.168.10.4 - - [04/Mar/2020:19:34:06 +0000] "GET /mnemo/memo.php?actionID=add_memo HTTP/1.1" 200 5977 "http://mail.cup.com/mnemo/" "Mozilla/5.0 (X11; Ubuntu; Linux x86_64; rv:73.0) Gecko/20100101 Firefox/73.0"
192.168.10.190 - - [04/Mar/2020:19:34:07 +0000] "GET /services/portal/ HTTP/1.1" 200 8725 "http://mail.cup.com/mnemo/list.php" "Mozilla/5.0 (X11; Linux x86_64) AppleWebKit/537.36 (KHTML, like Gecko) Ubuntu Chromium/77.0.3865.90 HeadlessChrome/77.0.3865.90 Safari/537.36"
192.168.10.190 - - [04/Mar/2020:19:34:08 +0000] "GET /nag/ HTTP/1.1" 200 7941 "http://mail.cup.com/services/portal/" "Mozilla/5.0 (X11; Ubuntu; Linux x86_64; rv:73.0) Gecko/20100101 Firefox/73.0"
192.168.10.190 - - [04/Mar/2020:19:34:10 +0000] "GET /turba/ HTTP/1.1" 200 4349 "http://mail.cup.com/services/portal/" "Mozilla/5.0 (X11; Linux x86_64) AppleWebKit/537.36 (KHTML, like Gecko) Ubuntu Chromium/77.0.3865.90 HeadlessChrome/77.0.3865.90 Safari/537.36"
192.168.10.190 - - [04/Mar/2020:19:34:11 +0000] "GET /services/portal/ HTTP/1.1" 200 9896 "http://mail.cup.com/mnemo/list.php" "Mozilla/5.0 (X11; Ubuntu; Linux x86_64; rv:73.0) Gecko/20100101 Firefox/73.0"
192.168.10.190 - - [04/Mar/2020:19:34:12 +0000] "GET /turba/add.php HTTP/1.1" 200 19355 "http://mail.cup.com/turba/" "Mozilla/5.0 (X11; Linux x86_64) AppleWebKit/537.36 (KHTML, like Gecko) Ubuntu Chromium/77.0.3865.90 HeadlessChrome/77.0.3865.90 Safari/537.36"
192.168.10.4 - - [04/Mar/2020:19:34:12 +0000] "POST /services/ajax.php/horde/imple?token=sFTBOQ5-4PcD0ch6GeuaTW1&app=mnemo&imple=Mnemo_Ajax_Imple_TagAutoCompleter&input=memo_tags HTTP/1.1" 200 371 "http://mail.cup.com/mnemo/memo.php?actionID=add_memo" "Mozilla/5.0 (X11; Ubuntu; Linux x86_64; rv:73.0) Gecko/20100101 Firefox/73.0"
192.168.10.4 - - [04/Mar/2020:19:34:14 +0000] "POST /mnemo/memo.php HTTP/1.1" 302 413 "http://mail.cup.com/mnemo/memo.php?actionID=add_memo" "Mozilla/5.0 (X11; Ubuntu; Linux x86_64; rv:73.0) Gecko/20100101 Firefox/73.0"
192.168.10.4 - - [04/Mar/2020:19:34:14 +0000] "GET /mnemo/list.php HTTP/1.1" 200 5828 "http://mail.cup.com/mnemo/memo.php?actionID=add_memo" "Mozilla/5.0 (X11; Ubuntu; Linux x86_64; rv:73.0) Gecko/20100101 Firefox/73.0"
192.168.10.190 - - [04/Mar/2020:19:34:17 +0000] "GET /imp/dynamic.php?page=mailbox HTTP/1.1" 200 8749 "http://mail.cup.com/services/portal/" "Mozilla/5.0 (X11; Ubuntu; Linux x86_64; rv:73.0) Gecko/20100101 Firefox/73.0"
192.168.10.190 - - [04/Mar/2020:19:34:18 +0000] "POST /services/ajax.php/imp/dynamicInit HTTP/1.1" 200 1552 "http://mail.cup.com/imp/dynamic.php?page=mailbox" "Mozilla/5.0 (X11; Ubuntu; Linux x86_64; rv:73.0) Gecko/20100101 Firefox/73.0"
192.168.10.190 - - [04/Mar/2020:19:34:19 +0000] "POST /turba/add.php HTTP/1.1" 302 489 "http://mail.cup.com/turba/add.php" "Mozilla/5.0 (X11; Linux x86_64) AppleWebKit/537.36 (KHTML, like Gecko) Ubuntu Chromium/77.0.3865.90 HeadlessChrome/77.0.3865.90 Safari/537.36"
192.168.10.190 - - [04/Mar/2020:19:34:19 +0000] "GET /turba/contact.php?source=nmyDTp1CJZ38jSqq_5oRhWw&key=Y2z4onpkHIOgz0ADcXA36D7&view=Contact HTTP/1.1" 200 21136 "http://mail.cup.com/turba/add.php" "Mozilla/5.0 (X11; Linux x86_64) AppleWebKit/537.36 (KHTML, like Gecko) Ubuntu Chromium/77.0.3865.90 HeadlessChrome/77.0.3865.90 Safari/537.36"
192.168.10.190 - - [04/Mar/2020:19:34:26 +0000] "POST /services/ajax.php/imp/viewPort HTTP/1.1" 200 911 "http://mail.cup.com/imp/dynamic.php?page=mailbox" "Mozilla/5.0 (X11; Ubuntu; Linux x86_64; rv:73.0) Gecko/20100101 Firefox/73.0"
::1 - - [04/Mar/2020:19:34:29 +0000] "OPTIONS * HTTP/1.0" 200 110 "-" "Apache/2.4.25 (Debian) OpenSSL/1.0.2u (internal dummy connection)"
192.168.10.4 - - [04/Mar/2020:19:34:32 +0000] "GET /services/portal/ HTTP/1.1" 200 12290 "http://mail.cup.com/nag/list.php" "Mozilla/5.0 (X11; Linux x86_64) AppleWebKit/537.36 (KHTML, like Gecko) Ubuntu Chromium/77.0.3865.90 HeadlessChrome/77.0.3865.90 Safari/537.36"
192.168.10.190 - - [04/Mar/2020:19:34:33 +0000] "POST /services/ajax.php/imp/showMessage HTTP/1.1" 200 2702 "http://mail.cup.com/imp/dynamic.php?page=mailbox" "Mozilla/5.0 (X11; Ubuntu; Linux x86_64; rv:73.0) Gecko/20100101 Firefox/73.0"
192.168.10.4 - - [04/Mar/2020:19:34:38 +0000] "GET /kronolith/ HTTP/1.1" 200 24699 "http://mail.cup.com/services/portal/" "Mozilla/5.0 (X11; Linux x86_64) AppleWebKit/537.36 (KHTML, like Gecko) Ubuntu Chromium/77.0.3865.90 HeadlessChrome/77.0.3865.90 Safari/537.36"
192.168.10.4 - - [04/Mar/2020:19:34:39 +0000] "POST /services/ajax.php/kronolith/listCalendars HTTP/1.1" 200 968 "http://mail.cup.com/kronolith/" "Mozilla/5.0 (X11; Linux x86_64) AppleWebKit/537.36 (KHTML, like Gecko) Ubuntu Chromium/77.0.3865.90 HeadlessChrome/77.0.3865.90 Safari/537.36"
192.168.10.4 - - [04/Mar/2020:19:34:39 +0000] "POST /services/ajax.php/kronolith/listEvents HTTP/1.1" 200 549 "http://mail.cup.com/kronolith/" "Mozilla/5.0 (X11; Linux x86_64) AppleWebKit/537.36 (KHTML, like Gecko) Ubuntu Chromium/77.0.3865.90 HeadlessChrome/77.0.3865.90 Safari/537.36"
192.168.10.4 - - [04/Mar/2020:19:34:39 +0000] "POST /services/ajax.php/kronolith/listEvents HTTP/1.1" 200 1652 "http://mail.cup.com/kronolith/" "Mozilla/5.0 (X11; Linux x86_64) AppleWebKit/537.36 (KHTML, like Gecko) Ubuntu Chromium/77.0.3865.90 HeadlessChrome/77.0.3865.90 Safari/537.36"
192.168.10.190 - - [04/Mar/2020:19:34:43 +0000] "GET /imp/dynamic.php?page=message&buid=59&mailbox=SU5CT1g&token=AH-DmTcIMUmddmhXl3BBPcs&uniq=1583350482843 HTTP/1.1" 200 7666 "http://mail.cup.com/imp/dynamic.php?page=mailbox" "Mozilla/5.0 (X11; Ubuntu; Linux x86_64; rv:73.0) Gecko/20100101 Firefox/73.0"
192.168.10.190 - - [04/Mar/2020:19:34:45 +0000] "GET /nag/task.php?tasklist=-tuA1UJG7ilRa4A_Y2M_t3c&task=Q0W_1SjOdJTP4XuPKAB-qK-&actionID=modify_task&have_search&tab_name=1&url=%2Fnag%2F HTTP/1.1" 200 9102 "http://mail.cup.com/nag/" "Mozilla/5.0 (X11; Ubuntu; Linux x86_64; rv:73.0) Gecko/20100101 Firefox/73.0"
192.168.10.4 - - [04/Mar/2020:19:34:46 +0000] "GET /services/portal/ HTTP/1.1" 200 8799 "http://mail.cup.com/mnemo/list.php" "Mozilla/5.0 (X11; Ubuntu; Linux x86_64; rv:73.0) Gecko/20100101 Firefox/73.0"
192.168.10.190 - - [04/Mar/2020:19:34:47 +0000] "POST /services/ajax.php/imp/getReplyData HTTP/1.1" 200 1182 "http://mail.cup.com/imp/dynamic.php?page=message&buid=59&mailbox=SU5CT1g&token=AH-DmTcIMUmddmhXl3BBPcs&uniq=1583350482843" "Mozilla/5.0 (X11; Ubuntu; Linux x86_64; rv:73.0) Gecko/20100101 Firefox/73.0"
192.168.10.190 - - [04/Mar/2020:19:34:49 +0000] "POST /nag/task/save.php HTTP/1.1" 302 411 "http://mail.cup.com/nag/task.php?tasklist=-tuA1UJG7ilRa4A_Y2M_t3c&task=Q0W_1SjOdJTP4XuPKAB-qK-&actionID=modify_task&have_search&tab_name=1&url=%2Fnag%2F" "Mozilla/5.0 (X11; Ubuntu; Linux x86_64; rv:73.0) Gecko/20100101 Firefox/73.0"
192.168.10.4 - - [04/Mar/2020:19:34:49 +0000] "GET /nag/ HTTP/1.1" 200 9342 "http://mail.cup.com/services/portal/" "Mozilla/5.0 (X11; Ubuntu; Linux x86_64; rv:73.0) Gecko/20100101 Firefox/73.0"
192.168.10.4 - - [04/Mar/2020:19:34:49 +0000] "GET /nag/themes/default/screen.css HTTP/1.1" 200 1132 "http://mail.cup.com/nag/" "Mozilla/5.0 (X11; Ubuntu; Linux x86_64; rv:73.0) Gecko/20100101 Firefox/73.0"
192.168.10.190 - - [04/Mar/2020:19:34:49 +0000] "GET /nag/list.php HTTP/1.1" 200 7922 "http://mail.cup.com/nag/task.php?tasklist=-tuA1UJG7ilRa4A_Y2M_t3c&task=Q0W_1SjOdJTP4XuPKAB-qK-&actionID=modify_task&have_search&tab_name=1&url=%2Fnag%2F" "Mozilla/5.0 (X11; Ubuntu; Linux x86_64; rv:73.0) Gecko/20100101 Firefox/73.0"
192.168.10.4 - - [04/Mar/2020:19:34:49 +0000] "GET /themes/default/graphics/tab.png HTTP/1.1" 200 375 "http://mail.cup.com/themes/default/screen.css" "Mozilla/5.0 (X11; Ubuntu; Linux x86_64; rv:73.0) Gecko/20100101 Firefox/73.0"
192.168.10.190 - - [04/Mar/2020:19:34:52 +0000] "POST /services/ajax.php/imp/sendMessage HTTP/1.1" 200 619 "http://mail.cup.com/imp/dynamic.php?page=message&buid=59&mailbox=SU5CT1g&token=AH-DmTcIMUmddmhXl3BBPcs&uniq=1583350482843" "Mozilla/5.0 (X11; Ubuntu; Linux x86_64; rv:73.0) Gecko/20100101 Firefox/73.0"
192.168.10.190 - - [04/Mar/2020:19:34:52 +0000] "GET /services/portal/ HTTP/1.1" 200 8760 "http://mail.cup.com/turba/contact.php?source=nmyDTp1CJZ38jSqq_5oRhWw&key=Y2z4onpkHIOgz0ADcXA36D7&view=Contact" "Mozilla/5.0 (X11; Linux x86_64) AppleWebKit/537.36 (KHTML, like Gecko) Ubuntu Chromium/77.0.3865.90 HeadlessChrome/77.0.3865.90 Safari/537.36"
192.168.10.190 - - [04/Mar/2020:19:34:55 +0000] "GET /nag/ HTTP/1.1" 200 8363 "http://mail.cup.com/services/portal/" "Mozilla/5.0 (X11; Linux x86_64) AppleWebKit/537.36 (KHTML, like Gecko) Ubuntu Chromium/77.0.3865.90 HeadlessChrome/77.0.3865.90 Safari/537.36"
::1 - - [04/Mar/2020:19:35:02 +0000] "OPTIONS * HTTP/1.0" 200 110 "-" "Apache/2.4.25 (Debian) OpenSSL/1.0.2u (internal dummy connection)"
::1 - - [04/Mar/2020:19:35:04 +0000] "OPTIONS * HTTP/1.0" 200 110 "-" "Apache/2.4.25 (Debian) OpenSSL/1.0.2u (internal dummy connection)"
::1 - - [04/Mar/2020:19:35:05 +0000] "OPTIONS * HTTP/1.0" 200 110 "-" "Apache/2.4.25 (Debian) OpenSSL/1.0.2u (internal dummy connection)"
192.168.10.4 - - [04/Mar/2020:19:35:16 +0000] "POST /services/ajax.php/kronolith/getEvent HTTP/1.1" 200 687 "http://mail.cup.com/kronolith/" "Mozilla/5.0 (X11; Linux x86_64) AppleWebKit/537.36 (KHTML, like Gecko) Ubuntu Chromium/77.0.3865.90 HeadlessChrome/77.0.3865.90 Safari/537.36"
192.168.10.4 - - [04/Mar/2020:19:35:16 +0000] "POST /services/ajax.php/kronolith/listTopTags HTTP/1.1" 200 445 "http://mail.cup.com/kronolith/" "Mozilla/5.0 (X11; Linux x86_64) AppleWebKit/537.36 (KHTML, like Gecko) Ubuntu Chromium/77.0.3865.90 HeadlessChrome/77.0.3865.90 Safari/537.36"
192.168.10.4 - - [04/Mar/2020:19:35:23 +0000] "POST /services/ajax.php/kronolith/deleteEvent HTTP/1.1" 200 537 "http://mail.cup.com/kronolith/" "Mozilla/5.0 (X11; Linux x86_64) AppleWebKit/537.36 (KHTML, like Gecko) Ubuntu Chromium/77.0.3865.90 HeadlessChrome/77.0.3865.90 Safari/537.36"
192.168.10.4 - - [04/Mar/2020:19:35:24 +0000] "GET /nag/task.php?tasklist=uNmFNn_EmdCp7mC7vlXGzHO&task=4oq86VRe47-p7XwDzriOB3v&actionID=modify_task&have_search&tab_name=1&url=%2Fnag%2F HTTP/1.1" 200 9399 "http://mail.cup.com/nag/" "Mozilla/5.0 (X11; Ubuntu; Linux x86_64; rv:73.0) Gecko/20100101 Firefox/73.0"
192.168.10.4 - - [04/Mar/2020:19:35:25 +0000] "GET /themes/default/graphics/button-delete.png HTTP/1.1" 200 384 "http://mail.cup.com/themes/default/screen.css" "Mozilla/5.0 (X11; Ubuntu; Linux x86_64; rv:73.0) Gecko/20100101 Firefox/73.0"
192.168.10.190 - - [04/Mar/2020:19:35:25 +0000] "GET /services/portal/ HTTP/1.1" 200 9078 "http://mail.cup.com/nag/list.php" "Mozilla/5.0 (X11; Ubuntu; Linux x86_64; rv:73.0) Gecko/20100101 Firefox/73.0"
192.168.10.4 - - [04/Mar/2020:19:35:27 +0000] "POST /nag/task/save.php HTTP/1.1" 302 412 "http://mail.cup.com/nag/task.php?tasklist=uNmFNn_EmdCp7mC7vlXGzHO&task=4oq86VRe47-p7XwDzriOB3v&actionID=modify_task&have_search&tab_name=1&url=%2Fnag%2F" "Mozilla/5.0 (X11; Ubuntu; Linux x86_64; rv:73.0) Gecko/20100101 Firefox/73.0"
192.168.10.4 - - [04/Mar/2020:19:35:28 +0000] "GET /nag/list.php HTTP/1.1" 200 9353 "http://mail.cup.com/nag/task.php?tasklist=uNmFNn_EmdCp7mC7vlXGzHO&task=4oq86VRe47-p7XwDzriOB3v&actionID=modify_task&have_search&tab_name=1&url=%2Fnag%2F" "Mozilla/5.0 (X11; Ubuntu; Linux x86_64; rv:73.0) Gecko/20100101 Firefox/73.0"
192.168.10.190 - - [04/Mar/2020:19:35:29 +0000] "GET /kronolith/ HTTP/1.1" 200 24701 "http://mail.cup.com/services/portal/" "Mozilla/5.0 (X11; Ubuntu; Linux x86_64; rv:73.0) Gecko/20100101 Firefox/73.0"
192.168.10.190 - - [04/Mar/2020:19:35:29 +0000] "GET /kronolith/themes/default/dynamic/screen.css HTTP/1.1" 200 3792 "http://mail.cup.com/kronolith/" "Mozilla/5.0 (X11; Ubuntu; Linux x86_64; rv:73.0) Gecko/20100101 Firefox/73.0"
192.168.10.190 - - [04/Mar/2020:19:35:29 +0000] "GET /kronolith/themes/default/screen.css HTTP/1.1" 200 2772 "http://mail.cup.com/kronolith/" "Mozilla/5.0 (X11; Ubuntu; Linux x86_64; rv:73.0) Gecko/20100101 Firefox/73.0"
192.168.10.190 - - [04/Mar/2020:19:35:29 +0000] "GET /js/prettyautocomplete.js?v=dc442439853f80a9467ce727c08e9b0e HTTP/1.1" 200 3381 "http://mail.cup.com/kronolith/" "Mozilla/5.0 (X11; Ubuntu; Linux x86_64; rv:73.0) Gecko/20100101 Firefox/73.0"
192.168.10.190 - - [04/Mar/2020:19:35:29 +0000] "GET /kronolith/js/dragdrop2.js?v=cdac878cfbf59a65fe9f73fb16b22d01 HTTP/1.1" 200 6711 "http://mail.cup.com/kronolith/" "Mozilla/5.0 (X11; Ubuntu; Linux x86_64; rv:73.0) Gecko/20100101 Firefox/73.0"
192.168.10.190 - - [04/Mar/2020:19:35:29 +0000] "GET /js/colorpicker.js?v=dc442439853f80a9467ce727c08e9b0e HTTP/1.1" 200 3736 "http://mail.cup.com/kronolith/" "Mozilla/5.0 (X11; Ubuntu; Linux x86_64; rv:73.0) Gecko/20100101 Firefox/73.0"
192.168.10.190 - - [04/Mar/2020:19:35:29 +0000] "GET /js/form_ghost.js?v=dc442439853f80a9467ce727c08e9b0e HTTP/1.1" 200 1901 "http://mail.cup.com/kronolith/" "Mozilla/5.0 (X11; Ubuntu; Linux x86_64; rv:73.0) Gecko/20100101 Firefox/73.0"
192.168.10.190 - - [04/Mar/2020:19:35:29 +0000] "GET /themes/default/graphics/search-topbar.png HTTP/1.1" 200 631 "http://mail.cup.com/kronolith/" "Mozilla/5.0 (X11; Ubuntu; Linux x86_64; rv:73.0) Gecko/20100101 Firefox/73.0"
192.168.10.190 - - [04/Mar/2020:19:35:29 +0000] "GET /kronolith/js/kronolith.js?v=cdac878cfbf59a65fe9f73fb16b22d01 HTTP/1.1" 200 50927 "http://mail.cup.com/kronolith/" "Mozilla/5.0 (X11; Ubuntu; Linux x86_64; rv:73.0) Gecko/20100101 Firefox/73.0"
192.168.10.190 - - [04/Mar/2020:19:35:29 +0000] "GET /themes/default/sounds/doorbell.wav HTTP/1.1" 200 5440 "http://mail.cup.com/kronolith/" "Mozilla/5.0 (X11; Ubuntu; Linux x86_64; rv:73.0) Gecko/20100101 Firefox/73.0"
192.168.10.190 - - [04/Mar/2020:19:35:29 +0000] "GET /themes/default/sounds/gnid3.wav HTTP/1.1" 200 13961 "http://mail.cup.com/kronolith/" "Mozilla/5.0 (X11; Ubuntu; Linux x86_64; rv:73.0) Gecko/20100101 Firefox/73.0"
192.168.10.190 - - [04/Mar/2020:19:35:29 +0000] "GET /themes/default/sounds/jetsndb.wav HTTP/1.1" 200 31529 "http://mail.cup.com/kronolith/" "Mozilla/5.0 (X11; Ubuntu; Linux x86_64; rv:73.0) Gecko/20100101 Firefox/73.0"
192.168.10.190 - - [04/Mar/2020:19:35:29 +0000] "GET /themes/default/sounds/reminder.wav HTTP/1.1" 200 23424 "http://mail.cup.com/kronolith/" "Mozilla/5.0 (X11; Ubuntu; Linux x86_64; rv:73.0) Gecko/20100101 Firefox/73.0"
192.168.10.190 - - [04/Mar/2020:19:35:29 +0000] "GET /themes/default/sounds/theetone.wav HTTP/1.1" 200 25049 "http://mail.cup.com/kronolith/" "Mozilla/5.0 (X11; Ubuntu; Linux x86_64; rv:73.0) Gecko/20100101 Firefox/73.0"
192.168.10.190 - - [04/Mar/2020:19:35:29 +0000] "GET /nag/task.php?tasklist=RVa6U5vw-D6tjxVV6QmEHcb&task=w4ZEGHPHMFlDrjaqFUfUV6E&actionID=modify_task&have_search&tab_name=1&url=%2Fnag%2F HTTP/1.1" 200 9132 "http://mail.cup.com/nag/" "Mozilla/5.0 (X11; Linux x86_64) AppleWebKit/537.36 (KHTML, like Gecko) Ubuntu Chromium/77.0.3865.90 HeadlessChrome/77.0.3865.90 Safari/537.36"
192.168.10.190 - - [04/Mar/2020:19:35:29 +0000] "GET /themes/default/graphics/buttonbar-bg.png HTTP/1.1" 200 374 "http://mail.cup.com/themes/default/screen.css" "Mozilla/5.0 (X11; Ubuntu; Linux x86_64; rv:73.0) Gecko/20100101 Firefox/73.0"
192.168.10.190 - - [04/Mar/2020:19:35:29 +0000] "GET /themes/default/graphics/button-split.png HTTP/1.1" 200 340 "http://mail.cup.com/themes/default/screen.css" "Mozilla/5.0 (X11; Ubuntu; Linux x86_64; rv:73.0) Gecko/20100101 Firefox/73.0"
192.168.10.190 - - [04/Mar/2020:19:35:29 +0000] "GET /kronolith/themes/default/graphics/left.png HTTP/1.1" 200 560 "http://mail.cup.com/kronolith/themes/default/screen.css" "Mozilla/5.0 (X11; Ubuntu; Linux x86_64; rv:73.0) Gecko/20100101 Firefox/73.0"
192.168.10.190 - - [04/Mar/2020:19:35:29 +0000] "GET /themes/default/graphics/button-active-bg.png HTTP/1.1" 200 368 "http://mail.cup.com/themes/default/screen.css" "Mozilla/5.0 (X11; Ubuntu; Linux x86_64; rv:73.0) Gecko/20100101 Firefox/73.0"
192.168.10.190 - - [04/Mar/2020:19:35:29 +0000] "GET /kronolith/themes/default/graphics/right.png HTTP/1.1" 200 550 "http://mail.cup.com/kronolith/themes/default/screen.css" "Mozilla/5.0 (X11; Ubuntu; Linux x86_64; rv:73.0) Gecko/20100101 Firefox/73.0"
192.168.10.190 - - [04/Mar/2020:19:35:29 +0000] "GET /kronolith/themes/default/graphics/dayview.png HTTP/1.1" 200 617 "http://mail.cup.com/kronolith/themes/default/screen.css" "Mozilla/5.0 (X11; Ubuntu; Linux x86_64; rv:73.0) Gecko/20100101 Firefox/73.0"
192.168.10.190 - - [04/Mar/2020:19:35:29 +0000] "GET /kronolith/themes/default/graphics/workweekview.png HTTP/1.1" 200 571 "http://mail.cup.com/kronolith/themes/default/screen.css" "Mozilla/5.0 (X11; Ubuntu; Linux x86_64; rv:73.0) Gecko/20100101 Firefox/73.0"
192.168.10.190 - - [04/Mar/2020:19:35:29 +0000] "GET /kronolith/themes/default/graphics/weekview.png HTTP/1.1" 200 571 "http://mail.cup.com/kronolith/themes/default/screen.css" "Mozilla/5.0 (X11; Ubuntu; Linux x86_64; rv:73.0) Gecko/20100101 Firefox/73.0"
192.168.10.190 - - [04/Mar/2020:19:35:29 +0000] "GET /kronolith/themes/default/graphics/monthview.png HTTP/1.1" 200 626 "http://mail.cup.com/kronolith/themes/default/screen.css" "Mozilla/5.0 (X11; Ubuntu; Linux x86_64; rv:73.0) Gecko/20100101 Firefox/73.0"
192.168.10.190 - - [04/Mar/2020:19:35:29 +0000] "GET /kronolith/themes/default/graphics/yearview.png HTTP/1.1" 200 569 "http://mail.cup.com/kronolith/themes/default/screen.css" "Mozilla/5.0 (X11; Ubuntu; Linux x86_64; rv:73.0) Gecko/20100101 Firefox/73.0"
192.168.10.190 - - [04/Mar/2020:19:35:29 +0000] "GET /kronolith/themes/default/graphics/tasks.png HTTP/1.1" 200 882 "http://mail.cup.com/kronolith/themes/default/screen.css" "Mozilla/5.0 (X11; Ubuntu; Linux x86_64; rv:73.0) Gecko/20100101 Firefox/73.0"
192.168.10.190 - - [04/Mar/2020:19:35:29 +0000] "GET /kronolith/themes/default/graphics/new.png HTTP/1.1" 200 828 "http://mail.cup.com/kronolith/themes/default/dynamic/screen.css" "Mozilla/5.0 (X11; Ubuntu; Linux x86_64; rv:73.0) Gecko/20100101 Firefox/73.0"
192.168.10.190 - - [04/Mar/2020:19:35:29 +0000] "GET /kronolith/themes/default/graphics/favicon.ico HTTP/1.1" 200 2026 "-" "Mozilla/5.0 (X11; Ubuntu; Linux x86_64; rv:73.0) Gecko/20100101 Firefox/73.0"
192.168.10.190 - - [04/Mar/2020:19:35:29 +0000] "POST /services/ajax.php/kronolith/listCalendars HTTP/1.1" 200 969 "http://mail.cup.com/kronolith/" "Mozilla/5.0 (X11; Ubuntu; Linux x86_64; rv:73.0) Gecko/20100101 Firefox/73.0"
192.168.10.190 - - [04/Mar/2020:19:35:30 +0000] "GET /kronolith/themes/default/graphics/loading.gif HTTP/1.1" 200 2764 "http://mail.cup.com/kronolith/themes/default/dynamic/screen.css" "Mozilla/5.0 (X11; Ubuntu; Linux x86_64; rv:73.0) Gecko/20100101 Firefox/73.0"
192.168.10.190 - - [04/Mar/2020:19:35:30 +0000] "GET /themes/default/graphics/edit-sidebar-fff.png HTTP/1.1" 200 487 "http://mail.cup.com/themes/default/screen.css" "Mozilla/5.0 (X11; Ubuntu; Linux x86_64; rv:73.0) Gecko/20100101 Firefox/73.0"
192.168.10.190 - - [04/Mar/2020:19:35:30 +0000] "POST /services/ajax.php/kronolith/listEvents HTTP/1.1" 200 1567 "http://mail.cup.com/kronolith/" "Mozilla/5.0 (X11; Ubuntu; Linux x86_64; rv:73.0) Gecko/20100101 Firefox/73.0"
192.168.10.190 - - [04/Mar/2020:19:35:30 +0000] "POST /services/ajax.php/kronolith/listEvents HTTP/1.1" 200 548 "http://mail.cup.com/kronolith/" "Mozilla/5.0 (X11; Ubuntu; Linux x86_64; rv:73.0) Gecko/20100101 Firefox/73.0"
192.168.10.190 - - [04/Mar/2020:19:35:32 +0000] "POST /nag/task/save.php HTTP/1.1" 302 411 "http://mail.cup.com/nag/task.php?tasklist=RVa6U5vw-D6tjxVV6QmEHcb&task=w4ZEGHPHMFlDrjaqFUfUV6E&actionID=modify_task&have_search&tab_name=1&url=%2Fnag%2F" "Mozilla/5.0 (X11; Linux x86_64) AppleWebKit/537.36 (KHTML, like Gecko) Ubuntu Chromium/77.0.3865.90 HeadlessChrome/77.0.3865.90 Safari/537.36"
192.168.10.190 - - [04/Mar/2020:19:35:32 +0000] "GET /nag/list.php HTTP/1.1" 200 8361 "http://mail.cup.com/nag/task.php?tasklist=RVa6U5vw-D6tjxVV6QmEHcb&task=w4ZEGHPHMFlDrjaqFUfUV6E&actionID=modify_task&have_search&tab_name=1&url=%2Fnag%2F" "Mozilla/5.0 (X11; Linux x86_64) AppleWebKit/537.36 (KHTML, like Gecko) Ubuntu Chromium/77.0.3865.90 HeadlessChrome/77.0.3865.90 Safari/537.36"
192.168.10.4 - - [04/Mar/2020:19:35:33 +0000] "GET /services/portal/ HTTP/1.1" 200 12171 "http://mail.cup.com/kronolith/" "Mozilla/5.0 (X11; Linux x86_64) AppleWebKit/537.36 (KHTML, like Gecko) Ubuntu Chromium/77.0.3865.90 HeadlessChrome/77.0.3865.90 Safari/537.36"
192.168.10.190 - - [04/Mar/2020:19:35:38 +0000] "POST /services/ajax.php/kronolith/listTopTags HTTP/1.1" 200 458 "http://mail.cup.com/kronolith/" "Mozilla/5.0 (X11; Ubuntu; Linux x86_64; rv:73.0) Gecko/20100101 Firefox/73.0"
192.168.10.190 - - [04/Mar/2020:19:35:36 +0000] "GET /services/portal/ HTTP/1.1" 200 9895 "http://mail.cup.com/imp/dynamic.php?page=mailbox" "Mozilla/5.0 (X11; Ubuntu; Linux x86_64; rv:73.0) Gecko/20100101 Firefox/73.0"
192.168.10.4 - - [04/Mar/2020:19:35:43 +0000] "GET /mnemo/ HTTP/1.1" 200 8499 "http://mail.cup.com/services/portal/" "Mozilla/5.0 (X11; Linux x86_64) AppleWebKit/537.36 (KHTML, like Gecko) Ubuntu Chromium/77.0.3865.90 HeadlessChrome/77.0.3865.90 Safari/537.36"
::1 - - [04/Mar/2020:19:35:46 +0000] "OPTIONS * HTTP/1.0" 200 110 "-" "Apache/2.4.25 (Debian) OpenSSL/1.0.2u (internal dummy connection)"
192.168.10.190 - - [04/Mar/2020:19:35:47 +0000] "GET /turba/ HTTP/1.1" 200 4346 "http://mail.cup.com/services/portal/" "Mozilla/5.0 (X11; Ubuntu; Linux x86_64; rv:73.0) Gecko/20100101 Firefox/73.0"
192.168.10.190 - - [04/Mar/2020:19:35:52 +0000] "GET /turba/add.php HTTP/1.1" 200 19351 "http://mail.cup.com/turba/" "Mozilla/5.0 (X11; Ubuntu; Linux x86_64; rv:73.0) Gecko/20100101 Firefox/73.0"
192.168.10.190 - - [04/Mar/2020:19:35:52 +0000] "GET /js/image.js?v=dc442439853f80a9467ce727c08e9b0e HTTP/1.1" 200 1047 "http://mail.cup.com/turba/add.php" "Mozilla/5.0 (X11; Ubuntu; Linux x86_64; rv:73.0) Gecko/20100101 Firefox/73.0"
192.168.10.4 - - [04/Mar/2020:19:36:00 +0000] "GET /services/portal/ HTTP/1.1" 200 8690 "http://mail.cup.com/nag/list.php" "Mozilla/5.0 (X11; Ubuntu; Linux x86_64; rv:73.0) Gecko/20100101 Firefox/73.0"
192.168.10.4 - - [04/Mar/2020:19:36:04 +0000] "GET /turba/ HTTP/1.1" 200 4352 "http://mail.cup.com/services/portal/" "Mozilla/5.0 (X11; Ubuntu; Linux x86_64; rv:73.0) Gecko/20100101 Firefox/73.0"
192.168.10.4 - - [04/Mar/2020:19:36:04 +0000] "GET /turba/themes/default/screen.css HTTP/1.1" 200 1297 "http://mail.cup.com/turba/" "Mozilla/5.0 (X11; Ubuntu; Linux x86_64; rv:73.0) Gecko/20100101 Firefox/73.0"
::1 - - [04/Mar/2020:19:36:05 +0000] "OPTIONS * HTTP/1.0" 200 110 "-" "Apache/2.4.25 (Debian) OpenSSL/1.0.2u (internal dummy connection)"
192.168.10.190 - - [04/Mar/2020:19:36:05 +0000] "GET /services/portal/ HTTP/1.1" 200 8664 "http://mail.cup.com/nag/list.php" "Mozilla/5.0 (X11; Linux x86_64) AppleWebKit/537.36 (KHTML, like Gecko) Ubuntu Chromium/77.0.3865.90 HeadlessChrome/77.0.3865.90 Safari/537.36"
192.168.10.190 - - [04/Mar/2020:19:36:07 +0000] "POST /services/ajax.php/kronolith/saveEvent HTTP/1.1" 200 645 "http://mail.cup.com/kronolith/" "Mozilla/5.0 (X11; Ubuntu; Linux x86_64; rv:73.0) Gecko/20100101 Firefox/73.0"
192.168.10.4 - - [04/Mar/2020:19:36:08 +0000] "GET /turba/add.php HTTP/1.1" 200 19352 "http://mail.cup.com/turba/" "Mozilla/5.0 (X11; Ubuntu; Linux x86_64; rv:73.0) Gecko/20100101 Firefox/73.0"
192.168.10.190 - - [04/Mar/2020:19:36:08 +0000] "POST /turba/add.php HTTP/1.1" 302 489 "http://mail.cup.com/turba/add.php" "Mozilla/5.0 (X11; Ubuntu; Linux x86_64; rv:73.0) Gecko/20100101 Firefox/73.0"
192.168.10.190 - - [04/Mar/2020:19:36:08 +0000] "GET /turba/contact.php?source=FvtvTehCMYUaf2TLKiDbBvT&key=JapL86WXDebthrhl4DL1ftm&view=Contact HTTP/1.1" 200 21130 "http://mail.cup.com/turba/add.php" "Mozilla/5.0 (X11; Ubuntu; Linux x86_64; rv:73.0) Gecko/20100101 Firefox/73.0"
192.168.10.190 - - [04/Mar/2020:19:36:09 +0000] "GET /turba/js/contact_tabs.js?v=bdffa700049748b9e0ede1748b17c142 HTTP/1.1" 200 777 "http://mail.cup.com/turba/contact.php?source=FvtvTehCMYUaf2TLKiDbBvT&key=JapL86WXDebthrhl4DL1ftm&view=Contact" "Mozilla/5.0 (X11; Ubuntu; Linux x86_64; rv:73.0) Gecko/20100101 Firefox/73.0"
192.168.10.190 - - [04/Mar/2020:19:36:09 +0000] "GET /turba/themes/default/graphics/edit.png HTTP/1.1" 200 561 "http://mail.cup.com/turba/themes/default/screen.css" "Mozilla/5.0 (X11; Ubuntu; Linux x86_64; rv:73.0) Gecko/20100101 Firefox/73.0"
192.168.10.190 - - [04/Mar/2020:19:36:09 +0000] "GET /turba/themes/default/graphics/delete.png HTTP/1.1" 200 581 "http://mail.cup.com/turba/themes/default/screen.css" "Mozilla/5.0 (X11; Ubuntu; Linux x86_64; rv:73.0) Gecko/20100101 Firefox/73.0"
192.168.10.190 - - [04/Mar/2020:19:36:09 +0000] "GET /turba/themes/default/graphics/turba.png HTTP/1.1" 200 626 "http://mail.cup.com/turba/themes/default/screen.css" "Mozilla/5.0 (X11; Ubuntu; Linux x86_64; rv:73.0) Gecko/20100101 Firefox/73.0"
192.168.10.190 - - [04/Mar/2020:19:36:14 +0000] "GET /services/portal/ HTTP/1.1" 200 9074 "http://mail.cup.com/kronolith/" "Mozilla/5.0 (X11; Ubuntu; Linux x86_64; rv:73.0) Gecko/20100101 Firefox/73.0"
192.168.10.4 - - [04/Mar/2020:19:36:17 +0000] "POST /turba/add.php HTTP/1.1" 302 489 "http://mail.cup.com/turba/add.php" "Mozilla/5.0 (X11; Ubuntu; Linux x86_64; rv:73.0) Gecko/20100101 Firefox/73.0"
192.168.10.4 - - [04/Mar/2020:19:36:17 +0000] "GET /turba/contact.php?source=nxLWfAAh13LLVFVY-gQUzvl&key=HlwLQ2_GtJ2_bnLwGcVCq9v&view=Contact HTTP/1.1" 200 21125 "http://mail.cup.com/turba/add.php" "Mozilla/5.0 (X11; Ubuntu; Linux x86_64; rv:73.0) Gecko/20100101 Firefox/73.0"
::1 - - [04/Mar/2020:19:36:20 +0000] "OPTIONS * HTTP/1.0" 200 110 "-" "Apache/2.4.25 (Debian) OpenSSL/1.0.2u (internal dummy connection)"
192.168.10.190 - - [04/Mar/2020:19:36:20 +0000] "GET /imp/dynamic.php?page=mailbox HTTP/1.1" 200 8748 "http://mail.cup.com/services/portal/" "Mozilla/5.0 (X11; Ubuntu; Linux x86_64; rv:73.0) Gecko/20100101 Firefox/73.0"
192.168.10.190 - - [04/Mar/2020:19:36:20 +0000] "GET /imp/themes/default/mime.css HTTP/1.1" 200 456 "http://mail.cup.com/imp/dynamic.php?page=mailbox" "Mozilla/5.0 (X11; Ubuntu; Linux x86_64; rv:73.0) Gecko/20100101 Firefox/73.0"
192.168.10.190 - - [04/Mar/2020:19:36:20 +0000] "GET /imp/themes/default/dynamic/screen.css HTTP/1.1" 200 5301 "http://mail.cup.com/imp/dynamic.php?page=mailbox" "Mozilla/5.0 (X11; Ubuntu; Linux x86_64; rv:73.0) Gecko/20100101 Firefox/73.0"
192.168.10.190 - - [04/Mar/2020:19:36:20 +0000] "GET /imp/js/dimpcore.js?v=29c8308baa6508a21e1be9e3345d1287 HTTP/1.1" 200 4216 "http://mail.cup.com/imp/dynamic.php?page=mailbox" "Mozilla/5.0 (X11; Ubuntu; Linux x86_64; rv:73.0) Gecko/20100101 Firefox/73.0"
192.168.10.190 - - [04/Mar/2020:19:36:20 +0000] "GET /imp/js/viewport_utils.js?v=29c8308baa6508a21e1be9e3345d1287 HTTP/1.1" 200 1067 "http://mail.cup.com/imp/dynamic.php?page=mailbox" "Mozilla/5.0 (X11; Ubuntu; Linux x86_64; rv:73.0) Gecko/20100101 Firefox/73.0"
192.168.10.190 - - [04/Mar/2020:19:36:20 +0000] "GET /js/contextsensitive.js?v=dc442439853f80a9467ce727c08e9b0e HTTP/1.1" 200 4190 "http://mail.cup.com/imp/dynamic.php?page=mailbox" "Mozilla/5.0 (X11; Ubuntu; Linux x86_64; rv:73.0) Gecko/20100101 Firefox/73.0"
192.168.10.190 - - [04/Mar/2020:19:36:20 +0000] "GET /imp/js/passphrase.js?v=29c8308baa6508a21e1be9e3345d1287 HTTP/1.1" 200 823 "http://mail.cup.com/imp/dynamic.php?page=mailbox" "Mozilla/5.0 (X11; Ubuntu; Linux x86_64; rv:73.0) Gecko/20100101 Firefox/73.0"
192.168.10.190 - - [04/Mar/2020:19:36:20 +0000] "GET /imp/js/external/tinycon.js?v=29c8308baa6508a21e1be9e3345d1287 HTTP/1.1" 200 3444 "http://mail.cup.com/imp/dynamic.php?page=mailbox" "Mozilla/5.0 (X11; Ubuntu; Linux x86_64; rv:73.0) Gecko/20100101 Firefox/73.0"
192.168.10.190 - - [04/Mar/2020:19:36:20 +0000] "GET /imp/js/viewport.js?v=29c8308baa6508a21e1be9e3345d1287 HTTP/1.1" 200 13904 "http://mail.cup.com/imp/dynamic.php?page=mailbox" "Mozilla/5.0 (X11; Ubuntu; Linux x86_64; rv:73.0) Gecko/20100101 Firefox/73.0"
192.168.10.190 - - [04/Mar/2020:19:36:20 +0000] "GET /js/dragdrop2.js?v=dc442439853f80a9467ce727c08e9b0e HTTP/1.1" 200 6263 "http://mail.cup.com/imp/dynamic.php?page=mailbox" "Mozilla/5.0 (X11; Ubuntu; Linux x86_64; rv:73.0) Gecko/20100101 Firefox/73.0"
192.168.10.190 - - [04/Mar/2020:19:36:20 +0000] "GET /js/jstorage.js?v=dc442439853f80a9467ce727c08e9b0e HTTP/1.1" 200 4530 "http://mail.cup.com/imp/dynamic.php?page=mailbox" "Mozilla/5.0 (X11; Ubuntu; Linux x86_64; rv:73.0) Gecko/20100101 Firefox/73.0"
192.168.10.190 - - [04/Mar/2020:19:36:20 +0000] "GET /js/slider2.js?v=dc442439853f80a9467ce727c08e9b0e HTTP/1.1" 200 2743 "http://mail.cup.com/imp/dynamic.php?page=mailbox" "Mozilla/5.0 (X11; Ubuntu; Linux x86_64; rv:73.0) Gecko/20100101 Firefox/73.0"
192.168.10.190 - - [04/Mar/2020:19:36:20 +0000] "GET /js/toggle_quotes.js?v=dc442439853f80a9467ce727c08e9b0e HTTP/1.1" 200 835 "http://mail.cup.com/imp/dynamic.php?page=mailbox" "Mozilla/5.0 (X11; Ubuntu; Linux x86_64; rv:73.0) Gecko/20100101 Firefox/73.0"
192.168.10.190 - - [04/Mar/2020:19:36:20 +0000] "GET /js/dialog.js?v=dc442439853f80a9467ce727c08e9b0e HTTP/1.1" 200 1650 "http://mail.cup.com/imp/dynamic.php?page=mailbox" "Mozilla/5.0 (X11; Ubuntu; Linux x86_64; rv:73.0) Gecko/20100101 Firefox/73.0"
192.168.10.190 - - [04/Mar/2020:19:36:20 +0000] "GET /imp/js/dimpbase.js?v=29c8308baa6508a21e1be9e3345d1287 HTTP/1.1" 200 30367 "http://mail.cup.com/imp/dynamic.php?page=mailbox" "Mozilla/5.0 (X11; Ubuntu; Linux x86_64; rv:73.0) Gecko/20100101 Firefox/73.0"
192.168.10.190 - - [04/Mar/2020:19:36:20 +0000] "GET /imp/js/imp.js?v=29c8308baa6508a21e1be9e3345d1287 HTTP/1.1" 200 2098 "http://mail.cup.com/imp/dynamic.php?page=mailbox" "Mozilla/5.0 (X11; Ubuntu; Linux x86_64; rv:73.0) Gecko/20100101 Firefox/73.0"
192.168.10.190 - - [04/Mar/2020:19:36:20 +0000] "GET /imp/js/external/base64.js?v=29c8308baa6508a21e1be9e3345d1287 HTTP/1.1" 200 2297 "http://mail.cup.com/imp/dynamic.php?page=mailbox" "Mozilla/5.0 (X11; Ubuntu; Linux x86_64; rv:73.0) Gecko/20100101 Firefox/73.0"
192.168.10.190 - - [04/Mar/2020:19:36:20 +0000] "GET /themes/default/graphics/popdown.png HTTP/1.1" 200 458 "http://mail.cup.com/themes/default/screen.css" "Mozilla/5.0 (X11; Ubuntu; Linux x86_64; rv:73.0) Gecko/20100101 Firefox/73.0"
192.168.10.190 - - [04/Mar/2020:19:36:21 +0000] "GET /themes/default/graphics/slidevert.png HTTP/1.1" 200 398 "http://mail.cup.com/themes/default/screen.css" "Mozilla/5.0 (X11; Ubuntu; Linux x86_64; rv:73.0) Gecko/20100101 Firefox/73.0"
192.168.10.190 - - [04/Mar/2020:19:36:21 +0000] "GET /imp/themes/default/graphics/reload.png HTTP/1.1" 200 746 "http://mail.cup.com/imp/themes/default/dynamic/screen.css" "Mozilla/5.0 (X11; Ubuntu; Linux x86_64; rv:73.0) Gecko/20100101 Firefox/73.0"
192.168.10.190 - - [04/Mar/2020:19:36:21 +0000] "GET /imp/themes/default/graphics/checkbox_off.png HTTP/1.1" 200 608 "http://mail.cup.com/imp/themes/default/dynamic/screen.css" "Mozilla/5.0 (X11; Ubuntu; Linux x86_64; rv:73.0) Gecko/20100101 Firefox/73.0"
192.168.10.190 - - [04/Mar/2020:19:36:21 +0000] "GET /themes/default/graphics/slidehoriz.png HTTP/1.1" 200 362 "http://mail.cup.com/themes/default/screen.css" "Mozilla/5.0 (X11; Ubuntu; Linux x86_64; rv:73.0) Gecko/20100101 Firefox/73.0"
192.168.10.190 - - [04/Mar/2020:19:36:21 +0000] "GET /themes/default/graphics/slidehoriz-bg.png HTTP/1.1" 200 363 "http://mail.cup.com/themes/default/screen.css" "Mozilla/5.0 (X11; Ubuntu; Linux x86_64; rv:73.0) Gecko/20100101 Firefox/73.0"
192.168.10.190 - - [04/Mar/2020:19:36:21 +0000] "GET /imp/themes/default/graphics/ico_message_off.png HTTP/1.1" 200 736 "http://mail.cup.com/imp/themes/default/dynamic/screen.css" "Mozilla/5.0 (X11; Ubuntu; Linux x86_64; rv:73.0) Gecko/20100101 Firefox/73.0"
192.168.10.190 - - [04/Mar/2020:19:36:21 +0000] "GET /imp/themes/default/graphics/reload.gif HTTP/1.1" 200 13864 "http://mail.cup.com/imp/themes/default/dynamic/screen.css" "Mozilla/5.0 (X11; Ubuntu; Linux x86_64; rv:73.0) Gecko/20100101 Firefox/73.0"
192.168.10.190 - - [04/Mar/2020:19:36:21 +0000] "POST /services/ajax.php/imp/dynamicInit HTTP/1.1" 200 2245 "http://mail.cup.com/imp/dynamic.php?page=mailbox" "Mozilla/5.0 (X11; Ubuntu; Linux x86_64; rv:73.0) Gecko/20100101 Firefox/73.0"
192.168.10.190 - - [04/Mar/2020:19:36:21 +0000] "GET /imp/themes/default/graphics/scroller_back.png HTTP/1.1" 200 359 "http://mail.cup.com/imp/themes/default/dynamic/screen.css" "Mozilla/5.0 (X11; Ubuntu; Linux x86_64; rv:73.0) Gecko/20100101 Firefox/73.0"
192.168.10.190 - - [04/Mar/2020:19:36:21 +0000] "GET /imp/themes/default/graphics/sbcursor_top.png HTTP/1.1" 200 394 "http://mail.cup.com/imp/themes/default/dynamic/screen.css" "Mozilla/5.0 (X11; Ubuntu; Linux x86_64; rv:73.0) Gecko/20100101 Firefox/73.0"
192.168.10.190 - - [04/Mar/2020:19:36:21 +0000] "GET /imp/themes/default/graphics/scroller.png HTTP/1.1" 200 363 "http://mail.cup.com/imp/themes/default/dynamic/screen.css" "Mozilla/5.0 (X11; Ubuntu; Linux x86_64; rv:73.0) Gecko/20100101 Firefox/73.0"
192.168.10.190 - - [04/Mar/2020:19:36:21 +0000] "GET /imp/themes/default/graphics/sbcursor_bottom.png HTTP/1.1" 200 399 "http://mail.cup.com/imp/themes/default/dynamic/screen.css" "Mozilla/5.0 (X11; Ubuntu; Linux x86_64; rv:73.0) Gecko/20100101 Firefox/73.0"
192.168.10.190 - - [04/Mar/2020:19:36:21 +0000] "GET /imp/themes/default/graphics/flags/unseen.png HTTP/1.1" 200 473 "http://mail.cup.com/imp/themes/default/screen.css" "Mozilla/5.0 (X11; Ubuntu; Linux x86_64; rv:73.0) Gecko/20100101 Firefox/73.0"
192.168.10.190 - - [04/Mar/2020:19:36:21 +0000] "GET /imp/themes/default/graphics/flags/personal.png HTTP/1.1" 200 453 "http://mail.cup.com/imp/themes/default/screen.css" "Mozilla/5.0 (X11; Ubuntu; Linux x86_64; rv:73.0) Gecko/20100101 Firefox/73.0"
192.168.10.190 - - [04/Mar/2020:19:36:21 +0000] "GET /imp/themes/default/graphics/folders/inbox.png HTTP/1.1" 200 710 "http://mail.cup.com/imp/themes/default/screen.css" "Mozilla/5.0 (X11; Ubuntu; Linux x86_64; rv:73.0) Gecko/20100101 Firefox/73.0"
192.168.10.190 - - [04/Mar/2020:19:36:21 +0000] "GET /imp/themes/default/graphics/folders/drafts.png HTTP/1.1" 200 750 "http://mail.cup.com/imp/themes/default/screen.css" "Mozilla/5.0 (X11; Ubuntu; Linux x86_64; rv:73.0) Gecko/20100101 Firefox/73.0"
192.168.10.190 - - [04/Mar/2020:19:36:21 +0000] "GET /imp/themes/default/graphics/folders/sent.png HTTP/1.1" 200 692 "http://mail.cup.com/imp/themes/default/screen.css" "Mozilla/5.0 (X11; Ubuntu; Linux x86_64; rv:73.0) Gecko/20100101 Firefox/73.0"
192.168.10.190 - - [04/Mar/2020:19:36:21 +0000] "GET /imp/themes/default/graphics/folders/trash.png HTTP/1.1" 200 580 "http://mail.cup.com/imp/themes/default/screen.css" "Mozilla/5.0 (X11; Ubuntu; Linux x86_64; rv:73.0) Gecko/20100101 Firefox/73.0"
192.168.10.190 - - [04/Mar/2020:19:36:21 +0000] "GET /imp/themes/default/graphics/folders/folder.png HTTP/1.1" 200 478 "http://mail.cup.com/imp/themes/default/dynamic/screen.css" "Mozilla/5.0 (X11; Ubuntu; Linux x86_64; rv:73.0) Gecko/20100101 Firefox/73.0"
192.168.10.190 - - [04/Mar/2020:19:36:21 +0000] "GET /imp/themes/default/graphics/folders/plus.png HTTP/1.1" 200 619 "http://mail.cup.com/imp/themes/default/dynamic/screen.css" "Mozilla/5.0 (X11; Ubuntu; Linux x86_64; rv:73.0) Gecko/20100101 Firefox/73.0"
192.168.10.4 - - [04/Mar/2020:19:36:22 +0000] "GET /mnemo/memo.php?memo=ZYVmGt5wwyNo0q0DRgg7jrX&memolist=89RgPWJTIBGclaMthwQqH1S&actionID=modify_memo HTTP/1.1" 200 6102 "http://mail.cup.com/mnemo/" "Mozilla/5.0 (X11; Linux x86_64) AppleWebKit/537.36 (KHTML, like Gecko) Ubuntu Chromium/77.0.3865.90 HeadlessChrome/77.0.3865.90 Safari/537.36"
