192.168.10.238 - - [05/Mar/2020:15:26:12 +0000] "GET /turba/search.php HTTP/1.1" 200 4432 "http://mail.cup.com/turba/contact.php?source=TqFHsWfZToba1tTZJ6XZaYw&key=1_gGBCFLNqrGesFgNF5RSnn" "Mozilla/5.0 (X11; Ubuntu; Linux x86_64; rv:73.0) Gecko/20100101 Firefox/73.0"
192.168.10.238 - - [05/Mar/2020:15:26:12 +0000] "GET /turba/themes/default/screen.css HTTP/1.1" 200 1297 "http://mail.cup.com/turba/search.php" "Mozilla/5.0 (X11; Ubuntu; Linux x86_64; rv:73.0) Gecko/20100101 Firefox/73.0"
::1 - - [05/Mar/2020:15:26:12 +0000] "OPTIONS * HTTP/1.0" 200 110 "-" "Apache/2.4.25 (Debian) OpenSSL/1.0.2u (internal dummy connection)"
192.168.10.190 - - [05/Mar/2020:15:26:13 +0000] "GET /kronolith/ HTTP/1.1" 200 24700 "http://mail.cup.com/services/portal/" "Mozilla/5.0 (X11; Ubuntu; Linux x86_64; rv:73.0) Gecko/20100101 Firefox/73.0"
192.168.10.190 - - [05/Mar/2020:15:26:14 +0000] "POST /services/ajax.php/kronolith/listCalendars HTTP/1.1" 200 965 "http://mail.cup.com/kronolith/" "Mozilla/5.0 (X11; Ubuntu; Linux x86_64; rv:73.0) Gecko/20100101 Firefox/73.0"
192.168.10.190 - - [05/Mar/2020:15:26:14 +0000] "POST /services/ajax.php/kronolith/listEvents HTTP/1.1" 200 1121 "http://mail.cup.com/kronolith/" "Mozilla/5.0 (X11; Ubuntu; Linux x86_64; rv:73.0) Gecko/20100101 Firefox/73.0"
192.168.10.190 - - [05/Mar/2020:15:26:14 +0000] "POST /services/ajax.php/kronolith/listEvents HTTP/1.1" 200 549 "http://mail.cup.com/kronolith/" "Mozilla/5.0 (X11; Ubuntu; Linux x86_64; rv:73.0) Gecko/20100101 Firefox/73.0"
192.168.10.190 - - [05/Mar/2020:15:26:17 +0000] "GET /services/portal/ HTTP/1.1" 200 10592 "http://mail.cup.com/nag/list.php" "Mozilla/5.0 (X11; Ubuntu; Linux x86_64; rv:73.0) Gecko/20100101 Firefox/73.0"
::1 - - [05/Mar/2020:15:26:20 +0000] "OPTIONS * HTTP/1.0" 200 110 "-" "Apache/2.4.25 (Debian) OpenSSL/1.0.2u (internal dummy connection)"
192.168.10.190 - - [05/Mar/2020:15:26:21 +0000] "GET /services/portal/ HTTP/1.1" 200 9215 "http://mail.cup.com/kronolith/" "Mozilla/5.0 (X11; Ubuntu; Linux x86_64; rv:73.0) Gecko/20100101 Firefox/73.0"
192.168.10.190 - - [05/Mar/2020:15:26:22 +0000] "GET /nag/ HTTP/1.1" 200 9430 "http://mail.cup.com/services/portal/" "Mozilla/5.0 (X11; Ubuntu; Linux x86_64; rv:73.0) Gecko/20100101 Firefox/73.0"
192.168.10.190 - - [05/Mar/2020:15:26:26 +0000] "GET /nag/ HTTP/1.1" 200 8671 "http://mail.cup.com/services/portal/" "Mozilla/5.0 (X11; Ubuntu; Linux x86_64; rv:73.0) Gecko/20100101 Firefox/73.0"
::1 - - [05/Mar/2020:15:26:31 +0000] "OPTIONS * HTTP/1.0" 200 110 "-" "Apache/2.4.25 (Debian) OpenSSL/1.0.2u (internal dummy connection)"
192.168.10.4 - - [05/Mar/2020:15:26:37 +0000] "GET /services/portal/ HTTP/1.1" 200 11146 "http://mail.cup.com/mnemo/list.php" "Mozilla/5.0 (X11; Linux x86_64) AppleWebKit/537.36 (KHTML, like Gecko) Ubuntu Chromium/77.0.3865.90 HeadlessChrome/77.0.3865.90 Safari/537.36"
192.168.10.4 - - [05/Mar/2020:15:26:43 +0000] "GET /nag/ HTTP/1.1" 200 9129 "http://mail.cup.com/services/portal/" "Mozilla/5.0 (X11; Linux x86_64) AppleWebKit/537.36 (KHTML, like Gecko) Ubuntu Chromium/77.0.3865.90 HeadlessChrome/77.0.3865.90 Safari/537.36"
192.168.10.238 - - [05/Mar/2020:15:26:46 +0000] "GET /nag/task.php?actionID=add_task HTTP/1.1" 200 9371 "http://mail.cup.com/nag/" "Mozilla/5.0 (X11; Ubuntu; Linux x86_64; rv:73.0) Gecko/20100101 Firefox/73.0"
192.168.10.238 - - [05/Mar/2020:15:26:47 +0000] "GET /services/portal/ HTTP/1.1" 200 9587 "http://mail.cup.com/turba/search.php" "Mozilla/5.0 (X11; Ubuntu; Linux x86_64; rv:73.0) Gecko/20100101 Firefox/73.0"
192.168.10.190 - - [05/Mar/2020:15:26:48 +0000] "GET /services/portal/ HTTP/1.1" 200 8200 "http://mail.cup.com/imp/dynamic.php?page=mailbox" "Mozilla/5.0 (X11; Linux x86_64) AppleWebKit/537.36 (KHTML, like Gecko) Ubuntu Chromium/77.0.3865.90 HeadlessChrome/77.0.3865.90 Safari/537.36"
192.168.10.190 - - [05/Mar/2020:15:26:50 +0000] "GET /imp/dynamic.php?page=mailbox HTTP/1.1" 200 8748 "http://mail.cup.com/services/portal/" "Mozilla/5.0 (X11; Linux x86_64) AppleWebKit/537.36 (KHTML, like Gecko) Ubuntu Chromium/77.0.3865.90 HeadlessChrome/77.0.3865.90 Safari/537.36"
192.168.10.190 - - [05/Mar/2020:15:26:51 +0000] "POST /services/ajax.php/imp/dynamicInit HTTP/1.1" 200 3017 "http://mail.cup.com/imp/dynamic.php?page=mailbox" "Mozilla/5.0 (X11; Linux x86_64) AppleWebKit/537.36 (KHTML, like Gecko) Ubuntu Chromium/77.0.3865.90 HeadlessChrome/77.0.3865.90 Safari/537.36"
192.168.10.190 - - [05/Mar/2020:15:26:53 +0000] "GET /services/portal/ HTTP/1.1" 200 12865 "http://mail.cup.com/kronolith/" "Mozilla/5.0 (X11; Ubuntu; Linux x86_64; rv:73.0) Gecko/20100101 Firefox/73.0"
192.168.10.238 - - [05/Mar/2020:15:26:53 +0000] "GET /kronolith/ HTTP/1.1" 200 24704 "http://mail.cup.com/services/portal/" "Mozilla/5.0 (X11; Ubuntu; Linux x86_64; rv:73.0) Gecko/20100101 Firefox/73.0"
192.168.10.238 - - [05/Mar/2020:15:26:54 +0000] "GET /kronolith/themes/default/screen.css HTTP/1.1" 200 2772 "http://mail.cup.com/kronolith/" "Mozilla/5.0 (X11; Ubuntu; Linux x86_64; rv:73.0) Gecko/20100101 Firefox/73.0"
192.168.10.238 - - [05/Mar/2020:15:26:54 +0000] "GET /kronolith/themes/default/dynamic/screen.css HTTP/1.1" 200 3792 "http://mail.cup.com/kronolith/" "Mozilla/5.0 (X11; Ubuntu; Linux x86_64; rv:73.0) Gecko/20100101 Firefox/73.0"
192.168.10.238 - - [05/Mar/2020:15:26:54 +0000] "POST /services/ajax.php/kronolith/listCalendars HTTP/1.1" 200 971 "http://mail.cup.com/kronolith/" "Mozilla/5.0 (X11; Ubuntu; Linux x86_64; rv:73.0) Gecko/20100101 Firefox/73.0"
192.168.10.238 - - [05/Mar/2020:15:26:54 +0000] "POST /services/ajax.php/kronolith/listEvents HTTP/1.1" 200 549 "http://mail.cup.com/kronolith/" "Mozilla/5.0 (X11; Ubuntu; Linux x86_64; rv:73.0) Gecko/20100101 Firefox/73.0"
192.168.10.238 - - [05/Mar/2020:15:26:54 +0000] "POST /services/ajax.php/kronolith/listEvents HTTP/1.1" 200 2104 "http://mail.cup.com/kronolith/" "Mozilla/5.0 (X11; Ubuntu; Linux x86_64; rv:73.0) Gecko/20100101 Firefox/73.0"
192.168.10.190 - - [05/Mar/2020:15:26:55 +0000] "POST /services/ajax.php/imp/viewPort HTTP/1.1" 200 2313 "http://mail.cup.com/imp/dynamic.php?page=mailbox" "Mozilla/5.0 (X11; Linux x86_64) AppleWebKit/537.36 (KHTML, like Gecko) Ubuntu Chromium/77.0.3865.90 HeadlessChrome/77.0.3865.90 Safari/537.36"
192.168.10.190 - - [05/Mar/2020:15:26:56 +0000] "GET /imp/dynamic.php?page=mailbox HTTP/1.1" 200 8749 "http://mail.cup.com/services/portal/" "Mozilla/5.0 (X11; Ubuntu; Linux x86_64; rv:73.0) Gecko/20100101 Firefox/73.0"
192.168.10.190 - - [05/Mar/2020:15:26:57 +0000] "POST /services/ajax.php/imp/dynamicInit HTTP/1.1" 200 1648 "http://mail.cup.com/imp/dynamic.php?page=mailbox" "Mozilla/5.0 (X11; Ubuntu; Linux x86_64; rv:73.0) Gecko/20100101 Firefox/73.0"
192.168.10.190 - - [05/Mar/2020:15:27:00 +0000] "POST /services/ajax.php/imp/showMessage HTTP/1.1" 200 3599 "http://mail.cup.com/imp/dynamic.php?page=mailbox" "Mozilla/5.0 (X11; Linux x86_64) AppleWebKit/537.36 (KHTML, like Gecko) Ubuntu Chromium/77.0.3865.90 HeadlessChrome/77.0.3865.90 Safari/537.36"
192.168.10.238 - - [05/Mar/2020:15:27:02 +0000] "POST /services/ajax.php/kronolith/listTopTags HTTP/1.1" 200 447 "http://mail.cup.com/kronolith/" "Mozilla/5.0 (X11; Ubuntu; Linux x86_64; rv:73.0) Gecko/20100101 Firefox/73.0"
192.168.10.190 - - [05/Mar/2020:15:27:03 +0000] "POST /services/ajax.php/imp/viewPort HTTP/1.1" 200 1008 "http://mail.cup.com/imp/dynamic.php?page=mailbox" "Mozilla/5.0 (X11; Ubuntu; Linux x86_64; rv:73.0) Gecko/20100101 Firefox/73.0"
192.168.10.190 - - [05/Mar/2020:15:27:03 +0000] "GET /nag/task.php?tasklist=Mc3b0molD9QOw1RLSHnvXVd&task=9sfsfSLdG0HV-VTfjNdvjUj&actionID=modify_task&have_search&tab_name=1&url=%2Fnag%2F HTTP/1.1" 200 9404 "http://mail.cup.com/nag/" "Mozilla/5.0 (X11; Ubuntu; Linux x86_64; rv:73.0) Gecko/20100101 Firefox/73.0"
192.168.10.238 - - [05/Mar/2020:15:27:04 +0000] "POST /services/ajax.php/horde/imple?token=yObNzWB9vd0Bt19yD7nySL1&app=nag&imple=Nag_Ajax_Imple_TagAutoCompleter&input=tags HTTP/1.1" 200 381 "http://mail.cup.com/nag/task.php?actionID=add_task" "Mozilla/5.0 (X11; Ubuntu; Linux x86_64; rv:73.0) Gecko/20100101 Firefox/73.0"
192.168.10.190 - - [05/Mar/2020:15:27:04 +0000] "GET /nag/task.php?actionID=add_task HTTP/1.1" 200 9091 "http://mail.cup.com/nag/" "Mozilla/5.0 (X11; Ubuntu; Linux x86_64; rv:73.0) Gecko/20100101 Firefox/73.0"
192.168.10.190 - - [05/Mar/2020:15:27:05 +0000] "GET /imp/dynamic.php?page=message&buid=142&mailbox=SU5CT1g&token=p06zOcIVQFajtw5jaISnWz8&uniq=1583422025271 HTTP/1.1" 200 7736 "http://mail.cup.com/imp/dynamic.php?page=mailbox" "Mozilla/5.0 (X11; Linux x86_64) AppleWebKit/537.36 (KHTML, like Gecko) Ubuntu Chromium/77.0.3865.90 HeadlessChrome/77.0.3865.90 Safari/537.36"
192.168.10.190 - - [05/Mar/2020:15:27:06 +0000] "GET /imp/dynamic.php?page=compose&type=new&token=EUE3c8o-NaTXHOGxQNqJVeN&uniq=1583422026108 HTTP/1.1" 200 5526 "http://mail.cup.com/imp/dynamic.php?page=mailbox" "Mozilla/5.0 (X11; Ubuntu; Linux x86_64; rv:73.0) Gecko/20100101 Firefox/73.0"
192.168.10.190 - - [05/Mar/2020:15:27:07 +0000] "POST /nag/task/save.php HTTP/1.1" 302 411 "http://mail.cup.com/nag/task.php?tasklist=Mc3b0molD9QOw1RLSHnvXVd&task=9sfsfSLdG0HV-VTfjNdvjUj&actionID=modify_task&have_search&tab_name=1&url=%2Fnag%2F" "Mozilla/5.0 (X11; Ubuntu; Linux x86_64; rv:73.0) Gecko/20100101 Firefox/73.0"
192.168.10.190 - - [05/Mar/2020:15:27:07 +0000] "POST /services/ajax.php/imp/getReplyData HTTP/1.1" 200 1244 "http://mail.cup.com/imp/dynamic.php?page=message&buid=142&mailbox=SU5CT1g&token=p06zOcIVQFajtw5jaISnWz8&uniq=1583422025271" "Mozilla/5.0 (X11; Linux x86_64) AppleWebKit/537.36 (KHTML, like Gecko) Ubuntu Chromium/77.0.3865.90 HeadlessChrome/77.0.3865.90 Safari/537.36"
192.168.10.190 - - [05/Mar/2020:15:27:07 +0000] "GET /nag/list.php HTTP/1.1" 200 9390 "http://mail.cup.com/nag/task.php?tasklist=Mc3b0molD9QOw1RLSHnvXVd&task=9sfsfSLdG0HV-VTfjNdvjUj&actionID=modify_task&have_search&tab_name=1&url=%2Fnag%2F" "Mozilla/5.0 (X11; Ubuntu; Linux x86_64; rv:73.0) Gecko/20100101 Firefox/73.0"
192.168.10.190 - - [05/Mar/2020:15:27:13 +0000] "POST /services/ajax.php/imp/sendMessage HTTP/1.1" 200 618 "http://mail.cup.com/imp/dynamic.php?page=message&buid=142&mailbox=SU5CT1g&token=p06zOcIVQFajtw5jaISnWz8&uniq=1583422025271" "Mozilla/5.0 (X11; Linux x86_64) AppleWebKit/537.36 (KHTML, like Gecko) Ubuntu Chromium/77.0.3865.90 HeadlessChrome/77.0.3865.90 Safari/537.36"
::1 - - [05/Mar/2020:15:27:14 +0000] "OPTIONS * HTTP/1.0" 200 110 "-" "Apache/2.4.25 (Debian) OpenSSL/1.0.2u (internal dummy connection)"
192.168.10.190 - - [05/Mar/2020:15:27:15 +0000] "POST /services/ajax.php/imp/sendMessage HTTP/1.1" 200 475 "http://mail.cup.com/imp/dynamic.php?page=compose&type=new&token=EUE3c8o-NaTXHOGxQNqJVeN&uniq=1583422026108" "Mozilla/5.0 (X11; Ubuntu; Linux x86_64; rv:73.0) Gecko/20100101 Firefox/73.0"
192.168.10.190 - - [05/Mar/2020:15:27:22 +0000] "POST /services/ajax.php/horde/imple?token=HtiXJ2Ox4zXNaiAHh7Jmlaf&app=nag&imple=Nag_Ajax_Imple_TagAutoCompleter&input=tags HTTP/1.1" 200 371 "http://mail.cup.com/nag/task.php?actionID=add_task" "Mozilla/5.0 (X11; Ubuntu; Linux x86_64; rv:73.0) Gecko/20100101 Firefox/73.0"
192.168.10.4 - - [05/Mar/2020:15:27:22 +0000] "GET /nag/task.php?actionID=add_task HTTP/1.1" 200 9206 "http://mail.cup.com/nag/" "Mozilla/5.0 (X11; Linux x86_64) AppleWebKit/537.36 (KHTML, like Gecko) Ubuntu Chromium/77.0.3865.90 HeadlessChrome/77.0.3865.90 Safari/537.36"
192.168.10.238 - - [05/Mar/2020:15:27:25 +0000] "POST /services/ajax.php/kronolith/saveEvent HTTP/1.1" 200 640 "http://mail.cup.com/kronolith/" "Mozilla/5.0 (X11; Ubuntu; Linux x86_64; rv:73.0) Gecko/20100101 Firefox/73.0"
192.168.10.238 - - [05/Mar/2020:15:27:32 +0000] "GET /services/portal/ HTTP/1.1" 200 9548 "http://mail.cup.com/kronolith/" "Mozilla/5.0 (X11; Ubuntu; Linux x86_64; rv:73.0) Gecko/20100101 Firefox/73.0"
192.168.10.238 - - [05/Mar/2020:15:27:35 +0000] "GET /nag/ HTTP/1.1" 200 8697 "http://mail.cup.com/services/portal/" "Mozilla/5.0 (X11; Ubuntu; Linux x86_64; rv:73.0) Gecko/20100101 Firefox/73.0"
192.168.10.4 - - [05/Mar/2020:15:27:36 +0000] "POST /services/ajax.php/horde/imple?token=L4Ee61AB3BAl5ieiLDWX_V2&app=nag&imple=Nag_Ajax_Imple_TagAutoCompleter&input=tags HTTP/1.1" 200 371 "http://mail.cup.com/nag/task.php?actionID=add_task" "Mozilla/5.0 (X11; Linux x86_64) AppleWebKit/537.36 (KHTML, like Gecko) Ubuntu Chromium/77.0.3865.90 HeadlessChrome/77.0.3865.90 Safari/537.36"
192.168.10.238 - - [05/Mar/2020:15:27:41 +0000] "POST /nag/task/save.php HTTP/1.1" 302 412 "http://mail.cup.com/nag/task.php?actionID=add_task" "Mozilla/5.0 (X11; Ubuntu; Linux x86_64; rv:73.0) Gecko/20100101 Firefox/73.0"
192.168.10.238 - - [05/Mar/2020:15:27:42 +0000] "GET /nag/list.php HTTP/1.1" 200 9938 "http://mail.cup.com/nag/task.php?actionID=add_task" "Mozilla/5.0 (X11; Ubuntu; Linux x86_64; rv:73.0) Gecko/20100101 Firefox/73.0"
192.168.10.190 - - [05/Mar/2020:15:27:43 +0000] "GET /services/portal/ HTTP/1.1" 200 10530 "http://mail.cup.com/nag/list.php" "Mozilla/5.0 (X11; Ubuntu; Linux x86_64; rv:73.0) Gecko/20100101 Firefox/73.0"
192.168.10.190 - - [05/Mar/2020:15:27:45 +0000] "POST /nag/task/save.php HTTP/1.1" 302 412 "http://mail.cup.com/nag/task.php?actionID=add_task" "Mozilla/5.0 (X11; Ubuntu; Linux x86_64; rv:73.0) Gecko/20100101 Firefox/73.0"
192.168.10.190 - - [05/Mar/2020:15:27:45 +0000] "GET /nag/list.php HTTP/1.1" 200 8885 "http://mail.cup.com/nag/task.php?actionID=add_task" "Mozilla/5.0 (X11; Ubuntu; Linux x86_64; rv:73.0) Gecko/20100101 Firefox/73.0"
192.168.10.190 - - [05/Mar/2020:15:27:46 +0000] "GET /nag/ HTTP/1.1" 200 9282 "http://mail.cup.com/services/portal/" "Mozilla/5.0 (X11; Ubuntu; Linux x86_64; rv:73.0) Gecko/20100101 Firefox/73.0"
192.168.10.190 - - [05/Mar/2020:15:27:50 +0000] "GET /services/portal/ HTTP/1.1" 200 8195 "http://mail.cup.com/imp/dynamic.php?page=mailbox" "Mozilla/5.0 (X11; Linux x86_64) AppleWebKit/537.36 (KHTML, like Gecko) Ubuntu Chromium/77.0.3865.90 HeadlessChrome/77.0.3865.90 Safari/537.36"
192.168.10.190 - - [05/Mar/2020:15:27:51 +0000] "GET /services/portal/ HTTP/1.1" 200 12863 "http://mail.cup.com/imp/dynamic.php?page=mailbox" "Mozilla/5.0 (X11; Ubuntu; Linux x86_64; rv:73.0) Gecko/20100101 Firefox/73.0"
192.168.10.190 - - [05/Mar/2020:15:27:52 +0000] "GET /nag/ HTTP/1.1" 200 8772 "http://mail.cup.com/services/portal/" "Mozilla/5.0 (X11; Linux x86_64) AppleWebKit/537.36 (KHTML, like Gecko) Ubuntu Chromium/77.0.3865.90 HeadlessChrome/77.0.3865.90 Safari/537.36"
192.168.10.190 - - [05/Mar/2020:15:27:53 +0000] "GET /mnemo/ HTTP/1.1" 200 8199 "http://mail.cup.com/services/portal/" "Mozilla/5.0 (X11; Ubuntu; Linux x86_64; rv:73.0) Gecko/20100101 Firefox/73.0"
192.168.10.4 - - [05/Mar/2020:15:27:56 +0000] "POST /nag/task/save.php HTTP/1.1" 302 412 "http://mail.cup.com/nag/task.php?actionID=add_task" "Mozilla/5.0 (X11; Linux x86_64) AppleWebKit/537.36 (KHTML, like Gecko) Ubuntu Chromium/77.0.3865.90 HeadlessChrome/77.0.3865.90 Safari/537.36"
192.168.10.4 - - [05/Mar/2020:15:27:57 +0000] "GET /nag/list.php HTTP/1.1" 200 9344 "http://mail.cup.com/nag/task.php?actionID=add_task" "Mozilla/5.0 (X11; Linux x86_64) AppleWebKit/537.36 (KHTML, like Gecko) Ubuntu Chromium/77.0.3865.90 HeadlessChrome/77.0.3865.90 Safari/537.36"
192.168.10.238 - - [05/Mar/2020:15:28:15 +0000] "GET /nag/task.php?actionID=add_task HTTP/1.1" 200 9096 "http://mail.cup.com/nag/" "Mozilla/5.0 (X11; Ubuntu; Linux x86_64; rv:73.0) Gecko/20100101 Firefox/73.0"
192.168.10.238 - - [05/Mar/2020:15:28:16 +0000] "GET /services/portal/ HTTP/1.1" 200 10514 "http://mail.cup.com/nag/list.php" "Mozilla/5.0 (X11; Ubuntu; Linux x86_64; rv:73.0) Gecko/20100101 Firefox/73.0"
192.168.10.190 - - [05/Mar/2020:15:28:18 +0000] "GET /services/portal/ HTTP/1.1" 200 9281 "http://mail.cup.com/nag/list.php" "Mozilla/5.0 (X11; Ubuntu; Linux x86_64; rv:73.0) Gecko/20100101 Firefox/73.0"
192.168.10.190 - - [05/Mar/2020:15:28:22 +0000] "GET /kronolith/ HTTP/1.1" 200 24699 "http://mail.cup.com/services/portal/" "Mozilla/5.0 (X11; Ubuntu; Linux x86_64; rv:73.0) Gecko/20100101 Firefox/73.0"
192.168.10.238 - - [05/Mar/2020:15:28:22 +0000] "GET /turba/ HTTP/1.1" 200 4350 "http://mail.cup.com/services/portal/" "Mozilla/5.0 (X11; Ubuntu; Linux x86_64; rv:73.0) Gecko/20100101 Firefox/73.0"
192.168.10.190 - - [05/Mar/2020:15:28:22 +0000] "POST /services/ajax.php/kronolith/listCalendars HTTP/1.1" 200 968 "http://mail.cup.com/kronolith/" "Mozilla/5.0 (X11; Ubuntu; Linux x86_64; rv:73.0) Gecko/20100101 Firefox/73.0"
192.168.10.190 - - [05/Mar/2020:15:28:23 +0000] "POST /services/ajax.php/kronolith/listEvents HTTP/1.1" 200 549 "http://mail.cup.com/kronolith/" "Mozilla/5.0 (X11; Ubuntu; Linux x86_64; rv:73.0) Gecko/20100101 Firefox/73.0"
192.168.10.190 - - [05/Mar/2020:15:28:23 +0000] "POST /services/ajax.php/kronolith/listEvents HTTP/1.1" 200 1973 "http://mail.cup.com/kronolith/" "Mozilla/5.0 (X11; Ubuntu; Linux x86_64; rv:73.0) Gecko/20100101 Firefox/73.0"
192.168.10.238 - - [05/Mar/2020:15:28:27 +0000] "POST /services/ajax.php/horde/imple?token=9zT4LjGEO0NctPfeQ4T5zX1&app=nag&imple=Nag_Ajax_Imple_TagAutoCompleter&input=tags HTTP/1.1" 200 378 "http://mail.cup.com/nag/task.php?actionID=add_task" "Mozilla/5.0 (X11; Ubuntu; Linux x86_64; rv:73.0) Gecko/20100101 Firefox/73.0"
192.168.10.190 - - [05/Mar/2020:15:28:27 +0000] "GET /nag/task.php?actionID=add_task HTTP/1.1" 200 9232 "http://mail.cup.com/nag/" "Mozilla/5.0 (X11; Ubuntu; Linux x86_64; rv:73.0) Gecko/20100101 Firefox/73.0"
192.168.10.190 - - [05/Mar/2020:15:28:27 +0000] "GET /nag/task.php?actionID=add_task HTTP/1.1" 200 9121 "http://mail.cup.com/nag/" "Mozilla/5.0 (X11; Linux x86_64) AppleWebKit/537.36 (KHTML, like Gecko) Ubuntu Chromium/77.0.3865.90 HeadlessChrome/77.0.3865.90 Safari/537.36"
192.168.10.238 - - [05/Mar/2020:15:28:29 +0000] "GET /turba/add.php HTTP/1.1" 200 19364 "http://mail.cup.com/turba/" "Mozilla/5.0 (X11; Ubuntu; Linux x86_64; rv:73.0) Gecko/20100101 Firefox/73.0"
192.168.10.190 - - [05/Mar/2020:15:28:30 +0000] "GET /mnemo/memo.php?actionID=add_memo HTTP/1.1" 200 5979 "http://mail.cup.com/mnemo/" "Mozilla/5.0 (X11; Ubuntu; Linux x86_64; rv:73.0) Gecko/20100101 Firefox/73.0"
192.168.10.190 - - [05/Mar/2020:15:28:30 +0000] "POST /services/ajax.php/kronolith/getEvent HTTP/1.1" 200 679 "http://mail.cup.com/kronolith/" "Mozilla/5.0 (X11; Ubuntu; Linux x86_64; rv:73.0) Gecko/20100101 Firefox/73.0"
192.168.10.190 - - [05/Mar/2020:15:28:31 +0000] "POST /services/ajax.php/kronolith/listTopTags HTTP/1.1" 200 459 "http://mail.cup.com/kronolith/" "Mozilla/5.0 (X11; Ubuntu; Linux x86_64; rv:73.0) Gecko/20100101 Firefox/73.0"
192.168.10.4 - - [05/Mar/2020:15:28:32 +0000] "GET /services/portal/ HTTP/1.1" 200 11221 "http://mail.cup.com/nag/list.php" "Mozilla/5.0 (X11; Linux x86_64) AppleWebKit/537.36 (KHTML, like Gecko) Ubuntu Chromium/77.0.3865.90 HeadlessChrome/77.0.3865.90 Safari/537.36"
192.168.10.190 - - [05/Mar/2020:15:28:35 +0000] "POST /services/ajax.php/horde/imple?token=p06zOcIVQFajtw5jaISnWz8&app=nag&imple=Nag_Ajax_Imple_TagAutoCompleter&input=tags HTTP/1.1" 200 371 "http://mail.cup.com/nag/task.php?actionID=add_task" "Mozilla/5.0 (X11; Linux x86_64) AppleWebKit/537.36 (KHTML, like Gecko) Ubuntu Chromium/77.0.3865.90 HeadlessChrome/77.0.3865.90 Safari/537.36"
192.168.10.4 - - [05/Mar/2020:15:28:36 +0000] "GET /mnemo/ HTTP/1.1" 200 7922 "http://mail.cup.com/services/portal/" "Mozilla/5.0 (X11; Linux x86_64) AppleWebKit/537.36 (KHTML, like Gecko) Ubuntu Chromium/77.0.3865.90 HeadlessChrome/77.0.3865.90 Safari/537.36"
192.168.10.190 - - [05/Mar/2020:15:28:36 +0000] "POST /services/ajax.php/horde/imple?token=EUE3c8o-NaTXHOGxQNqJVeN&app=mnemo&imple=Mnemo_Ajax_Imple_TagAutoCompleter&input=memo_tags HTTP/1.1" 200 371 "http://mail.cup.com/mnemo/memo.php?actionID=add_memo" "Mozilla/5.0 (X11; Ubuntu; Linux x86_64; rv:73.0) Gecko/20100101 Firefox/73.0"
192.168.10.190 - - [05/Mar/2020:15:28:38 +0000] "POST /mnemo/memo.php HTTP/1.1" 302 413 "http://mail.cup.com/mnemo/memo.php?actionID=add_memo" "Mozilla/5.0 (X11; Ubuntu; Linux x86_64; rv:73.0) Gecko/20100101 Firefox/73.0"
192.168.10.190 - - [05/Mar/2020:15:28:38 +0000] "GET /mnemo/list.php HTTP/1.1" 200 8396 "http://mail.cup.com/mnemo/memo.php?actionID=add_memo" "Mozilla/5.0 (X11; Ubuntu; Linux x86_64; rv:73.0) Gecko/20100101 Firefox/73.0"
192.168.10.190 - - [05/Mar/2020:15:28:40 +0000] "POST /services/ajax.php/kronolith/deleteEvent HTTP/1.1" 200 534 "http://mail.cup.com/kronolith/" "Mozilla/5.0 (X11; Ubuntu; Linux x86_64; rv:73.0) Gecko/20100101 Firefox/73.0"
192.168.10.238 - - [05/Mar/2020:15:28:40 +0000] "POST /turba/add.php HTTP/1.1" 302 489 "http://mail.cup.com/turba/add.php" "Mozilla/5.0 (X11; Ubuntu; Linux x86_64; rv:73.0) Gecko/20100101 Firefox/73.0"
192.168.10.238 - - [05/Mar/2020:15:28:40 +0000] "GET /turba/contact.php?source=7Qf0CG5MOyeDXEl9FfgFtoC&key=kIuK20Pr_GMs-_ko2SArNVM&view=Contact HTTP/1.1" 200 21137 "http://mail.cup.com/turba/add.php" "Mozilla/5.0 (X11; Ubuntu; Linux x86_64; rv:73.0) Gecko/20100101 Firefox/73.0"
192.168.10.190 - - [05/Mar/2020:15:28:43 +0000] "POST /services/ajax.php/horde/imple?token=SYJOMeSUTq1XM8NsYaTqRjr&app=nag&imple=Nag_Ajax_Imple_TagAutoCompleter&input=tags HTTP/1.1" 200 371 "http://mail.cup.com/nag/task.php?actionID=add_task" "Mozilla/5.0 (X11; Ubuntu; Linux x86_64; rv:73.0) Gecko/20100101 Firefox/73.0"
192.168.10.190 - - [05/Mar/2020:15:28:48 +0000] "POST /nag/task/save.php HTTP/1.1" 302 412 "http://mail.cup.com/nag/task.php?actionID=add_task" "Mozilla/5.0 (X11; Linux x86_64) AppleWebKit/537.36 (KHTML, like Gecko) Ubuntu Chromium/77.0.3865.90 HeadlessChrome/77.0.3865.90 Safari/537.36"
192.168.10.190 - - [05/Mar/2020:15:28:48 +0000] "GET /nag/list.php HTTP/1.1" 200 8983 "http://mail.cup.com/nag/task.php?actionID=add_task" "Mozilla/5.0 (X11; Linux x86_64) AppleWebKit/537.36 (KHTML, like Gecko) Ubuntu Chromium/77.0.3865.90 HeadlessChrome/77.0.3865.90 Safari/537.36"
192.168.10.190 - - [05/Mar/2020:15:28:49 +0000] "GET /services/portal/ HTTP/1.1" 200 9280 "http://mail.cup.com/kronolith/" "Mozilla/5.0 (X11; Ubuntu; Linux x86_64; rv:73.0) Gecko/20100101 Firefox/73.0"
::1 - - [05/Mar/2020:15:28:55 +0000] "OPTIONS * HTTP/1.0" 200 110 "-" "Apache/2.4.25 (Debian) OpenSSL/1.0.2u (internal dummy connection)"
192.168.10.190 - - [05/Mar/2020:15:28:55 +0000] "GET /mnemo/ HTTP/1.1" 200 6664 "http://mail.cup.com/services/portal/" "Mozilla/5.0 (X11; Ubuntu; Linux x86_64; rv:73.0) Gecko/20100101 Firefox/73.0"
192.168.10.238 - - [05/Mar/2020:15:29:04 +0000] "POST /nag/task/save.php HTTP/1.1" 302 412 "http://mail.cup.com/nag/task.php?actionID=add_task" "Mozilla/5.0 (X11; Ubuntu; Linux x86_64; rv:73.0) Gecko/20100101 Firefox/73.0"
192.168.10.238 - - [05/Mar/2020:15:29:04 +0000] "GET /nag/list.php HTTP/1.1" 200 8899 "http://mail.cup.com/nag/task.php?actionID=add_task" "Mozilla/5.0 (X11; Ubuntu; Linux x86_64; rv:73.0) Gecko/20100101 Firefox/73.0"
192.168.10.190 - - [05/Mar/2020:15:29:08 +0000] "POST /nag/task/save.php HTTP/1.1" 302 412 "http://mail.cup.com/nag/task.php?actionID=add_task" "Mozilla/5.0 (X11; Ubuntu; Linux x86_64; rv:73.0) Gecko/20100101 Firefox/73.0"
192.168.10.190 - - [05/Mar/2020:15:29:09 +0000] "GET /nag/list.php HTTP/1.1" 200 9527 "http://mail.cup.com/nag/task.php?actionID=add_task" "Mozilla/5.0 (X11; Ubuntu; Linux x86_64; rv:73.0) Gecko/20100101 Firefox/73.0"
192.168.10.190 - - [05/Mar/2020:15:29:11 +0000] "GET /services/portal/ HTTP/1.1" 200 12927 "http://mail.cup.com/mnemo/list.php" "Mozilla/5.0 (X11; Ubuntu; Linux x86_64; rv:73.0) Gecko/20100101 Firefox/73.0"
192.168.10.4 - - [05/Mar/2020:15:29:15 +0000] "GET /mnemo/memo.php?memo=iwi7uBpygnYMBt309WwEGNY&memolist=89RgPWJTIBGclaMthwQqH1S&actionID=modify_memo HTTP/1.1" 200 6112 "http://mail.cup.com/mnemo/" "Mozilla/5.0 (X11; Linux x86_64) AppleWebKit/537.36 (KHTML, like Gecko) Ubuntu Chromium/77.0.3865.90 HeadlessChrome/77.0.3865.90 Safari/537.36"
192.168.10.238 - - [05/Mar/2020:15:29:16 +0000] "GET /services/portal/ HTTP/1.1" 200 10519 "http://mail.cup.com/turba/contact.php?source=7Qf0CG5MOyeDXEl9FfgFtoC&key=kIuK20Pr_GMs-_ko2SArNVM&view=Contact" "Mozilla/5.0 (X11; Ubuntu; Linux x86_64; rv:73.0) Gecko/20100101 Firefox/73.0"
192.168.10.190 - - [05/Mar/2020:15:29:16 +0000] "GET /services/prefs.php?app=horde HTTP/1.1" 200 3661 "http://mail.cup.com/services/portal/" "Mozilla/5.0 (X11; Ubuntu; Linux x86_64; rv:73.0) Gecko/20100101 Firefox/73.0"
192.168.10.238 - - [05/Mar/2020:15:29:19 +0000] "GET /imp/dynamic.php?page=mailbox HTTP/1.1" 200 8750 "http://mail.cup.com/services/portal/" "Mozilla/5.0 (X11; Ubuntu; Linux x86_64; rv:73.0) Gecko/20100101 Firefox/73.0"
192.168.10.238 - - [05/Mar/2020:15:29:19 +0000] "POST /services/ajax.php/imp/dynamicInit HTTP/1.1" 200 1555 "http://mail.cup.com/imp/dynamic.php?page=mailbox" "Mozilla/5.0 (X11; Ubuntu; Linux x86_64; rv:73.0) Gecko/20100101 Firefox/73.0"
192.168.10.190 - - [05/Mar/2020:15:29:20 +0000] "GET /services/prefs.php?app=horde&group=identities HTTP/1.1" 200 4581 "http://mail.cup.com/services/prefs.php?app=horde" "Mozilla/5.0 (X11; Ubuntu; Linux x86_64; rv:73.0) Gecko/20100101 Firefox/73.0"
192.168.10.190 - - [05/Mar/2020:15:29:20 +0000] "GET /services/portal/ HTTP/1.1" 200 8270 "http://mail.cup.com/nag/list.php" "Mozilla/5.0 (X11; Linux x86_64) AppleWebKit/537.36 (KHTML, like Gecko) Ubuntu Chromium/77.0.3865.90 HeadlessChrome/77.0.3865.90 Safari/537.36"
192.168.10.4 - - [05/Mar/2020:15:29:21 +0000] "GET /mnemo/memo.php?memo=iwi7uBpygnYMBt309WwEGNY&memolist=89RgPWJTIBGclaMthwQqH1S&actionID=delete_memos HTTP/1.1" 302 414 "http://mail.cup.com/mnemo/memo.php?memo=iwi7uBpygnYMBt309WwEGNY&memolist=89RgPWJTIBGclaMthwQqH1S&actionID=modify_memo" "Mozilla/5.0 (X11; Linux x86_64) AppleWebKit/537.36 (KHTML, like Gecko) Ubuntu Chromium/77.0.3865.90 HeadlessChrome/77.0.3865.90 Safari/537.36"
192.168.10.4 - - [05/Mar/2020:15:29:21 +0000] "GET /mnemo/list.php HTTP/1.1" 200 7947 "http://mail.cup.com/mnemo/memo.php?memo=iwi7uBpygnYMBt309WwEGNY&memolist=89RgPWJTIBGclaMthwQqH1S&actionID=modify_memo" "Mozilla/5.0 (X11; Linux x86_64) AppleWebKit/537.36 (KHTML, like Gecko) Ubuntu Chromium/77.0.3865.90 HeadlessChrome/77.0.3865.90 Safari/537.36"
192.168.10.190 - - [05/Mar/2020:15:29:23 +0000] "POST /services/prefs.php HTTP/1.1" 200 4605 "http://mail.cup.com/services/prefs.php?app=horde&group=identities" "Mozilla/5.0 (X11; Ubuntu; Linux x86_64; rv:73.0) Gecko/20100101 Firefox/73.0"
192.168.10.190 - - [05/Mar/2020:15:29:23 +0000] "GET /turba/ HTTP/1.1" 200 4348 "http://mail.cup.com/services/portal/" "Mozilla/5.0 (X11; Linux x86_64) AppleWebKit/537.36 (KHTML, like Gecko) Ubuntu Chromium/77.0.3865.90 HeadlessChrome/77.0.3865.90 Safari/537.36"
192.168.10.190 - - [05/Mar/2020:15:29:26 +0000] "GET /turba/browse.php HTTP/1.1" 200 5898 "http://mail.cup.com/turba/" "Mozilla/5.0 (X11; Linux x86_64) AppleWebKit/537.36 (KHTML, like Gecko) Ubuntu Chromium/77.0.3865.90 HeadlessChrome/77.0.3865.90 Safari/537.36"
192.168.10.238 - - [05/Mar/2020:15:29:26 +0000] "POST /services/ajax.php/imp/viewPort HTTP/1.1" 200 920 "http://mail.cup.com/imp/dynamic.php?page=mailbox" "Mozilla/5.0 (X11; Ubuntu; Linux x86_64; rv:73.0) Gecko/20100101 Firefox/73.0"
192.168.10.190 - - [05/Mar/2020:15:29:28 +0000] "GET /turba/contact.php?source=TDHzN2ARlIvQkMNJ9ajfkWC&key=KzXZVcuWZ2oO3RK5ErcL0bY HTTP/1.1" 200 21048 "http://mail.cup.com/turba/browse.php" "Mozilla/5.0 (X11; Linux x86_64) AppleWebKit/537.36 (KHTML, like Gecko) Ubuntu Chromium/77.0.3865.90 HeadlessChrome/77.0.3865.90 Safari/537.36"
192.168.10.190 - - [05/Mar/2020:15:29:30 +0000] "GET /services/prefs.php?app=horde HTTP/1.1" 200 3658 "http://mail.cup.com/services/prefs.php" "Mozilla/5.0 (X11; Ubuntu; Linux x86_64; rv:73.0) Gecko/20100101 Firefox/73.0"
192.168.10.190 - - [05/Mar/2020:15:29:32 +0000] "GET /services/prefs.php?app=imp HTTP/1.1" 200 4029 "http://mail.cup.com/services/prefs.php?app=horde" "Mozilla/5.0 (X11; Ubuntu; Linux x86_64; rv:73.0) Gecko/20100101 Firefox/73.0"
192.168.10.190 - - [05/Mar/2020:15:29:33 +0000] "POST /turba/delete.php HTTP/1.1" 302 415 "http://mail.cup.com/turba/contact.php?source=TDHzN2ARlIvQkMNJ9ajfkWC&key=KzXZVcuWZ2oO3RK5ErcL0bY" "Mozilla/5.0 (X11; Linux x86_64) AppleWebKit/537.36 (KHTML, like Gecko) Ubuntu Chromium/77.0.3865.90 HeadlessChrome/77.0.3865.90 Safari/537.36"
192.168.10.190 - - [05/Mar/2020:15:29:33 +0000] "GET /turba/search.php HTTP/1.1" 200 4433 "http://mail.cup.com/turba/contact.php?source=TDHzN2ARlIvQkMNJ9ajfkWC&key=KzXZVcuWZ2oO3RK5ErcL0bY" "Mozilla/5.0 (X11; Linux x86_64) AppleWebKit/537.36 (KHTML, like Gecko) Ubuntu Chromium/77.0.3865.90 HeadlessChrome/77.0.3865.90 Safari/537.36"
192.168.10.238 - - [05/Mar/2020:15:29:36 +0000] "POST /services/ajax.php/imp/showMessage HTTP/1.1" 200 3066 "http://mail.cup.com/imp/dynamic.php?page=mailbox" "Mozilla/5.0 (X11; Ubuntu; Linux x86_64; rv:73.0) Gecko/20100101 Firefox/73.0"
192.168.10.190 - - [05/Mar/2020:15:29:36 +0000] "GET /services/prefs.php?app=imp&group=delmove HTTP/1.1" 200 5539 "http://mail.cup.com/services/prefs.php?app=imp" "Mozilla/5.0 (X11; Ubuntu; Linux x86_64; rv:73.0) Gecko/20100101 Firefox/73.0"
192.168.10.190 - - [05/Mar/2020:15:29:36 +0000] "GET /mnemo/memo.php?memo=4qTr8dhdLT4ZVktD7LPRdgi&memolist=n7q5eVS5QnBXB8YYtvjk8UQ&actionID=modify_memo HTTP/1.1" 200 6123 "http://mail.cup.com/mnemo/" "Mozilla/5.0 (X11; Ubuntu; Linux x86_64; rv:73.0) Gecko/20100101 Firefox/73.0"
192.168.10.190 - - [05/Mar/2020:15:29:39 +0000] "GET /mnemo/memo.php?memo=4qTr8dhdLT4ZVktD7LPRdgi&memolist=n7q5eVS5QnBXB8YYtvjk8UQ&actionID=delete_memos HTTP/1.1" 302 413 "http://mail.cup.com/mnemo/memo.php?memo=4qTr8dhdLT4ZVktD7LPRdgi&memolist=n7q5eVS5QnBXB8YYtvjk8UQ&actionID=modify_memo" "Mozilla/5.0 (X11; Ubuntu; Linux x86_64; rv:73.0) Gecko/20100101 Firefox/73.0"
192.168.10.190 - - [05/Mar/2020:15:29:39 +0000] "GET /mnemo/list.php HTTP/1.1" 200 6678 "http://mail.cup.com/mnemo/memo.php?memo=4qTr8dhdLT4ZVktD7LPRdgi&memolist=n7q5eVS5QnBXB8YYtvjk8UQ&actionID=modify_memo" "Mozilla/5.0 (X11; Ubuntu; Linux x86_64; rv:73.0) Gecko/20100101 Firefox/73.0"
192.168.10.238 - - [05/Mar/2020:15:29:40 +0000] "GET /services/portal/ HTTP/1.1" 200 9633 "http://mail.cup.com/nag/list.php" "Mozilla/5.0 (X11; Ubuntu; Linux x86_64; rv:73.0) Gecko/20100101 Firefox/73.0"
192.168.10.238 - - [05/Mar/2020:15:29:43 +0000] "GET /mnemo/ HTTP/1.1" 200 6898 "http://mail.cup.com/services/portal/" "Mozilla/5.0 (X11; Ubuntu; Linux x86_64; rv:73.0) Gecko/20100101 Firefox/73.0"
192.168.10.190 - - [05/Mar/2020:15:29:44 +0000] "POST /services/prefs.php HTTP/1.1" 200 5638 "http://mail.cup.com/services/prefs.php?app=imp&group=delmove" "Mozilla/5.0 (X11; Ubuntu; Linux x86_64; rv:73.0) Gecko/20100101 Firefox/73.0"
192.168.10.238 - - [05/Mar/2020:15:29:44 +0000] "GET /imp/dynamic.php?page=message&buid=88&mailbox=SU5CT1g&token=yObNzWB9vd0Bt19yD7nySL1&uniq=1583422183595 HTTP/1.1" 200 8125 "http://mail.cup.com/imp/dynamic.php?page=mailbox" "Mozilla/5.0 (X11; Ubuntu; Linux x86_64; rv:73.0) Gecko/20100101 Firefox/73.0"
192.168.10.190 - - [05/Mar/2020:15:29:44 +0000] "GET /services/portal/ HTTP/1.1" 200 10594 "http://mail.cup.com/nag/list.php" "Mozilla/5.0 (X11; Ubuntu; Linux x86_64; rv:73.0) Gecko/20100101 Firefox/73.0"
192.168.10.238 - - [05/Mar/2020:15:29:46 +0000] "POST /services/ajax.php/imp/getReplyData HTTP/1.1" 200 1537 "http://mail.cup.com/imp/dynamic.php?page=message&buid=88&mailbox=SU5CT1g&token=yObNzWB9vd0Bt19yD7nySL1&uniq=1583422183595" "Mozilla/5.0 (X11; Ubuntu; Linux x86_64; rv:73.0) Gecko/20100101 Firefox/73.0"
192.168.10.190 - - [05/Mar/2020:15:29:48 +0000] "GET /mnemo/ HTTP/1.1" 200 7162 "http://mail.cup.com/services/portal/" "Mozilla/5.0 (X11; Ubuntu; Linux x86_64; rv:73.0) Gecko/20100101 Firefox/73.0"
192.168.10.190 - - [05/Mar/2020:15:29:49 +0000] "POST /services/prefs.php HTTP/1.1" 200 5640 "http://mail.cup.com/services/prefs.php" "Mozilla/5.0 (X11; Ubuntu; Linux x86_64; rv:73.0) Gecko/20100101 Firefox/73.0"
192.168.10.238 - - [05/Mar/2020:15:29:55 +0000] "POST /services/ajax.php/imp/sendMessage HTTP/1.1" 200 634 "http://mail.cup.com/imp/dynamic.php?page=message&buid=88&mailbox=SU5CT1g&token=yObNzWB9vd0Bt19yD7nySL1&uniq=1583422183595" "Mozilla/5.0 (X11; Ubuntu; Linux x86_64; rv:73.0) Gecko/20100101 Firefox/73.0"
192.168.10.4 - - [05/Mar/2020:15:29:56 +0000] "GET /services/portal/ HTTP/1.1" 200 11165 "http://mail.cup.com/mnemo/list.php" "Mozilla/5.0 (X11; Linux x86_64) AppleWebKit/537.36 (KHTML, like Gecko) Ubuntu Chromium/77.0.3865.90 HeadlessChrome/77.0.3865.90 Safari/537.36"
192.168.10.4 - - [05/Mar/2020:15:30:02 +0000] "GET /kronolith/ HTTP/1.1" 200 24698 "http://mail.cup.com/services/portal/" "Mozilla/5.0 (X11; Linux x86_64) AppleWebKit/537.36 (KHTML, like Gecko) Ubuntu Chromium/77.0.3865.90 HeadlessChrome/77.0.3865.90 Safari/537.36"
192.168.10.4 - - [05/Mar/2020:15:30:02 +0000] "POST /services/ajax.php/kronolith/listCalendars HTTP/1.1" 200 969 "http://mail.cup.com/kronolith/" "Mozilla/5.0 (X11; Linux x86_64) AppleWebKit/537.36 (KHTML, like Gecko) Ubuntu Chromium/77.0.3865.90 HeadlessChrome/77.0.3865.90 Safari/537.36"
192.168.10.4 - - [05/Mar/2020:15:30:02 +0000] "POST /services/ajax.php/kronolith/listEvents HTTP/1.1" 200 1366 "http://mail.cup.com/kronolith/" "Mozilla/5.0 (X11; Linux x86_64) AppleWebKit/537.36 (KHTML, like Gecko) Ubuntu Chromium/77.0.3865.90 HeadlessChrome/77.0.3865.90 Safari/537.36"
192.168.10.4 - - [05/Mar/2020:15:30:02 +0000] "POST /services/ajax.php/kronolith/listEvents HTTP/1.1" 200 549 "http://mail.cup.com/kronolith/" "Mozilla/5.0 (X11; Linux x86_64) AppleWebKit/537.36 (KHTML, like Gecko) Ubuntu Chromium/77.0.3865.90 HeadlessChrome/77.0.3865.90 Safari/537.36"
192.168.10.190 - - [05/Mar/2020:15:30:06 +0000] "GET /services/portal/ HTTP/1.1" 200 8268 "http://mail.cup.com/turba/search.php" "Mozilla/5.0 (X11; Linux x86_64) AppleWebKit/537.36 (KHTML, like Gecko) Ubuntu Chromium/77.0.3865.90 HeadlessChrome/77.0.3865.90 Safari/537.36"
192.168.10.190 - - [05/Mar/2020:15:30:08 +0000] "GET /kronolith/ HTTP/1.1" 200 24705 "http://mail.cup.com/services/portal/" "Mozilla/5.0 (X11; Linux x86_64) AppleWebKit/537.36 (KHTML, like Gecko) Ubuntu Chromium/77.0.3865.90 HeadlessChrome/77.0.3865.90 Safari/537.36"
192.168.10.190 - - [05/Mar/2020:15:30:09 +0000] "POST /services/ajax.php/kronolith/listCalendars HTTP/1.1" 200 973 "http://mail.cup.com/kronolith/" "Mozilla/5.0 (X11; Linux x86_64) AppleWebKit/537.36 (KHTML, like Gecko) Ubuntu Chromium/77.0.3865.90 HeadlessChrome/77.0.3865.90 Safari/537.36"
192.168.10.190 - - [05/Mar/2020:15:30:09 +0000] "POST /services/ajax.php/kronolith/listEvents HTTP/1.1" 200 1365 "http://mail.cup.com/kronolith/" "Mozilla/5.0 (X11; Linux x86_64) AppleWebKit/537.36 (KHTML, like Gecko) Ubuntu Chromium/77.0.3865.90 HeadlessChrome/77.0.3865.90 Safari/537.36"
192.168.10.190 - - [05/Mar/2020:15:30:09 +0000] "POST /services/ajax.php/kronolith/listEvents HTTP/1.1" 200 549 "http://mail.cup.com/kronolith/" "Mozilla/5.0 (X11; Linux x86_64) AppleWebKit/537.36 (KHTML, like Gecko) Ubuntu Chromium/77.0.3865.90 HeadlessChrome/77.0.3865.90 Safari/537.36"
192.168.10.190 - - [05/Mar/2020:15:30:13 +0000] "GET /services/portal/ HTTP/1.1" 200 9203 "http://mail.cup.com/mnemo/list.php" "Mozilla/5.0 (X11; Ubuntu; Linux x86_64; rv:73.0) Gecko/20100101 Firefox/73.0"
192.168.10.238 - - [05/Mar/2020:15:30:23 +0000] "GET /mnemo/memo.php?actionID=add_memo HTTP/1.1" 200 5981 "http://mail.cup.com/mnemo/" "Mozilla/5.0 (X11; Ubuntu; Linux x86_64; rv:73.0) Gecko/20100101 Firefox/73.0"
192.168.10.190 - - [05/Mar/2020:15:30:23 +0000] "GET /services/portal/ HTTP/1.1" 200 12934 "http://mail.cup.com/services/prefs.php" "Mozilla/5.0 (X11; Ubuntu; Linux x86_64; rv:73.0) Gecko/20100101 Firefox/73.0"
192.168.10.190 - - [05/Mar/2020:15:30:26 +0000] "GET /mnemo/memo.php?actionID=add_memo HTTP/1.1" 200 5976 "http://mail.cup.com/mnemo/" "Mozilla/5.0 (X11; Ubuntu; Linux x86_64; rv:73.0) Gecko/20100101 Firefox/73.0"
192.168.10.190 - - [05/Mar/2020:15:30:27 +0000] "GET /nag/ HTTP/1.1" 200 10987 "http://mail.cup.com/services/portal/" "Mozilla/5.0 (X11; Ubuntu; Linux x86_64; rv:73.0) Gecko/20100101 Firefox/73.0"
192.168.10.238 - - [05/Mar/2020:15:30:32 +0000] "POST /services/ajax.php/horde/imple?token=9zT4LjGEO0NctPfeQ4T5zX1&app=mnemo&imple=Mnemo_Ajax_Imple_TagAutoCompleter&input=memo_tags HTTP/1.1" 200 377 "http://mail.cup.com/mnemo/memo.php?actionID=add_memo" "Mozilla/5.0 (X11; Ubuntu; Linux x86_64; rv:73.0) Gecko/20100101 Firefox/73.0"
192.168.10.190 - - [05/Mar/2020:15:30:35 +0000] "POST /services/ajax.php/horde/imple?token=SYJOMeSUTq1XM8NsYaTqRjr&app=mnemo&imple=Mnemo_Ajax_Imple_TagAutoCompleter&input=memo_tags HTTP/1.1" 200 371 "http://mail.cup.com/mnemo/memo.php?actionID=add_memo" "Mozilla/5.0 (X11; Ubuntu; Linux x86_64; rv:73.0) Gecko/20100101 Firefox/73.0"
192.168.10.238 - - [05/Mar/2020:15:30:36 +0000] "POST /mnemo/memo.php HTTP/1.1" 302 413 "http://mail.cup.com/mnemo/memo.php?actionID=add_memo" "Mozilla/5.0 (X11; Ubuntu; Linux x86_64; rv:73.0) Gecko/20100101 Firefox/73.0"
192.168.10.238 - - [05/Mar/2020:15:30:36 +0000] "GET /mnemo/list.php HTTP/1.1" 200 7119 "http://mail.cup.com/mnemo/memo.php?actionID=add_memo" "Mozilla/5.0 (X11; Ubuntu; Linux x86_64; rv:73.0) Gecko/20100101 Firefox/73.0"
192.168.10.190 - - [05/Mar/2020:15:30:38 +0000] "POST /mnemo/memo.php HTTP/1.1" 302 413 "http://mail.cup.com/mnemo/memo.php?actionID=add_memo" "Mozilla/5.0 (X11; Ubuntu; Linux x86_64; rv:73.0) Gecko/20100101 Firefox/73.0"
192.168.10.190 - - [05/Mar/2020:15:30:38 +0000] "GET /mnemo/list.php HTTP/1.1" 200 7384 "http://mail.cup.com/mnemo/memo.php?actionID=add_memo" "Mozilla/5.0 (X11; Ubuntu; Linux x86_64; rv:73.0) Gecko/20100101 Firefox/73.0"
192.168.10.238 - - [05/Mar/2020:15:30:40 +0000] "GET /services/portal/ HTTP/1.1" 200 10516 "http://mail.cup.com/imp/dynamic.php?page=mailbox" "Mozilla/5.0 (X11; Ubuntu; Linux x86_64; rv:73.0) Gecko/20100101 Firefox/73.0"
192.168.10.190 - - [05/Mar/2020:15:30:43 +0000] "POST /services/ajax.php/kronolith/listTopTags HTTP/1.1" 200 443 "http://mail.cup.com/kronolith/" "Mozilla/5.0 (X11; Linux x86_64) AppleWebKit/537.36 (KHTML, like Gecko) Ubuntu Chromium/77.0.3865.90 HeadlessChrome/77.0.3865.90 Safari/537.36"
192.168.10.4 - - [05/Mar/2020:15:30:43 +0000] "POST /services/ajax.php/kronolith/getEvent HTTP/1.1" 200 675 "http://mail.cup.com/kronolith/" "Mozilla/5.0 (X11; Linux x86_64) AppleWebKit/537.36 (KHTML, like Gecko) Ubuntu Chromium/77.0.3865.90 HeadlessChrome/77.0.3865.90 Safari/537.36"
192.168.10.4 - - [05/Mar/2020:15:30:43 +0000] "POST /services/ajax.php/kronolith/listTopTags HTTP/1.1" 200 456 "http://mail.cup.com/kronolith/" "Mozilla/5.0 (X11; Linux x86_64) AppleWebKit/537.36 (KHTML, like Gecko) Ubuntu Chromium/77.0.3865.90 HeadlessChrome/77.0.3865.90 Safari/537.36"
192.168.10.238 - - [05/Mar/2020:15:30:46 +0000] "GET /nag/ HTTP/1.1" 200 9829 "http://mail.cup.com/services/portal/" "Mozilla/5.0 (X11; Ubuntu; Linux x86_64; rv:73.0) Gecko/20100101 Firefox/73.0"
192.168.10.190 - - [05/Mar/2020:15:30:47 +0000] "GET /services/portal/ HTTP/1.1" 200 9203 "http://mail.cup.com/services/portal/" "Mozilla/5.0 (X11; Ubuntu; Linux x86_64; rv:73.0) Gecko/20100101 Firefox/73.0"
192.168.10.190 - - [05/Mar/2020:15:30:50 +0000] "GET /imp/dynamic.php?page=mailbox HTTP/1.1" 200 8751 "http://mail.cup.com/services/portal/" "Mozilla/5.0 (X11; Ubuntu; Linux x86_64; rv:73.0) Gecko/20100101 Firefox/73.0"
192.168.10.190 - - [05/Mar/2020:15:30:50 +0000] "POST /services/ajax.php/imp/dynamicInit HTTP/1.1" 200 2245 "http://mail.cup.com/imp/dynamic.php?page=mailbox" "Mozilla/5.0 (X11; Ubuntu; Linux x86_64; rv:73.0) Gecko/20100101 Firefox/73.0"
192.168.10.4 - - [05/Mar/2020:15:30:52 +0000] "POST /services/ajax.php/kronolith/deleteEvent HTTP/1.1" 200 534 "http://mail.cup.com/kronolith/" "Mozilla/5.0 (X11; Linux x86_64) AppleWebKit/537.36 (KHTML, like Gecko) Ubuntu Chromium/77.0.3865.90 HeadlessChrome/77.0.3865.90 Safari/537.36"
192.168.10.190 - - [05/Mar/2020:15:30:55 +0000] "POST /services/ajax.php/imp/viewPort HTTP/1.1" 200 1557 "http://mail.cup.com/imp/dynamic.php?page=mailbox" "Mozilla/5.0 (X11; Ubuntu; Linux x86_64; rv:73.0) Gecko/20100101 Firefox/73.0"
192.168.10.190 - - [05/Mar/2020:15:30:58 +0000] "POST /services/ajax.php/kronolith/saveEvent HTTP/1.1" 200 651 "http://mail.cup.com/kronolith/" "Mozilla/5.0 (X11; Linux x86_64) AppleWebKit/537.36 (KHTML, like Gecko) Ubuntu Chromium/77.0.3865.90 HeadlessChrome/77.0.3865.90 Safari/537.36"
192.168.10.4 - - [05/Mar/2020:15:31:01 +0000] "GET /services/portal/ HTTP/1.1" 200 11170 "http://mail.cup.com/kronolith/" "Mozilla/5.0 (X11; Linux x86_64) AppleWebKit/537.36 (KHTML, like Gecko) Ubuntu Chromium/77.0.3865.90 HeadlessChrome/77.0.3865.90 Safari/537.36"
192.168.10.190 - - [05/Mar/2020:15:31:02 +0000] "GET /imp/themes/default/graphics/checkbox_on.png HTTP/1.1" 200 746 "http://mail.cup.com/imp/themes/default/dynamic/screen.css" "Mozilla/5.0 (X11; Ubuntu; Linux x86_64; rv:73.0) Gecko/20100101 Firefox/73.0"
192.168.10.190 - - [05/Mar/2020:15:31:02 +0000] "GET /imp/themes/default/graphics/delete.png HTTP/1.1" 200 581 "http://mail.cup.com/imp/themes/default/dynamic/screen.css" "Mozilla/5.0 (X11; Ubuntu; Linux x86_64; rv:73.0) Gecko/20100101 Firefox/73.0"
192.168.10.190 - - [05/Mar/2020:15:31:02 +0000] "POST /services/ajax.php/imp/showMessage HTTP/1.1" 200 3242 "http://mail.cup.com/imp/dynamic.php?page=mailbox" "Mozilla/5.0 (X11; Ubuntu; Linux x86_64; rv:73.0) Gecko/20100101 Firefox/73.0"
192.168.10.190 - - [05/Mar/2020:15:31:02 +0000] "GET /imp/themes/default/graphics/plus.png HTTP/1.1" 200 753 "http://mail.cup.com/imp/themes/default/dynamic/screen.css" "Mozilla/5.0 (X11; Ubuntu; Linux x86_64; rv:73.0) Gecko/20100101 Firefox/73.0"
192.168.10.190 - - [05/Mar/2020:15:31:02 +0000] "GET /services/portal/ HTTP/1.1" 200 8392 "http://mail.cup.com/kronolith/" "Mozilla/5.0 (X11; Linux x86_64) AppleWebKit/537.36 (KHTML, like Gecko) Ubuntu Chromium/77.0.3865.90 HeadlessChrome/77.0.3865.90 Safari/537.36"
192.168.10.190 - - [05/Mar/2020:15:31:03 +0000] "GET /nag/task.php?actionID=add_task HTTP/1.1" 200 9760 "http://mail.cup.com/nag/" "Mozilla/5.0 (X11; Ubuntu; Linux x86_64; rv:73.0) Gecko/20100101 Firefox/73.0"
192.168.10.190 - - [05/Mar/2020:15:31:05 +0000] "GET /imp/dynamic.php?page=mailbox HTTP/1.1" 200 8751 "http://mail.cup.com/services/portal/" "Mozilla/5.0 (X11; Linux x86_64) AppleWebKit/537.36 (KHTML, like Gecko) Ubuntu Chromium/77.0.3865.90 HeadlessChrome/77.0.3865.90 Safari/537.36"
192.168.10.190 - - [05/Mar/2020:15:31:06 +0000] "GET /imp/themes/default/graphics/flags/deleted-inv.png HTTP/1.1" 200 444 "http://mail.cup.com/imp/themes/default/dynamic/screen.css" "Mozilla/5.0 (X11; Ubuntu; Linux x86_64; rv:73.0) Gecko/20100101 Firefox/73.0"
192.168.10.190 - - [05/Mar/2020:15:31:06 +0000] "POST /services/ajax.php/imp/dynamicInit HTTP/1.1" 200 2963 "http://mail.cup.com/imp/dynamic.php?page=mailbox" "Mozilla/5.0 (X11; Linux x86_64) AppleWebKit/537.36 (KHTML, like Gecko) Ubuntu Chromium/77.0.3865.90 HeadlessChrome/77.0.3865.90 Safari/537.36"
192.168.10.4 - - [05/Mar/2020:15:31:06 +0000] "GET /login.php?horde_logout_token=L4Ee61AB3BAl5ieiLDWX_V2&logout_reason=4 HTTP/1.1" 200 3839 "http://mail.cup.com/services/portal/" "Mozilla/5.0 (X11; Linux x86_64) AppleWebKit/537.36 (KHTML, like Gecko) Ubuntu Chromium/77.0.3865.90 HeadlessChrome/77.0.3865.90 Safari/537.36"
192.168.10.190 - - [05/Mar/2020:15:31:06 +0000] "POST /services/ajax.php/imp/deleteMessages HTTP/1.1" 200 558 "http://mail.cup.com/imp/dynamic.php?page=mailbox" "Mozilla/5.0 (X11; Ubuntu; Linux x86_64; rv:73.0) Gecko/20100101 Firefox/73.0"
192.168.10.190 - - [05/Mar/2020:15:31:06 +0000] "GET /imp/themes/default/graphics/flags/deleted.png HTTP/1.1" 200 442 "http://mail.cup.com/imp/themes/default/screen.css" "Mozilla/5.0 (X11; Ubuntu; Linux x86_64; rv:73.0) Gecko/20100101 Firefox/73.0"
192.168.10.190 - - [05/Mar/2020:15:31:10 +0000] "POST /services/ajax.php/imp/viewPort HTTP/1.1" 200 2304 "http://mail.cup.com/imp/dynamic.php?page=mailbox" "Mozilla/5.0 (X11; Linux x86_64) AppleWebKit/537.36 (KHTML, like Gecko) Ubuntu Chromium/77.0.3865.90 HeadlessChrome/77.0.3865.90 Safari/537.36"
192.168.10.238 - - [05/Mar/2020:15:31:11 +0000] "GET /services/portal/ HTTP/1.1" 200 9712 "http://mail.cup.com/mnemo/list.php" "Mozilla/5.0 (X11; Ubuntu; Linux x86_64; rv:73.0) Gecko/20100101 Firefox/73.0"
192.168.10.190 - - [05/Mar/2020:15:31:12 +0000] "POST /services/ajax.php/horde/imple?token=EUE3c8o-NaTXHOGxQNqJVeN&app=nag&imple=Nag_Ajax_Imple_TagAutoCompleter&input=tags HTTP/1.1" 200 371 "http://mail.cup.com/nag/task.php?actionID=add_task" "Mozilla/5.0 (X11; Ubuntu; Linux x86_64; rv:73.0) Gecko/20100101 Firefox/73.0"
192.168.10.190 - - [05/Mar/2020:15:31:12 +0000] "GET /imp/dynamic.php?page=compose&type=new&token=p06zOcIVQFajtw5jaISnWz8&uniq=1583422272747 HTTP/1.1" 200 5527 "http://mail.cup.com/imp/dynamic.php?page=mailbox" "Mozilla/5.0 (X11; Linux x86_64) AppleWebKit/537.36 (KHTML, like Gecko) Ubuntu Chromium/77.0.3865.90 HeadlessChrome/77.0.3865.90 Safari/537.36"
192.168.10.190 - - [05/Mar/2020:15:31:14 +0000] "GET /services/portal/ HTTP/1.1" 200 10670 "http://mail.cup.com/mnemo/list.php" "Mozilla/5.0 (X11; Ubuntu; Linux x86_64; rv:73.0) Gecko/20100101 Firefox/73.0"
192.168.10.238 - - [05/Mar/2020:15:31:15 +0000] "GET /imp/dynamic.php?page=mailbox HTTP/1.1" 200 8752 "http://mail.cup.com/services/portal/" "Mozilla/5.0 (X11; Ubuntu; Linux x86_64; rv:73.0) Gecko/20100101 Firefox/73.0"
192.168.10.238 - - [05/Mar/2020:15:31:15 +0000] "GET /themes/default/graphics/search-topbar.png HTTP/1.1" 200 631 "http://mail.cup.com/imp/dynamic.php?page=mailbox" "Mozilla/5.0 (X11; Ubuntu; Linux x86_64; rv:73.0) Gecko/20100101 Firefox/73.0"
192.168.10.238 - - [05/Mar/2020:15:31:15 +0000] "POST /services/ajax.php/imp/dynamicInit HTTP/1.1" 200 2294 "http://mail.cup.com/imp/dynamic.php?page=mailbox" "Mozilla/5.0 (X11; Ubuntu; Linux x86_64; rv:73.0) Gecko/20100101 Firefox/73.0"
192.168.10.190 - - [05/Mar/2020:15:31:20 +0000] "GET /kronolith/ HTTP/1.1" 200 24701 "http://mail.cup.com/services/portal/" "Mozilla/5.0 (X11; Ubuntu; Linux x86_64; rv:73.0) Gecko/20100101 Firefox/73.0"
192.168.10.190 - - [05/Mar/2020:15:31:20 +0000] "POST /services/ajax.php/kronolith/listCalendars HTTP/1.1" 200 970 "http://mail.cup.com/kronolith/" "Mozilla/5.0 (X11; Ubuntu; Linux x86_64; rv:73.0) Gecko/20100101 Firefox/73.0"
192.168.10.190 - - [05/Mar/2020:15:31:21 +0000] "POST /services/ajax.php/kronolith/listEvents HTTP/1.1" 200 2415 "http://mail.cup.com/kronolith/" "Mozilla/5.0 (X11; Ubuntu; Linux x86_64; rv:73.0) Gecko/20100101 Firefox/73.0"
192.168.10.190 - - [05/Mar/2020:15:31:21 +0000] "POST /services/ajax.php/kronolith/listEvents HTTP/1.1" 200 549 "http://mail.cup.com/kronolith/" "Mozilla/5.0 (X11; Ubuntu; Linux x86_64; rv:73.0) Gecko/20100101 Firefox/73.0"
192.168.10.190 - - [05/Mar/2020:15:31:22 +0000] "POST /services/ajax.php/imp/sendMessage HTTP/1.1" 200 475 "http://mail.cup.com/imp/dynamic.php?page=compose&type=new&token=p06zOcIVQFajtw5jaISnWz8&uniq=1583422272747" "Mozilla/5.0 (X11; Linux x86_64) AppleWebKit/537.36 (KHTML, like Gecko) Ubuntu Chromium/77.0.3865.90 HeadlessChrome/77.0.3865.90 Safari/537.36"
192.168.10.238 - - [05/Mar/2020:15:31:24 +0000] "POST /services/ajax.php/imp/viewPort HTTP/1.1" 200 1625 "http://mail.cup.com/imp/dynamic.php?page=mailbox" "Mozilla/5.0 (X11; Ubuntu; Linux x86_64; rv:73.0) Gecko/20100101 Firefox/73.0"
192.168.10.238 - - [05/Mar/2020:15:31:27 +0000] "GET /nag/task.php?actionID=add_task HTTP/1.1" 200 9403 "http://mail.cup.com/nag/" "Mozilla/5.0 (X11; Ubuntu; Linux x86_64; rv:73.0) Gecko/20100101 Firefox/73.0"
192.168.10.238 - - [05/Mar/2020:15:31:29 +0000] "GET /imp/themes/default/graphics/checkbox_on.png HTTP/1.1" 200 745 "http://mail.cup.com/imp/themes/default/dynamic/screen.css" "Mozilla/5.0 (X11; Ubuntu; Linux x86_64; rv:73.0) Gecko/20100101 Firefox/73.0"
192.168.10.238 - - [05/Mar/2020:15:31:29 +0000] "POST /services/ajax.php/imp/showMessage HTTP/1.1" 200 2793 "http://mail.cup.com/imp/dynamic.php?page=mailbox" "Mozilla/5.0 (X11; Ubuntu; Linux x86_64; rv:73.0) Gecko/20100101 Firefox/73.0"
192.168.10.238 - - [05/Mar/2020:15:31:29 +0000] "GET /imp/themes/default/graphics/plus.png HTTP/1.1" 200 753 "http://mail.cup.com/imp/themes/default/dynamic/screen.css" "Mozilla/5.0 (X11; Ubuntu; Linux x86_64; rv:73.0) Gecko/20100101 Firefox/73.0"
192.168.10.238 - - [05/Mar/2020:15:31:29 +0000] "GET /themes/default/graphics/button.png HTTP/1.1" 200 374 "http://mail.cup.com/themes/default/screen.css" "Mozilla/5.0 (X11; Ubuntu; Linux x86_64; rv:73.0) Gecko/20100101 Firefox/73.0"
192.168.10.190 - - [05/Mar/2020:15:31:30 +0000] "POST /nag/task/save.php HTTP/1.1" 302 412 "http://mail.cup.com/nag/task.php?actionID=add_task" "Mozilla/5.0 (X11; Ubuntu; Linux x86_64; rv:73.0) Gecko/20100101 Firefox/73.0"
192.168.10.190 - - [05/Mar/2020:15:31:30 +0000] "GET /nag/list.php HTTP/1.1" 200 11202 "http://mail.cup.com/nag/task.php?actionID=add_task" "Mozilla/5.0 (X11; Ubuntu; Linux x86_64; rv:73.0) Gecko/20100101 Firefox/73.0"
192.168.10.190 - - [05/Mar/2020:15:31:31 +0000] "POST /services/ajax.php/kronolith/getEvent HTTP/1.1" 200 676 "http://mail.cup.com/kronolith/" "Mozilla/5.0 (X11; Ubuntu; Linux x86_64; rv:73.0) Gecko/20100101 Firefox/73.0"
192.168.10.190 - - [05/Mar/2020:15:31:31 +0000] "POST /services/ajax.php/kronolith/listTopTags HTTP/1.1" 200 451 "http://mail.cup.com/kronolith/" "Mozilla/5.0 (X11; Ubuntu; Linux x86_64; rv:73.0) Gecko/20100101 Firefox/73.0"
192.168.10.238 - - [05/Mar/2020:15:31:32 +0000] "POST /services/ajax.php/imp/deleteMessages HTTP/1.1" 200 560 "http://mail.cup.com/imp/dynamic.php?page=mailbox" "Mozilla/5.0 (X11; Ubuntu; Linux x86_64; rv:73.0) Gecko/20100101 Firefox/73.0"
192.168.10.190 - - [05/Mar/2020:15:31:38 +0000] "GET /services/portal/ HTTP/1.1" 200 9198 "http://mail.cup.com/imp/dynamic.php?page=mailbox" "Mozilla/5.0 (X11; Ubuntu; Linux x86_64; rv:73.0) Gecko/20100101 Firefox/73.0"
192.168.10.190 - - [05/Mar/2020:15:31:41 +0000] "GET /mnemo/ HTTP/1.1" 200 6568 "http://mail.cup.com/services/portal/" "Mozilla/5.0 (X11; Ubuntu; Linux x86_64; rv:73.0) Gecko/20100101 Firefox/73.0"
