192.168.10.190 - - [03/Mar/2020:13:36:54 +0000] "GET /kronolith/ HTTP/1.1" 200 24706 "http://mail.cup.com/services/portal/" "Mozilla/5.0 (X11; Linux x86_64) AppleWebKit/537.36 (KHTML, like Gecko) Ubuntu Chromium/77.0.3865.90 HeadlessChrome/77.0.3865.90 Safari/537.36"
192.168.10.190 - - [03/Mar/2020:13:36:54 +0000] "POST /services/ajax.php/kronolith/listCalendars HTTP/1.1" 200 965 "http://mail.cup.com/kronolith/" "Mozilla/5.0 (X11; Linux x86_64) AppleWebKit/537.36 (KHTML, like Gecko) Ubuntu Chromium/77.0.3865.90 HeadlessChrome/77.0.3865.90 Safari/537.36"
192.168.10.190 - - [03/Mar/2020:13:36:55 +0000] "POST /services/ajax.php/kronolith/listEvents HTTP/1.1" 200 1865 "http://mail.cup.com/kronolith/" "Mozilla/5.0 (X11; Linux x86_64) AppleWebKit/537.36 (KHTML, like Gecko) Ubuntu Chromium/77.0.3865.90 HeadlessChrome/77.0.3865.90 Safari/537.36"
192.168.10.190 - - [03/Mar/2020:13:36:55 +0000] "POST /services/ajax.php/kronolith/listEvents HTTP/1.1" 200 549 "http://mail.cup.com/kronolith/" "Mozilla/5.0 (X11; Linux x86_64) AppleWebKit/537.36 (KHTML, like Gecko) Ubuntu Chromium/77.0.3865.90 HeadlessChrome/77.0.3865.90 Safari/537.36"
192.168.10.200 - - [03/Mar/2020:13:36:57 +0000] "GET /services/portal/ HTTP/1.1" 200 8915 "http://mail.cup.com/imp/dynamic.php?page=mailbox" "Mozilla/5.0 (X11; Ubuntu; Linux x86_64; rv:73.0) Gecko/20100101 Firefox/73.0"
192.168.10.238 - - [03/Mar/2020:13:36:59 +0000] "POST /nag/task/save.php HTTP/1.1" 302 412 "http://mail.cup.com/nag/task.php?actionID=add_task" "Mozilla/5.0 (X11; Ubuntu; Linux x86_64; rv:73.0) Gecko/20100101 Firefox/73.0"
192.168.10.238 - - [03/Mar/2020:13:36:59 +0000] "GET /nag/list.php HTTP/1.1" 200 8575 "http://mail.cup.com/nag/task.php?actionID=add_task" "Mozilla/5.0 (X11; Ubuntu; Linux x86_64; rv:73.0) Gecko/20100101 Firefox/73.0"
192.168.10.200 - - [03/Mar/2020:13:37:01 +0000] "GET /mnemo/ HTTP/1.1" 200 7000 "http://mail.cup.com/services/portal/" "Mozilla/5.0 (X11; Ubuntu; Linux x86_64; rv:73.0) Gecko/20100101 Firefox/73.0"
192.168.10.200 - - [03/Mar/2020:13:37:02 +0000] "GET /mnemo/themes/default/graphics/search.png HTTP/1.1" 200 728 "http://mail.cup.com/mnemo/themes/default/screen.css" "Mozilla/5.0 (X11; Ubuntu; Linux x86_64; rv:73.0) Gecko/20100101 Firefox/73.0"
192.168.10.190 - - [03/Mar/2020:13:37:08 +0000] "POST /services/ajax.php/kronolith/listTopTags HTTP/1.1" 200 462 "http://mail.cup.com/kronolith/" "Mozilla/5.0 (X11; Linux x86_64) AppleWebKit/537.36 (KHTML, like Gecko) Ubuntu Chromium/77.0.3865.90 HeadlessChrome/77.0.3865.90 Safari/537.36"
::1 - - [03/Mar/2020:13:37:16 +0000] "OPTIONS * HTTP/1.0" 200 110 "-" "Apache/2.4.25 (Debian) OpenSSL/1.0.2u (internal dummy connection)"
192.168.10.190 - - [03/Mar/2020:13:37:29 +0000] "POST /services/ajax.php/kronolith/listTopTags HTTP/1.1" 200 415 "http://mail.cup.com/kronolith/" "Mozilla/5.0 (X11; Linux x86_64) AppleWebKit/537.36 (KHTML, like Gecko) Ubuntu Chromium/77.0.3865.90 HeadlessChrome/77.0.3865.90 Safari/537.36"
192.168.10.190 - - [03/Mar/2020:13:37:30 +0000] "POST /services/ajax.php/kronolith/saveEvent HTTP/1.1" 200 646 "http://mail.cup.com/kronolith/" "Mozilla/5.0 (X11; Linux x86_64) AppleWebKit/537.36 (KHTML, like Gecko) Ubuntu Chromium/77.0.3865.90 HeadlessChrome/77.0.3865.90 Safari/537.36"
192.168.10.190 - - [03/Mar/2020:13:37:32 +0000] "POST /services/ajax.php/kronolith/poll HTTP/1.1" 200 386 "http://mail.cup.com/kronolith/" "Mozilla/5.0 (X11; Linux x86_64) AppleWebKit/537.36 (KHTML, like Gecko) Ubuntu Chromium/77.0.3865.90 HeadlessChrome/77.0.3865.90 Safari/537.36"
192.168.10.238 - - [03/Mar/2020:13:37:35 +0000] "GET /services/portal/ HTTP/1.1" 200 9142 "http://mail.cup.com/nag/list.php" "Mozilla/5.0 (X11; Ubuntu; Linux x86_64; rv:73.0) Gecko/20100101 Firefox/73.0"
192.168.10.190 - - [03/Mar/2020:13:37:37 +0000] "GET /services/portal/ HTTP/1.1" 200 10770 "http://mail.cup.com/kronolith/" "Mozilla/5.0 (X11; Linux x86_64) AppleWebKit/537.36 (KHTML, like Gecko) Ubuntu Chromium/77.0.3865.90 HeadlessChrome/77.0.3865.90 Safari/537.36"
192.168.10.200 - - [03/Mar/2020:13:37:40 +0000] "GET /mnemo/memo.php?memo=2fMi6E5yJVSSaOcsXexoSHq&memolist=PMNyS4cyviLtGaKu5252kvG&actionID=modify_memo HTTP/1.1" 200 6113 "http://mail.cup.com/mnemo/" "Mozilla/5.0 (X11; Ubuntu; Linux x86_64; rv:73.0) Gecko/20100101 Firefox/73.0"
192.168.10.190 - - [03/Mar/2020:13:37:40 +0000] "GET /nag/ HTTP/1.1" 200 10235 "http://mail.cup.com/services/portal/" "Mozilla/5.0 (X11; Linux x86_64) AppleWebKit/537.36 (KHTML, like Gecko) Ubuntu Chromium/77.0.3865.90 HeadlessChrome/77.0.3865.90 Safari/537.36"
192.168.10.238 - - [03/Mar/2020:13:37:41 +0000] "GET /nag/ HTTP/1.1" 200 8477 "http://mail.cup.com/services/portal/" "Mozilla/5.0 (X11; Ubuntu; Linux x86_64; rv:73.0) Gecko/20100101 Firefox/73.0"
192.168.10.190 - - [03/Mar/2020:13:37:44 +0000] "POST /services/ajax.php/kronolith/saveEvent HTTP/1.1" 200 645 "http://mail.cup.com/kronolith/" "Mozilla/5.0 (X11; Linux x86_64) AppleWebKit/537.36 (KHTML, like Gecko) Ubuntu Chromium/77.0.3865.90 HeadlessChrome/77.0.3865.90 Safari/537.36"
192.168.10.200 - - [03/Mar/2020:13:37:45 +0000] "GET /mnemo/memo.php?memo=2fMi6E5yJVSSaOcsXexoSHq&memolist=PMNyS4cyviLtGaKu5252kvG&actionID=delete_memos HTTP/1.1" 302 413 "http://mail.cup.com/mnemo/memo.php?memo=2fMi6E5yJVSSaOcsXexoSHq&memolist=PMNyS4cyviLtGaKu5252kvG&actionID=modify_memo" "Mozilla/5.0 (X11; Ubuntu; Linux x86_64; rv:73.0) Gecko/20100101 Firefox/73.0"
192.168.10.200 - - [03/Mar/2020:13:37:45 +0000] "GET /mnemo/list.php HTTP/1.1" 200 7019 "http://mail.cup.com/mnemo/memo.php?memo=2fMi6E5yJVSSaOcsXexoSHq&memolist=PMNyS4cyviLtGaKu5252kvG&actionID=modify_memo" "Mozilla/5.0 (X11; Ubuntu; Linux x86_64; rv:73.0) Gecko/20100101 Firefox/73.0"
192.168.10.190 - - [03/Mar/2020:13:37:49 +0000] "GET /services/portal/ HTTP/1.1" 200 6738 "http://mail.cup.com/kronolith/" "Mozilla/5.0 (X11; Linux x86_64) AppleWebKit/537.36 (KHTML, like Gecko) Ubuntu Chromium/77.0.3865.90 HeadlessChrome/77.0.3865.90 Safari/537.36"
192.168.10.190 - - [03/Mar/2020:13:37:51 +0000] "GET /themes/default/graphics/navi-subnavi.png HTTP/1.1" 304 163 "http://mail.cup.com/themes/default/screen.css" "Mozilla/5.0 (X11; Linux x86_64) AppleWebKit/537.36 (KHTML, like Gecko) Ubuntu Chromium/77.0.3865.90 HeadlessChrome/77.0.3865.90 Safari/537.36"
192.168.10.190 - - [03/Mar/2020:13:37:51 +0000] "GET /nag/ HTTP/1.1" 200 5221 "http://mail.cup.com/services/portal/" "Mozilla/5.0 (X11; Linux x86_64) AppleWebKit/537.36 (KHTML, like Gecko) Ubuntu Chromium/77.0.3865.90 HeadlessChrome/77.0.3865.90 Safari/537.36"
192.168.10.190 - - [03/Mar/2020:13:37:51 +0000] "GET /nag/themes/default/screen.css HTTP/1.1" 200 1132 "http://mail.cup.com/nag/" "Mozilla/5.0 (X11; Linux x86_64) AppleWebKit/537.36 (KHTML, like Gecko) Ubuntu Chromium/77.0.3865.90 HeadlessChrome/77.0.3865.90 Safari/537.36"
192.168.10.190 - - [03/Mar/2020:13:37:51 +0000] "GET /js/quickfinder.js?v=dc442439853f80a9467ce727c08e9b0e HTTP/1.1" 200 1494 "http://mail.cup.com/nag/" "Mozilla/5.0 (X11; Linux x86_64) AppleWebKit/537.36 (KHTML, like Gecko) Ubuntu Chromium/77.0.3865.90 HeadlessChrome/77.0.3865.90 Safari/537.36"
192.168.10.190 - - [03/Mar/2020:13:37:51 +0000] "GET /nag/themes/default/graphics/add.png HTTP/1.1" 304 164 "http://mail.cup.com/nag/themes/default/screen.css" "Mozilla/5.0 (X11; Linux x86_64) AppleWebKit/537.36 (KHTML, like Gecko) Ubuntu Chromium/77.0.3865.90 HeadlessChrome/77.0.3865.90 Safari/537.36"
192.168.10.190 - - [03/Mar/2020:13:37:51 +0000] "GET /nag/themes/default/graphics/search.png HTTP/1.1" 304 165 "http://mail.cup.com/nag/themes/default/screen.css" "Mozilla/5.0 (X11; Linux x86_64) AppleWebKit/537.36 (KHTML, like Gecko) Ubuntu Chromium/77.0.3865.90 HeadlessChrome/77.0.3865.90 Safari/537.36"
192.168.10.190 - - [03/Mar/2020:13:37:51 +0000] "GET /nag/themes/default/graphics/nag.png HTTP/1.1" 304 165 "http://mail.cup.com/nag/themes/default/screen.css" "Mozilla/5.0 (X11; Linux x86_64) AppleWebKit/537.36 (KHTML, like Gecko) Ubuntu Chromium/77.0.3865.90 HeadlessChrome/77.0.3865.90 Safari/537.36"
192.168.10.190 - - [03/Mar/2020:13:37:51 +0000] "GET /themes/default/graphics/data.png HTTP/1.1" 304 165 "http://mail.cup.com/themes/default/screen.css" "Mozilla/5.0 (X11; Linux x86_64) AppleWebKit/537.36 (KHTML, like Gecko) Ubuntu Chromium/77.0.3865.90 HeadlessChrome/77.0.3865.90 Safari/537.36"
192.168.10.190 - - [03/Mar/2020:13:37:51 +0000] "GET /themes/default/graphics/sidebar-active-bg.png HTTP/1.1" 304 163 "http://mail.cup.com/themes/default/screen.css" "Mozilla/5.0 (X11; Linux x86_64) AppleWebKit/537.36 (KHTML, like Gecko) Ubuntu Chromium/77.0.3865.90 HeadlessChrome/77.0.3865.90 Safari/537.36"
::1 - - [03/Mar/2020:13:37:59 +0000] "OPTIONS * HTTP/1.0" 200 110 "-" "Apache/2.4.25 (Debian) OpenSSL/1.0.2u (internal dummy connection)"
::1 - - [03/Mar/2020:13:38:04 +0000] "OPTIONS * HTTP/1.0" 200 110 "-" "Apache/2.4.25 (Debian) OpenSSL/1.0.2u (internal dummy connection)"
192.168.10.190 - - [03/Mar/2020:13:38:17 +0000] "GET /nag/task.php?tasklist=0hGBmZa5hCZ2vDVwHVWZoz2&task=we48KV3t6TSEGbPfzKZwMZh&actionID=modify_task&have_search&tab_name=1&url=%2Fnag%2F HTTP/1.1" 200 9676 "http://mail.cup.com/nag/" "Mozilla/5.0 (X11; Linux x86_64) AppleWebKit/537.36 (KHTML, like Gecko) Ubuntu Chromium/77.0.3865.90 HeadlessChrome/77.0.3865.90 Safari/537.36"
192.168.10.200 - - [03/Mar/2020:13:38:20 +0000] "GET /services/portal/ HTTP/1.1" 200 8856 "http://mail.cup.com/mnemo/list.php" "Mozilla/5.0 (X11; Ubuntu; Linux x86_64; rv:73.0) Gecko/20100101 Firefox/73.0"
192.168.10.238 - - [03/Mar/2020:13:38:21 +0000] "GET /nag/task.php?tasklist=QenQzj7IndkNvbzcJlsF7sn&task=0GJqN0ZYfikkBSfwulCDEWh&actionID=modify_task&have_search&tab_name=1&url=%2Fnag%2F HTTP/1.1" 200 9156 "http://mail.cup.com/nag/" "Mozilla/5.0 (X11; Ubuntu; Linux x86_64; rv:73.0) Gecko/20100101 Firefox/73.0"
192.168.10.190 - - [03/Mar/2020:13:38:21 +0000] "POST /nag/task/save.php HTTP/1.1" 302 411 "http://mail.cup.com/nag/task.php?tasklist=0hGBmZa5hCZ2vDVwHVWZoz2&task=we48KV3t6TSEGbPfzKZwMZh&actionID=modify_task&have_search&tab_name=1&url=%2Fnag%2F" "Mozilla/5.0 (X11; Linux x86_64) AppleWebKit/537.36 (KHTML, like Gecko) Ubuntu Chromium/77.0.3865.90 HeadlessChrome/77.0.3865.90 Safari/537.36"
192.168.10.190 - - [03/Mar/2020:13:38:26 +0000] "GET /nag/list.php HTTP/1.1" 200 10253 "http://mail.cup.com/nag/task.php?tasklist=0hGBmZa5hCZ2vDVwHVWZoz2&task=we48KV3t6TSEGbPfzKZwMZh&actionID=modify_task&have_search&tab_name=1&url=%2Fnag%2F" "Mozilla/5.0 (X11; Linux x86_64) AppleWebKit/537.36 (KHTML, like Gecko) Ubuntu Chromium/77.0.3865.90 HeadlessChrome/77.0.3865.90 Safari/537.36"
192.168.10.238 - - [03/Mar/2020:13:38:27 +0000] "POST /nag/task/save.php HTTP/1.1" 302 412 "http://mail.cup.com/nag/task.php?tasklist=QenQzj7IndkNvbzcJlsF7sn&task=0GJqN0ZYfikkBSfwulCDEWh&actionID=modify_task&have_search&tab_name=1&url=%2Fnag%2F" "Mozilla/5.0 (X11; Ubuntu; Linux x86_64; rv:73.0) Gecko/20100101 Firefox/73.0"
192.168.10.238 - - [03/Mar/2020:13:38:27 +0000] "GET /nag/list.php HTTP/1.1" 200 8481 "http://mail.cup.com/nag/task.php?tasklist=QenQzj7IndkNvbzcJlsF7sn&task=0GJqN0ZYfikkBSfwulCDEWh&actionID=modify_task&have_search&tab_name=1&url=%2Fnag%2F" "Mozilla/5.0 (X11; Ubuntu; Linux x86_64; rv:73.0) Gecko/20100101 Firefox/73.0"
192.168.10.200 - - [03/Mar/2020:13:38:56 +0000] "GET /services/portal/ HTTP/1.1" 200 8856 "http://mail.cup.com/services/portal/" "Mozilla/5.0 (X11; Ubuntu; Linux x86_64; rv:73.0) Gecko/20100101 Firefox/73.0"
192.168.10.190 - - [03/Mar/2020:13:38:59 +0000] "GET /services/portal/ HTTP/1.1" 200 10713 "http://mail.cup.com/nag/list.php" "Mozilla/5.0 (X11; Linux x86_64) AppleWebKit/537.36 (KHTML, like Gecko) Ubuntu Chromium/77.0.3865.90 HeadlessChrome/77.0.3865.90 Safari/537.36"
192.168.10.200 - - [03/Mar/2020:13:39:01 +0000] "GET /login.php?horde_logout_token=kKc4LGRrfqE3iPIPCuyudl1&logout_reason=4 HTTP/1.1" 200 3839 "http://mail.cup.com/services/portal/" "Mozilla/5.0 (X11; Ubuntu; Linux x86_64; rv:73.0) Gecko/20100101 Firefox/73.0"
192.168.10.200 - - [03/Mar/2020:13:39:01 +0000] "GET /themes/default/graphics/horde-power1.png HTTP/1.1" 200 2527 "http://mail.cup.com/login.php?horde_logout_token=kKc4LGRrfqE3iPIPCuyudl1&logout_reason=4" "Mozilla/5.0 (X11; Ubuntu; Linux x86_64; rv:73.0) Gecko/20100101 Firefox/73.0"
192.168.10.238 - - [03/Mar/2020:13:39:02 +0000] "GET /services/portal/ HTTP/1.1" 200 9076 "http://mail.cup.com/nag/list.php" "Mozilla/5.0 (X11; Ubuntu; Linux x86_64; rv:73.0) Gecko/20100101 Firefox/73.0"
192.168.10.190 - - [03/Mar/2020:13:39:03 +0000] "GET /nag/ HTTP/1.1" 200 10145 "http://mail.cup.com/services/portal/" "Mozilla/5.0 (X11; Linux x86_64) AppleWebKit/537.36 (KHTML, like Gecko) Ubuntu Chromium/77.0.3865.90 HeadlessChrome/77.0.3865.90 Safari/537.36"
192.168.10.238 - - [03/Mar/2020:13:39:07 +0000] "GET /imp/dynamic.php?page=mailbox HTTP/1.1" 200 8749 "http://mail.cup.com/services/portal/" "Mozilla/5.0 (X11; Ubuntu; Linux x86_64; rv:73.0) Gecko/20100101 Firefox/73.0"
192.168.10.238 - - [03/Mar/2020:13:39:08 +0000] "POST /services/ajax.php/imp/dynamicInit HTTP/1.1" 200 2217 "http://mail.cup.com/imp/dynamic.php?page=mailbox" "Mozilla/5.0 (X11; Ubuntu; Linux x86_64; rv:73.0) Gecko/20100101 Firefox/73.0"
::1 - - [03/Mar/2020:13:39:14 +0000] "OPTIONS * HTTP/1.0" 200 110 "-" "Apache/2.4.25 (Debian) OpenSSL/1.0.2u (internal dummy connection)"
192.168.10.238 - - [03/Mar/2020:13:39:15 +0000] "POST /services/ajax.php/imp/viewPort HTTP/1.1" 200 1542 "http://mail.cup.com/imp/dynamic.php?page=mailbox" "Mozilla/5.0 (X11; Ubuntu; Linux x86_64; rv:73.0) Gecko/20100101 Firefox/73.0"
192.168.10.238 - - [03/Mar/2020:13:39:20 +0000] "GET /imp/dynamic.php?page=compose&type=new&token=vvUVv3_nWcB1hHdRuYm7-9e&uniq=1583242760225 HTTP/1.1" 200 5528 "http://mail.cup.com/imp/dynamic.php?page=mailbox" "Mozilla/5.0 (X11; Ubuntu; Linux x86_64; rv:73.0) Gecko/20100101 Firefox/73.0"
192.168.10.190 - - [03/Mar/2020:13:39:29 +0000] "GET /services/portal/ HTTP/1.1" 200 6743 "http://mail.cup.com/nag/" "Mozilla/5.0 (X11; Linux x86_64) AppleWebKit/537.36 (KHTML, like Gecko) Ubuntu Chromium/77.0.3865.90 HeadlessChrome/77.0.3865.90 Safari/537.36"
192.168.10.190 - - [03/Mar/2020:13:39:31 +0000] "GET /kronolith/ HTTP/1.1" 200 24708 "http://mail.cup.com/services/portal/" "Mozilla/5.0 (X11; Linux x86_64) AppleWebKit/537.36 (KHTML, like Gecko) Ubuntu Chromium/77.0.3865.90 HeadlessChrome/77.0.3865.90 Safari/537.36"
192.168.10.190 - - [03/Mar/2020:13:39:31 +0000] "POST /services/ajax.php/kronolith/listCalendars HTTP/1.1" 200 965 "http://mail.cup.com/kronolith/" "Mozilla/5.0 (X11; Linux x86_64) AppleWebKit/537.36 (KHTML, like Gecko) Ubuntu Chromium/77.0.3865.90 HeadlessChrome/77.0.3865.90 Safari/537.36"
192.168.10.190 - - [03/Mar/2020:13:39:31 +0000] "POST /services/ajax.php/kronolith/listEvents HTTP/1.1" 200 549 "http://mail.cup.com/kronolith/" "Mozilla/5.0 (X11; Linux x86_64) AppleWebKit/537.36 (KHTML, like Gecko) Ubuntu Chromium/77.0.3865.90 HeadlessChrome/77.0.3865.90 Safari/537.36"
192.168.10.190 - - [03/Mar/2020:13:39:31 +0000] "POST /services/ajax.php/kronolith/listEvents HTTP/1.1" 200 1957 "http://mail.cup.com/kronolith/" "Mozilla/5.0 (X11; Linux x86_64) AppleWebKit/537.36 (KHTML, like Gecko) Ubuntu Chromium/77.0.3865.90 HeadlessChrome/77.0.3865.90 Safari/537.36"
192.168.10.238 - - [03/Mar/2020:13:39:32 +0000] "POST /services/ajax.php/imp/sendMessage HTTP/1.1" 200 475 "http://mail.cup.com/imp/dynamic.php?page=compose&type=new&token=vvUVv3_nWcB1hHdRuYm7-9e&uniq=1583242760225" "Mozilla/5.0 (X11; Ubuntu; Linux x86_64; rv:73.0) Gecko/20100101 Firefox/73.0"
192.168.10.190 - - [03/Mar/2020:13:39:40 +0000] "GET /nag/task.php?tasklist=0hGBmZa5hCZ2vDVwHVWZoz2&task=D6Bbtl8_axc6Wof2-isS0D_&actionID=modify_task&have_search&tab_name=1&url=%2Fnag%2F HTTP/1.1" 200 9648 "http://mail.cup.com/nag/" "Mozilla/5.0 (X11; Linux x86_64) AppleWebKit/537.36 (KHTML, like Gecko) Ubuntu Chromium/77.0.3865.90 HeadlessChrome/77.0.3865.90 Safari/537.36"
192.168.10.190 - - [03/Mar/2020:13:39:44 +0000] "POST /nag/task/save.php HTTP/1.1" 302 411 "http://mail.cup.com/nag/task.php?tasklist=0hGBmZa5hCZ2vDVwHVWZoz2&task=D6Bbtl8_axc6Wof2-isS0D_&actionID=modify_task&have_search&tab_name=1&url=%2Fnag%2F" "Mozilla/5.0 (X11; Linux x86_64) AppleWebKit/537.36 (KHTML, like Gecko) Ubuntu Chromium/77.0.3865.90 HeadlessChrome/77.0.3865.90 Safari/537.36"
192.168.10.190 - - [03/Mar/2020:13:39:44 +0000] "GET /nag/list.php HTTP/1.1" 200 10155 "http://mail.cup.com/nag/task.php?tasklist=0hGBmZa5hCZ2vDVwHVWZoz2&task=D6Bbtl8_axc6Wof2-isS0D_&actionID=modify_task&have_search&tab_name=1&url=%2Fnag%2F" "Mozilla/5.0 (X11; Linux x86_64) AppleWebKit/537.36 (KHTML, like Gecko) Ubuntu Chromium/77.0.3865.90 HeadlessChrome/77.0.3865.90 Safari/537.36"
192.168.10.190 - - [03/Mar/2020:13:40:05 +0000] "POST /services/ajax.php/kronolith/getEvent HTTP/1.1" 200 688 "http://mail.cup.com/kronolith/" "Mozilla/5.0 (X11; Linux x86_64) AppleWebKit/537.36 (KHTML, like Gecko) Ubuntu Chromium/77.0.3865.90 HeadlessChrome/77.0.3865.90 Safari/537.36"
192.168.10.190 - - [03/Mar/2020:13:40:06 +0000] "POST /services/ajax.php/kronolith/listTopTags HTTP/1.1" 200 414 "http://mail.cup.com/kronolith/" "Mozilla/5.0 (X11; Linux x86_64) AppleWebKit/537.36 (KHTML, like Gecko) Ubuntu Chromium/77.0.3865.90 HeadlessChrome/77.0.3865.90 Safari/537.36"
192.168.10.190 - - [03/Mar/2020:13:40:10 +0000] "POST /services/ajax.php/kronolith/deleteEvent HTTP/1.1" 200 533 "http://mail.cup.com/kronolith/" "Mozilla/5.0 (X11; Linux x86_64) AppleWebKit/537.36 (KHTML, like Gecko) Ubuntu Chromium/77.0.3865.90 HeadlessChrome/77.0.3865.90 Safari/537.36"
192.168.10.238 - - [03/Mar/2020:13:40:10 +0000] "GET /services/portal/ HTTP/1.1" 200 9074 "http://mail.cup.com/imp/dynamic.php?page=mailbox" "Mozilla/5.0 (X11; Ubuntu; Linux x86_64; rv:73.0) Gecko/20100101 Firefox/73.0"
192.168.10.190 - - [03/Mar/2020:13:40:13 +0000] "GET /services/portal/ HTTP/1.1" 200 6744 "http://mail.cup.com/kronolith/" "Mozilla/5.0 (X11; Linux x86_64) AppleWebKit/537.36 (KHTML, like Gecko) Ubuntu Chromium/77.0.3865.90 HeadlessChrome/77.0.3865.90 Safari/537.36"
192.168.10.238 - - [03/Mar/2020:13:40:15 +0000] "GET /imp/dynamic.php?page=mailbox HTTP/1.1" 200 8750 "http://mail.cup.com/services/portal/" "Mozilla/5.0 (X11; Ubuntu; Linux x86_64; rv:73.0) Gecko/20100101 Firefox/73.0"
192.168.10.238 - - [03/Mar/2020:13:40:15 +0000] "POST /services/ajax.php/imp/dynamicInit HTTP/1.1" 200 2206 "http://mail.cup.com/imp/dynamic.php?page=mailbox" "Mozilla/5.0 (X11; Ubuntu; Linux x86_64; rv:73.0) Gecko/20100101 Firefox/73.0"
192.168.10.190 - - [03/Mar/2020:13:40:15 +0000] "GET /imp/dynamic.php?page=mailbox HTTP/1.1" 200 8747 "http://mail.cup.com/services/portal/" "Mozilla/5.0 (X11; Linux x86_64) AppleWebKit/537.36 (KHTML, like Gecko) Ubuntu Chromium/77.0.3865.90 HeadlessChrome/77.0.3865.90 Safari/537.36"
192.168.10.190 - - [03/Mar/2020:13:40:16 +0000] "GET /imp/themes/default/mime.css HTTP/1.1" 200 456 "http://mail.cup.com/imp/dynamic.php?page=mailbox" "Mozilla/5.0 (X11; Linux x86_64) AppleWebKit/537.36 (KHTML, like Gecko) Ubuntu Chromium/77.0.3865.90 HeadlessChrome/77.0.3865.90 Safari/537.36"
192.168.10.190 - - [03/Mar/2020:13:40:16 +0000] "GET /imp/themes/default/screen.css HTTP/1.1" 200 3273 "http://mail.cup.com/imp/dynamic.php?page=mailbox" "Mozilla/5.0 (X11; Linux x86_64) AppleWebKit/537.36 (KHTML, like Gecko) Ubuntu Chromium/77.0.3865.90 HeadlessChrome/77.0.3865.90 Safari/537.36"
192.168.10.190 - - [03/Mar/2020:13:40:16 +0000] "GET /imp/themes/default/dynamic/screen.css HTTP/1.1" 200 5302 "http://mail.cup.com/imp/dynamic.php?page=mailbox" "Mozilla/5.0 (X11; Linux x86_64) AppleWebKit/537.36 (KHTML, like Gecko) Ubuntu Chromium/77.0.3865.90 HeadlessChrome/77.0.3865.90 Safari/537.36"
192.168.10.190 - - [03/Mar/2020:13:40:16 +0000] "GET /imp/js/dimpcore.js?v=29c8308baa6508a21e1be9e3345d1287 HTTP/1.1" 200 4216 "http://mail.cup.com/imp/dynamic.php?page=mailbox" "Mozilla/5.0 (X11; Linux x86_64) AppleWebKit/537.36 (KHTML, like Gecko) Ubuntu Chromium/77.0.3865.90 HeadlessChrome/77.0.3865.90 Safari/537.36"
192.168.10.190 - - [03/Mar/2020:13:40:16 +0000] "GET /imp/js/viewport_utils.js?v=29c8308baa6508a21e1be9e3345d1287 HTTP/1.1" 200 1066 "http://mail.cup.com/imp/dynamic.php?page=mailbox" "Mozilla/5.0 (X11; Linux x86_64) AppleWebKit/537.36 (KHTML, like Gecko) Ubuntu Chromium/77.0.3865.90 HeadlessChrome/77.0.3865.90 Safari/537.36"
192.168.10.190 - - [03/Mar/2020:13:40:16 +0000] "GET /js/contextsensitive.js?v=dc442439853f80a9467ce727c08e9b0e HTTP/1.1" 200 4190 "http://mail.cup.com/imp/dynamic.php?page=mailbox" "Mozilla/5.0 (X11; Linux x86_64) AppleWebKit/537.36 (KHTML, like Gecko) Ubuntu Chromium/77.0.3865.90 HeadlessChrome/77.0.3865.90 Safari/537.36"
192.168.10.190 - - [03/Mar/2020:13:40:16 +0000] "GET /imp/js/passphrase.js?v=29c8308baa6508a21e1be9e3345d1287 HTTP/1.1" 200 824 "http://mail.cup.com/imp/dynamic.php?page=mailbox" "Mozilla/5.0 (X11; Linux x86_64) AppleWebKit/537.36 (KHTML, like Gecko) Ubuntu Chromium/77.0.3865.90 HeadlessChrome/77.0.3865.90 Safari/537.36"
192.168.10.190 - - [03/Mar/2020:13:40:16 +0000] "GET /imp/js/external/tinycon.js?v=29c8308baa6508a21e1be9e3345d1287 HTTP/1.1" 200 3443 "http://mail.cup.com/imp/dynamic.php?page=mailbox" "Mozilla/5.0 (X11; Linux x86_64) AppleWebKit/537.36 (KHTML, like Gecko) Ubuntu Chromium/77.0.3865.90 HeadlessChrome/77.0.3865.90 Safari/537.36"
192.168.10.190 - - [03/Mar/2020:13:40:16 +0000] "GET /js/dragdrop2.js?v=dc442439853f80a9467ce727c08e9b0e HTTP/1.1" 200 6262 "http://mail.cup.com/imp/dynamic.php?page=mailbox" "Mozilla/5.0 (X11; Linux x86_64) AppleWebKit/537.36 (KHTML, like Gecko) Ubuntu Chromium/77.0.3865.90 HeadlessChrome/77.0.3865.90 Safari/537.36"
192.168.10.190 - - [03/Mar/2020:13:40:16 +0000] "GET /imp/js/viewport.js?v=29c8308baa6508a21e1be9e3345d1287 HTTP/1.1" 200 13904 "http://mail.cup.com/imp/dynamic.php?page=mailbox" "Mozilla/5.0 (X11; Linux x86_64) AppleWebKit/537.36 (KHTML, like Gecko) Ubuntu Chromium/77.0.3865.90 HeadlessChrome/77.0.3865.90 Safari/537.36"
192.168.10.190 - - [03/Mar/2020:13:40:16 +0000] "GET /js/jstorage.js?v=dc442439853f80a9467ce727c08e9b0e HTTP/1.1" 200 4530 "http://mail.cup.com/imp/dynamic.php?page=mailbox" "Mozilla/5.0 (X11; Linux x86_64) AppleWebKit/537.36 (KHTML, like Gecko) Ubuntu Chromium/77.0.3865.90 HeadlessChrome/77.0.3865.90 Safari/537.36"
192.168.10.190 - - [03/Mar/2020:13:40:16 +0000] "GET /imp/js/dimpbase.js?v=29c8308baa6508a21e1be9e3345d1287 HTTP/1.1" 200 30368 "http://mail.cup.com/imp/dynamic.php?page=mailbox" "Mozilla/5.0 (X11; Linux x86_64) AppleWebKit/537.36 (KHTML, like Gecko) Ubuntu Chromium/77.0.3865.90 HeadlessChrome/77.0.3865.90 Safari/537.36"
192.168.10.190 - - [03/Mar/2020:13:40:16 +0000] "GET /js/slider2.js?v=dc442439853f80a9467ce727c08e9b0e HTTP/1.1" 200 2743 "http://mail.cup.com/imp/dynamic.php?page=mailbox" "Mozilla/5.0 (X11; Linux x86_64) AppleWebKit/537.36 (KHTML, like Gecko) Ubuntu Chromium/77.0.3865.90 HeadlessChrome/77.0.3865.90 Safari/537.36"
192.168.10.190 - - [03/Mar/2020:13:40:16 +0000] "GET /js/toggle_quotes.js?v=dc442439853f80a9467ce727c08e9b0e HTTP/1.1" 200 835 "http://mail.cup.com/imp/dynamic.php?page=mailbox" "Mozilla/5.0 (X11; Linux x86_64) AppleWebKit/537.36 (KHTML, like Gecko) Ubuntu Chromium/77.0.3865.90 HeadlessChrome/77.0.3865.90 Safari/537.36"
192.168.10.190 - - [03/Mar/2020:13:40:16 +0000] "GET /js/dialog.js?v=dc442439853f80a9467ce727c08e9b0e HTTP/1.1" 200 1650 "http://mail.cup.com/imp/dynamic.php?page=mailbox" "Mozilla/5.0 (X11; Linux x86_64) AppleWebKit/537.36 (KHTML, like Gecko) Ubuntu Chromium/77.0.3865.90 HeadlessChrome/77.0.3865.90 Safari/537.36"
192.168.10.190 - - [03/Mar/2020:13:40:16 +0000] "GET /imp/js/imp.js?v=29c8308baa6508a21e1be9e3345d1287 HTTP/1.1" 200 2098 "http://mail.cup.com/imp/dynamic.php?page=mailbox" "Mozilla/5.0 (X11; Linux x86_64) AppleWebKit/537.36 (KHTML, like Gecko) Ubuntu Chromium/77.0.3865.90 HeadlessChrome/77.0.3865.90 Safari/537.36"
192.168.10.190 - - [03/Mar/2020:13:40:16 +0000] "GET /imp/js/external/base64.js?v=29c8308baa6508a21e1be9e3345d1287 HTTP/1.1" 200 2297 "http://mail.cup.com/imp/dynamic.php?page=mailbox" "Mozilla/5.0 (X11; Linux x86_64) AppleWebKit/537.36 (KHTML, like Gecko) Ubuntu Chromium/77.0.3865.90 HeadlessChrome/77.0.3865.90 Safari/537.36"
192.168.10.190 - - [03/Mar/2020:13:40:16 +0000] "GET /imp/themes/default/graphics/locked-inv.png HTTP/1.1" 304 164 "http://mail.cup.com/imp/themes/default/dynamic/screen.css" "Mozilla/5.0 (X11; Linux x86_64) AppleWebKit/537.36 (KHTML, like Gecko) Ubuntu Chromium/77.0.3865.90 HeadlessChrome/77.0.3865.90 Safari/537.36"
192.168.10.190 - - [03/Mar/2020:13:40:16 +0000] "GET /themes/default/graphics/tablehead-bg.png HTTP/1.1" 304 163 "http://mail.cup.com/themes/default/screen.css" "Mozilla/5.0 (X11; Linux x86_64) AppleWebKit/537.36 (KHTML, like Gecko) Ubuntu Chromium/77.0.3865.90 HeadlessChrome/77.0.3865.90 Safari/537.36"
192.168.10.190 - - [03/Mar/2020:13:40:16 +0000] "GET /themes/default/graphics/popdown.png HTTP/1.1" 304 163 "http://mail.cup.com/themes/default/screen.css" "Mozilla/5.0 (X11; Linux x86_64) AppleWebKit/537.36 (KHTML, like Gecko) Ubuntu Chromium/77.0.3865.90 HeadlessChrome/77.0.3865.90 Safari/537.36"
192.168.10.190 - - [03/Mar/2020:13:40:16 +0000] "GET /imp/themes/default/graphics/reload.png HTTP/1.1" 304 164 "http://mail.cup.com/imp/themes/default/dynamic/screen.css" "Mozilla/5.0 (X11; Linux x86_64) AppleWebKit/537.36 (KHTML, like Gecko) Ubuntu Chromium/77.0.3865.90 HeadlessChrome/77.0.3865.90 Safari/537.36"
192.168.10.190 - - [03/Mar/2020:13:40:16 +0000] "GET /imp/themes/default/graphics/checkbox_off.png HTTP/1.1" 304 164 "http://mail.cup.com/imp/themes/default/dynamic/screen.css" "Mozilla/5.0 (X11; Linux x86_64) AppleWebKit/537.36 (KHTML, like Gecko) Ubuntu Chromium/77.0.3865.90 HeadlessChrome/77.0.3865.90 Safari/537.36"
192.168.10.190 - - [03/Mar/2020:13:40:16 +0000] "GET /themes/default/graphics/tablehead-split.png HTTP/1.1" 304 163 "http://mail.cup.com/themes/default/screen.css" "Mozilla/5.0 (X11; Linux x86_64) AppleWebKit/537.36 (KHTML, like Gecko) Ubuntu Chromium/77.0.3865.90 HeadlessChrome/77.0.3865.90 Safari/537.36"
192.168.10.190 - - [03/Mar/2020:13:40:16 +0000] "GET /themes/default/graphics/slidehoriz.png HTTP/1.1" 304 163 "http://mail.cup.com/themes/default/screen.css" "Mozilla/5.0 (X11; Linux x86_64) AppleWebKit/537.36 (KHTML, like Gecko) Ubuntu Chromium/77.0.3865.90 HeadlessChrome/77.0.3865.90 Safari/537.36"
192.168.10.190 - - [03/Mar/2020:13:40:16 +0000] "GET /themes/default/graphics/slidehoriz-bg.png HTTP/1.1" 304 163 "http://mail.cup.com/themes/default/screen.css" "Mozilla/5.0 (X11; Linux x86_64) AppleWebKit/537.36 (KHTML, like Gecko) Ubuntu Chromium/77.0.3865.90 HeadlessChrome/77.0.3865.90 Safari/537.36"
192.168.10.190 - - [03/Mar/2020:13:40:16 +0000] "GET /imp/themes/default/graphics/ico_message_off.png HTTP/1.1" 304 164 "http://mail.cup.com/imp/themes/default/dynamic/screen.css" "Mozilla/5.0 (X11; Linux x86_64) AppleWebKit/537.36 (KHTML, like Gecko) Ubuntu Chromium/77.0.3865.90 HeadlessChrome/77.0.3865.90 Safari/537.36"
192.168.10.190 - - [03/Mar/2020:13:40:16 +0000] "GET /imp/themes/default/graphics/reload.gif HTTP/1.1" 304 165 "http://mail.cup.com/imp/themes/default/dynamic/screen.css" "Mozilla/5.0 (X11; Linux x86_64) AppleWebKit/537.36 (KHTML, like Gecko) Ubuntu Chromium/77.0.3865.90 HeadlessChrome/77.0.3865.90 Safari/537.36"
192.168.10.190 - - [03/Mar/2020:13:40:16 +0000] "POST /services/ajax.php/imp/dynamicInit HTTP/1.1" 200 1766 "http://mail.cup.com/imp/dynamic.php?page=mailbox" "Mozilla/5.0 (X11; Linux x86_64) AppleWebKit/537.36 (KHTML, like Gecko) Ubuntu Chromium/77.0.3865.90 HeadlessChrome/77.0.3865.90 Safari/537.36"
192.168.10.190 - - [03/Mar/2020:13:40:16 +0000] "GET /imp/themes/default/graphics/scroller_back.png HTTP/1.1" 304 163 "http://mail.cup.com/imp/themes/default/dynamic/screen.css" "Mozilla/5.0 (X11; Linux x86_64) AppleWebKit/537.36 (KHTML, like Gecko) Ubuntu Chromium/77.0.3865.90 HeadlessChrome/77.0.3865.90 Safari/537.36"
192.168.10.190 - - [03/Mar/2020:13:40:16 +0000] "GET /imp/themes/default/graphics/folders/trash.png HTTP/1.1" 304 164 "http://mail.cup.com/imp/themes/default/screen.css" "Mozilla/5.0 (X11; Linux x86_64) AppleWebKit/537.36 (KHTML, like Gecko) Ubuntu Chromium/77.0.3865.90 HeadlessChrome/77.0.3865.90 Safari/537.36"
192.168.10.190 - - [03/Mar/2020:13:40:16 +0000] "GET /imp/themes/default/graphics/folders/folder.png HTTP/1.1" 304 163 "http://mail.cup.com/imp/themes/default/dynamic/screen.css" "Mozilla/5.0 (X11; Linux x86_64) AppleWebKit/537.36 (KHTML, like Gecko) Ubuntu Chromium/77.0.3865.90 HeadlessChrome/77.0.3865.90 Safari/537.36"
192.168.10.190 - - [03/Mar/2020:13:40:16 +0000] "GET /imp/themes/default/graphics/folders/plus.png HTTP/1.1" 304 164 "http://mail.cup.com/imp/themes/default/dynamic/screen.css" "Mozilla/5.0 (X11; Linux x86_64) AppleWebKit/537.36 (KHTML, like Gecko) Ubuntu Chromium/77.0.3865.90 HeadlessChrome/77.0.3865.90 Safari/537.36"
192.168.10.190 - - [03/Mar/2020:13:40:16 +0000] "GET /imp/themes/default/graphics/folders/inbox.png HTTP/1.1" 304 164 "http://mail.cup.com/imp/themes/default/screen.css" "Mozilla/5.0 (X11; Linux x86_64) AppleWebKit/537.36 (KHTML, like Gecko) Ubuntu Chromium/77.0.3865.90 HeadlessChrome/77.0.3865.90 Safari/537.36"
192.168.10.190 - - [03/Mar/2020:13:40:16 +0000] "GET /imp/themes/default/graphics/favicon.ico HTTP/1.1" 304 164 "http://mail.cup.com/imp/dynamic.php?page=mailbox" "Mozilla/5.0 (X11; Linux x86_64) AppleWebKit/537.36 (KHTML, like Gecko) Ubuntu Chromium/77.0.3865.90 HeadlessChrome/77.0.3865.90 Safari/537.36"
192.168.10.190 - - [03/Mar/2020:13:40:18 +0000] "GET /services/portal/ HTTP/1.1" 200 10639 "http://mail.cup.com/nag/list.php" "Mozilla/5.0 (X11; Linux x86_64) AppleWebKit/537.36 (KHTML, like Gecko) Ubuntu Chromium/77.0.3865.90 HeadlessChrome/77.0.3865.90 Safari/537.36"
192.168.10.190 - - [03/Mar/2020:13:40:20 +0000] "GET /imp/themes/default/graphics/reply.png HTTP/1.1" 304 163 "http://mail.cup.com/imp/themes/default/dynamic/screen.css" "Mozilla/5.0 (X11; Linux x86_64) AppleWebKit/537.36 (KHTML, like Gecko) Ubuntu Chromium/77.0.3865.90 HeadlessChrome/77.0.3865.90 Safari/537.36"
192.168.10.190 - - [03/Mar/2020:13:40:20 +0000] "GET /imp/themes/default/graphics/forward.png HTTP/1.1" 304 163 "http://mail.cup.com/imp/themes/default/dynamic/screen.css" "Mozilla/5.0 (X11; Linux x86_64) AppleWebKit/537.36 (KHTML, like Gecko) Ubuntu Chromium/77.0.3865.90 HeadlessChrome/77.0.3865.90 Safari/537.36"
192.168.10.190 - - [03/Mar/2020:13:40:20 +0000] "GET /imp/themes/default/graphics/drafts.png HTTP/1.1" 304 164 "http://mail.cup.com/imp/themes/default/dynamic/screen.css" "Mozilla/5.0 (X11; Linux x86_64) AppleWebKit/537.36 (KHTML, like Gecko) Ubuntu Chromium/77.0.3865.90 HeadlessChrome/77.0.3865.90 Safari/537.36"
192.168.10.190 - - [03/Mar/2020:13:40:20 +0000] "GET /imp/themes/default/graphics/delete.png HTTP/1.1" 304 164 "http://mail.cup.com/imp/themes/default/dynamic/screen.css" "Mozilla/5.0 (X11; Linux x86_64) AppleWebKit/537.36 (KHTML, like Gecko) Ubuntu Chromium/77.0.3865.90 HeadlessChrome/77.0.3865.90 Safari/537.36"
192.168.10.190 - - [03/Mar/2020:13:40:20 +0000] "GET /imp/themes/default/graphics/compose.png HTTP/1.1" 304 164 "http://mail.cup.com/imp/themes/default/dynamic/screen.css" "Mozilla/5.0 (X11; Linux x86_64) AppleWebKit/537.36 (KHTML, like Gecko) Ubuntu Chromium/77.0.3865.90 HeadlessChrome/77.0.3865.90 Safari/537.36"
192.168.10.190 - - [03/Mar/2020:13:40:20 +0000] "GET /themes/default/graphics/az.png HTTP/1.1" 304 164 "http://mail.cup.com/themes/default/screen.css" "Mozilla/5.0 (X11; Linux x86_64) AppleWebKit/537.36 (KHTML, like Gecko) Ubuntu Chromium/77.0.3865.90 HeadlessChrome/77.0.3865.90 Safari/537.36"
192.168.10.190 - - [03/Mar/2020:13:40:20 +0000] "POST /services/ajax.php/imp/viewPort HTTP/1.1" 200 1127 "http://mail.cup.com/imp/dynamic.php?page=mailbox" "Mozilla/5.0 (X11; Linux x86_64) AppleWebKit/537.36 (KHTML, like Gecko) Ubuntu Chromium/77.0.3865.90 HeadlessChrome/77.0.3865.90 Safari/537.36"
192.168.10.190 - - [03/Mar/2020:13:40:22 +0000] "GET /kronolith/ HTTP/1.1" 200 24708 "http://mail.cup.com/services/portal/" "Mozilla/5.0 (X11; Linux x86_64) AppleWebKit/537.36 (KHTML, like Gecko) Ubuntu Chromium/77.0.3865.90 HeadlessChrome/77.0.3865.90 Safari/537.36"
192.168.10.190 - - [03/Mar/2020:13:40:22 +0000] "GET /imp/dynamic.php?page=compose&type=new&token=KsdnXu5e81_yaPEcVFnFyqj&uniq=1583242822471 HTTP/1.1" 200 5528 "http://mail.cup.com/imp/dynamic.php?page=mailbox" "Mozilla/5.0 (X11; Linux x86_64) AppleWebKit/537.36 (KHTML, like Gecko) Ubuntu Chromium/77.0.3865.90 HeadlessChrome/77.0.3865.90 Safari/537.36"
192.168.10.190 - - [03/Mar/2020:13:40:22 +0000] "GET /imp/js/compose-base.js?v=29c8308baa6508a21e1be9e3345d1287 HTTP/1.1" 200 2168 "http://mail.cup.com/imp/dynamic.php?page=compose&type=new&token=KsdnXu5e81_yaPEcVFnFyqj&uniq=1583242822471" "Mozilla/5.0 (X11; Linux x86_64) AppleWebKit/537.36 (KHTML, like Gecko) Ubuntu Chromium/77.0.3865.90 HeadlessChrome/77.0.3865.90 Safari/537.36"
192.168.10.190 - - [03/Mar/2020:13:40:22 +0000] "GET /imp/js/ckeditor/imageupload.js?v=29c8308baa6508a21e1be9e3345d1287 HTTP/1.1" 200 1200 "http://mail.cup.com/imp/dynamic.php?page=compose&type=new&token=KsdnXu5e81_yaPEcVFnFyqj&uniq=1583242822471" "Mozilla/5.0 (X11; Linux x86_64) AppleWebKit/537.36 (KHTML, like Gecko) Ubuntu Chromium/77.0.3865.90 HeadlessChrome/77.0.3865.90 Safari/537.36"
192.168.10.190 - - [03/Mar/2020:13:40:22 +0000] "GET /imp/js/ckeditor/imagepoll.js?v=29c8308baa6508a21e1be9e3345d1287 HTTP/1.1" 200 1128 "http://mail.cup.com/imp/dynamic.php?page=compose&type=new&token=KsdnXu5e81_yaPEcVFnFyqj&uniq=1583242822471" "Mozilla/5.0 (X11; Linux x86_64) AppleWebKit/537.36 (KHTML, like Gecko) Ubuntu Chromium/77.0.3865.90 HeadlessChrome/77.0.3865.90 Safari/537.36"
192.168.10.190 - - [03/Mar/2020:13:40:22 +0000] "GET /imp/js/draghandler.js?v=29c8308baa6508a21e1be9e3345d1287 HTTP/1.1" 200 1242 "http://mail.cup.com/imp/dynamic.php?page=compose&type=new&token=KsdnXu5e81_yaPEcVFnFyqj&uniq=1583242822471" "Mozilla/5.0 (X11; Linux x86_64) AppleWebKit/537.36 (KHTML, like Gecko) Ubuntu Chromium/77.0.3865.90 HeadlessChrome/77.0.3865.90 Safari/537.36"
192.168.10.190 - - [03/Mar/2020:13:40:22 +0000] "GET /imp/js/editor.js?v=29c8308baa6508a21e1be9e3345d1287 HTTP/1.1" 200 1046 "http://mail.cup.com/imp/dynamic.php?page=compose&type=new&token=KsdnXu5e81_yaPEcVFnFyqj&uniq=1583242822471" "Mozilla/5.0 (X11; Linux x86_64) AppleWebKit/537.36 (KHTML, like Gecko) Ubuntu Chromium/77.0.3865.90 HeadlessChrome/77.0.3865.90 Safari/537.36"
192.168.10.190 - - [03/Mar/2020:13:40:22 +0000] "GET /imp/js/compose-dimp.js?v=29c8308baa6508a21e1be9e3345d1287 HTTP/1.1" 200 10617 "http://mail.cup.com/imp/dynamic.php?page=compose&type=new&token=KsdnXu5e81_yaPEcVFnFyqj&uniq=1583242822471" "Mozilla/5.0 (X11; Linux x86_64) AppleWebKit/537.36 (KHTML, like Gecko) Ubuntu Chromium/77.0.3865.90 HeadlessChrome/77.0.3865.90 Safari/537.36"
192.168.10.190 - - [03/Mar/2020:13:40:22 +0000] "GET /imp/js/prettyautocomplete.js?v=29c8308baa6508a21e1be9e3345d1287 HTTP/1.1" 200 3124 "http://mail.cup.com/imp/dynamic.php?page=compose&type=new&token=KsdnXu5e81_yaPEcVFnFyqj&uniq=1583242822471" "Mozilla/5.0 (X11; Linux x86_64) AppleWebKit/537.36 (KHTML, like Gecko) Ubuntu Chromium/77.0.3865.90 HeadlessChrome/77.0.3865.90 Safari/537.36"
192.168.10.190 - - [03/Mar/2020:13:40:22 +0000] "GET /js/ckeditor/ckeditor_basic.js HTTP/1.1" 200 3293 "http://mail.cup.com/imp/dynamic.php?page=compose&type=new&token=KsdnXu5e81_yaPEcVFnFyqj&uniq=1583242822471" "Mozilla/5.0 (X11; Linux x86_64) AppleWebKit/537.36 (KHTML, like Gecko) Ubuntu Chromium/77.0.3865.90 HeadlessChrome/77.0.3865.90 Safari/537.36"
192.168.10.190 - - [03/Mar/2020:13:40:22 +0000] "GET /imp/themes/default/graphics/close.png HTTP/1.1" 304 164 "http://mail.cup.com/imp/themes/default/screen.css" "Mozilla/5.0 (X11; Linux x86_64) AppleWebKit/537.36 (KHTML, like Gecko) Ubuntu Chromium/77.0.3865.90 HeadlessChrome/77.0.3865.90 Safari/537.36"
192.168.10.190 - - [03/Mar/2020:13:40:22 +0000] "GET /themes/default/graphics/loading.gif HTTP/1.1" 304 164 "http://mail.cup.com/themes/default/screen.css" "Mozilla/5.0 (X11; Linux x86_64) AppleWebKit/537.36 (KHTML, like Gecko) Ubuntu Chromium/77.0.3865.90 HeadlessChrome/77.0.3865.90 Safari/537.36"
192.168.10.190 - - [03/Mar/2020:13:40:22 +0000] "GET /imp/themes/default/graphics/attachment.png HTTP/1.1" 304 164 "http://mail.cup.com/imp/themes/default/dynamic/screen.css" "Mozilla/5.0 (X11; Linux x86_64) AppleWebKit/537.36 (KHTML, like Gecko) Ubuntu Chromium/77.0.3865.90 HeadlessChrome/77.0.3865.90 Safari/537.36"
192.168.10.190 - - [03/Mar/2020:13:40:22 +0000] "POST /services/ajax.php/kronolith/listCalendars HTTP/1.1" 200 972 "http://mail.cup.com/kronolith/" "Mozilla/5.0 (X11; Linux x86_64) AppleWebKit/537.36 (KHTML, like Gecko) Ubuntu Chromium/77.0.3865.90 HeadlessChrome/77.0.3865.90 Safari/537.36"
192.168.10.190 - - [03/Mar/2020:13:40:23 +0000] "POST /services/ajax.php/kronolith/listEvents HTTP/1.1" 200 1940 "http://mail.cup.com/kronolith/" "Mozilla/5.0 (X11; Linux x86_64) AppleWebKit/537.36 (KHTML, like Gecko) Ubuntu Chromium/77.0.3865.90 HeadlessChrome/77.0.3865.90 Safari/537.36"
192.168.10.190 - - [03/Mar/2020:13:40:23 +0000] "POST /services/ajax.php/kronolith/listEvents HTTP/1.1" 200 549 "http://mail.cup.com/kronolith/" "Mozilla/5.0 (X11; Linux x86_64) AppleWebKit/537.36 (KHTML, like Gecko) Ubuntu Chromium/77.0.3865.90 HeadlessChrome/77.0.3865.90 Safari/537.36"
192.168.10.238 - - [03/Mar/2020:13:40:23 +0000] "POST /services/ajax.php/imp/viewPort HTTP/1.1" 200 1554 "http://mail.cup.com/imp/dynamic.php?page=mailbox" "Mozilla/5.0 (X11; Ubuntu; Linux x86_64; rv:73.0) Gecko/20100101 Firefox/73.0"
192.168.10.190 - - [03/Mar/2020:13:40:25 +0000] "GET /imp/themes/default/graphics/delete-small.png HTTP/1.1" 304 163 "http://mail.cup.com/imp/dynamic.php?page=compose&type=new&token=KsdnXu5e81_yaPEcVFnFyqj&uniq=1583242822471" "Mozilla/5.0 (X11; Linux x86_64) AppleWebKit/537.36 (KHTML, like Gecko) Ubuntu Chromium/77.0.3865.90 HeadlessChrome/77.0.3865.90 Safari/537.36"
192.168.10.238 - - [03/Mar/2020:13:40:27 +0000] "POST /services/ajax.php/imp/showMessage HTTP/1.1" 200 2781 "http://mail.cup.com/imp/dynamic.php?page=mailbox" "Mozilla/5.0 (X11; Ubuntu; Linux x86_64; rv:73.0) Gecko/20100101 Firefox/73.0"
::1 - - [03/Mar/2020:13:40:30 +0000] "OPTIONS * HTTP/1.0" 200 110 "-" "Apache/2.4.25 (Debian) OpenSSL/1.0.2u (internal dummy connection)"
::1 - - [03/Mar/2020:13:40:31 +0000] "OPTIONS * HTTP/1.0" 200 110 "-" "Apache/2.4.25 (Debian) OpenSSL/1.0.2u (internal dummy connection)"
::1 - - [03/Mar/2020:13:40:32 +0000] "OPTIONS * HTTP/1.0" 200 110 "-" "Apache/2.4.25 (Debian) OpenSSL/1.0.2u (internal dummy connection)"
192.168.10.238 - - [03/Mar/2020:13:40:32 +0000] "POST /services/ajax.php/imp/deleteMessages HTTP/1.1" 200 555 "http://mail.cup.com/imp/dynamic.php?page=mailbox" "Mozilla/5.0 (X11; Ubuntu; Linux x86_64; rv:73.0) Gecko/20100101 Firefox/73.0"
::1 - - [03/Mar/2020:13:40:33 +0000] "OPTIONS * HTTP/1.0" 200 110 "-" "Apache/2.4.25 (Debian) OpenSSL/1.0.2u (internal dummy connection)"
192.168.10.190 - - [03/Mar/2020:13:40:34 +0000] "POST /services/ajax.php/imp/sendMessage HTTP/1.1" 200 480 "http://mail.cup.com/imp/dynamic.php?page=compose&type=new&token=KsdnXu5e81_yaPEcVFnFyqj&uniq=1583242822471" "Mozilla/5.0 (X11; Linux x86_64) AppleWebKit/537.36 (KHTML, like Gecko) Ubuntu Chromium/77.0.3865.90 HeadlessChrome/77.0.3865.90 Safari/537.36"
::1 - - [03/Mar/2020:13:40:38 +0000] "OPTIONS * HTTP/1.0" 200 110 "-" "Apache/2.4.25 (Debian) OpenSSL/1.0.2u (internal dummy connection)"
::1 - - [03/Mar/2020:13:40:45 +0000] "OPTIONS * HTTP/1.0" 200 110 "-" "Apache/2.4.25 (Debian) OpenSSL/1.0.2u (internal dummy connection)"
192.168.10.190 - - [03/Mar/2020:13:40:59 +0000] "POST /services/ajax.php/kronolith/listTopTags HTTP/1.1" 200 453 "http://mail.cup.com/kronolith/" "Mozilla/5.0 (X11; Linux x86_64) AppleWebKit/537.36 (KHTML, like Gecko) Ubuntu Chromium/77.0.3865.90 HeadlessChrome/77.0.3865.90 Safari/537.36"
192.168.10.238 - - [03/Mar/2020:13:41:06 +0000] "GET /services/portal/ HTTP/1.1" 200 9081 "http://mail.cup.com/imp/dynamic.php?page=mailbox" "Mozilla/5.0 (X11; Ubuntu; Linux x86_64; rv:73.0) Gecko/20100101 Firefox/73.0"
192.168.10.190 - - [03/Mar/2020:13:41:08 +0000] "GET /services/portal/ HTTP/1.1" 200 6721 "http://mail.cup.com/imp/dynamic.php?page=mailbox" "Mozilla/5.0 (X11; Linux x86_64) AppleWebKit/537.36 (KHTML, like Gecko) Ubuntu Chromium/77.0.3865.90 HeadlessChrome/77.0.3865.90 Safari/537.36"
192.168.10.190 - - [03/Mar/2020:13:41:10 +0000] "GET /nag/ HTTP/1.1" 200 5220 "http://mail.cup.com/services/portal/" "Mozilla/5.0 (X11; Linux x86_64) AppleWebKit/537.36 (KHTML, like Gecko) Ubuntu Chromium/77.0.3865.90 HeadlessChrome/77.0.3865.90 Safari/537.36"
192.168.10.238 - - [03/Mar/2020:13:41:12 +0000] "GET /nag/ HTTP/1.1" 200 8377 "http://mail.cup.com/services/portal/" "Mozilla/5.0 (X11; Ubuntu; Linux x86_64; rv:73.0) Gecko/20100101 Firefox/73.0"
192.168.10.190 - - [03/Mar/2020:13:41:21 +0000] "POST /services/ajax.php/kronolith/saveEvent HTTP/1.1" 200 682 "http://mail.cup.com/kronolith/" "Mozilla/5.0 (X11; Linux x86_64) AppleWebKit/537.36 (KHTML, like Gecko) Ubuntu Chromium/77.0.3865.90 HeadlessChrome/77.0.3865.90 Safari/537.36"
192.168.10.190 - - [03/Mar/2020:13:41:23 +0000] "POST /services/ajax.php/kronolith/poll HTTP/1.1" 200 386 "http://mail.cup.com/kronolith/" "Mozilla/5.0 (X11; Linux x86_64) AppleWebKit/537.36 (KHTML, like Gecko) Ubuntu Chromium/77.0.3865.90 HeadlessChrome/77.0.3865.90 Safari/537.36"
192.168.10.190 - - [03/Mar/2020:13:41:27 +0000] "GET /services/portal/ HTTP/1.1" 200 10634 "http://mail.cup.com/kronolith/" "Mozilla/5.0 (X11; Linux x86_64) AppleWebKit/537.36 (KHTML, like Gecko) Ubuntu Chromium/77.0.3865.90 HeadlessChrome/77.0.3865.90 Safari/537.36"
192.168.10.190 - - [03/Mar/2020:13:41:31 +0000] "GET /imp/dynamic.php?page=mailbox HTTP/1.1" 200 8751 "http://mail.cup.com/services/portal/" "Mozilla/5.0 (X11; Linux x86_64) AppleWebKit/537.36 (KHTML, like Gecko) Ubuntu Chromium/77.0.3865.90 HeadlessChrome/77.0.3865.90 Safari/537.36"
192.168.10.190 - - [03/Mar/2020:13:41:32 +0000] "POST /services/ajax.php/imp/dynamicInit HTTP/1.1" 200 3339 "http://mail.cup.com/imp/dynamic.php?page=mailbox" "Mozilla/5.0 (X11; Linux x86_64) AppleWebKit/537.36 (KHTML, like Gecko) Ubuntu Chromium/77.0.3865.90 HeadlessChrome/77.0.3865.90 Safari/537.36"
192.168.10.190 - - [03/Mar/2020:13:41:38 +0000] "POST /services/ajax.php/imp/viewPort HTTP/1.1" 200 2083 "http://mail.cup.com/imp/dynamic.php?page=mailbox" "Mozilla/5.0 (X11; Linux x86_64) AppleWebKit/537.36 (KHTML, like Gecko) Ubuntu Chromium/77.0.3865.90 HeadlessChrome/77.0.3865.90 Safari/537.36"
192.168.10.190 - - [03/Mar/2020:13:41:45 +0000] "POST /services/ajax.php/imp/showMessage HTTP/1.1" 200 2372 "http://mail.cup.com/imp/dynamic.php?page=mailbox" "Mozilla/5.0 (X11; Linux x86_64) AppleWebKit/537.36 (KHTML, like Gecko) Ubuntu Chromium/77.0.3865.90 HeadlessChrome/77.0.3865.90 Safari/537.36"
192.168.10.190 - - [03/Mar/2020:13:41:45 +0000] "GET /nag/task.php?actionID=add_task HTTP/1.1" 200 8892 "http://mail.cup.com/nag/" "Mozilla/5.0 (X11; Linux x86_64) AppleWebKit/537.36 (KHTML, like Gecko) Ubuntu Chromium/77.0.3865.90 HeadlessChrome/77.0.3865.90 Safari/537.36"
192.168.10.190 - - [03/Mar/2020:13:41:45 +0000] "GET /js/form_sections.js?v=dc442439853f80a9467ce727c08e9b0e HTTP/1.1" 200 947 "http://mail.cup.com/nag/task.php?actionID=add_task" "Mozilla/5.0 (X11; Linux x86_64) AppleWebKit/537.36 (KHTML, like Gecko) Ubuntu Chromium/77.0.3865.90 HeadlessChrome/77.0.3865.90 Safari/537.36"
192.168.10.238 - - [03/Mar/2020:13:41:49 +0000] "GET /nag/task.php?actionID=add_task HTTP/1.1" 200 8995 "http://mail.cup.com/nag/" "Mozilla/5.0 (X11; Ubuntu; Linux x86_64; rv:73.0) Gecko/20100101 Firefox/73.0"
192.168.10.190 - - [03/Mar/2020:13:41:52 +0000] "GET /imp/dynamic.php?page=message&buid=124&mailbox=SU5CT1g&token=slAP9uOKwCkG30j1ntIyDsc&uniq=1583242912769 HTTP/1.1" 200 7515 "http://mail.cup.com/imp/dynamic.php?page=mailbox" "Mozilla/5.0 (X11; Linux x86_64) AppleWebKit/537.36 (KHTML, like Gecko) Ubuntu Chromium/77.0.3865.90 HeadlessChrome/77.0.3865.90 Safari/537.36"
192.168.10.190 - - [03/Mar/2020:13:41:53 +0000] "POST /services/ajax.php/horde/imple?token=KsdnXu5e81_yaPEcVFnFyqj&app=nag&imple=Nag_Ajax_Imple_TagAutoCompleter&input=tags HTTP/1.1" 200 371 "http://mail.cup.com/nag/task.php?actionID=add_task" "Mozilla/5.0 (X11; Linux x86_64) AppleWebKit/537.36 (KHTML, like Gecko) Ubuntu Chromium/77.0.3865.90 HeadlessChrome/77.0.3865.90 Safari/537.36"
192.168.10.190 - - [03/Mar/2020:13:41:56 +0000] "POST /services/ajax.php/imp/getReplyData HTTP/1.1" 200 1039 "http://mail.cup.com/imp/dynamic.php?page=message&buid=124&mailbox=SU5CT1g&token=slAP9uOKwCkG30j1ntIyDsc&uniq=1583242912769" "Mozilla/5.0 (X11; Linux x86_64) AppleWebKit/537.36 (KHTML, like Gecko) Ubuntu Chromium/77.0.3865.90 HeadlessChrome/77.0.3865.90 Safari/537.36"
192.168.10.238 - - [03/Mar/2020:13:42:02 +0000] "POST /services/ajax.php/horde/imple?token=vvUVv3_nWcB1hHdRuYm7-9e&app=nag&imple=Nag_Ajax_Imple_TagAutoCompleter&input=tags HTTP/1.1" 200 379 "http://mail.cup.com/nag/task.php?actionID=add_task" "Mozilla/5.0 (X11; Ubuntu; Linux x86_64; rv:73.0) Gecko/20100101 Firefox/73.0"
192.168.10.190 - - [03/Mar/2020:13:42:03 +0000] "POST /services/ajax.php/imp/sendMessage HTTP/1.1" 200 614 "http://mail.cup.com/imp/dynamic.php?page=message&buid=124&mailbox=SU5CT1g&token=slAP9uOKwCkG30j1ntIyDsc&uniq=1583242912769" "Mozilla/5.0 (X11; Linux x86_64) AppleWebKit/537.36 (KHTML, like Gecko) Ubuntu Chromium/77.0.3865.90 HeadlessChrome/77.0.3865.90 Safari/537.36"
192.168.10.190 - - [03/Mar/2020:13:42:12 +0000] "POST /nag/task/save.php HTTP/1.1" 302 412 "http://mail.cup.com/nag/task.php?actionID=add_task" "Mozilla/5.0 (X11; Linux x86_64) AppleWebKit/537.36 (KHTML, like Gecko) Ubuntu Chromium/77.0.3865.90 HeadlessChrome/77.0.3865.90 Safari/537.36"
192.168.10.190 - - [03/Mar/2020:13:42:12 +0000] "GET /nag/list.php HTTP/1.1" 200 7917 "http://mail.cup.com/nag/task.php?actionID=add_task" "Mozilla/5.0 (X11; Linux x86_64) AppleWebKit/537.36 (KHTML, like Gecko) Ubuntu Chromium/77.0.3865.90 HeadlessChrome/77.0.3865.90 Safari/537.36"
192.168.10.190 - - [03/Mar/2020:13:42:12 +0000] "GET /js/tables.js?v=dc442439853f80a9467ce727c08e9b0e HTTP/1.1" 200 2454 "http://mail.cup.com/nag/list.php" "Mozilla/5.0 (X11; Linux x86_64) AppleWebKit/537.36 (KHTML, like Gecko) Ubuntu Chromium/77.0.3865.90 HeadlessChrome/77.0.3865.90 Safari/537.36"
192.168.10.190 - - [03/Mar/2020:13:42:12 +0000] "GET /themes/default/graphics/alerts/success.png HTTP/1.1" 304 164 "http://mail.cup.com/themes/default/screen.css" "Mozilla/5.0 (X11; Linux x86_64) AppleWebKit/537.36 (KHTML, like Gecko) Ubuntu Chromium/77.0.3865.90 HeadlessChrome/77.0.3865.90 Safari/537.36"
::1 - - [03/Mar/2020:13:42:19 +0000] "OPTIONS * HTTP/1.0" 200 110 "-" "Apache/2.4.25 (Debian) OpenSSL/1.0.2u (internal dummy connection)"
::1 - - [03/Mar/2020:13:42:20 +0000] "OPTIONS * HTTP/1.0" 200 110 "-" "Apache/2.4.25 (Debian) OpenSSL/1.0.2u (internal dummy connection)"
::1 - - [03/Mar/2020:13:42:21 +0000] "OPTIONS * HTTP/1.0" 200 110 "-" "Apache/2.4.25 (Debian) OpenSSL/1.0.2u (internal dummy connection)"
192.168.10.238 - - [03/Mar/2020:13:42:33 +0000] "POST /nag/task/save.php HTTP/1.1" 302 412 "http://mail.cup.com/nag/task.php?actionID=add_task" "Mozilla/5.0 (X11; Ubuntu; Linux x86_64; rv:73.0) Gecko/20100101 Firefox/73.0"
192.168.10.238 - - [03/Mar/2020:13:42:33 +0000] "GET /nag/list.php HTTP/1.1" 200 8568 "http://mail.cup.com/nag/task.php?actionID=add_task" "Mozilla/5.0 (X11; Ubuntu; Linux x86_64; rv:73.0) Gecko/20100101 Firefox/73.0"
192.168.10.190 - - [03/Mar/2020:13:42:43 +0000] "GET /services/portal/ HTTP/1.1" 200 10641 "http://mail.cup.com/imp/dynamic.php?page=mailbox" "Mozilla/5.0 (X11; Linux x86_64) AppleWebKit/537.36 (KHTML, like Gecko) Ubuntu Chromium/77.0.3865.90 HeadlessChrome/77.0.3865.90 Safari/537.36"
192.168.10.190 - - [03/Mar/2020:13:42:45 +0000] "GET /services/portal/ HTTP/1.1" 200 7723 "http://mail.cup.com/nag/list.php" "Mozilla/5.0 (X11; Linux x86_64) AppleWebKit/537.36 (KHTML, like Gecko) Ubuntu Chromium/77.0.3865.90 HeadlessChrome/77.0.3865.90 Safari/537.36"
192.168.10.190 - - [03/Mar/2020:13:42:46 +0000] "GET /nag/ HTTP/1.1" 200 10047 "http://mail.cup.com/services/portal/" "Mozilla/5.0 (X11; Linux x86_64) AppleWebKit/537.36 (KHTML, like Gecko) Ubuntu Chromium/77.0.3865.90 HeadlessChrome/77.0.3865.90 Safari/537.36"
192.168.10.190 - - [03/Mar/2020:13:42:47 +0000] "GET /nag/ HTTP/1.1" 200 7820 "http://mail.cup.com/services/portal/" "Mozilla/5.0 (X11; Linux x86_64) AppleWebKit/537.36 (KHTML, like Gecko) Ubuntu Chromium/77.0.3865.90 HeadlessChrome/77.0.3865.90 Safari/537.36"
192.168.10.238 - - [03/Mar/2020:13:43:08 +0000] "GET /services/portal/ HTTP/1.1" 200 9158 "http://mail.cup.com/nag/list.php" "Mozilla/5.0 (X11; Ubuntu; Linux x86_64; rv:73.0) Gecko/20100101 Firefox/73.0"
192.168.10.238 - - [03/Mar/2020:13:43:12 +0000] "GET /mnemo/ HTTP/1.1" 200 6270 "http://mail.cup.com/services/portal/" "Mozilla/5.0 (X11; Ubuntu; Linux x86_64; rv:73.0) Gecko/20100101 Firefox/73.0"
192.168.10.190 - - [03/Mar/2020:13:43:22 +0000] "GET /nag/task.php?tasklist=RVa6U5vw-D6tjxVV6QmEHcb&task=vDya4Prb32Y0RkFyBTE0vr1&actionID=modify_task&have_search&tab_name=1&url=%2Fnag%2F HTTP/1.1" 200 9065 "http://mail.cup.com/nag/" "Mozilla/5.0 (X11; Linux x86_64) AppleWebKit/537.36 (KHTML, like Gecko) Ubuntu Chromium/77.0.3865.90 HeadlessChrome/77.0.3865.90 Safari/537.36"
192.168.10.190 - - [03/Mar/2020:13:43:23 +0000] "GET /nag/task.php?tasklist=0hGBmZa5hCZ2vDVwHVWZoz2&task=SvMW7EZa20ZwJoTuft2gtOn&actionID=modify_task&have_search&tab_name=1&url=%2Fnag%2F HTTP/1.1" 200 9616 "http://mail.cup.com/nag/" "Mozilla/5.0 (X11; Linux x86_64) AppleWebKit/537.36 (KHTML, like Gecko) Ubuntu Chromium/77.0.3865.90 HeadlessChrome/77.0.3865.90 Safari/537.36"
