192.168.10.4 - - [01/Mar/2020:11:10:48 +0000] "POST /services/ajax.php/kronolith/listTopTags HTTP/1.1" 200 455 "http://mail.cup.com/kronolith/" "Mozilla/5.0 (X11; Linux x86_64) AppleWebKit/537.36 (KHTML, like Gecko) Ubuntu Chromium/77.0.3865.90 HeadlessChrome/77.0.3865.90 Safari/537.36"
192.168.10.190 - - [01/Mar/2020:11:10:54 +0000] "POST /services/ajax.php/kronolith/deleteEvent HTTP/1.1" 200 533 "http://mail.cup.com/kronolith/" "Mozilla/5.0 (X11; Ubuntu; Linux x86_64; rv:73.0) Gecko/20100101 Firefox/73.0"
192.168.10.4 - - [01/Mar/2020:11:10:55 +0000] "POST /services/ajax.php/kronolith/deleteEvent HTTP/1.1" 200 533 "http://mail.cup.com/kronolith/" "Mozilla/5.0 (X11; Linux x86_64) AppleWebKit/537.36 (KHTML, like Gecko) Ubuntu Chromium/77.0.3865.90 HeadlessChrome/77.0.3865.90 Safari/537.36"
192.168.10.190 - - [01/Mar/2020:11:11:00 +0000] "GET /services/portal/ HTTP/1.1" 200 8045 "http://mail.cup.com/kronolith/" "Mozilla/5.0 (X11; Ubuntu; Linux x86_64; rv:73.0) Gecko/20100101 Firefox/73.0"
192.168.10.190 - - [01/Mar/2020:11:11:01 +0000] "GET /services/portal/ HTTP/1.1" 200 7758 "http://mail.cup.com/nag/list.php" "Mozilla/5.0 (X11; Linux x86_64) AppleWebKit/537.36 (KHTML, like Gecko) Ubuntu Chromium/77.0.3865.90 HeadlessChrome/77.0.3865.90 Safari/537.36"
192.168.10.4 - - [01/Mar/2020:11:11:03 +0000] "GET /services/portal/ HTTP/1.1" 200 10837 "http://mail.cup.com/kronolith/" "Mozilla/5.0 (X11; Linux x86_64) AppleWebKit/537.36 (KHTML, like Gecko) Ubuntu Chromium/77.0.3865.90 HeadlessChrome/77.0.3865.90 Safari/537.36"
192.168.10.190 - - [01/Mar/2020:11:11:03 +0000] "GET /kronolith/ HTTP/1.1" 200 24706 "http://mail.cup.com/services/portal/" "Mozilla/5.0 (X11; Linux x86_64) AppleWebKit/537.36 (KHTML, like Gecko) Ubuntu Chromium/77.0.3865.90 HeadlessChrome/77.0.3865.90 Safari/537.36"
192.168.10.190 - - [01/Mar/2020:11:11:04 +0000] "POST /services/ajax.php/kronolith/listCalendars HTTP/1.1" 200 966 "http://mail.cup.com/kronolith/" "Mozilla/5.0 (X11; Linux x86_64) AppleWebKit/537.36 (KHTML, like Gecko) Ubuntu Chromium/77.0.3865.90 HeadlessChrome/77.0.3865.90 Safari/537.36"
192.168.10.190 - - [01/Mar/2020:11:11:04 +0000] "POST /services/ajax.php/kronolith/listEvents HTTP/1.1" 200 549 "http://mail.cup.com/kronolith/" "Mozilla/5.0 (X11; Linux x86_64) AppleWebKit/537.36 (KHTML, like Gecko) Ubuntu Chromium/77.0.3865.90 HeadlessChrome/77.0.3865.90 Safari/537.36"
192.168.10.190 - - [01/Mar/2020:11:11:04 +0000] "POST /services/ajax.php/kronolith/listEvents HTTP/1.1" 200 1267 "http://mail.cup.com/kronolith/" "Mozilla/5.0 (X11; Linux x86_64) AppleWebKit/537.36 (KHTML, like Gecko) Ubuntu Chromium/77.0.3865.90 HeadlessChrome/77.0.3865.90 Safari/537.36"
192.168.10.190 - - [01/Mar/2020:11:11:05 +0000] "GET /nag/ HTTP/1.1" 200 8583 "http://mail.cup.com/services/portal/" "Mozilla/5.0 (X11; Ubuntu; Linux x86_64; rv:73.0) Gecko/20100101 Firefox/73.0"
192.168.10.4 - - [01/Mar/2020:11:11:09 +0000] "GET /mnemo/ HTTP/1.1" 200 8128 "http://mail.cup.com/services/portal/" "Mozilla/5.0 (X11; Linux x86_64) AppleWebKit/537.36 (KHTML, like Gecko) Ubuntu Chromium/77.0.3865.90 HeadlessChrome/77.0.3865.90 Safari/537.36"
192.168.10.190 - - [01/Mar/2020:11:11:38 +0000] "POST /services/ajax.php/kronolith/listTopTags HTTP/1.1" 200 449 "http://mail.cup.com/kronolith/" "Mozilla/5.0 (X11; Linux x86_64) AppleWebKit/537.36 (KHTML, like Gecko) Ubuntu Chromium/77.0.3865.90 HeadlessChrome/77.0.3865.90 Safari/537.36"
192.168.10.190 - - [01/Mar/2020:11:11:43 +0000] "GET /nag/task.php?tasklist=-tuA1UJG7ilRa4A_Y2M_t3c&task=2GtN3Np0taFt7cQesCDMZO_&actionID=modify_task&have_search&tab_name=1&url=%2Fnag%2F HTTP/1.1" 200 9192 "http://mail.cup.com/nag/" "Mozilla/5.0 (X11; Ubuntu; Linux x86_64; rv:73.0) Gecko/20100101 Firefox/73.0"
192.168.10.4 - - [01/Mar/2020:11:11:46 +0000] "GET /mnemo/memo.php?actionID=add_memo HTTP/1.1" 200 5974 "http://mail.cup.com/mnemo/" "Mozilla/5.0 (X11; Linux x86_64) AppleWebKit/537.36 (KHTML, like Gecko) Ubuntu Chromium/77.0.3865.90 HeadlessChrome/77.0.3865.90 Safari/537.36"
192.168.10.190 - - [01/Mar/2020:11:11:46 +0000] "POST /nag/task/save.php HTTP/1.1" 302 411 "http://mail.cup.com/nag/task.php?tasklist=-tuA1UJG7ilRa4A_Y2M_t3c&task=2GtN3Np0taFt7cQesCDMZO_&actionID=modify_task&have_search&tab_name=1&url=%2Fnag%2F" "Mozilla/5.0 (X11; Ubuntu; Linux x86_64; rv:73.0) Gecko/20100101 Firefox/73.0"
192.168.10.190 - - [01/Mar/2020:11:11:47 +0000] "GET /nag/list.php HTTP/1.1" 200 8591 "http://mail.cup.com/nag/task.php?tasklist=-tuA1UJG7ilRa4A_Y2M_t3c&task=2GtN3Np0taFt7cQesCDMZO_&actionID=modify_task&have_search&tab_name=1&url=%2Fnag%2F" "Mozilla/5.0 (X11; Ubuntu; Linux x86_64; rv:73.0) Gecko/20100101 Firefox/73.0"
192.168.10.190 - - [01/Mar/2020:11:11:54 +0000] "POST /services/ajax.php/kronolith/saveEvent HTTP/1.1" 200 640 "http://mail.cup.com/kronolith/" "Mozilla/5.0 (X11; Linux x86_64) AppleWebKit/537.36 (KHTML, like Gecko) Ubuntu Chromium/77.0.3865.90 HeadlessChrome/77.0.3865.90 Safari/537.36"
192.168.10.4 - - [01/Mar/2020:11:11:55 +0000] "POST /services/ajax.php/horde/imple?token=lHRGb-IlLMtJOLoOiQLRg9h&app=mnemo&imple=Mnemo_Ajax_Imple_TagAutoCompleter&input=memo_tags HTTP/1.1" 200 371 "http://mail.cup.com/mnemo/memo.php?actionID=add_memo" "Mozilla/5.0 (X11; Linux x86_64) AppleWebKit/537.36 (KHTML, like Gecko) Ubuntu Chromium/77.0.3865.90 HeadlessChrome/77.0.3865.90 Safari/537.36"
192.168.10.190 - - [01/Mar/2020:11:11:59 +0000] "GET /services/portal/ HTTP/1.1" 200 7758 "http://mail.cup.com/kronolith/" "Mozilla/5.0 (X11; Linux x86_64) AppleWebKit/537.36 (KHTML, like Gecko) Ubuntu Chromium/77.0.3865.90 HeadlessChrome/77.0.3865.90 Safari/537.36"
192.168.10.4 - - [01/Mar/2020:11:12:00 +0000] "POST /mnemo/memo.php HTTP/1.1" 302 414 "http://mail.cup.com/mnemo/memo.php?actionID=add_memo" "Mozilla/5.0 (X11; Linux x86_64) AppleWebKit/537.36 (KHTML, like Gecko) Ubuntu Chromium/77.0.3865.90 HeadlessChrome/77.0.3865.90 Safari/537.36"
192.168.10.4 - - [01/Mar/2020:11:12:00 +0000] "GET /mnemo/list.php HTTP/1.1" 200 8339 "http://mail.cup.com/mnemo/memo.php?actionID=add_memo" "Mozilla/5.0 (X11; Linux x86_64) AppleWebKit/537.36 (KHTML, like Gecko) Ubuntu Chromium/77.0.3865.90 HeadlessChrome/77.0.3865.90 Safari/537.36"
192.168.10.190 - - [01/Mar/2020:11:12:01 +0000] "GET /nag/ HTTP/1.1" 200 8388 "http://mail.cup.com/services/portal/" "Mozilla/5.0 (X11; Linux x86_64) AppleWebKit/537.36 (KHTML, like Gecko) Ubuntu Chromium/77.0.3865.90 HeadlessChrome/77.0.3865.90 Safari/537.36"
192.168.10.190 - - [01/Mar/2020:11:12:22 +0000] "GET /services/portal/ HTTP/1.1" 200 7983 "http://mail.cup.com/nag/list.php" "Mozilla/5.0 (X11; Ubuntu; Linux x86_64; rv:73.0) Gecko/20100101 Firefox/73.0"
192.168.10.190 - - [01/Mar/2020:11:12:25 +0000] "GET /nag/ HTTP/1.1" 200 8485 "http://mail.cup.com/services/portal/" "Mozilla/5.0 (X11; Ubuntu; Linux x86_64; rv:73.0) Gecko/20100101 Firefox/73.0"
192.168.10.4 - - [01/Mar/2020:11:12:34 +0000] "GET /services/portal/ HTTP/1.1" 200 10911 "http://mail.cup.com/mnemo/list.php" "Mozilla/5.0 (X11; Linux x86_64) AppleWebKit/537.36 (KHTML, like Gecko) Ubuntu Chromium/77.0.3865.90 HeadlessChrome/77.0.3865.90 Safari/537.36"
192.168.10.190 - - [01/Mar/2020:11:12:37 +0000] "GET /nag/task.php?actionID=add_task HTTP/1.1" 200 9004 "http://mail.cup.com/nag/" "Mozilla/5.0 (X11; Linux x86_64) AppleWebKit/537.36 (KHTML, like Gecko) Ubuntu Chromium/77.0.3865.90 HeadlessChrome/77.0.3865.90 Safari/537.36"
192.168.10.4 - - [01/Mar/2020:11:12:40 +0000] "GET /kronolith/ HTTP/1.1" 200 24700 "http://mail.cup.com/services/portal/" "Mozilla/5.0 (X11; Linux x86_64) AppleWebKit/537.36 (KHTML, like Gecko) Ubuntu Chromium/77.0.3865.90 HeadlessChrome/77.0.3865.90 Safari/537.36"
192.168.10.4 - - [01/Mar/2020:11:12:40 +0000] "POST /services/ajax.php/kronolith/listCalendars HTTP/1.1" 200 968 "http://mail.cup.com/kronolith/" "Mozilla/5.0 (X11; Linux x86_64) AppleWebKit/537.36 (KHTML, like Gecko) Ubuntu Chromium/77.0.3865.90 HeadlessChrome/77.0.3865.90 Safari/537.36"
192.168.10.4 - - [01/Mar/2020:11:12:41 +0000] "POST /services/ajax.php/kronolith/listEvents HTTP/1.1" 200 549 "http://mail.cup.com/kronolith/" "Mozilla/5.0 (X11; Linux x86_64) AppleWebKit/537.36 (KHTML, like Gecko) Ubuntu Chromium/77.0.3865.90 HeadlessChrome/77.0.3865.90 Safari/537.36"
192.168.10.4 - - [01/Mar/2020:11:12:41 +0000] "POST /services/ajax.php/kronolith/listEvents HTTP/1.1" 200 1518 "http://mail.cup.com/kronolith/" "Mozilla/5.0 (X11; Linux x86_64) AppleWebKit/537.36 (KHTML, like Gecko) Ubuntu Chromium/77.0.3865.90 HeadlessChrome/77.0.3865.90 Safari/537.36"
192.168.10.190 - - [01/Mar/2020:11:12:44 +0000] "POST /services/ajax.php/horde/imple?token=Pt2H7lnK6gpAHTZ4e6BYo2n&app=nag&imple=Nag_Ajax_Imple_TagAutoCompleter&input=tags HTTP/1.1" 200 379 "http://mail.cup.com/nag/task.php?actionID=add_task" "Mozilla/5.0 (X11; Linux x86_64) AppleWebKit/537.36 (KHTML, like Gecko) Ubuntu Chromium/77.0.3865.90 HeadlessChrome/77.0.3865.90 Safari/537.36"
192.168.10.190 - - [01/Mar/2020:11:12:59 +0000] "POST /nag/task/save.php HTTP/1.1" 302 412 "http://mail.cup.com/nag/task.php?actionID=add_task" "Mozilla/5.0 (X11; Linux x86_64) AppleWebKit/537.36 (KHTML, like Gecko) Ubuntu Chromium/77.0.3865.90 HeadlessChrome/77.0.3865.90 Safari/537.36"
192.168.10.190 - - [01/Mar/2020:11:12:59 +0000] "GET /nag/list.php HTTP/1.1" 200 8575 "http://mail.cup.com/nag/task.php?actionID=add_task" "Mozilla/5.0 (X11; Linux x86_64) AppleWebKit/537.36 (KHTML, like Gecko) Ubuntu Chromium/77.0.3865.90 HeadlessChrome/77.0.3865.90 Safari/537.36"
192.168.10.190 - - [01/Mar/2020:11:13:05 +0000] "GET /nag/task.php?actionID=add_task HTTP/1.1" 200 9019 "http://mail.cup.com/nag/" "Mozilla/5.0 (X11; Ubuntu; Linux x86_64; rv:73.0) Gecko/20100101 Firefox/73.0"
192.168.10.190 - - [01/Mar/2020:11:13:19 +0000] "POST /services/ajax.php/horde/imple?token=ZDkugXyEKOeF4ZChg73L4UL&app=nag&imple=Nag_Ajax_Imple_TagAutoCompleter&input=tags HTTP/1.1" 200 371 "http://mail.cup.com/nag/task.php?actionID=add_task" "Mozilla/5.0 (X11; Ubuntu; Linux x86_64; rv:73.0) Gecko/20100101 Firefox/73.0"
192.168.10.4 - - [01/Mar/2020:11:13:20 +0000] "POST /services/ajax.php/kronolith/getEvent HTTP/1.1" 200 676 "http://mail.cup.com/kronolith/" "Mozilla/5.0 (X11; Linux x86_64) AppleWebKit/537.36 (KHTML, like Gecko) Ubuntu Chromium/77.0.3865.90 HeadlessChrome/77.0.3865.90 Safari/537.36"
192.168.10.4 - - [01/Mar/2020:11:13:21 +0000] "POST /services/ajax.php/kronolith/listTopTags HTTP/1.1" 200 454 "http://mail.cup.com/kronolith/" "Mozilla/5.0 (X11; Linux x86_64) AppleWebKit/537.36 (KHTML, like Gecko) Ubuntu Chromium/77.0.3865.90 HeadlessChrome/77.0.3865.90 Safari/537.36"
192.168.10.4 - - [01/Mar/2020:11:13:28 +0000] "POST /services/ajax.php/kronolith/deleteEvent HTTP/1.1" 200 533 "http://mail.cup.com/kronolith/" "Mozilla/5.0 (X11; Linux x86_64) AppleWebKit/537.36 (KHTML, like Gecko) Ubuntu Chromium/77.0.3865.90 HeadlessChrome/77.0.3865.90 Safari/537.36"
192.168.10.190 - - [01/Mar/2020:11:13:31 +0000] "GET /services/portal/ HTTP/1.1" 200 7861 "http://mail.cup.com/nag/list.php" "Mozilla/5.0 (X11; Linux x86_64) AppleWebKit/537.36 (KHTML, like Gecko) Ubuntu Chromium/77.0.3865.90 HeadlessChrome/77.0.3865.90 Safari/537.36"
192.168.10.190 - - [01/Mar/2020:11:13:34 +0000] "GET /nag/ HTTP/1.1" 200 8477 "http://mail.cup.com/services/portal/" "Mozilla/5.0 (X11; Linux x86_64) AppleWebKit/537.36 (KHTML, like Gecko) Ubuntu Chromium/77.0.3865.90 HeadlessChrome/77.0.3865.90 Safari/537.36"
192.168.10.4 - - [01/Mar/2020:11:13:35 +0000] "GET /services/portal/ HTTP/1.1" 200 10363 "http://mail.cup.com/kronolith/" "Mozilla/5.0 (X11; Linux x86_64) AppleWebKit/537.36 (KHTML, like Gecko) Ubuntu Chromium/77.0.3865.90 HeadlessChrome/77.0.3865.90 Safari/537.36"
192.168.10.4 - - [01/Mar/2020:11:13:38 +0000] "GET /mnemo/ HTTP/1.1" 200 8217 "http://mail.cup.com/services/portal/" "Mozilla/5.0 (X11; Linux x86_64) AppleWebKit/537.36 (KHTML, like Gecko) Ubuntu Chromium/77.0.3865.90 HeadlessChrome/77.0.3865.90 Safari/537.36"
192.168.10.190 - - [01/Mar/2020:11:13:52 +0000] "POST /nag/task/save.php HTTP/1.1" 302 412 "http://mail.cup.com/nag/task.php?actionID=add_task" "Mozilla/5.0 (X11; Ubuntu; Linux x86_64; rv:73.0) Gecko/20100101 Firefox/73.0"
192.168.10.190 - - [01/Mar/2020:11:13:52 +0000] "GET /nag/list.php HTTP/1.1" 200 8680 "http://mail.cup.com/nag/task.php?actionID=add_task" "Mozilla/5.0 (X11; Ubuntu; Linux x86_64; rv:73.0) Gecko/20100101 Firefox/73.0"
192.168.10.190 - - [01/Mar/2020:11:14:09 +0000] "GET /nag/task.php?tasklist=RVa6U5vw-D6tjxVV6QmEHcb&task=KDnEp2zBRUn_hkN_5vHG1By&actionID=modify_task&have_search&tab_name=1&url=%2Fnag%2F HTTP/1.1" 200 9177 "http://mail.cup.com/nag/" "Mozilla/5.0 (X11; Linux x86_64) AppleWebKit/537.36 (KHTML, like Gecko) Ubuntu Chromium/77.0.3865.90 HeadlessChrome/77.0.3865.90 Safari/537.36"
192.168.10.190 - - [01/Mar/2020:11:14:12 +0000] "POST /nag/task/save.php HTTP/1.1" 302 411 "http://mail.cup.com/nag/task.php?tasklist=RVa6U5vw-D6tjxVV6QmEHcb&task=KDnEp2zBRUn_hkN_5vHG1By&actionID=modify_task&have_search&tab_name=1&url=%2Fnag%2F" "Mozilla/5.0 (X11; Linux x86_64) AppleWebKit/537.36 (KHTML, like Gecko) Ubuntu Chromium/77.0.3865.90 HeadlessChrome/77.0.3865.90 Safari/537.36"
192.168.10.190 - - [01/Mar/2020:11:14:12 +0000] "GET /nag/list.php HTTP/1.1" 200 8483 "http://mail.cup.com/nag/task.php?tasklist=RVa6U5vw-D6tjxVV6QmEHcb&task=KDnEp2zBRUn_hkN_5vHG1By&actionID=modify_task&have_search&tab_name=1&url=%2Fnag%2F" "Mozilla/5.0 (X11; Linux x86_64) AppleWebKit/537.36 (KHTML, like Gecko) Ubuntu Chromium/77.0.3865.90 HeadlessChrome/77.0.3865.90 Safari/537.36"
192.168.10.4 - - [01/Mar/2020:11:14:18 +0000] "GET /mnemo/memo.php?actionID=add_memo HTTP/1.1" 200 5975 "http://mail.cup.com/mnemo/" "Mozilla/5.0 (X11; Linux x86_64) AppleWebKit/537.36 (KHTML, like Gecko) Ubuntu Chromium/77.0.3865.90 HeadlessChrome/77.0.3865.90 Safari/537.36"
192.168.10.4 - - [01/Mar/2020:11:14:25 +0000] "POST /services/ajax.php/horde/imple?token=lHRGb-IlLMtJOLoOiQLRg9h&app=mnemo&imple=Mnemo_Ajax_Imple_TagAutoCompleter&input=memo_tags HTTP/1.1" 200 371 "http://mail.cup.com/mnemo/memo.php?actionID=add_memo" "Mozilla/5.0 (X11; Linux x86_64) AppleWebKit/537.36 (KHTML, like Gecko) Ubuntu Chromium/77.0.3865.90 HeadlessChrome/77.0.3865.90 Safari/537.36"
192.168.10.190 - - [01/Mar/2020:11:14:25 +0000] "GET /services/portal/ HTTP/1.1" 200 8051 "http://mail.cup.com/nag/list.php" "Mozilla/5.0 (X11; Ubuntu; Linux x86_64; rv:73.0) Gecko/20100101 Firefox/73.0"
192.168.10.4 - - [01/Mar/2020:11:14:29 +0000] "POST /mnemo/memo.php HTTP/1.1" 302 413 "http://mail.cup.com/mnemo/memo.php?actionID=add_memo" "Mozilla/5.0 (X11; Linux x86_64) AppleWebKit/537.36 (KHTML, like Gecko) Ubuntu Chromium/77.0.3865.90 HeadlessChrome/77.0.3865.90 Safari/537.36"
192.168.10.4 - - [01/Mar/2020:11:14:29 +0000] "GET /mnemo/list.php HTTP/1.1" 200 8418 "http://mail.cup.com/mnemo/memo.php?actionID=add_memo" "Mozilla/5.0 (X11; Linux x86_64) AppleWebKit/537.36 (KHTML, like Gecko) Ubuntu Chromium/77.0.3865.90 HeadlessChrome/77.0.3865.90 Safari/537.36"
192.168.10.190 - - [01/Mar/2020:11:14:30 +0000] "GET /turba/ HTTP/1.1" 200 4347 "http://mail.cup.com/services/portal/" "Mozilla/5.0 (X11; Ubuntu; Linux x86_64; rv:73.0) Gecko/20100101 Firefox/73.0"
192.168.10.190 - - [01/Mar/2020:11:14:30 +0000] "GET /turba/themes/default/graphics/menu/browse.png HTTP/1.1" 200 736 "http://mail.cup.com/turba/themes/default/screen.css" "Mozilla/5.0 (X11; Ubuntu; Linux x86_64; rv:73.0) Gecko/20100101 Firefox/73.0"
192.168.10.190 - - [01/Mar/2020:11:14:34 +0000] "GET /turba/add.php HTTP/1.1" 200 19358 "http://mail.cup.com/turba/" "Mozilla/5.0 (X11; Ubuntu; Linux x86_64; rv:73.0) Gecko/20100101 Firefox/73.0"
192.168.10.190 - - [01/Mar/2020:11:14:45 +0000] "POST /turba/add.php HTTP/1.1" 302 489 "http://mail.cup.com/turba/add.php" "Mozilla/5.0 (X11; Ubuntu; Linux x86_64; rv:73.0) Gecko/20100101 Firefox/73.0"
192.168.10.190 - - [01/Mar/2020:11:14:45 +0000] "GET /turba/contact.php?source=-KrfOwxmgb_30de_2Xv1YAC&key=SKfGGOb--6uD4tOspoKDUON&view=Contact HTTP/1.1" 200 21121 "http://mail.cup.com/turba/add.php" "Mozilla/5.0 (X11; Ubuntu; Linux x86_64; rv:73.0) Gecko/20100101 Firefox/73.0"
192.168.10.190 - - [01/Mar/2020:11:14:45 +0000] "GET /turba/themes/default/graphics/delete.png HTTP/1.1" 200 580 "http://mail.cup.com/turba/themes/default/screen.css" "Mozilla/5.0 (X11; Ubuntu; Linux x86_64; rv:73.0) Gecko/20100101 Firefox/73.0"
192.168.10.190 - - [01/Mar/2020:11:14:45 +0000] "GET /services/portal/ HTTP/1.1" 200 7756 "http://mail.cup.com/nag/list.php" "Mozilla/5.0 (X11; Linux x86_64) AppleWebKit/537.36 (KHTML, like Gecko) Ubuntu Chromium/77.0.3865.90 HeadlessChrome/77.0.3865.90 Safari/537.36"
192.168.10.190 - - [01/Mar/2020:11:14:47 +0000] "GET /kronolith/ HTTP/1.1" 200 24706 "http://mail.cup.com/services/portal/" "Mozilla/5.0 (X11; Linux x86_64) AppleWebKit/537.36 (KHTML, like Gecko) Ubuntu Chromium/77.0.3865.90 HeadlessChrome/77.0.3865.90 Safari/537.36"
192.168.10.190 - - [01/Mar/2020:11:14:48 +0000] "POST /services/ajax.php/kronolith/listCalendars HTTP/1.1" 200 966 "http://mail.cup.com/kronolith/" "Mozilla/5.0 (X11; Linux x86_64) AppleWebKit/537.36 (KHTML, like Gecko) Ubuntu Chromium/77.0.3865.90 HeadlessChrome/77.0.3865.90 Safari/537.36"
192.168.10.190 - - [01/Mar/2020:11:14:48 +0000] "POST /services/ajax.php/kronolith/listEvents HTTP/1.1" 200 549 "http://mail.cup.com/kronolith/" "Mozilla/5.0 (X11; Linux x86_64) AppleWebKit/537.36 (KHTML, like Gecko) Ubuntu Chromium/77.0.3865.90 HeadlessChrome/77.0.3865.90 Safari/537.36"
192.168.10.190 - - [01/Mar/2020:11:14:48 +0000] "POST /services/ajax.php/kronolith/listEvents HTTP/1.1" 200 1351 "http://mail.cup.com/kronolith/" "Mozilla/5.0 (X11; Linux x86_64) AppleWebKit/537.36 (KHTML, like Gecko) Ubuntu Chromium/77.0.3865.90 HeadlessChrome/77.0.3865.90 Safari/537.36"
192.168.10.4 - - [01/Mar/2020:11:15:06 +0000] "GET /services/portal/ HTTP/1.1" 200 10428 "http://mail.cup.com/mnemo/list.php" "Mozilla/5.0 (X11; Linux x86_64) AppleWebKit/537.36 (KHTML, like Gecko) Ubuntu Chromium/77.0.3865.90 HeadlessChrome/77.0.3865.90 Safari/537.36"
192.168.10.4 - - [01/Mar/2020:11:15:10 +0000] "GET /nag/ HTTP/1.1" 200 8363 "http://mail.cup.com/services/portal/" "Mozilla/5.0 (X11; Linux x86_64) AppleWebKit/537.36 (KHTML, like Gecko) Ubuntu Chromium/77.0.3865.90 HeadlessChrome/77.0.3865.90 Safari/537.36"
192.168.10.190 - - [01/Mar/2020:11:15:21 +0000] "GET /services/portal/ HTTP/1.1" 200 8049 "http://mail.cup.com/turba/contact.php?source=-KrfOwxmgb_30de_2Xv1YAC&key=SKfGGOb--6uD4tOspoKDUON&view=Contact" "Mozilla/5.0 (X11; Ubuntu; Linux x86_64; rv:73.0) Gecko/20100101 Firefox/73.0"
192.168.10.190 - - [01/Mar/2020:11:15:23 +0000] "POST /services/ajax.php/kronolith/getEvent HTTP/1.1" 200 683 "http://mail.cup.com/kronolith/" "Mozilla/5.0 (X11; Linux x86_64) AppleWebKit/537.36 (KHTML, like Gecko) Ubuntu Chromium/77.0.3865.90 HeadlessChrome/77.0.3865.90 Safari/537.36"
192.168.10.190 - - [01/Mar/2020:11:15:23 +0000] "POST /services/ajax.php/kronolith/listTopTags HTTP/1.1" 200 448 "http://mail.cup.com/kronolith/" "Mozilla/5.0 (X11; Linux x86_64) AppleWebKit/537.36 (KHTML, like Gecko) Ubuntu Chromium/77.0.3865.90 HeadlessChrome/77.0.3865.90 Safari/537.36"
192.168.10.190 - - [01/Mar/2020:11:15:26 +0000] "GET /nag/ HTTP/1.1" 200 8578 "http://mail.cup.com/services/portal/" "Mozilla/5.0 (X11; Ubuntu; Linux x86_64; rv:73.0) Gecko/20100101 Firefox/73.0"
192.168.10.190 - - [01/Mar/2020:11:15:27 +0000] "POST /services/ajax.php/kronolith/deleteEvent HTTP/1.1" 200 531 "http://mail.cup.com/kronolith/" "Mozilla/5.0 (X11; Linux x86_64) AppleWebKit/537.36 (KHTML, like Gecko) Ubuntu Chromium/77.0.3865.90 HeadlessChrome/77.0.3865.90 Safari/537.36"
192.168.10.190 - - [01/Mar/2020:11:15:31 +0000] "GET /services/portal/ HTTP/1.1" 200 7756 "http://mail.cup.com/kronolith/" "Mozilla/5.0 (X11; Linux x86_64) AppleWebKit/537.36 (KHTML, like Gecko) Ubuntu Chromium/77.0.3865.90 HeadlessChrome/77.0.3865.90 Safari/537.36"
192.168.10.190 - - [01/Mar/2020:11:15:34 +0000] "GET /kronolith/ HTTP/1.1" 200 24708 "http://mail.cup.com/services/portal/" "Mozilla/5.0 (X11; Linux x86_64) AppleWebKit/537.36 (KHTML, like Gecko) Ubuntu Chromium/77.0.3865.90 HeadlessChrome/77.0.3865.90 Safari/537.36"
192.168.10.190 - - [01/Mar/2020:11:15:34 +0000] "POST /services/ajax.php/kronolith/listCalendars HTTP/1.1" 200 966 "http://mail.cup.com/kronolith/" "Mozilla/5.0 (X11; Linux x86_64) AppleWebKit/537.36 (KHTML, like Gecko) Ubuntu Chromium/77.0.3865.90 HeadlessChrome/77.0.3865.90 Safari/537.36"
192.168.10.190 - - [01/Mar/2020:11:15:35 +0000] "POST /services/ajax.php/kronolith/listEvents HTTP/1.1" 200 549 "http://mail.cup.com/kronolith/" "Mozilla/5.0 (X11; Linux x86_64) AppleWebKit/537.36 (KHTML, like Gecko) Ubuntu Chromium/77.0.3865.90 HeadlessChrome/77.0.3865.90 Safari/537.36"
192.168.10.190 - - [01/Mar/2020:11:15:35 +0000] "POST /services/ajax.php/kronolith/listEvents HTTP/1.1" 200 1258 "http://mail.cup.com/kronolith/" "Mozilla/5.0 (X11; Linux x86_64) AppleWebKit/537.36 (KHTML, like Gecko) Ubuntu Chromium/77.0.3865.90 HeadlessChrome/77.0.3865.90 Safari/537.36"
192.168.10.4 - - [01/Mar/2020:11:15:46 +0000] "GET /nag/task.php?actionID=add_task HTTP/1.1" 200 8980 "http://mail.cup.com/nag/" "Mozilla/5.0 (X11; Linux x86_64) AppleWebKit/537.36 (KHTML, like Gecko) Ubuntu Chromium/77.0.3865.90 HeadlessChrome/77.0.3865.90 Safari/537.36"
192.168.10.4 - - [01/Mar/2020:11:15:58 +0000] "POST /services/ajax.php/horde/imple?token=lHRGb-IlLMtJOLoOiQLRg9h&app=nag&imple=Nag_Ajax_Imple_TagAutoCompleter&input=tags HTTP/1.1" 200 371 "http://mail.cup.com/nag/task.php?actionID=add_task" "Mozilla/5.0 (X11; Linux x86_64) AppleWebKit/537.36 (KHTML, like Gecko) Ubuntu Chromium/77.0.3865.90 HeadlessChrome/77.0.3865.90 Safari/537.36"
192.168.10.190 - - [01/Mar/2020:11:16:08 +0000] "POST /services/ajax.php/kronolith/getEvent HTTP/1.1" 200 680 "http://mail.cup.com/kronolith/" "Mozilla/5.0 (X11; Linux x86_64) AppleWebKit/537.36 (KHTML, like Gecko) Ubuntu Chromium/77.0.3865.90 HeadlessChrome/77.0.3865.90 Safari/537.36"
192.168.10.190 - - [01/Mar/2020:11:16:08 +0000] "POST /services/ajax.php/kronolith/listTopTags HTTP/1.1" 200 448 "http://mail.cup.com/kronolith/" "Mozilla/5.0 (X11; Linux x86_64) AppleWebKit/537.36 (KHTML, like Gecko) Ubuntu Chromium/77.0.3865.90 HeadlessChrome/77.0.3865.90 Safari/537.36"
192.168.10.190 - - [01/Mar/2020:11:16:08 +0000] "GET /nag/task.php?tasklist=-tuA1UJG7ilRa4A_Y2M_t3c&task=EWjDrQiuX-cnt7uIjOM8hw3&actionID=modify_task&have_search&tab_name=1&url=%2Fnag%2F HTTP/1.1" 200 9198 "http://mail.cup.com/nag/" "Mozilla/5.0 (X11; Ubuntu; Linux x86_64; rv:73.0) Gecko/20100101 Firefox/73.0"
192.168.10.190 - - [01/Mar/2020:11:16:13 +0000] "POST /services/ajax.php/kronolith/deleteEvent HTTP/1.1" 200 531 "http://mail.cup.com/kronolith/" "Mozilla/5.0 (X11; Linux x86_64) AppleWebKit/537.36 (KHTML, like Gecko) Ubuntu Chromium/77.0.3865.90 HeadlessChrome/77.0.3865.90 Safari/537.36"
192.168.10.190 - - [01/Mar/2020:11:16:14 +0000] "POST /nag/task/save.php HTTP/1.1" 302 412 "http://mail.cup.com/nag/task.php?tasklist=-tuA1UJG7ilRa4A_Y2M_t3c&task=EWjDrQiuX-cnt7uIjOM8hw3&actionID=modify_task&have_search&tab_name=1&url=%2Fnag%2F" "Mozilla/5.0 (X11; Ubuntu; Linux x86_64; rv:73.0) Gecko/20100101 Firefox/73.0"
192.168.10.190 - - [01/Mar/2020:11:16:15 +0000] "GET /nag/list.php HTTP/1.1" 200 8575 "http://mail.cup.com/nag/task.php?tasklist=-tuA1UJG7ilRa4A_Y2M_t3c&task=EWjDrQiuX-cnt7uIjOM8hw3&actionID=modify_task&have_search&tab_name=1&url=%2Fnag%2F" "Mozilla/5.0 (X11; Ubuntu; Linux x86_64; rv:73.0) Gecko/20100101 Firefox/73.0"
192.168.10.190 - - [01/Mar/2020:11:16:17 +0000] "GET /services/portal/ HTTP/1.1" 200 7757 "http://mail.cup.com/kronolith/" "Mozilla/5.0 (X11; Linux x86_64) AppleWebKit/537.36 (KHTML, like Gecko) Ubuntu Chromium/77.0.3865.90 HeadlessChrome/77.0.3865.90 Safari/537.36"
192.168.10.190 - - [01/Mar/2020:11:16:20 +0000] "GET /kronolith/ HTTP/1.1" 200 24706 "http://mail.cup.com/services/portal/" "Mozilla/5.0 (X11; Linux x86_64) AppleWebKit/537.36 (KHTML, like Gecko) Ubuntu Chromium/77.0.3865.90 HeadlessChrome/77.0.3865.90 Safari/537.36"
192.168.10.190 - - [01/Mar/2020:11:16:20 +0000] "POST /services/ajax.php/kronolith/listCalendars HTTP/1.1" 200 966 "http://mail.cup.com/kronolith/" "Mozilla/5.0 (X11; Linux x86_64) AppleWebKit/537.36 (KHTML, like Gecko) Ubuntu Chromium/77.0.3865.90 HeadlessChrome/77.0.3865.90 Safari/537.36"
192.168.10.190 - - [01/Mar/2020:11:16:20 +0000] "POST /services/ajax.php/kronolith/listEvents HTTP/1.1" 200 549 "http://mail.cup.com/kronolith/" "Mozilla/5.0 (X11; Linux x86_64) AppleWebKit/537.36 (KHTML, like Gecko) Ubuntu Chromium/77.0.3865.90 HeadlessChrome/77.0.3865.90 Safari/537.36"
192.168.10.190 - - [01/Mar/2020:11:16:20 +0000] "POST /services/ajax.php/kronolith/listEvents HTTP/1.1" 200 1131 "http://mail.cup.com/kronolith/" "Mozilla/5.0 (X11; Linux x86_64) AppleWebKit/537.36 (KHTML, like Gecko) Ubuntu Chromium/77.0.3865.90 HeadlessChrome/77.0.3865.90 Safari/537.36"
192.168.10.4 - - [01/Mar/2020:11:16:23 +0000] "POST /nag/task/save.php HTTP/1.1" 302 412 "http://mail.cup.com/nag/task.php?actionID=add_task" "Mozilla/5.0 (X11; Linux x86_64) AppleWebKit/537.36 (KHTML, like Gecko) Ubuntu Chromium/77.0.3865.90 HeadlessChrome/77.0.3865.90 Safari/537.36"
192.168.10.4 - - [01/Mar/2020:11:16:23 +0000] "GET /nag/list.php HTTP/1.1" 200 8560 "http://mail.cup.com/nag/task.php?actionID=add_task" "Mozilla/5.0 (X11; Linux x86_64) AppleWebKit/537.36 (KHTML, like Gecko) Ubuntu Chromium/77.0.3865.90 HeadlessChrome/77.0.3865.90 Safari/537.36"
192.168.10.190 - - [01/Mar/2020:11:16:49 +0000] "GET /services/portal/ HTTP/1.1" 200 7988 "http://mail.cup.com/nag/list.php" "Mozilla/5.0 (X11; Ubuntu; Linux x86_64; rv:73.0) Gecko/20100101 Firefox/73.0"
192.168.10.190 - - [01/Mar/2020:11:16:55 +0000] "GET /imp/dynamic.php?page=mailbox HTTP/1.1" 200 8750 "http://mail.cup.com/services/portal/" "Mozilla/5.0 (X11; Ubuntu; Linux x86_64; rv:73.0) Gecko/20100101 Firefox/73.0"
192.168.10.190 - - [01/Mar/2020:11:16:55 +0000] "POST /services/ajax.php/kronolith/listTopTags HTTP/1.1" 200 449 "http://mail.cup.com/kronolith/" "Mozilla/5.0 (X11; Linux x86_64) AppleWebKit/537.36 (KHTML, like Gecko) Ubuntu Chromium/77.0.3865.90 HeadlessChrome/77.0.3865.90 Safari/537.36"
192.168.10.190 - - [01/Mar/2020:11:16:56 +0000] "POST /services/ajax.php/imp/dynamicInit HTTP/1.1" 200 1636 "http://mail.cup.com/imp/dynamic.php?page=mailbox" "Mozilla/5.0 (X11; Ubuntu; Linux x86_64; rv:73.0) Gecko/20100101 Firefox/73.0"
192.168.10.4 - - [01/Mar/2020:11:16:56 +0000] "GET /services/portal/ HTTP/1.1" 200 10497 "http://mail.cup.com/nag/list.php" "Mozilla/5.0 (X11; Linux x86_64) AppleWebKit/537.36 (KHTML, like Gecko) Ubuntu Chromium/77.0.3865.90 HeadlessChrome/77.0.3865.90 Safari/537.36"
192.168.10.4 - - [01/Mar/2020:11:17:01 +0000] "GET /nag/ HTTP/1.1" 200 8464 "http://mail.cup.com/services/portal/" "Mozilla/5.0 (X11; Linux x86_64) AppleWebKit/537.36 (KHTML, like Gecko) Ubuntu Chromium/77.0.3865.90 HeadlessChrome/77.0.3865.90 Safari/537.36"
192.168.10.190 - - [01/Mar/2020:11:17:04 +0000] "POST /services/ajax.php/imp/viewPort HTTP/1.1" 200 997 "http://mail.cup.com/imp/dynamic.php?page=mailbox" "Mozilla/5.0 (X11; Ubuntu; Linux x86_64; rv:73.0) Gecko/20100101 Firefox/73.0"
192.168.10.190 - - [01/Mar/2020:11:17:08 +0000] "GET /imp/themes/default/graphics/checkbox_on.png HTTP/1.1" 200 745 "http://mail.cup.com/imp/themes/default/dynamic/screen.css" "Mozilla/5.0 (X11; Ubuntu; Linux x86_64; rv:73.0) Gecko/20100101 Firefox/73.0"
192.168.10.190 - - [01/Mar/2020:11:17:08 +0000] "GET /imp/themes/default/graphics/flags/answered-inv.png HTTP/1.1" 200 406 "http://mail.cup.com/imp/themes/default/dynamic/screen.css" "Mozilla/5.0 (X11; Ubuntu; Linux x86_64; rv:73.0) Gecko/20100101 Firefox/73.0"
192.168.10.190 - - [01/Mar/2020:11:17:08 +0000] "POST /services/ajax.php/imp/showMessage HTTP/1.1" 200 2940 "http://mail.cup.com/imp/dynamic.php?page=mailbox" "Mozilla/5.0 (X11; Ubuntu; Linux x86_64; rv:73.0) Gecko/20100101 Firefox/73.0"
192.168.10.190 - - [01/Mar/2020:11:17:08 +0000] "POST /services/ajax.php/kronolith/saveEvent HTTP/1.1" 200 637 "http://mail.cup.com/kronolith/" "Mozilla/5.0 (X11; Linux x86_64) AppleWebKit/537.36 (KHTML, like Gecko) Ubuntu Chromium/77.0.3865.90 HeadlessChrome/77.0.3865.90 Safari/537.36"
192.168.10.190 - - [01/Mar/2020:11:17:13 +0000] "GET /services/portal/ HTTP/1.1" 200 8314 "http://mail.cup.com/kronolith/" "Mozilla/5.0 (X11; Linux x86_64) AppleWebKit/537.36 (KHTML, like Gecko) Ubuntu Chromium/77.0.3865.90 HeadlessChrome/77.0.3865.90 Safari/537.36"
192.168.10.190 - - [01/Mar/2020:11:17:14 +0000] "POST /services/ajax.php/imp/deleteMessages HTTP/1.1" 200 551 "http://mail.cup.com/imp/dynamic.php?page=mailbox" "Mozilla/5.0 (X11; Ubuntu; Linux x86_64; rv:73.0) Gecko/20100101 Firefox/73.0"
192.168.10.190 - - [01/Mar/2020:11:17:16 +0000] "GET /nag/ HTTP/1.1" 200 8376 "http://mail.cup.com/services/portal/" "Mozilla/5.0 (X11; Linux x86_64) AppleWebKit/537.36 (KHTML, like Gecko) Ubuntu Chromium/77.0.3865.90 HeadlessChrome/77.0.3865.90 Safari/537.36"
192.168.10.4 - - [01/Mar/2020:11:17:41 +0000] "GET /nag/task.php?actionID=add_task HTTP/1.1" 200 9014 "http://mail.cup.com/nag/" "Mozilla/5.0 (X11; Linux x86_64) AppleWebKit/537.36 (KHTML, like Gecko) Ubuntu Chromium/77.0.3865.90 HeadlessChrome/77.0.3865.90 Safari/537.36"
192.168.10.190 - - [01/Mar/2020:11:17:46 +0000] "GET /services/portal/ HTTP/1.1" 200 7978 "http://mail.cup.com/imp/dynamic.php?page=mailbox" "Mozilla/5.0 (X11; Ubuntu; Linux x86_64; rv:73.0) Gecko/20100101 Firefox/73.0"
192.168.10.190 - - [01/Mar/2020:11:17:51 +0000] "GET /nag/task.php?actionID=add_task HTTP/1.1" 200 8997 "http://mail.cup.com/nag/" "Mozilla/5.0 (X11; Linux x86_64) AppleWebKit/537.36 (KHTML, like Gecko) Ubuntu Chromium/77.0.3865.90 HeadlessChrome/77.0.3865.90 Safari/537.36"
192.168.10.190 - - [01/Mar/2020:11:17:52 +0000] "GET /nag/ HTTP/1.1" 200 8472 "http://mail.cup.com/services/portal/" "Mozilla/5.0 (X11; Ubuntu; Linux x86_64; rv:73.0) Gecko/20100101 Firefox/73.0"
192.168.10.4 - - [01/Mar/2020:11:17:56 +0000] "POST /services/ajax.php/horde/imple?token=lHRGb-IlLMtJOLoOiQLRg9h&app=nag&imple=Nag_Ajax_Imple_TagAutoCompleter&input=tags HTTP/1.1" 200 377 "http://mail.cup.com/nag/task.php?actionID=add_task" "Mozilla/5.0 (X11; Linux x86_64) AppleWebKit/537.36 (KHTML, like Gecko) Ubuntu Chromium/77.0.3865.90 HeadlessChrome/77.0.3865.90 Safari/537.36"
192.168.10.190 - - [01/Mar/2020:11:17:58 +0000] "POST /services/ajax.php/horde/imple?token=Pt2H7lnK6gpAHTZ4e6BYo2n&app=nag&imple=Nag_Ajax_Imple_TagAutoCompleter&input=tags HTTP/1.1" 200 378 "http://mail.cup.com/nag/task.php?actionID=add_task" "Mozilla/5.0 (X11; Linux x86_64) AppleWebKit/537.36 (KHTML, like Gecko) Ubuntu Chromium/77.0.3865.90 HeadlessChrome/77.0.3865.90 Safari/537.36"
192.168.10.190 - - [01/Mar/2020:11:18:12 +0000] "POST /nag/task/save.php HTTP/1.1" 302 412 "http://mail.cup.com/nag/task.php?actionID=add_task" "Mozilla/5.0 (X11; Linux x86_64) AppleWebKit/537.36 (KHTML, like Gecko) Ubuntu Chromium/77.0.3865.90 HeadlessChrome/77.0.3865.90 Safari/537.36"
192.168.10.190 - - [01/Mar/2020:11:18:12 +0000] "GET /nag/list.php HTTP/1.1" 200 8583 "http://mail.cup.com/nag/task.php?actionID=add_task" "Mozilla/5.0 (X11; Linux x86_64) AppleWebKit/537.36 (KHTML, like Gecko) Ubuntu Chromium/77.0.3865.90 HeadlessChrome/77.0.3865.90 Safari/537.36"
::1 - - [01/Mar/2020:11:18:23 +0000] "OPTIONS * HTTP/1.0" 200 110 "-" "Apache/2.4.25 (Debian) OpenSSL/1.0.2u (internal dummy connection)"
::1 - - [01/Mar/2020:11:18:24 +0000] "OPTIONS * HTTP/1.0" 200 110 "-" "Apache/2.4.25 (Debian) OpenSSL/1.0.2u (internal dummy connection)"
::1 - - [01/Mar/2020:11:18:25 +0000] "OPTIONS * HTTP/1.0" 200 110 "-" "Apache/2.4.25 (Debian) OpenSSL/1.0.2u (internal dummy connection)"
192.168.10.190 - - [01/Mar/2020:11:18:30 +0000] "GET /nag/task.php?tasklist=-tuA1UJG7ilRa4A_Y2M_t3c&task=9W2yYNERZdta7NpMPWdvOqD&actionID=modify_task&have_search&tab_name=1&url=%2Fnag%2F HTTP/1.1" 200 9157 "http://mail.cup.com/nag/" "Mozilla/5.0 (X11; Ubuntu; Linux x86_64; rv:73.0) Gecko/20100101 Firefox/73.0"
192.168.10.190 - - [01/Mar/2020:11:18:32 +0000] "POST /nag/task/save.php HTTP/1.1" 302 411 "http://mail.cup.com/nag/task.php?tasklist=-tuA1UJG7ilRa4A_Y2M_t3c&task=9W2yYNERZdta7NpMPWdvOqD&actionID=modify_task&have_search&tab_name=1&url=%2Fnag%2F" "Mozilla/5.0 (X11; Ubuntu; Linux x86_64; rv:73.0) Gecko/20100101 Firefox/73.0"
192.168.10.190 - - [01/Mar/2020:11:18:33 +0000] "GET /nag/list.php HTTP/1.1" 200 8477 "http://mail.cup.com/nag/task.php?tasklist=-tuA1UJG7ilRa4A_Y2M_t3c&task=9W2yYNERZdta7NpMPWdvOqD&actionID=modify_task&have_search&tab_name=1&url=%2Fnag%2F" "Mozilla/5.0 (X11; Ubuntu; Linux x86_64; rv:73.0) Gecko/20100101 Firefox/73.0"
192.168.10.4 - - [01/Mar/2020:11:18:34 +0000] "POST /nag/task/save.php HTTP/1.1" 302 412 "http://mail.cup.com/nag/task.php?actionID=add_task" "Mozilla/5.0 (X11; Linux x86_64) AppleWebKit/537.36 (KHTML, like Gecko) Ubuntu Chromium/77.0.3865.90 HeadlessChrome/77.0.3865.90 Safari/537.36"
192.168.10.4 - - [01/Mar/2020:11:18:34 +0000] "GET /nag/list.php HTTP/1.1" 200 8665 "http://mail.cup.com/nag/task.php?actionID=add_task" "Mozilla/5.0 (X11; Linux x86_64) AppleWebKit/537.36 (KHTML, like Gecko) Ubuntu Chromium/77.0.3865.90 HeadlessChrome/77.0.3865.90 Safari/537.36"
192.168.10.190 - - [01/Mar/2020:11:18:45 +0000] "GET /services/portal/ HTTP/1.1" 200 8424 "http://mail.cup.com/nag/list.php" "Mozilla/5.0 (X11; Linux x86_64) AppleWebKit/537.36 (KHTML, like Gecko) Ubuntu Chromium/77.0.3865.90 HeadlessChrome/77.0.3865.90 Safari/537.36"
192.168.10.190 - - [01/Mar/2020:11:18:48 +0000] "GET /mnemo/ HTTP/1.1" 200 5978 "http://mail.cup.com/services/portal/" "Mozilla/5.0 (X11; Linux x86_64) AppleWebKit/537.36 (KHTML, like Gecko) Ubuntu Chromium/77.0.3865.90 HeadlessChrome/77.0.3865.90 Safari/537.36"
192.168.10.190 - - [01/Mar/2020:11:19:08 +0000] "GET /services/portal/ HTTP/1.1" 200 7907 "http://mail.cup.com/nag/list.php" "Mozilla/5.0 (X11; Ubuntu; Linux x86_64; rv:73.0) Gecko/20100101 Firefox/73.0"
192.168.10.4 - - [01/Mar/2020:11:19:08 +0000] "GET /services/portal/ HTTP/1.1" 200 10582 "http://mail.cup.com/nag/list.php" "Mozilla/5.0 (X11; Linux x86_64) AppleWebKit/537.36 (KHTML, like Gecko) Ubuntu Chromium/77.0.3865.90 HeadlessChrome/77.0.3865.90 Safari/537.36"
192.168.10.190 - - [01/Mar/2020:11:19:12 +0000] "GET /mnemo/ HTTP/1.1" 200 5508 "http://mail.cup.com/services/portal/" "Mozilla/5.0 (X11; Ubuntu; Linux x86_64; rv:73.0) Gecko/20100101 Firefox/73.0"
192.168.10.4 - - [01/Mar/2020:11:19:12 +0000] "GET /nag/ HTTP/1.1" 200 8564 "http://mail.cup.com/services/portal/" "Mozilla/5.0 (X11; Linux x86_64) AppleWebKit/537.36 (KHTML, like Gecko) Ubuntu Chromium/77.0.3865.90 HeadlessChrome/77.0.3865.90 Safari/537.36"
192.168.10.190 - - [01/Mar/2020:11:19:23 +0000] "GET /mnemo/memo.php?memo=zJicRlNTbyLoStUtxRgFpcx&memolist=-owcwoRdU-K8urr350qzewP&actionID=modify_memo HTTP/1.1" 200 6113 "http://mail.cup.com/mnemo/" "Mozilla/5.0 (X11; Linux x86_64) AppleWebKit/537.36 (KHTML, like Gecko) Ubuntu Chromium/77.0.3865.90 HeadlessChrome/77.0.3865.90 Safari/537.36"
192.168.10.190 - - [01/Mar/2020:11:19:25 +0000] "GET /mnemo/memo.php?memo=zJicRlNTbyLoStUtxRgFpcx&memolist=-owcwoRdU-K8urr350qzewP&actionID=delete_memos HTTP/1.1" 302 413 "http://mail.cup.com/mnemo/memo.php?memo=zJicRlNTbyLoStUtxRgFpcx&memolist=-owcwoRdU-K8urr350qzewP&actionID=modify_memo" "Mozilla/5.0 (X11; Linux x86_64) AppleWebKit/537.36 (KHTML, like Gecko) Ubuntu Chromium/77.0.3865.90 HeadlessChrome/77.0.3865.90 Safari/537.36"
192.168.10.190 - - [01/Mar/2020:11:19:25 +0000] "GET /mnemo/list.php HTTP/1.1" 200 5981 "http://mail.cup.com/mnemo/memo.php?memo=zJicRlNTbyLoStUtxRgFpcx&memolist=-owcwoRdU-K8urr350qzewP&actionID=modify_memo" "Mozilla/5.0 (X11; Linux x86_64) AppleWebKit/537.36 (KHTML, like Gecko) Ubuntu Chromium/77.0.3865.90 HeadlessChrome/77.0.3865.90 Safari/537.36"
::1 - - [01/Mar/2020:11:19:32 +0000] "OPTIONS * HTTP/1.0" 200 110 "-" "Apache/2.4.25 (Debian) OpenSSL/1.0.2u (internal dummy connection)"
192.168.10.4 - - [01/Mar/2020:11:19:50 +0000] "GET /nag/task.php?actionID=add_task HTTP/1.1" 200 9045 "http://mail.cup.com/nag/" "Mozilla/5.0 (X11; Linux x86_64) AppleWebKit/537.36 (KHTML, like Gecko) Ubuntu Chromium/77.0.3865.90 HeadlessChrome/77.0.3865.90 Safari/537.36"
192.168.10.190 - - [01/Mar/2020:11:19:53 +0000] "GET /mnemo/memo.php?actionID=add_memo HTTP/1.1" 200 5980 "http://mail.cup.com/mnemo/" "Mozilla/5.0 (X11; Ubuntu; Linux x86_64; rv:73.0) Gecko/20100101 Firefox/73.0"
192.168.10.190 - - [01/Mar/2020:11:19:58 +0000] "GET /services/portal/ HTTP/1.1" 200 8301 "http://mail.cup.com/mnemo/list.php" "Mozilla/5.0 (X11; Linux x86_64) AppleWebKit/537.36 (KHTML, like Gecko) Ubuntu Chromium/77.0.3865.90 HeadlessChrome/77.0.3865.90 Safari/537.36"
192.168.10.190 - - [01/Mar/2020:11:19:58 +0000] "POST /services/ajax.php/horde/imple?token=ZDkugXyEKOeF4ZChg73L4UL&app=mnemo&imple=Mnemo_Ajax_Imple_TagAutoCompleter&input=memo_tags HTTP/1.1" 200 371 "http://mail.cup.com/mnemo/memo.php?actionID=add_memo" "Mozilla/5.0 (X11; Ubuntu; Linux x86_64; rv:73.0) Gecko/20100101 Firefox/73.0"
192.168.10.190 - - [01/Mar/2020:11:20:01 +0000] "GET /nag/ HTTP/1.1" 200 8489 "http://mail.cup.com/services/portal/" "Mozilla/5.0 (X11; Linux x86_64) AppleWebKit/537.36 (KHTML, like Gecko) Ubuntu Chromium/77.0.3865.90 HeadlessChrome/77.0.3865.90 Safari/537.36"
192.168.10.190 - - [01/Mar/2020:11:20:01 +0000] "POST /mnemo/memo.php HTTP/1.1" 302 413 "http://mail.cup.com/mnemo/memo.php?actionID=add_memo" "Mozilla/5.0 (X11; Ubuntu; Linux x86_64; rv:73.0) Gecko/20100101 Firefox/73.0"
192.168.10.190 - - [01/Mar/2020:11:20:01 +0000] "GET /mnemo/list.php HTTP/1.1" 200 5725 "http://mail.cup.com/mnemo/memo.php?actionID=add_memo" "Mozilla/5.0 (X11; Ubuntu; Linux x86_64; rv:73.0) Gecko/20100101 Firefox/73.0"
192.168.10.4 - - [01/Mar/2020:11:20:05 +0000] "POST /services/ajax.php/horde/imple?token=lHRGb-IlLMtJOLoOiQLRg9h&app=nag&imple=Nag_Ajax_Imple_TagAutoCompleter&input=tags HTTP/1.1" 200 371 "http://mail.cup.com/nag/task.php?actionID=add_task" "Mozilla/5.0 (X11; Linux x86_64) AppleWebKit/537.36 (KHTML, like Gecko) Ubuntu Chromium/77.0.3865.90 HeadlessChrome/77.0.3865.90 Safari/537.36"
192.168.10.4 - - [01/Mar/2020:11:20:30 +0000] "POST /nag/task/save.php HTTP/1.1" 302 412 "http://mail.cup.com/nag/task.php?actionID=add_task" "Mozilla/5.0 (X11; Linux x86_64) AppleWebKit/537.36 (KHTML, like Gecko) Ubuntu Chromium/77.0.3865.90 HeadlessChrome/77.0.3865.90 Safari/537.36"
192.168.10.4 - - [01/Mar/2020:11:20:30 +0000] "GET /nag/list.php HTTP/1.1" 200 8766 "http://mail.cup.com/nag/task.php?actionID=add_task" "Mozilla/5.0 (X11; Linux x86_64) AppleWebKit/537.36 (KHTML, like Gecko) Ubuntu Chromium/77.0.3865.90 HeadlessChrome/77.0.3865.90 Safari/537.36"
192.168.10.190 - - [01/Mar/2020:11:20:35 +0000] "GET /nag/task.php?tasklist=RVa6U5vw-D6tjxVV6QmEHcb&task=1ouJJo5WE5Ed8UMu6ETourd&actionID=modify_task&have_search&tab_name=1&url=%2Fnag%2F HTTP/1.1" 200 9173 "http://mail.cup.com/nag/" "Mozilla/5.0 (X11; Linux x86_64) AppleWebKit/537.36 (KHTML, like Gecko) Ubuntu Chromium/77.0.3865.90 HeadlessChrome/77.0.3865.90 Safari/537.36"
192.168.10.190 - - [01/Mar/2020:11:20:36 +0000] "GET /services/portal/ HTTP/1.1" 200 7986 "http://mail.cup.com/mnemo/list.php" "Mozilla/5.0 (X11; Ubuntu; Linux x86_64; rv:73.0) Gecko/20100101 Firefox/73.0"
192.168.10.190 - - [01/Mar/2020:11:20:38 +0000] "POST /nag/task/save.php HTTP/1.1" 302 411 "http://mail.cup.com/nag/task.php?tasklist=RVa6U5vw-D6tjxVV6QmEHcb&task=1ouJJo5WE5Ed8UMu6ETourd&actionID=modify_task&have_search&tab_name=1&url=%2Fnag%2F" "Mozilla/5.0 (X11; Linux x86_64) AppleWebKit/537.36 (KHTML, like Gecko) Ubuntu Chromium/77.0.3865.90 HeadlessChrome/77.0.3865.90 Safari/537.36"
192.168.10.190 - - [01/Mar/2020:11:20:38 +0000] "GET /nag/list.php HTTP/1.1" 200 8471 "http://mail.cup.com/nag/task.php?tasklist=RVa6U5vw-D6tjxVV6QmEHcb&task=1ouJJo5WE5Ed8UMu6ETourd&actionID=modify_task&have_search&tab_name=1&url=%2Fnag%2F" "Mozilla/5.0 (X11; Linux x86_64) AppleWebKit/537.36 (KHTML, like Gecko) Ubuntu Chromium/77.0.3865.90 HeadlessChrome/77.0.3865.90 Safari/537.36"
192.168.10.4 - - [01/Mar/2020:11:21:04 +0000] "GET /services/portal/ HTTP/1.1" 200 10618 "http://mail.cup.com/nag/list.php" "Mozilla/5.0 (X11; Linux x86_64) AppleWebKit/537.36 (KHTML, like Gecko) Ubuntu Chromium/77.0.3865.90 HeadlessChrome/77.0.3865.90 Safari/537.36"
192.168.10.4 - - [01/Mar/2020:11:21:07 +0000] "GET /nag/ HTTP/1.1" 200 8666 "http://mail.cup.com/services/portal/" "Mozilla/5.0 (X11; Linux x86_64) AppleWebKit/537.36 (KHTML, like Gecko) Ubuntu Chromium/77.0.3865.90 HeadlessChrome/77.0.3865.90 Safari/537.36"
192.168.10.190 - - [01/Mar/2020:11:21:10 +0000] "GET /services/portal/ HTTP/1.1" 200 8214 "http://mail.cup.com/nag/list.php" "Mozilla/5.0 (X11; Linux x86_64) AppleWebKit/537.36 (KHTML, like Gecko) Ubuntu Chromium/77.0.3865.90 HeadlessChrome/77.0.3865.90 Safari/537.36"
192.168.10.190 - - [01/Mar/2020:11:21:10 +0000] "GET /services/portal/ HTTP/1.1" 200 8033 "http://mail.cup.com/services/portal/" "Mozilla/5.0 (X11; Ubuntu; Linux x86_64; rv:73.0) Gecko/20100101 Firefox/73.0"
192.168.10.190 - - [01/Mar/2020:11:21:13 +0000] "GET /nag/ HTTP/1.1" 200 8367 "http://mail.cup.com/services/portal/" "Mozilla/5.0 (X11; Linux x86_64) AppleWebKit/537.36 (KHTML, like Gecko) Ubuntu Chromium/77.0.3865.90 HeadlessChrome/77.0.3865.90 Safari/537.36"
192.168.10.190 - - [01/Mar/2020:11:21:14 +0000] "GET /nag/ HTTP/1.1" 200 8368 "http://mail.cup.com/services/portal/" "Mozilla/5.0 (X11; Ubuntu; Linux x86_64; rv:73.0) Gecko/20100101 Firefox/73.0"
::1 - - [01/Mar/2020:11:21:20 +0000] "OPTIONS * HTTP/1.0" 200 110 "-" "Apache/2.4.25 (Debian) OpenSSL/1.0.2u (internal dummy connection)"
::1 - - [01/Mar/2020:11:21:21 +0000] "OPTIONS * HTTP/1.0" 200 110 "-" "Apache/2.4.25 (Debian) OpenSSL/1.0.2u (internal dummy connection)"
::1 - - [01/Mar/2020:11:21:32 +0000] "OPTIONS * HTTP/1.0" 200 110 "-" "Apache/2.4.25 (Debian) OpenSSL/1.0.2u (internal dummy connection)"
192.168.10.4 - - [01/Mar/2020:11:21:46 +0000] "GET /nag/task.php?actionID=add_task HTTP/1.1" 200 9073 "http://mail.cup.com/nag/" "Mozilla/5.0 (X11; Linux x86_64) AppleWebKit/537.36 (KHTML, like Gecko) Ubuntu Chromium/77.0.3865.90 HeadlessChrome/77.0.3865.90 Safari/537.36"
192.168.10.190 - - [01/Mar/2020:11:21:49 +0000] "GET /nag/task.php?tasklist=RVa6U5vw-D6tjxVV6QmEHcb&task=kwtkpH1zcxBmXf0Uo1VHTx7&actionID=modify_task&have_search&tab_name=1&url=%2Fnag%2F HTTP/1.1" 200 9126 "http://mail.cup.com/nag/" "Mozilla/5.0 (X11; Linux x86_64) AppleWebKit/537.36 (KHTML, like Gecko) Ubuntu Chromium/77.0.3865.90 HeadlessChrome/77.0.3865.90 Safari/537.36"
192.168.10.190 - - [01/Mar/2020:11:21:51 +0000] "POST /nag/task/save.php HTTP/1.1" 302 411 "http://mail.cup.com/nag/task.php?tasklist=RVa6U5vw-D6tjxVV6QmEHcb&task=kwtkpH1zcxBmXf0Uo1VHTx7&actionID=modify_task&have_search&tab_name=1&url=%2Fnag%2F" "Mozilla/5.0 (X11; Linux x86_64) AppleWebKit/537.36 (KHTML, like Gecko) Ubuntu Chromium/77.0.3865.90 HeadlessChrome/77.0.3865.90 Safari/537.36"
192.168.10.190 - - [01/Mar/2020:11:21:51 +0000] "GET /nag/list.php HTTP/1.1" 200 8353 "http://mail.cup.com/nag/task.php?tasklist=RVa6U5vw-D6tjxVV6QmEHcb&task=kwtkpH1zcxBmXf0Uo1VHTx7&actionID=modify_task&have_search&tab_name=1&url=%2Fnag%2F" "Mozilla/5.0 (X11; Linux x86_64) AppleWebKit/537.36 (KHTML, like Gecko) Ubuntu Chromium/77.0.3865.90 HeadlessChrome/77.0.3865.90 Safari/537.36"
192.168.10.190 - - [01/Mar/2020:11:21:53 +0000] "GET /nag/task.php?tasklist=-tuA1UJG7ilRa4A_Y2M_t3c&task=-mdjoVopi2yzRXyvlNIsJmM&actionID=modify_task&have_search&tab_name=1&url=%2Fnag%2F HTTP/1.1" 200 9122 "http://mail.cup.com/nag/" "Mozilla/5.0 (X11; Ubuntu; Linux x86_64; rv:73.0) Gecko/20100101 Firefox/73.0"
192.168.10.4 - - [01/Mar/2020:11:21:56 +0000] "POST /services/ajax.php/horde/imple?token=lHRGb-IlLMtJOLoOiQLRg9h&app=nag&imple=Nag_Ajax_Imple_TagAutoCompleter&input=tags HTTP/1.1" 200 371 "http://mail.cup.com/nag/task.php?actionID=add_task" "Mozilla/5.0 (X11; Linux x86_64) AppleWebKit/537.36 (KHTML, like Gecko) Ubuntu Chromium/77.0.3865.90 HeadlessChrome/77.0.3865.90 Safari/537.36"
192.168.10.190 - - [01/Mar/2020:11:21:56 +0000] "POST /nag/task/save.php HTTP/1.1" 302 411 "http://mail.cup.com/nag/task.php?tasklist=-tuA1UJG7ilRa4A_Y2M_t3c&task=-mdjoVopi2yzRXyvlNIsJmM&actionID=modify_task&have_search&tab_name=1&url=%2Fnag%2F" "Mozilla/5.0 (X11; Ubuntu; Linux x86_64; rv:73.0) Gecko/20100101 Firefox/73.0"
192.168.10.190 - - [01/Mar/2020:11:21:57 +0000] "GET /nag/list.php HTTP/1.1" 200 8362 "http://mail.cup.com/nag/task.php?tasklist=-tuA1UJG7ilRa4A_Y2M_t3c&task=-mdjoVopi2yzRXyvlNIsJmM&actionID=modify_task&have_search&tab_name=1&url=%2Fnag%2F" "Mozilla/5.0 (X11; Ubuntu; Linux x86_64; rv:73.0) Gecko/20100101 Firefox/73.0"
192.168.10.190 - - [01/Mar/2020:11:22:24 +0000] "GET /services/portal/ HTTP/1.1" 200 8145 "http://mail.cup.com/nag/list.php" "Mozilla/5.0 (X11; Linux x86_64) AppleWebKit/537.36 (KHTML, like Gecko) Ubuntu Chromium/77.0.3865.90 HeadlessChrome/77.0.3865.90 Safari/537.36"
192.168.10.190 - - [01/Mar/2020:11:22:26 +0000] "GET /nag/ HTTP/1.1" 200 8247 "http://mail.cup.com/services/portal/" "Mozilla/5.0 (X11; Linux x86_64) AppleWebKit/537.36 (KHTML, like Gecko) Ubuntu Chromium/77.0.3865.90 HeadlessChrome/77.0.3865.90 Safari/537.36"
192.168.10.4 - - [01/Mar/2020:11:22:30 +0000] "POST /nag/task/save.php HTTP/1.1" 302 412 "http://mail.cup.com/nag/task.php?actionID=add_task" "Mozilla/5.0 (X11; Linux x86_64) AppleWebKit/537.36 (KHTML, like Gecko) Ubuntu Chromium/77.0.3865.90 HeadlessChrome/77.0.3865.90 Safari/537.36"
192.168.10.4 - - [01/Mar/2020:11:22:31 +0000] "GET /nag/list.php HTTP/1.1" 200 8870 "http://mail.cup.com/nag/task.php?actionID=add_task" "Mozilla/5.0 (X11; Linux x86_64) AppleWebKit/537.36 (KHTML, like Gecko) Ubuntu Chromium/77.0.3865.90 HeadlessChrome/77.0.3865.90 Safari/537.36"
192.168.10.190 - - [01/Mar/2020:11:22:31 +0000] "GET /services/portal/ HTTP/1.1" 200 7906 "http://mail.cup.com/nag/list.php" "Mozilla/5.0 (X11; Ubuntu; Linux x86_64; rv:73.0) Gecko/20100101 Firefox/73.0"
192.168.10.190 - - [01/Mar/2020:11:22:35 +0000] "GET /nag/ HTTP/1.1" 200 8257 "http://mail.cup.com/services/portal/" "Mozilla/5.0 (X11; Ubuntu; Linux x86_64; rv:73.0) Gecko/20100101 Firefox/73.0"
192.168.10.190 - - [01/Mar/2020:11:23:01 +0000] "GET /nag/task.php?tasklist=RVa6U5vw-D6tjxVV6QmEHcb&task=mzPm6kMoVTErjqEzDSKIssX&actionID=modify_task&have_search&tab_name=1&url=%2Fnag%2F HTTP/1.1" 200 9091 "http://mail.cup.com/nag/" "Mozilla/5.0 (X11; Linux x86_64) AppleWebKit/537.36 (KHTML, like Gecko) Ubuntu Chromium/77.0.3865.90 HeadlessChrome/77.0.3865.90 Safari/537.36"
192.168.10.190 - - [01/Mar/2020:11:23:03 +0000] "POST /nag/task/save.php HTTP/1.1" 302 411 "http://mail.cup.com/nag/task.php?tasklist=RVa6U5vw-D6tjxVV6QmEHcb&task=mzPm6kMoVTErjqEzDSKIssX&actionID=modify_task&have_search&tab_name=1&url=%2Fnag%2F" "Mozilla/5.0 (X11; Linux x86_64) AppleWebKit/537.36 (KHTML, like Gecko) Ubuntu Chromium/77.0.3865.90 HeadlessChrome/77.0.3865.90 Safari/537.36"
192.168.10.190 - - [01/Mar/2020:11:23:03 +0000] "GET /nag/list.php HTTP/1.1" 200 7914 "http://mail.cup.com/nag/task.php?tasklist=RVa6U5vw-D6tjxVV6QmEHcb&task=mzPm6kMoVTErjqEzDSKIssX&actionID=modify_task&have_search&tab_name=1&url=%2Fnag%2F" "Mozilla/5.0 (X11; Linux x86_64) AppleWebKit/537.36 (KHTML, like Gecko) Ubuntu Chromium/77.0.3865.90 HeadlessChrome/77.0.3865.90 Safari/537.36"
192.168.10.4 - - [01/Mar/2020:11:23:05 +0000] "GET /services/portal/ HTTP/1.1" 200 10678 "http://mail.cup.com/nag/list.php" "Mozilla/5.0 (X11; Linux x86_64) AppleWebKit/537.36 (KHTML, like Gecko) Ubuntu Chromium/77.0.3865.90 HeadlessChrome/77.0.3865.90 Safari/537.36"
192.168.10.4 - - [01/Mar/2020:11:23:11 +0000] "GET /mnemo/ HTTP/1.1" 200 8301 "http://mail.cup.com/services/portal/" "Mozilla/5.0 (X11; Linux x86_64) AppleWebKit/537.36 (KHTML, like Gecko) Ubuntu Chromium/77.0.3865.90 HeadlessChrome/77.0.3865.90 Safari/537.36"
192.168.10.190 - - [01/Mar/2020:11:23:15 +0000] "GET /nag/task.php?actionID=add_task HTTP/1.1" 200 8955 "http://mail.cup.com/nag/" "Mozilla/5.0 (X11; Ubuntu; Linux x86_64; rv:73.0) Gecko/20100101 Firefox/73.0"
192.168.10.190 - - [01/Mar/2020:11:23:27 +0000] "POST /services/ajax.php/horde/imple?token=ZDkugXyEKOeF4ZChg73L4UL&app=nag&imple=Nag_Ajax_Imple_TagAutoCompleter&input=tags HTTP/1.1" 200 371 "http://mail.cup.com/nag/task.php?actionID=add_task" "Mozilla/5.0 (X11; Ubuntu; Linux x86_64; rv:73.0) Gecko/20100101 Firefox/73.0"
::1 - - [01/Mar/2020:11:23:36 +0000] "OPTIONS * HTTP/1.0" 200 110 "-" "Apache/2.4.25 (Debian) OpenSSL/1.0.2u (internal dummy connection)"
192.168.10.190 - - [01/Mar/2020:11:23:35 +0000] "GET /services/portal/ HTTP/1.1" 200 7752 "http://mail.cup.com/nag/list.php" "Mozilla/5.0 (X11; Linux x86_64) AppleWebKit/537.36 (KHTML, like Gecko) Ubuntu Chromium/77.0.3865.90 HeadlessChrome/77.0.3865.90 Safari/537.36"
192.168.10.190 - - [01/Mar/2020:11:23:41 +0000] "GET /services/prefs.php?app=horde HTTP/1.1" 200 3652 "http://mail.cup.com/services/portal/" "Mozilla/5.0 (X11; Linux x86_64) AppleWebKit/537.36 (KHTML, like Gecko) Ubuntu Chromium/77.0.3865.90 HeadlessChrome/77.0.3865.90 Safari/537.36"
192.168.10.190 - - [01/Mar/2020:11:23:45 +0000] "GET /services/prefs.php?app=horde&group=identities HTTP/1.1" 200 4576 "http://mail.cup.com/services/prefs.php?app=horde" "Mozilla/5.0 (X11; Linux x86_64) AppleWebKit/537.36 (KHTML, like Gecko) Ubuntu Chromium/77.0.3865.90 HeadlessChrome/77.0.3865.90 Safari/537.36"
192.168.10.190 - - [01/Mar/2020:11:23:48 +0000] "POST /services/prefs.php HTTP/1.1" 200 4605 "http://mail.cup.com/services/prefs.php?app=horde&group=identities" "Mozilla/5.0 (X11; Linux x86_64) AppleWebKit/537.36 (KHTML, like Gecko) Ubuntu Chromium/77.0.3865.90 HeadlessChrome/77.0.3865.90 Safari/537.36"
::1 - - [01/Mar/2020:11:23:49 +0000] "OPTIONS * HTTP/1.0" 200 110 "-" "Apache/2.4.25 (Debian) OpenSSL/1.0.2u (internal dummy connection)"
