192.168.10.200 - - [03/Mar/2020:12:45:44 +0000] "GET /mnemo/list.php HTTP/1.1" 200 6628 "http://mail.cup.com/mnemo/memo.php?actionID=add_memo" "Mozilla/5.0 (X11; Linux x86_64) AppleWebKit/537.36 (KHTML, like Gecko) Ubuntu Chromium/77.0.3865.90 HeadlessChrome/77.0.3865.90 Safari/537.36"
192.168.10.238 - - [03/Mar/2020:12:46:19 +0000] "GET /services/portal/ HTTP/1.1" 200 9573 "http://mail.cup.com/nag/list.php" "Mozilla/5.0 (X11; Ubuntu; Linux x86_64; rv:73.0) Gecko/20100101 Firefox/73.0"
192.168.10.200 - - [03/Mar/2020:12:46:20 +0000] "GET /services/portal/ HTTP/1.1" 200 8706 "http://mail.cup.com/mnemo/list.php" "Mozilla/5.0 (X11; Linux x86_64) AppleWebKit/537.36 (KHTML, like Gecko) Ubuntu Chromium/77.0.3865.90 HeadlessChrome/77.0.3865.90 Safari/537.36"
192.168.10.238 - - [03/Mar/2020:12:46:24 +0000] "GET /mnemo/ HTTP/1.1" 200 6375 "http://mail.cup.com/services/portal/" "Mozilla/5.0 (X11; Ubuntu; Linux x86_64; rv:73.0) Gecko/20100101 Firefox/73.0"
192.168.10.200 - - [03/Mar/2020:12:46:28 +0000] "GET /services/prefs.php?app=horde HTTP/1.1" 200 3786 "http://mail.cup.com/services/portal/" "Mozilla/5.0 (X11; Linux x86_64) AppleWebKit/537.36 (KHTML, like Gecko) Ubuntu Chromium/77.0.3865.90 HeadlessChrome/77.0.3865.90 Safari/537.36"
192.168.10.200 - - [03/Mar/2020:12:46:32 +0000] "GET /services/prefs.php?app=horde&group=identities HTTP/1.1" 200 4719 "http://mail.cup.com/services/prefs.php?app=horde" "Mozilla/5.0 (X11; Linux x86_64) AppleWebKit/537.36 (KHTML, like Gecko) Ubuntu Chromium/77.0.3865.90 HeadlessChrome/77.0.3865.90 Safari/537.36"
192.168.10.200 - - [03/Mar/2020:12:46:37 +0000] "POST /services/prefs.php HTTP/1.1" 200 4751 "http://mail.cup.com/services/prefs.php?app=horde&group=identities" "Mozilla/5.0 (X11; Linux x86_64) AppleWebKit/537.36 (KHTML, like Gecko) Ubuntu Chromium/77.0.3865.90 HeadlessChrome/77.0.3865.90 Safari/537.36"
192.168.10.200 - - [03/Mar/2020:12:46:46 +0000] "GET /services/prefs.php?app=horde HTTP/1.1" 200 3787 "http://mail.cup.com/services/prefs.php" "Mozilla/5.0 (X11; Linux x86_64) AppleWebKit/537.36 (KHTML, like Gecko) Ubuntu Chromium/77.0.3865.90 HeadlessChrome/77.0.3865.90 Safari/537.36"
192.168.10.200 - - [03/Mar/2020:12:46:51 +0000] "GET /services/prefs.php?app=imp HTTP/1.1" 200 4161 "http://mail.cup.com/services/prefs.php?app=horde" "Mozilla/5.0 (X11; Linux x86_64) AppleWebKit/537.36 (KHTML, like Gecko) Ubuntu Chromium/77.0.3865.90 HeadlessChrome/77.0.3865.90 Safari/537.36"
192.168.10.200 - - [03/Mar/2020:12:46:54 +0000] "GET /services/prefs.php?app=imp&group=delmove HTTP/1.1" 200 5682 "http://mail.cup.com/services/prefs.php?app=imp" "Mozilla/5.0 (X11; Linux x86_64) AppleWebKit/537.36 (KHTML, like Gecko) Ubuntu Chromium/77.0.3865.90 HeadlessChrome/77.0.3865.90 Safari/537.36"
192.168.10.238 - - [03/Mar/2020:12:47:02 +0000] "GET /mnemo/memo.php?memo=1ySzwG-D_GR_LowNMSS8Bpk&memolist=U9WHu5t5tMkoCjOBBoU8S36&actionID=modify_memo HTTP/1.1" 200 6103 "http://mail.cup.com/mnemo/" "Mozilla/5.0 (X11; Ubuntu; Linux x86_64; rv:73.0) Gecko/20100101 Firefox/73.0"
192.168.10.200 - - [03/Mar/2020:12:47:06 +0000] "POST /services/prefs.php HTTP/1.1" 200 5776 "http://mail.cup.com/services/prefs.php?app=imp&group=delmove" "Mozilla/5.0 (X11; Linux x86_64) AppleWebKit/537.36 (KHTML, like Gecko) Ubuntu Chromium/77.0.3865.90 HeadlessChrome/77.0.3865.90 Safari/537.36"
192.168.10.238 - - [03/Mar/2020:12:47:08 +0000] "GET /mnemo/memo.php?memo=1ySzwG-D_GR_LowNMSS8Bpk&memolist=U9WHu5t5tMkoCjOBBoU8S36&actionID=delete_memos HTTP/1.1" 302 414 "http://mail.cup.com/mnemo/memo.php?memo=1ySzwG-D_GR_LowNMSS8Bpk&memolist=U9WHu5t5tMkoCjOBBoU8S36&actionID=modify_memo" "Mozilla/5.0 (X11; Ubuntu; Linux x86_64; rv:73.0) Gecko/20100101 Firefox/73.0"
192.168.10.238 - - [03/Mar/2020:12:47:08 +0000] "GET /mnemo/list.php HTTP/1.1" 200 6399 "http://mail.cup.com/mnemo/memo.php?memo=1ySzwG-D_GR_LowNMSS8Bpk&memolist=U9WHu5t5tMkoCjOBBoU8S36&actionID=modify_memo" "Mozilla/5.0 (X11; Ubuntu; Linux x86_64; rv:73.0) Gecko/20100101 Firefox/73.0"
192.168.10.200 - - [03/Mar/2020:12:47:15 +0000] "POST /services/prefs.php HTTP/1.1" 200 5777 "http://mail.cup.com/services/prefs.php" "Mozilla/5.0 (X11; Linux x86_64) AppleWebKit/537.36 (KHTML, like Gecko) Ubuntu Chromium/77.0.3865.90 HeadlessChrome/77.0.3865.90 Safari/537.36"
192.168.10.238 - - [03/Mar/2020:12:47:43 +0000] "GET /services/portal/ HTTP/1.1" 200 9500 "http://mail.cup.com/mnemo/list.php" "Mozilla/5.0 (X11; Ubuntu; Linux x86_64; rv:73.0) Gecko/20100101 Firefox/73.0"
192.168.10.238 - - [03/Mar/2020:12:47:46 +0000] "GET /imp/dynamic.php?page=mailbox HTTP/1.1" 200 8749 "http://mail.cup.com/services/portal/" "Mozilla/5.0 (X11; Ubuntu; Linux x86_64; rv:73.0) Gecko/20100101 Firefox/73.0"
192.168.10.238 - - [03/Mar/2020:12:47:46 +0000] "POST /services/ajax.php/imp/dynamicInit HTTP/1.1" 200 2136 "http://mail.cup.com/imp/dynamic.php?page=mailbox" "Mozilla/5.0 (X11; Ubuntu; Linux x86_64; rv:73.0) Gecko/20100101 Firefox/73.0"
192.168.10.200 - - [03/Mar/2020:12:47:49 +0000] "GET /services/portal/ HTTP/1.1" 200 8707 "http://mail.cup.com/services/prefs.php" "Mozilla/5.0 (X11; Linux x86_64) AppleWebKit/537.36 (KHTML, like Gecko) Ubuntu Chromium/77.0.3865.90 HeadlessChrome/77.0.3865.90 Safari/537.36"
192.168.10.238 - - [03/Mar/2020:12:47:53 +0000] "POST /services/ajax.php/imp/viewPort HTTP/1.1" 200 1488 "http://mail.cup.com/imp/dynamic.php?page=mailbox" "Mozilla/5.0 (X11; Ubuntu; Linux x86_64; rv:73.0) Gecko/20100101 Firefox/73.0"
192.168.10.238 - - [03/Mar/2020:12:48:01 +0000] "POST /services/ajax.php/imp/showMessage HTTP/1.1" 200 3838 "http://mail.cup.com/imp/dynamic.php?page=mailbox" "Mozilla/5.0 (X11; Ubuntu; Linux x86_64; rv:73.0) Gecko/20100101 Firefox/73.0"
192.168.10.238 - - [03/Mar/2020:12:48:01 +0000] "GET /imp/view.php?imp_img_view=view_thumbnail&actionID=view_attach&id=2&muid=%7B5%7DINBOX121&view_token=3TC1TgX0UIWEyKdhfmvFEeQ HTTP/1.1" 200 899 "http://mail.cup.com/imp/dynamic.php?page=mailbox" "Mozilla/5.0 (X11; Ubuntu; Linux x86_64; rv:73.0) Gecko/20100101 Firefox/73.0"
192.168.10.238 - - [03/Mar/2020:12:48:10 +0000] "GET /imp/dynamic.php?page=message&buid=121&mailbox=SU5CT1g&token=3TC1TgX0UIWEyKdhfmvFEeQ&uniq=1583239690332 HTTP/1.1" 200 8143 "http://mail.cup.com/imp/dynamic.php?page=mailbox" "Mozilla/5.0 (X11; Ubuntu; Linux x86_64; rv:73.0) Gecko/20100101 Firefox/73.0"
192.168.10.238 - - [03/Mar/2020:12:48:16 +0000] "GET /imp/themes/default/graphics/answered.png HTTP/1.1" 200 722 "http://mail.cup.com/imp/themes/default/dynamic/screen.css" "Mozilla/5.0 (X11; Ubuntu; Linux x86_64; rv:73.0) Gecko/20100101 Firefox/73.0"
192.168.10.238 - - [03/Mar/2020:12:48:15 +0000] "GET /imp/view.php?imp_img_view=view_thumbnail&actionID=view_attach&id=2&muid=%7B5%7DINBOX121&view_token=3TC1TgX0UIWEyKdhfmvFEeQ HTTP/1.1" 200 899 "http://mail.cup.com/imp/dynamic.php?page=message&buid=121&mailbox=SU5CT1g&token=3TC1TgX0UIWEyKdhfmvFEeQ&uniq=1583239690332" "Mozilla/5.0 (X11; Ubuntu; Linux x86_64; rv:73.0) Gecko/20100101 Firefox/73.0"
192.168.10.238 - - [03/Mar/2020:12:48:16 +0000] "POST /services/ajax.php/imp/getReplyData HTTP/1.1" 200 934 "http://mail.cup.com/imp/dynamic.php?page=message&buid=121&mailbox=SU5CT1g&token=3TC1TgX0UIWEyKdhfmvFEeQ&uniq=1583239690332" "Mozilla/5.0 (X11; Ubuntu; Linux x86_64; rv:73.0) Gecko/20100101 Firefox/73.0"
192.168.10.238 - - [03/Mar/2020:12:48:22 +0000] "POST /services/ajax.php/imp/sendMessage HTTP/1.1" 200 628 "http://mail.cup.com/imp/dynamic.php?page=message&buid=121&mailbox=SU5CT1g&token=3TC1TgX0UIWEyKdhfmvFEeQ&uniq=1583239690332" "Mozilla/5.0 (X11; Ubuntu; Linux x86_64; rv:73.0) Gecko/20100101 Firefox/73.0"
192.168.10.200 - - [03/Mar/2020:12:48:24 +0000] "GET /services/portal/ HTTP/1.1" 200 8712 "http://mail.cup.com/services/portal/" "Mozilla/5.0 (X11; Linux x86_64) AppleWebKit/537.36 (KHTML, like Gecko) Ubuntu Chromium/77.0.3865.90 HeadlessChrome/77.0.3865.90 Safari/537.36"
192.168.10.200 - - [03/Mar/2020:12:48:32 +0000] "GET /admin/locks.php HTTP/1.1" 200 3537 "http://mail.cup.com/services/portal/" "Mozilla/5.0 (X11; Linux x86_64) AppleWebKit/537.36 (KHTML, like Gecko) Ubuntu Chromium/77.0.3865.90 HeadlessChrome/77.0.3865.90 Safari/537.36"
192.168.10.238 - - [03/Mar/2020:12:49:04 +0000] "GET /services/portal/ HTTP/1.1" 200 9495 "http://mail.cup.com/imp/dynamic.php?page=mailbox" "Mozilla/5.0 (X11; Ubuntu; Linux x86_64; rv:73.0) Gecko/20100101 Firefox/73.0"
192.168.10.200 - - [03/Mar/2020:12:49:07 +0000] "GET /services/portal/ HTTP/1.1" 200 8709 "http://mail.cup.com/admin/locks.php" "Mozilla/5.0 (X11; Linux x86_64) AppleWebKit/537.36 (KHTML, like Gecko) Ubuntu Chromium/77.0.3865.90 HeadlessChrome/77.0.3865.90 Safari/537.36"
192.168.10.238 - - [03/Mar/2020:12:49:12 +0000] "GET /nag/ HTTP/1.1" 200 8783 "http://mail.cup.com/services/portal/" "Mozilla/5.0 (X11; Ubuntu; Linux x86_64; rv:73.0) Gecko/20100101 Firefox/73.0"
192.168.10.200 - - [03/Mar/2020:12:49:17 +0000] "GET /imp/dynamic.php?page=mailbox HTTP/1.1" 200 8891 "http://mail.cup.com/services/portal/" "Mozilla/5.0 (X11; Linux x86_64) AppleWebKit/537.36 (KHTML, like Gecko) Ubuntu Chromium/77.0.3865.90 HeadlessChrome/77.0.3865.90 Safari/537.36"
192.168.10.200 - - [03/Mar/2020:12:49:22 +0000] "POST /services/ajax.php/imp/dynamicInit HTTP/1.1" 200 1594 "http://mail.cup.com/imp/dynamic.php?page=mailbox" "Mozilla/5.0 (X11; Linux x86_64) AppleWebKit/537.36 (KHTML, like Gecko) Ubuntu Chromium/77.0.3865.90 HeadlessChrome/77.0.3865.90 Safari/537.36"
192.168.10.200 - - [03/Mar/2020:12:49:33 +0000] "POST /services/ajax.php/imp/viewPort HTTP/1.1" 200 966 "http://mail.cup.com/imp/dynamic.php?page=mailbox" "Mozilla/5.0 (X11; Linux x86_64) AppleWebKit/537.36 (KHTML, like Gecko) Ubuntu Chromium/77.0.3865.90 HeadlessChrome/77.0.3865.90 Safari/537.36"
192.168.10.200 - - [03/Mar/2020:12:49:42 +0000] "POST /services/ajax.php/imp/deleteMessages HTTP/1.1" 200 550 "http://mail.cup.com/imp/dynamic.php?page=mailbox" "Mozilla/5.0 (X11; Linux x86_64) AppleWebKit/537.36 (KHTML, like Gecko) Ubuntu Chromium/77.0.3865.90 HeadlessChrome/77.0.3865.90 Safari/537.36"
192.168.10.200 - - [03/Mar/2020:12:49:39 +0000] "POST /services/ajax.php/imp/showMessage HTTP/1.1" 200 2753 "http://mail.cup.com/imp/dynamic.php?page=mailbox" "Mozilla/5.0 (X11; Linux x86_64) AppleWebKit/537.36 (KHTML, like Gecko) Ubuntu Chromium/77.0.3865.90 HeadlessChrome/77.0.3865.90 Safari/537.36"
192.168.10.238 - - [03/Mar/2020:12:49:54 +0000] "GET /nag/task.php?tasklist=QenQzj7IndkNvbzcJlsF7sn&task=u-JFzF6PWNMgN1yIKQawSQV&actionID=modify_task&have_search&tab_name=1&url=%2Fnag%2F HTTP/1.1" 200 9253 "http://mail.cup.com/nag/" "Mozilla/5.0 (X11; Ubuntu; Linux x86_64; rv:73.0) Gecko/20100101 Firefox/73.0"
192.168.10.238 - - [03/Mar/2020:12:50:04 +0000] "POST /nag/task/save.php HTTP/1.1" 302 411 "http://mail.cup.com/nag/task.php?tasklist=QenQzj7IndkNvbzcJlsF7sn&task=u-JFzF6PWNMgN1yIKQawSQV&actionID=modify_task&have_search&tab_name=1&url=%2Fnag%2F" "Mozilla/5.0 (X11; Ubuntu; Linux x86_64; rv:73.0) Gecko/20100101 Firefox/73.0"
192.168.10.238 - - [03/Mar/2020:12:50:13 +0000] "GET /nag/list.php HTTP/1.1" 200 8790 "http://mail.cup.com/nag/task.php?tasklist=QenQzj7IndkNvbzcJlsF7sn&task=u-JFzF6PWNMgN1yIKQawSQV&actionID=modify_task&have_search&tab_name=1&url=%2Fnag%2F" "Mozilla/5.0 (X11; Ubuntu; Linux x86_64; rv:73.0) Gecko/20100101 Firefox/73.0"
192.168.10.200 - - [03/Mar/2020:12:50:16 +0000] "GET /services/portal/ HTTP/1.1" 200 8708 "http://mail.cup.com/imp/dynamic.php?page=mailbox" "Mozilla/5.0 (X11; Linux x86_64) AppleWebKit/537.36 (KHTML, like Gecko) Ubuntu Chromium/77.0.3865.90 HeadlessChrome/77.0.3865.90 Safari/537.36"
192.168.10.200 - - [03/Mar/2020:12:50:27 +0000] "GET /kronolith/ HTTP/1.1" 200 24850 "http://mail.cup.com/services/portal/" "Mozilla/5.0 (X11; Linux x86_64) AppleWebKit/537.36 (KHTML, like Gecko) Ubuntu Chromium/77.0.3865.90 HeadlessChrome/77.0.3865.90 Safari/537.36"
192.168.10.200 - - [03/Mar/2020:12:50:32 +0000] "POST /services/ajax.php/kronolith/listCalendars HTTP/1.1" 200 975 "http://mail.cup.com/kronolith/" "Mozilla/5.0 (X11; Linux x86_64) AppleWebKit/537.36 (KHTML, like Gecko) Ubuntu Chromium/77.0.3865.90 HeadlessChrome/77.0.3865.90 Safari/537.36"
192.168.10.238 - - [03/Mar/2020:12:50:42 +0000] "GET /services/portal/ HTTP/1.1" 200 9423 "http://mail.cup.com/nag/list.php" "Mozilla/5.0 (X11; Ubuntu; Linux x86_64; rv:73.0) Gecko/20100101 Firefox/73.0"
192.168.10.200 - - [03/Mar/2020:12:50:37 +0000] "POST /services/ajax.php/kronolith/listEvents HTTP/1.1" 200 548 "http://mail.cup.com/kronolith/" "Mozilla/5.0 (X11; Linux x86_64) AppleWebKit/537.36 (KHTML, like Gecko) Ubuntu Chromium/77.0.3865.90 HeadlessChrome/77.0.3865.90 Safari/537.36"
192.168.10.200 - - [03/Mar/2020:12:50:37 +0000] "POST /services/ajax.php/kronolith/listEvents HTTP/1.1" 200 2344 "http://mail.cup.com/kronolith/" "Mozilla/5.0 (X11; Linux x86_64) AppleWebKit/537.36 (KHTML, like Gecko) Ubuntu Chromium/77.0.3865.90 HeadlessChrome/77.0.3865.90 Safari/537.36"
192.168.10.238 - - [03/Mar/2020:12:50:52 +0000] "GET /imp/dynamic.php?page=mailbox HTTP/1.1" 200 8746 "http://mail.cup.com/services/portal/" "Mozilla/5.0 (X11; Ubuntu; Linux x86_64; rv:73.0) Gecko/20100101 Firefox/73.0"
192.168.10.238 - - [03/Mar/2020:12:50:57 +0000] "POST /services/ajax.php/imp/dynamicInit HTTP/1.1" 200 2153 "http://mail.cup.com/imp/dynamic.php?page=mailbox" "Mozilla/5.0 (X11; Ubuntu; Linux x86_64; rv:73.0) Gecko/20100101 Firefox/73.0"
192.168.10.238 - - [03/Mar/2020:12:51:07 +0000] "POST /services/ajax.php/imp/viewPort HTTP/1.1" 200 1473 "http://mail.cup.com/imp/dynamic.php?page=mailbox" "Mozilla/5.0 (X11; Ubuntu; Linux x86_64; rv:73.0) Gecko/20100101 Firefox/73.0"
192.168.10.200 - - [03/Mar/2020:12:51:12 +0000] "POST /services/ajax.php/kronolith/getEvent HTTP/1.1" 200 680 "http://mail.cup.com/kronolith/" "Mozilla/5.0 (X11; Linux x86_64) AppleWebKit/537.36 (KHTML, like Gecko) Ubuntu Chromium/77.0.3865.90 HeadlessChrome/77.0.3865.90 Safari/537.36"
192.168.10.200 - - [03/Mar/2020:12:51:17 +0000] "POST /services/ajax.php/kronolith/listTopTags HTTP/1.1" 200 452 "http://mail.cup.com/kronolith/" "Mozilla/5.0 (X11; Linux x86_64) AppleWebKit/537.36 (KHTML, like Gecko) Ubuntu Chromium/77.0.3865.90 HeadlessChrome/77.0.3865.90 Safari/537.36"
192.168.10.200 - - [03/Mar/2020:12:51:22 +0000] "POST /services/ajax.php/kronolith/deleteEvent HTTP/1.1" 200 534 "http://mail.cup.com/kronolith/" "Mozilla/5.0 (X11; Linux x86_64) AppleWebKit/537.36 (KHTML, like Gecko) Ubuntu Chromium/77.0.3865.90 HeadlessChrome/77.0.3865.90 Safari/537.36"
192.168.10.200 - - [03/Mar/2020:12:51:30 +0000] "GET /services/portal/ HTTP/1.1" 200 8708 "http://mail.cup.com/kronolith/" "Mozilla/5.0 (X11; Linux x86_64) AppleWebKit/537.36 (KHTML, like Gecko) Ubuntu Chromium/77.0.3865.90 HeadlessChrome/77.0.3865.90 Safari/537.36"
192.168.10.238 - - [03/Mar/2020:12:51:35 +0000] "GET /login.php HTTP/1.1" 200 2617 "-" "Mozilla/5.0 (X11; Ubuntu; Linux x86_64; rv:73.0) Gecko/20100101 Firefox/73.0"
192.168.10.238 - - [03/Mar/2020:12:51:35 +0000] "GET /themes/default/mozilla.css HTTP/1.1" 200 460 "http://mail.cup.com/login.php" "Mozilla/5.0 (X11; Ubuntu; Linux x86_64; rv:73.0) Gecko/20100101 Firefox/73.0"
192.168.10.238 - - [03/Mar/2020:12:51:35 +0000] "GET /themes/default/screen.css HTTP/1.1" 200 9567 "http://mail.cup.com/login.php" "Mozilla/5.0 (X11; Ubuntu; Linux x86_64; rv:73.0) Gecko/20100101 Firefox/73.0"
192.168.10.238 - - [03/Mar/2020:12:51:35 +0000] "GET /js/horde.js?v=dc442439853f80a9467ce727c08e9b0e HTTP/1.1" 200 2571 "http://mail.cup.com/login.php" "Mozilla/5.0 (X11; Ubuntu; Linux x86_64; rv:73.0) Gecko/20100101 Firefox/73.0"
192.168.10.238 - - [03/Mar/2020:12:51:35 +0000] "GET /js/login.js?v=dc442439853f80a9467ce727c08e9b0e HTTP/1.1" 200 1453 "http://mail.cup.com/login.php" "Mozilla/5.0 (X11; Ubuntu; Linux x86_64; rv:73.0) Gecko/20100101 Firefox/73.0"
192.168.10.238 - - [03/Mar/2020:12:51:35 +0000] "GET /imp/js/login.js?v=29c8308baa6508a21e1be9e3345d1287 HTTP/1.1" 200 614 "http://mail.cup.com/login.php" "Mozilla/5.0 (X11; Ubuntu; Linux x86_64; rv:73.0) Gecko/20100101 Firefox/73.0"
192.168.10.238 - - [03/Mar/2020:12:51:35 +0000] "GET /js/accesskeys.js?v=dc442439853f80a9467ce727c08e9b0e HTTP/1.1" 200 1339 "http://mail.cup.com/login.php" "Mozilla/5.0 (X11; Ubuntu; Linux x86_64; rv:73.0) Gecko/20100101 Firefox/73.0"
192.168.10.238 - - [03/Mar/2020:12:51:35 +0000] "GET /themes/default/graphics/horde-power1.png HTTP/1.1" 200 2527 "http://mail.cup.com/login.php" "Mozilla/5.0 (X11; Ubuntu; Linux x86_64; rv:73.0) Gecko/20100101 Firefox/73.0"
192.168.10.238 - - [03/Mar/2020:12:51:35 +0000] "GET /js/prototype.js?v=dc442439853f80a9467ce727c08e9b0e HTTP/1.1" 200 46392 "http://mail.cup.com/login.php" "Mozilla/5.0 (X11; Ubuntu; Linux x86_64; rv:73.0) Gecko/20100101 Firefox/73.0"
192.168.10.238 - - [03/Mar/2020:12:51:35 +0000] "GET /themes/default/graphics/button-default.png HTTP/1.1" 200 353 "http://mail.cup.com/themes/default/screen.css" "Mozilla/5.0 (X11; Ubuntu; Linux x86_64; rv:73.0) Gecko/20100101 Firefox/73.0"
192.168.10.238 - - [03/Mar/2020:12:51:35 +0000] "GET /themes/default/graphics/favicon.ico HTTP/1.1" 200 1201 "-" "Mozilla/5.0 (X11; Ubuntu; Linux x86_64; rv:73.0) Gecko/20100101 Firefox/73.0"
192.168.10.200 - - [03/Mar/2020:12:51:39 +0000] "GET /kronolith/ HTTP/1.1" 200 24853 "http://mail.cup.com/services/portal/" "Mozilla/5.0 (X11; Linux x86_64) AppleWebKit/537.36 (KHTML, like Gecko) Ubuntu Chromium/77.0.3865.90 HeadlessChrome/77.0.3865.90 Safari/537.36"
192.168.10.200 - - [03/Mar/2020:12:51:45 +0000] "POST /services/ajax.php/kronolith/listCalendars HTTP/1.1" 200 975 "http://mail.cup.com/kronolith/" "Mozilla/5.0 (X11; Linux x86_64) AppleWebKit/537.36 (KHTML, like Gecko) Ubuntu Chromium/77.0.3865.90 HeadlessChrome/77.0.3865.90 Safari/537.36"
192.168.10.238 - - [03/Mar/2020:12:51:45 +0000] "POST /login.php HTTP/1.1" 302 601 "http://mail.cup.com/login.php" "Mozilla/5.0 (X11; Ubuntu; Linux x86_64; rv:73.0) Gecko/20100101 Firefox/73.0"
192.168.10.200 - - [03/Mar/2020:12:51:50 +0000] "POST /services/ajax.php/kronolith/listEvents HTTP/1.1" 200 2270 "http://mail.cup.com/kronolith/" "Mozilla/5.0 (X11; Linux x86_64) AppleWebKit/537.36 (KHTML, like Gecko) Ubuntu Chromium/77.0.3865.90 HeadlessChrome/77.0.3865.90 Safari/537.36"
192.168.10.200 - - [03/Mar/2020:12:51:50 +0000] "POST /services/ajax.php/kronolith/listEvents HTTP/1.1" 200 548 "http://mail.cup.com/kronolith/" "Mozilla/5.0 (X11; Linux x86_64) AppleWebKit/537.36 (KHTML, like Gecko) Ubuntu Chromium/77.0.3865.90 HeadlessChrome/77.0.3865.90 Safari/537.36"
192.168.10.238 - - [03/Mar/2020:12:51:55 +0000] "GET /services/portal/ HTTP/1.1" 200 9537 "http://mail.cup.com/login.php" "Mozilla/5.0 (X11; Ubuntu; Linux x86_64; rv:73.0) Gecko/20100101 Firefox/73.0"
192.168.10.238 - - [03/Mar/2020:12:52:05 +0000] "GET /imp/themes/default/block/screen.css HTTP/1.1" 200 458 "http://mail.cup.com/services/portal/" "Mozilla/5.0 (X11; Ubuntu; Linux x86_64; rv:73.0) Gecko/20100101 Firefox/73.0"
192.168.10.238 - - [03/Mar/2020:12:52:05 +0000] "GET /kronolith/themes/default/block/screen.css HTTP/1.1" 200 515 "http://mail.cup.com/services/portal/" "Mozilla/5.0 (X11; Ubuntu; Linux x86_64; rv:73.0) Gecko/20100101 Firefox/73.0"
192.168.10.238 - - [03/Mar/2020:12:52:05 +0000] "GET /ingo/themes/default/block/screen.css HTTP/1.1" 200 521 "http://mail.cup.com/services/portal/" "Mozilla/5.0 (X11; Ubuntu; Linux x86_64; rv:73.0) Gecko/20100101 Firefox/73.0"
192.168.10.238 - - [03/Mar/2020:12:52:05 +0000] "GET /nag/themes/default/block/screen.css HTTP/1.1" 200 437 "http://mail.cup.com/services/portal/" "Mozilla/5.0 (X11; Ubuntu; Linux x86_64; rv:73.0) Gecko/20100101 Firefox/73.0"
192.168.10.238 - - [03/Mar/2020:12:52:05 +0000] "GET /turba/themes/default/block/screen.css HTTP/1.1" 200 449 "http://mail.cup.com/services/portal/" "Mozilla/5.0 (X11; Ubuntu; Linux x86_64; rv:73.0) Gecko/20100101 Firefox/73.0"
192.168.10.238 - - [03/Mar/2020:12:52:05 +0000] "GET /js/hordecore.js?v=dc442439853f80a9467ce727c08e9b0e HTTP/1.1" 200 6452 "http://mail.cup.com/services/portal/" "Mozilla/5.0 (X11; Ubuntu; Linux x86_64; rv:73.0) Gecko/20100101 Firefox/73.0"
192.168.10.238 - - [03/Mar/2020:12:52:05 +0000] "GET /js/hordeblocks.js?v=dc442439853f80a9467ce727c08e9b0e HTTP/1.1" 200 639 "http://mail.cup.com/services/portal/" "Mozilla/5.0 (X11; Ubuntu; Linux x86_64; rv:73.0) Gecko/20100101 Firefox/73.0"
192.168.10.238 - - [03/Mar/2020:12:52:05 +0000] "GET /turba/js/minisearch.js?v=bdffa700049748b9e0ede1748b17c142 HTTP/1.1" 200 902 "http://mail.cup.com/services/portal/" "Mozilla/5.0 (X11; Ubuntu; Linux x86_64; rv:73.0) Gecko/20100101 Firefox/73.0"
192.168.10.238 - - [03/Mar/2020:12:52:05 +0000] "GET /js/popup.js?v=dc442439853f80a9467ce727c08e9b0e HTTP/1.1" 200 1445 "http://mail.cup.com/services/portal/" "Mozilla/5.0 (X11; Ubuntu; Linux x86_64; rv:73.0) Gecko/20100101 Firefox/73.0"
192.168.10.238 - - [03/Mar/2020:12:52:05 +0000] "GET /js/date/en-US.js?v=dc442439853f80a9467ce727c08e9b0e HTTP/1.1" 200 2632 "http://mail.cup.com/services/portal/" "Mozilla/5.0 (X11; Ubuntu; Linux x86_64; rv:73.0) Gecko/20100101 Firefox/73.0"
192.168.10.238 - - [03/Mar/2020:12:52:05 +0000] "GET /js/topbar.js?v=dc442439853f80a9467ce727c08e9b0e HTTP/1.1" 200 1515 "http://mail.cup.com/services/portal/" "Mozilla/5.0 (X11; Ubuntu; Linux x86_64; rv:73.0) Gecko/20100101 Firefox/73.0"
192.168.10.238 - - [03/Mar/2020:12:52:05 +0000] "GET /js/tooltips.js?v=dc442439853f80a9467ce727c08e9b0e HTTP/1.1" 200 1280 "http://mail.cup.com/services/portal/" "Mozilla/5.0 (X11; Ubuntu; Linux x86_64; rv:73.0) Gecko/20100101 Firefox/73.0"
192.168.10.238 - - [03/Mar/2020:12:52:05 +0000] "GET /js/date/date.js?v=dc442439853f80a9467ce727c08e9b0e HTTP/1.1" 200 17978 "http://mail.cup.com/services/portal/" "Mozilla/5.0 (X11; Ubuntu; Linux x86_64; rv:73.0) Gecko/20100101 Firefox/73.0"
192.168.10.238 - - [03/Mar/2020:12:52:05 +0000] "GET /js/growler.js?v=dc442439853f80a9467ce727c08e9b0e HTTP/1.1" 200 2873 "http://mail.cup.com/services/portal/" "Mozilla/5.0 (X11; Ubuntu; Linux x86_64; rv:73.0) Gecko/20100101 Firefox/73.0"
192.168.10.238 - - [03/Mar/2020:12:52:05 +0000] "GET /js/scriptaculous/effects.js?v=dc442439853f80a9467ce727c08e9b0e HTTP/1.1" 200 9056 "http://mail.cup.com/services/portal/" "Mozilla/5.0 (X11; Ubuntu; Linux x86_64; rv:73.0) Gecko/20100101 Firefox/73.0"
192.168.10.238 - - [03/Mar/2020:12:52:05 +0000] "GET /js/scriptaculous/sound.js?v=dc442439853f80a9467ce727c08e9b0e HTTP/1.1" 200 1307 "http://mail.cup.com/services/portal/" "Mozilla/5.0 (X11; Ubuntu; Linux x86_64; rv:73.0) Gecko/20100101 Firefox/73.0"
192.168.10.238 - - [03/Mar/2020:12:52:05 +0000] "GET /themes/default/graphics/logo.png HTTP/1.1" 200 2606 "http://mail.cup.com/themes/default/screen.css" "Mozilla/5.0 (X11; Ubuntu; Linux x86_64; rv:73.0) Gecko/20100101 Firefox/73.0"
192.168.10.238 - - [03/Mar/2020:12:52:05 +0000] "GET /themes/default/graphics/navi-arrow-normal.png HTTP/1.1" 200 488 "http://mail.cup.com/themes/default/screen.css" "Mozilla/5.0 (X11; Ubuntu; Linux x86_64; rv:73.0) Gecko/20100101 Firefox/73.0"
192.168.10.238 - - [03/Mar/2020:12:52:05 +0000] "GET /themes/default/graphics/settings.png HTTP/1.1" 200 691 "http://mail.cup.com/themes/default/screen.css" "Mozilla/5.0 (X11; Ubuntu; Linux x86_64; rv:73.0) Gecko/20100101 Firefox/73.0"
192.168.10.238 - - [03/Mar/2020:12:52:05 +0000] "GET /themes/default/graphics/head-bg.png HTTP/1.1" 200 380 "http://mail.cup.com/themes/default/screen.css" "Mozilla/5.0 (X11; Ubuntu; Linux x86_64; rv:73.0) Gecko/20100101 Firefox/73.0"
192.168.10.238 - - [03/Mar/2020:12:52:05 +0000] "GET /themes/default/graphics/sidebar-new-bg.png HTTP/1.1" 200 383 "http://mail.cup.com/themes/default/screen.css" "Mozilla/5.0 (X11; Ubuntu; Linux x86_64; rv:73.0) Gecko/20100101 Firefox/73.0"
192.168.10.238 - - [03/Mar/2020:12:52:05 +0000] "GET /themes/default/graphics/sidebar-new.png HTTP/1.1" 200 704 "http://mail.cup.com/themes/default/screen.css" "Mozilla/5.0 (X11; Ubuntu; Linux x86_64; rv:73.0) Gecko/20100101 Firefox/73.0"
192.168.10.238 - - [03/Mar/2020:12:52:05 +0000] "GET /ingo/themes/default/graphics/whitelist.png HTTP/1.1" 200 814 "http://mail.cup.com/ingo/themes/default/block/screen.css" "Mozilla/5.0 (X11; Ubuntu; Linux x86_64; rv:73.0) Gecko/20100101 Firefox/73.0"
192.168.10.238 - - [03/Mar/2020:12:52:05 +0000] "GET /themes/default/graphics/logout.png HTTP/1.1" 200 942 "http://mail.cup.com/themes/default/screen.css" "Mozilla/5.0 (X11; Ubuntu; Linux x86_64; rv:73.0) Gecko/20100101 Firefox/73.0"
192.168.10.238 - - [03/Mar/2020:12:52:05 +0000] "GET /themes/default/graphics/tabset.png HTTP/1.1" 200 372 "http://mail.cup.com/themes/default/screen.css" "Mozilla/5.0 (X11; Ubuntu; Linux x86_64; rv:73.0) Gecko/20100101 Firefox/73.0"
192.168.10.238 - - [03/Mar/2020:12:52:05 +0000] "GET /ingo/themes/default/graphics/blacklist.png HTTP/1.1" 200 826 "http://mail.cup.com/ingo/themes/default/block/screen.css" "Mozilla/5.0 (X11; Ubuntu; Linux x86_64; rv:73.0) Gecko/20100101 Firefox/73.0"
192.168.10.238 - - [03/Mar/2020:12:52:05 +0000] "GET /themes/default/graphics/close.png HTTP/1.1" 200 757 "http://mail.cup.com/themes/default/screen.css" "Mozilla/5.0 (X11; Ubuntu; Linux x86_64; rv:73.0) Gecko/20100101 Firefox/73.0"
192.168.10.238 - - [03/Mar/2020:12:52:05 +0000] "GET /themes/default/graphics/alerts/message.png HTTP/1.1" 200 761 "http://mail.cup.com/themes/default/screen.css" "Mozilla/5.0 (X11; Ubuntu; Linux x86_64; rv:73.0) Gecko/20100101 Firefox/73.0"
192.168.10.238 - - [03/Mar/2020:12:52:05 +0000] "GET /themes/default/graphics/navi-arrow-active.png HTTP/1.1" 200 530 "http://mail.cup.com/themes/default/screen.css" "Mozilla/5.0 (X11; Ubuntu; Linux x86_64; rv:73.0) Gecko/20100101 Firefox/73.0"
192.168.10.238 - - [03/Mar/2020:12:52:06 +0000] "GET /themes/default/graphics/navi-subnavi.png HTTP/1.1" 200 474 "http://mail.cup.com/themes/default/screen.css" "Mozilla/5.0 (X11; Ubuntu; Linux x86_64; rv:73.0) Gecko/20100101 Firefox/73.0"
192.168.10.238 - - [03/Mar/2020:12:52:06 +0000] "GET /themes/default/graphics/settings-active.png HTTP/1.1" 200 803 "http://mail.cup.com/themes/default/screen.css" "Mozilla/5.0 (X11; Ubuntu; Linux x86_64; rv:73.0) Gecko/20100101 Firefox/73.0"
192.168.10.238 - - [03/Mar/2020:12:52:14 +0000] "GET /themes/default/graphics/navi-subnavi-active.png HTTP/1.1" 200 550 "http://mail.cup.com/themes/default/screen.css" "Mozilla/5.0 (X11; Ubuntu; Linux x86_64; rv:73.0) Gecko/20100101 Firefox/73.0"
192.168.10.238 - - [03/Mar/2020:12:52:11 +0000] "GET /services/prefs.php?app=horde HTTP/1.1" 200 3659 "http://mail.cup.com/services/portal/" "Mozilla/5.0 (X11; Ubuntu; Linux x86_64; rv:73.0) Gecko/20100101 Firefox/73.0"
192.168.10.238 - - [03/Mar/2020:12:52:16 +0000] "GET /js/prefs.js?v=dc442439853f80a9467ce727c08e9b0e HTTP/1.1" 200 570 "http://mail.cup.com/services/prefs.php?app=horde" "Mozilla/5.0 (X11; Ubuntu; Linux x86_64; rv:73.0) Gecko/20100101 Firefox/73.0"
192.168.10.238 - - [03/Mar/2020:12:52:16 +0000] "GET /themes/default/graphics/button.png HTTP/1.1" 200 373 "http://mail.cup.com/themes/default/screen.css" "Mozilla/5.0 (X11; Ubuntu; Linux x86_64; rv:73.0) Gecko/20100101 Firefox/73.0"
192.168.10.238 - - [03/Mar/2020:12:52:20 +0000] "GET /services/prefs.php?app=horde&group=identities HTTP/1.1" 200 4578 "http://mail.cup.com/services/prefs.php?app=horde" "Mozilla/5.0 (X11; Ubuntu; Linux x86_64; rv:73.0) Gecko/20100101 Firefox/73.0"
192.168.10.238 - - [03/Mar/2020:12:52:26 +0000] "GET /js/identityselect.js?v=dc442439853f80a9467ce727c08e9b0e HTTP/1.1" 200 794 "http://mail.cup.com/services/prefs.php?app=horde&group=identities" "Mozilla/5.0 (X11; Ubuntu; Linux x86_64; rv:73.0) Gecko/20100101 Firefox/73.0"
192.168.10.238 - - [03/Mar/2020:12:52:26 +0000] "GET /themes/default/graphics/button-delete.png HTTP/1.1" 200 384 "http://mail.cup.com/themes/default/screen.css" "Mozilla/5.0 (X11; Ubuntu; Linux x86_64; rv:73.0) Gecko/20100101 Firefox/73.0"
192.168.10.200 - - [03/Mar/2020:12:52:25 +0000] "POST /services/ajax.php/kronolith/listTopTags HTTP/1.1" 200 453 "http://mail.cup.com/kronolith/" "Mozilla/5.0 (X11; Linux x86_64) AppleWebKit/537.36 (KHTML, like Gecko) Ubuntu Chromium/77.0.3865.90 HeadlessChrome/77.0.3865.90 Safari/537.36"
192.168.10.238 - - [03/Mar/2020:12:52:29 +0000] "POST /services/prefs.php HTTP/1.1" 200 4608 "http://mail.cup.com/services/prefs.php?app=horde&group=identities" "Mozilla/5.0 (X11; Ubuntu; Linux x86_64; rv:73.0) Gecko/20100101 Firefox/73.0"
192.168.10.238 - - [03/Mar/2020:12:52:34 +0000] "GET /themes/default/graphics/alerts/success.png HTTP/1.1" 200 737 "http://mail.cup.com/themes/default/screen.css" "Mozilla/5.0 (X11; Ubuntu; Linux x86_64; rv:73.0) Gecko/20100101 Firefox/73.0"
::1 - - [03/Mar/2020:12:52:40 +0000] "OPTIONS * HTTP/1.0" 200 110 "-" "Apache/2.4.25 (Debian) OpenSSL/1.0.2u (internal dummy connection)"
192.168.10.238 - - [03/Mar/2020:12:52:41 +0000] "GET /services/prefs.php?app=horde HTTP/1.1" 200 3656 "http://mail.cup.com/services/prefs.php" "Mozilla/5.0 (X11; Ubuntu; Linux x86_64; rv:73.0) Gecko/20100101 Firefox/73.0"
192.168.10.200 - - [03/Mar/2020:12:52:50 +0000] "POST /services/ajax.php/kronolith/poll HTTP/1.1" 200 387 "http://mail.cup.com/kronolith/" "Mozilla/5.0 (X11; Linux x86_64) AppleWebKit/537.36 (KHTML, like Gecko) Ubuntu Chromium/77.0.3865.90 HeadlessChrome/77.0.3865.90 Safari/537.36"
192.168.10.200 - - [03/Mar/2020:12:52:51 +0000] "POST /services/ajax.php/kronolith/saveEvent HTTP/1.1" 200 643 "http://mail.cup.com/kronolith/" "Mozilla/5.0 (X11; Linux x86_64) AppleWebKit/537.36 (KHTML, like Gecko) Ubuntu Chromium/77.0.3865.90 HeadlessChrome/77.0.3865.90 Safari/537.36"
192.168.10.238 - - [03/Mar/2020:12:52:51 +0000] "GET /services/prefs.php?app=imp HTTP/1.1" 200 4025 "http://mail.cup.com/services/prefs.php?app=horde" "Mozilla/5.0 (X11; Ubuntu; Linux x86_64; rv:73.0) Gecko/20100101 Firefox/73.0"
192.168.10.238 - - [03/Mar/2020:12:52:52 +0000] "GET /imp/themes/default/basic/screen.css HTTP/1.1" 200 1955 "http://mail.cup.com/services/prefs.php?app=imp" "Mozilla/5.0 (X11; Ubuntu; Linux x86_64; rv:73.0) Gecko/20100101 Firefox/73.0"
192.168.10.238 - - [03/Mar/2020:12:52:52 +0000] "GET /imp/themes/default/screen.css HTTP/1.1" 200 3272 "http://mail.cup.com/services/prefs.php?app=imp" "Mozilla/5.0 (X11; Ubuntu; Linux x86_64; rv:73.0) Gecko/20100101 Firefox/73.0"
192.168.10.238 - - [03/Mar/2020:12:52:52 +0000] "GET /themes/default/graphics/navi-center-active.png HTTP/1.1" 200 370 "http://mail.cup.com/themes/default/screen.css" "Mozilla/5.0 (X11; Ubuntu; Linux x86_64; rv:73.0) Gecko/20100101 Firefox/73.0"
192.168.10.238 - - [03/Mar/2020:12:52:52 +0000] "GET /themes/default/graphics/navi-right-active.png HTTP/1.1" 200 429 "http://mail.cup.com/themes/default/screen.css" "Mozilla/5.0 (X11; Ubuntu; Linux x86_64; rv:73.0) Gecko/20100101 Firefox/73.0"
192.168.10.238 - - [03/Mar/2020:12:52:52 +0000] "GET /themes/default/graphics/navi-left-active.png HTTP/1.1" 200 446 "http://mail.cup.com/themes/default/screen.css" "Mozilla/5.0 (X11; Ubuntu; Linux x86_64; rv:73.0) Gecko/20100101 Firefox/73.0"
192.168.10.238 - - [03/Mar/2020:12:52:52 +0000] "GET /imp/themes/default/graphics/favicon.ico HTTP/1.1" 200 2026 "-" "Mozilla/5.0 (X11; Ubuntu; Linux x86_64; rv:73.0) Gecko/20100101 Firefox/73.0"
192.168.10.238 - - [03/Mar/2020:12:52:55 +0000] "GET /services/prefs.php?app=imp&group=delmove HTTP/1.1" 200 5562 "http://mail.cup.com/services/prefs.php?app=imp" "Mozilla/5.0 (X11; Ubuntu; Linux x86_64; rv:73.0) Gecko/20100101 Firefox/73.0"
192.168.10.238 - - [03/Mar/2020:12:52:55 +0000] "GET /imp/js/folderprefs.js?v=29c8308baa6508a21e1be9e3345d1287 HTTP/1.1" 200 1185 "http://mail.cup.com/services/prefs.php?app=imp&group=delmove" "Mozilla/5.0 (X11; Ubuntu; Linux x86_64; rv:73.0) Gecko/20100101 Firefox/73.0"
192.168.10.200 - - [03/Mar/2020:12:52:58 +0000] "GET /services/portal/ HTTP/1.1" 200 8712 "http://mail.cup.com/kronolith/" "Mozilla/5.0 (X11; Linux x86_64) AppleWebKit/537.36 (KHTML, like Gecko) Ubuntu Chromium/77.0.3865.90 HeadlessChrome/77.0.3865.90 Safari/537.36"
192.168.10.200 - - [03/Mar/2020:12:53:04 +0000] "GET /kronolith/ HTTP/1.1" 200 24852 "http://mail.cup.com/services/portal/" "Mozilla/5.0 (X11; Linux x86_64) AppleWebKit/537.36 (KHTML, like Gecko) Ubuntu Chromium/77.0.3865.90 HeadlessChrome/77.0.3865.90 Safari/537.36"
192.168.10.200 - - [03/Mar/2020:12:53:05 +0000] "POST /services/ajax.php/kronolith/listCalendars HTTP/1.1" 200 975 "http://mail.cup.com/kronolith/" "Mozilla/5.0 (X11; Linux x86_64) AppleWebKit/537.36 (KHTML, like Gecko) Ubuntu Chromium/77.0.3865.90 HeadlessChrome/77.0.3865.90 Safari/537.36"
192.168.10.200 - - [03/Mar/2020:12:53:05 +0000] "POST /services/ajax.php/kronolith/listEvents HTTP/1.1" 200 548 "http://mail.cup.com/kronolith/" "Mozilla/5.0 (X11; Linux x86_64) AppleWebKit/537.36 (KHTML, like Gecko) Ubuntu Chromium/77.0.3865.90 HeadlessChrome/77.0.3865.90 Safari/537.36"
192.168.10.200 - - [03/Mar/2020:12:53:05 +0000] "POST /services/ajax.php/kronolith/listEvents HTTP/1.1" 200 2355 "http://mail.cup.com/kronolith/" "Mozilla/5.0 (X11; Linux x86_64) AppleWebKit/537.36 (KHTML, like Gecko) Ubuntu Chromium/77.0.3865.90 HeadlessChrome/77.0.3865.90 Safari/537.36"
192.168.10.238 - - [03/Mar/2020:12:53:09 +0000] "POST /services/prefs.php HTTP/1.1" 200 5658 "http://mail.cup.com/services/prefs.php?app=imp&group=delmove" "Mozilla/5.0 (X11; Ubuntu; Linux x86_64; rv:73.0) Gecko/20100101 Firefox/73.0"
192.168.10.238 - - [03/Mar/2020:12:53:18 +0000] "POST /services/prefs.php HTTP/1.1" 200 5659 "http://mail.cup.com/services/prefs.php" "Mozilla/5.0 (X11; Ubuntu; Linux x86_64; rv:73.0) Gecko/20100101 Firefox/73.0"
192.168.10.200 - - [03/Mar/2020:12:53:44 +0000] "POST /services/ajax.php/kronolith/getEvent HTTP/1.1" 200 688 "http://mail.cup.com/kronolith/" "Mozilla/5.0 (X11; Linux x86_64) AppleWebKit/537.36 (KHTML, like Gecko) Ubuntu Chromium/77.0.3865.90 HeadlessChrome/77.0.3865.90 Safari/537.36"
192.168.10.200 - - [03/Mar/2020:12:53:44 +0000] "POST /services/ajax.php/kronolith/listTopTags HTTP/1.1" 200 452 "http://mail.cup.com/kronolith/" "Mozilla/5.0 (X11; Linux x86_64) AppleWebKit/537.36 (KHTML, like Gecko) Ubuntu Chromium/77.0.3865.90 HeadlessChrome/77.0.3865.90 Safari/537.36"
192.168.10.200 - - [03/Mar/2020:12:53:52 +0000] "POST /services/ajax.php/kronolith/deleteEvent HTTP/1.1" 200 535 "http://mail.cup.com/kronolith/" "Mozilla/5.0 (X11; Linux x86_64) AppleWebKit/537.36 (KHTML, like Gecko) Ubuntu Chromium/77.0.3865.90 HeadlessChrome/77.0.3865.90 Safari/537.36"
192.168.10.238 - - [03/Mar/2020:12:53:53 +0000] "GET /services/portal/ HTTP/1.1" 200 9429 "http://mail.cup.com/services/prefs.php" "Mozilla/5.0 (X11; Ubuntu; Linux x86_64; rv:73.0) Gecko/20100101 Firefox/73.0"
192.168.10.238 - - [03/Mar/2020:12:53:57 +0000] "GET /nag/ HTTP/1.1" 200 8684 "http://mail.cup.com/services/portal/" "Mozilla/5.0 (X11; Ubuntu; Linux x86_64; rv:73.0) Gecko/20100101 Firefox/73.0"
192.168.10.238 - - [03/Mar/2020:12:53:58 +0000] "GET /nag/themes/default/screen.css HTTP/1.1" 200 1132 "http://mail.cup.com/nag/" "Mozilla/5.0 (X11; Ubuntu; Linux x86_64; rv:73.0) Gecko/20100101 Firefox/73.0"
192.168.10.238 - - [03/Mar/2020:12:53:58 +0000] "GET /js/quickfinder.js?v=dc442439853f80a9467ce727c08e9b0e HTTP/1.1" 200 1493 "http://mail.cup.com/nag/" "Mozilla/5.0 (X11; Ubuntu; Linux x86_64; rv:73.0) Gecko/20100101 Firefox/73.0"
192.168.10.238 - - [03/Mar/2020:12:53:58 +0000] "GET /js/tables.js?v=dc442439853f80a9467ce727c08e9b0e HTTP/1.1" 200 2454 "http://mail.cup.com/nag/" "Mozilla/5.0 (X11; Ubuntu; Linux x86_64; rv:73.0) Gecko/20100101 Firefox/73.0"
192.168.10.238 - - [03/Mar/2020:12:53:58 +0000] "GET /js/sidebar.js?v=dc442439853f80a9467ce727c08e9b0e HTTP/1.1" 200 1078 "http://mail.cup.com/nag/" "Mozilla/5.0 (X11; Ubuntu; Linux x86_64; rv:73.0) Gecko/20100101 Firefox/73.0"
192.168.10.238 - - [03/Mar/2020:12:53:58 +0000] "GET /js/redbox.js?v=dc442439853f80a9467ce727c08e9b0e HTTP/1.1" 200 1610 "http://mail.cup.com/nag/" "Mozilla/5.0 (X11; Ubuntu; Linux x86_64; rv:73.0) Gecko/20100101 Firefox/73.0"
192.168.10.238 - - [03/Mar/2020:12:53:58 +0000] "GET /themes/default/graphics/tab.png HTTP/1.1" 200 375 "http://mail.cup.com/themes/default/screen.css" "Mozilla/5.0 (X11; Ubuntu; Linux x86_64; rv:73.0) Gecko/20100101 Firefox/73.0"
192.168.10.238 - - [03/Mar/2020:12:53:58 +0000] "GET /themes/default/graphics/tablehead-bg.png HTTP/1.1" 200 340 "http://mail.cup.com/themes/default/screen.css" "Mozilla/5.0 (X11; Ubuntu; Linux x86_64; rv:73.0) Gecko/20100101 Firefox/73.0"
192.168.10.238 - - [03/Mar/2020:12:53:58 +0000] "GET /themes/default/graphics/az.png HTTP/1.1" 200 532 "http://mail.cup.com/themes/default/screen.css" "Mozilla/5.0 (X11; Ubuntu; Linux x86_64; rv:73.0) Gecko/20100101 Firefox/73.0"
192.168.10.238 - - [03/Mar/2020:12:53:58 +0000] "GET /themes/default/graphics/tablehead-split.png HTTP/1.1" 200 355 "http://mail.cup.com/themes/default/screen.css" "Mozilla/5.0 (X11; Ubuntu; Linux x86_64; rv:73.0) Gecko/20100101 Firefox/73.0"
192.168.10.238 - - [03/Mar/2020:12:53:58 +0000] "GET /nag/themes/default/graphics/add.png HTTP/1.1" 200 780 "http://mail.cup.com/nag/themes/default/screen.css" "Mozilla/5.0 (X11; Ubuntu; Linux x86_64; rv:73.0) Gecko/20100101 Firefox/73.0"
192.168.10.238 - - [03/Mar/2020:12:53:58 +0000] "GET /themes/default/graphics/sidebar-split.png HTTP/1.1" 200 353 "http://mail.cup.com/themes/default/screen.css" "Mozilla/5.0 (X11; Ubuntu; Linux x86_64; rv:73.0) Gecko/20100101 Firefox/73.0"
192.168.10.238 - - [03/Mar/2020:12:53:58 +0000] "GET /themes/default/graphics/sidebar-active-bg.png HTTP/1.1" 200 380 "http://mail.cup.com/themes/default/screen.css" "Mozilla/5.0 (X11; Ubuntu; Linux x86_64; rv:73.0) Gecko/20100101 Firefox/73.0"
192.168.10.238 - - [03/Mar/2020:12:53:58 +0000] "GET /nag/themes/default/graphics/nag.png HTTP/1.1" 200 733 "http://mail.cup.com/nag/themes/default/screen.css" "Mozilla/5.0 (X11; Ubuntu; Linux x86_64; rv:73.0) Gecko/20100101 Firefox/73.0"
192.168.10.238 - - [03/Mar/2020:12:53:58 +0000] "GET /nag/themes/default/graphics/search.png HTTP/1.1" 200 728 "http://mail.cup.com/nag/themes/default/screen.css" "Mozilla/5.0 (X11; Ubuntu; Linux x86_64; rv:73.0) Gecko/20100101 Firefox/73.0"
192.168.10.238 - - [03/Mar/2020:12:53:58 +0000] "GET /themes/default/graphics/data.png HTTP/1.1" 200 654 "http://mail.cup.com/themes/default/screen.css" "Mozilla/5.0 (X11; Ubuntu; Linux x86_64; rv:73.0) Gecko/20100101 Firefox/73.0"
192.168.10.238 - - [03/Mar/2020:12:53:58 +0000] "GET /themes/default/graphics/plus-sidebar.png HTTP/1.1" 200 783 "http://mail.cup.com/themes/default/screen.css" "Mozilla/5.0 (X11; Ubuntu; Linux x86_64; rv:73.0) Gecko/20100101 Firefox/73.0"
192.168.10.238 - - [03/Mar/2020:12:53:58 +0000] "GET /themes/default/graphics/collapse.png HTTP/1.1" 200 494 "http://mail.cup.com/themes/default/screen.css" "Mozilla/5.0 (X11; Ubuntu; Linux x86_64; rv:73.0) Gecko/20100101 Firefox/73.0"
192.168.10.238 - - [03/Mar/2020:12:53:58 +0000] "GET /themes/default/graphics/edit-sidebar-fff.png HTTP/1.1" 200 487 "http://mail.cup.com/themes/default/screen.css" "Mozilla/5.0 (X11; Ubuntu; Linux x86_64; rv:73.0) Gecko/20100101 Firefox/73.0"
192.168.10.238 - - [03/Mar/2020:12:53:58 +0000] "GET /themes/default/graphics/checkbox_on.png HTTP/1.1" 200 745 "http://mail.cup.com/themes/default/screen.css" "Mozilla/5.0 (X11; Ubuntu; Linux x86_64; rv:73.0) Gecko/20100101 Firefox/73.0"
192.168.10.238 - - [03/Mar/2020:12:53:58 +0000] "GET /themes/default/graphics/expand.png HTTP/1.1" 200 501 "http://mail.cup.com/themes/default/screen.css" "Mozilla/5.0 (X11; Ubuntu; Linux x86_64; rv:73.0) Gecko/20100101 Firefox/73.0"
192.168.10.238 - - [03/Mar/2020:12:53:58 +0000] "GET /themes/default/graphics/slidevert-bg.png HTTP/1.1" 200 353 "http://mail.cup.com/themes/default/screen.css" "Mozilla/5.0 (X11; Ubuntu; Linux x86_64; rv:73.0) Gecko/20100101 Firefox/73.0"
192.168.10.238 - - [03/Mar/2020:12:53:58 +0000] "GET /nag/themes/default/graphics/favicon.ico HTTP/1.1" 200 2026 "-" "Mozilla/5.0 (X11; Ubuntu; Linux x86_64; rv:73.0) Gecko/20100101 Firefox/73.0"
192.168.10.200 - - [03/Mar/2020:12:54:00 +0000] "GET /services/portal/ HTTP/1.1" 200 8709 "http://mail.cup.com/kronolith/" "Mozilla/5.0 (X11; Linux x86_64) AppleWebKit/537.36 (KHTML, like Gecko) Ubuntu Chromium/77.0.3865.90 HeadlessChrome/77.0.3865.90 Safari/537.36"
192.168.10.200 - - [03/Mar/2020:12:54:09 +0000] "GET /admin/cmdshell.php HTTP/1.1" 200 4405 "http://mail.cup.com/services/portal/" "Mozilla/5.0 (X11; Linux x86_64) AppleWebKit/537.36 (KHTML, like Gecko) Ubuntu Chromium/77.0.3865.90 HeadlessChrome/77.0.3865.90 Safari/537.36"
192.168.10.200 - - [03/Mar/2020:12:54:17 +0000] "POST /admin/cmdshell.php HTTP/1.1" 200 4467 "http://mail.cup.com/admin/cmdshell.php" "Mozilla/5.0 (X11; Linux x86_64) AppleWebKit/537.36 (KHTML, like Gecko) Ubuntu Chromium/77.0.3865.90 HeadlessChrome/77.0.3865.90 Safari/537.36"
192.168.10.238 - - [03/Mar/2020:12:54:37 +0000] "GET /nag/task.php?actionID=add_task HTTP/1.1" 200 9078 "http://mail.cup.com/nag/" "Mozilla/5.0 (X11; Ubuntu; Linux x86_64; rv:73.0) Gecko/20100101 Firefox/73.0"
192.168.10.238 - - [03/Mar/2020:12:54:37 +0000] "GET /js/form_sections.js?v=dc442439853f80a9467ce727c08e9b0e HTTP/1.1" 200 947 "http://mail.cup.com/nag/task.php?actionID=add_task" "Mozilla/5.0 (X11; Ubuntu; Linux x86_64; rv:73.0) Gecko/20100101 Firefox/73.0"
192.168.10.238 - - [03/Mar/2020:12:54:37 +0000] "GET /js/keynavlist.js?v=dc442439853f80a9467ce727c08e9b0e HTTP/1.1" 200 2835 "http://mail.cup.com/nag/task.php?actionID=add_task" "Mozilla/5.0 (X11; Ubuntu; Linux x86_64; rv:73.0) Gecko/20100101 Firefox/73.0"
192.168.10.238 - - [03/Mar/2020:12:54:37 +0000] "GET /js/autocomplete.js?v=dc442439853f80a9467ce727c08e9b0e HTTP/1.1" 200 3113 "http://mail.cup.com/nag/task.php?actionID=add_task" "Mozilla/5.0 (X11; Ubuntu; Linux x86_64; rv:73.0) Gecko/20100101 Firefox/73.0"
192.168.10.238 - - [03/Mar/2020:12:54:37 +0000] "GET /js/liquidmetal.js?v=dc442439853f80a9467ce727c08e9b0e HTTP/1.1" 200 1737 "http://mail.cup.com/nag/task.php?actionID=add_task" "Mozilla/5.0 (X11; Ubuntu; Linux x86_64; rv:73.0) Gecko/20100101 Firefox/73.0"
192.168.10.238 - - [03/Mar/2020:12:54:37 +0000] "GET /js/imple.js?v=dc442439853f80a9467ce727c08e9b0e HTTP/1.1" 200 947 "http://mail.cup.com/nag/task.php?actionID=add_task" "Mozilla/5.0 (X11; Ubuntu; Linux x86_64; rv:73.0) Gecko/20100101 Firefox/73.0"
192.168.10.238 - - [03/Mar/2020:12:54:37 +0000] "GET /js/calendar.js?v=dc442439853f80a9467ce727c08e9b0e HTTP/1.1" 200 2852 "http://mail.cup.com/nag/task.php?actionID=add_task" "Mozilla/5.0 (X11; Ubuntu; Linux x86_64; rv:73.0) Gecko/20100101 Firefox/73.0"
192.168.10.238 - - [03/Mar/2020:12:54:37 +0000] "GET /nag/js/calendar.js?v=839a6380454bbd865d6aa6063c84bc2b HTTP/1.1" 200 1306 "http://mail.cup.com/nag/task.php?actionID=add_task" "Mozilla/5.0 (X11; Ubuntu; Linux x86_64; rv:73.0) Gecko/20100101 Firefox/73.0"
192.168.10.238 - - [03/Mar/2020:12:54:37 +0000] "GET /nag/js/task.js?v=839a6380454bbd865d6aa6063c84bc2b HTTP/1.1" 200 1022 "http://mail.cup.com/nag/task.php?actionID=add_task" "Mozilla/5.0 (X11; Ubuntu; Linux x86_64; rv:73.0) Gecko/20100101 Firefox/73.0"
192.168.10.200 - - [03/Mar/2020:12:54:50 +0000] "GET /services/portal/ HTTP/1.1" 200 8709 "http://mail.cup.com/admin/cmdshell.php" "Mozilla/5.0 (X11; Linux x86_64) AppleWebKit/537.36 (KHTML, like Gecko) Ubuntu Chromium/77.0.3865.90 HeadlessChrome/77.0.3865.90 Safari/537.36"
192.168.10.238 - - [03/Mar/2020:12:54:51 +0000] "POST /services/ajax.php/horde/imple?token=vvUVv3_nWcB1hHdRuYm7-9e&app=nag&imple=Nag_Ajax_Imple_TagAutoCompleter&input=tags HTTP/1.1" 200 371 "http://mail.cup.com/nag/task.php?actionID=add_task" "Mozilla/5.0 (X11; Ubuntu; Linux x86_64; rv:73.0) Gecko/20100101 Firefox/73.0"
192.168.10.200 - - [03/Mar/2020:12:54:54 +0000] "GET /nag/ HTTP/1.1" 200 9333 "http://mail.cup.com/services/portal/" "Mozilla/5.0 (X11; Linux x86_64) AppleWebKit/537.36 (KHTML, like Gecko) Ubuntu Chromium/77.0.3865.90 HeadlessChrome/77.0.3865.90 Safari/537.36"
::1 - - [03/Mar/2020:12:54:57 +0000] "OPTIONS * HTTP/1.0" 200 110 "-" "Apache/2.4.25 (Debian) OpenSSL/1.0.2u (internal dummy connection)"
::1 - - [03/Mar/2020:12:55:00 +0000] "OPTIONS * HTTP/1.0" 200 110 "-" "Apache/2.4.25 (Debian) OpenSSL/1.0.2u (internal dummy connection)"
::1 - - [03/Mar/2020:12:55:02 +0000] "OPTIONS * HTTP/1.0" 200 110 "-" "Apache/2.4.25 (Debian) OpenSSL/1.0.2u (internal dummy connection)"
192.168.10.238 - - [03/Mar/2020:12:55:21 +0000] "POST /nag/task/save.php HTTP/1.1" 302 412 "http://mail.cup.com/nag/task.php?actionID=add_task" "Mozilla/5.0 (X11; Ubuntu; Linux x86_64; rv:73.0) Gecko/20100101 Firefox/73.0"
192.168.10.238 - - [03/Mar/2020:12:55:22 +0000] "GET /nag/list.php HTTP/1.1" 200 8884 "http://mail.cup.com/nag/task.php?actionID=add_task" "Mozilla/5.0 (X11; Ubuntu; Linux x86_64; rv:73.0) Gecko/20100101 Firefox/73.0"
192.168.10.200 - - [03/Mar/2020:12:55:34 +0000] "GET /nag/task.php?actionID=add_task HTTP/1.1" 200 9368 "http://mail.cup.com/nag/" "Mozilla/5.0 (X11; Linux x86_64) AppleWebKit/537.36 (KHTML, like Gecko) Ubuntu Chromium/77.0.3865.90 HeadlessChrome/77.0.3865.90 Safari/537.36"
192.168.10.200 - - [03/Mar/2020:12:55:47 +0000] "POST /services/ajax.php/horde/imple?token=MEoKhjygL3i-ejFmncGWY6S&app=nag&imple=Nag_Ajax_Imple_TagAutoCompleter&input=tags HTTP/1.1" 200 371 "http://mail.cup.com/nag/task.php?actionID=add_task" "Mozilla/5.0 (X11; Linux x86_64) AppleWebKit/537.36 (KHTML, like Gecko) Ubuntu Chromium/77.0.3865.90 HeadlessChrome/77.0.3865.90 Safari/537.36"
192.168.10.238 - - [03/Mar/2020:12:55:57 +0000] "GET /services/portal/ HTTP/1.1" 200 9487 "http://mail.cup.com/nag/list.php" "Mozilla/5.0 (X11; Ubuntu; Linux x86_64; rv:73.0) Gecko/20100101 Firefox/73.0"
192.168.10.238 - - [03/Mar/2020:12:56:01 +0000] "GET /nag/ HTTP/1.1" 200 8784 "http://mail.cup.com/services/portal/" "Mozilla/5.0 (X11; Ubuntu; Linux x86_64; rv:73.0) Gecko/20100101 Firefox/73.0"
192.168.10.200 - - [03/Mar/2020:12:56:17 +0000] "POST /nag/task/save.php HTTP/1.1" 302 412 "http://mail.cup.com/nag/task.php?actionID=add_task" "Mozilla/5.0 (X11; Linux x86_64) AppleWebKit/537.36 (KHTML, like Gecko) Ubuntu Chromium/77.0.3865.90 HeadlessChrome/77.0.3865.90 Safari/537.36"
192.168.10.200 - - [03/Mar/2020:12:56:17 +0000] "GET /nag/list.php HTTP/1.1" 200 9543 "http://mail.cup.com/nag/task.php?actionID=add_task" "Mozilla/5.0 (X11; Linux x86_64) AppleWebKit/537.36 (KHTML, like Gecko) Ubuntu Chromium/77.0.3865.90 HeadlessChrome/77.0.3865.90 Safari/537.36"
192.168.10.238 - - [03/Mar/2020:12:56:38 +0000] "GET /nag/task.php?tasklist=QenQzj7IndkNvbzcJlsF7sn&task=5lHwFlw74mhlK04MfxaHG3I&actionID=modify_task&have_search&tab_name=1&url=%2Fnag%2F HTTP/1.1" 200 9248 "http://mail.cup.com/nag/" "Mozilla/5.0 (X11; Ubuntu; Linux x86_64; rv:73.0) Gecko/20100101 Firefox/73.0"
192.168.10.238 - - [03/Mar/2020:12:56:42 +0000] "POST /nag/task/save.php HTTP/1.1" 302 411 "http://mail.cup.com/nag/task.php?tasklist=QenQzj7IndkNvbzcJlsF7sn&task=5lHwFlw74mhlK04MfxaHG3I&actionID=modify_task&have_search&tab_name=1&url=%2Fnag%2F" "Mozilla/5.0 (X11; Ubuntu; Linux x86_64; rv:73.0) Gecko/20100101 Firefox/73.0"
192.168.10.238 - - [03/Mar/2020:12:56:42 +0000] "GET /nag/list.php HTTP/1.1" 200 8790 "http://mail.cup.com/nag/task.php?tasklist=QenQzj7IndkNvbzcJlsF7sn&task=5lHwFlw74mhlK04MfxaHG3I&actionID=modify_task&have_search&tab_name=1&url=%2Fnag%2F" "Mozilla/5.0 (X11; Ubuntu; Linux x86_64; rv:73.0) Gecko/20100101 Firefox/73.0"
192.168.10.200 - - [03/Mar/2020:12:56:52 +0000] "GET /services/portal/ HTTP/1.1" 200 8775 "http://mail.cup.com/nag/list.php" "Mozilla/5.0 (X11; Linux x86_64) AppleWebKit/537.36 (KHTML, like Gecko) Ubuntu Chromium/77.0.3865.90 HeadlessChrome/77.0.3865.90 Safari/537.36"
192.168.10.200 - - [03/Mar/2020:12:56:57 +0000] "GET /imp/dynamic.php?page=mailbox HTTP/1.1" 200 8891 "http://mail.cup.com/services/portal/" "Mozilla/5.0 (X11; Linux x86_64) AppleWebKit/537.36 (KHTML, like Gecko) Ubuntu Chromium/77.0.3865.90 HeadlessChrome/77.0.3865.90 Safari/537.36"
192.168.10.200 - - [03/Mar/2020:12:56:57 +0000] "POST /services/ajax.php/imp/dynamicInit HTTP/1.1" 200 1572 "http://mail.cup.com/imp/dynamic.php?page=mailbox" "Mozilla/5.0 (X11; Linux x86_64) AppleWebKit/537.36 (KHTML, like Gecko) Ubuntu Chromium/77.0.3865.90 HeadlessChrome/77.0.3865.90 Safari/537.36"
192.168.10.200 - - [03/Mar/2020:12:57:05 +0000] "POST /services/ajax.php/imp/viewPort HTTP/1.1" 200 939 "http://mail.cup.com/imp/dynamic.php?page=mailbox" "Mozilla/5.0 (X11; Linux x86_64) AppleWebKit/537.36 (KHTML, like Gecko) Ubuntu Chromium/77.0.3865.90 HeadlessChrome/77.0.3865.90 Safari/537.36"
192.168.10.200 - - [03/Mar/2020:12:57:09 +0000] "GET /imp/dynamic.php?page=compose&type=new&token=MEoKhjygL3i-ejFmncGWY6S&uniq=1583240229238 HTTP/1.1" 200 5529 "http://mail.cup.com/imp/dynamic.php?page=mailbox" "Mozilla/5.0 (X11; Linux x86_64) AppleWebKit/537.36 (KHTML, like Gecko) Ubuntu Chromium/77.0.3865.90 HeadlessChrome/77.0.3865.90 Safari/537.36"
192.168.10.200 - - [03/Mar/2020:12:57:16 +0000] "POST /services/ajax.php/imp/addAttachment?jsonhtml=1&token=MEoKhjygL3i-ejFmncGWY6S HTTP/1.1" 200 1218 "http://mail.cup.com/imp/dynamic.php?page=compose&type=new&token=MEoKhjygL3i-ejFmncGWY6S&uniq=1583240229238" "Mozilla/5.0 (X11; Linux x86_64) AppleWebKit/537.36 (KHTML, like Gecko) Ubuntu Chromium/77.0.3865.90 HeadlessChrome/77.0.3865.90 Safari/537.36"
192.168.10.238 - - [03/Mar/2020:12:57:16 +0000] "GET /services/portal/ HTTP/1.1" 200 9461 "http://mail.cup.com/nag/list.php" "Mozilla/5.0 (X11; Ubuntu; Linux x86_64; rv:73.0) Gecko/20100101 Firefox/73.0"
192.168.10.238 - - [03/Mar/2020:12:57:22 +0000] "GET /imp/dynamic.php?page=mailbox HTTP/1.1" 200 8749 "http://mail.cup.com/services/portal/" "Mozilla/5.0 (X11; Ubuntu; Linux x86_64; rv:73.0) Gecko/20100101 Firefox/73.0"
192.168.10.238 - - [03/Mar/2020:12:57:23 +0000] "GET /imp/themes/default/mime.css HTTP/1.1" 200 456 "http://mail.cup.com/imp/dynamic.php?page=mailbox" "Mozilla/5.0 (X11; Ubuntu; Linux x86_64; rv:73.0) Gecko/20100101 Firefox/73.0"
