192.168.10.238 - - [03/Mar/2020:00:25:19 +0000] "POST /services/ajax.php/imp/showMessage HTTP/1.1" 200 5271 "http://mail.cup.com/imp/dynamic.php?page=mailbox" "Mozilla/5.0 (X11; Ubuntu; Linux x86_64; rv:73.0) Gecko/20100101 Firefox/73.0"
192.168.10.4 - - [03/Mar/2020:00:25:21 +0000] "POST /services/ajax.php/imp/sendMessage HTTP/1.1" 200 618 "http://mail.cup.com/imp/dynamic.php?page=message&buid=64&mailbox=SU5CT1g&token=G4_EKR6UCcULieIUtXxjtv1&uniq=1583195107369" "Mozilla/5.0 (X11; Ubuntu; Linux x86_64; rv:73.0) Gecko/20100101 Firefox/73.0"
192.168.10.190 - - [03/Mar/2020:00:25:23 +0000] "GET /services/prefs.php?app=imp&group=delmove HTTP/1.1" 200 5537 "http://mail.cup.com/services/prefs.php?app=imp" "Mozilla/5.0 (X11; Ubuntu; Linux x86_64; rv:73.0) Gecko/20100101 Firefox/73.0"
192.168.10.190 - - [03/Mar/2020:00:25:23 +0000] "GET /imp/themes/default/screen.css HTTP/1.1" 200 3272 "http://mail.cup.com/services/prefs.php?app=imp&group=delmove" "Mozilla/5.0 (X11; Ubuntu; Linux x86_64; rv:73.0) Gecko/20100101 Firefox/73.0"
::1 - - [03/Mar/2020:00:25:25 +0000] "OPTIONS * HTTP/1.0" 200 110 "-" "Apache/2.4.25 (Debian) OpenSSL/1.0.2u (internal dummy connection)"
192.168.10.238 - - [03/Mar/2020:00:25:30 +0000] "GET /imp/dynamic.php?page=message&buid=96&mailbox=SU5CT1g&token=jC4JpulBnuL3SL7h3SqDI72&uniq=1583195130405 HTTP/1.1" 200 7727 "http://mail.cup.com/imp/dynamic.php?page=mailbox" "Mozilla/5.0 (X11; Ubuntu; Linux x86_64; rv:73.0) Gecko/20100101 Firefox/73.0"
192.168.10.238 - - [03/Mar/2020:00:25:34 +0000] "POST /services/ajax.php/imp/getReplyData HTTP/1.1" 200 1145 "http://mail.cup.com/imp/dynamic.php?page=message&buid=96&mailbox=SU5CT1g&token=jC4JpulBnuL3SL7h3SqDI72&uniq=1583195130405" "Mozilla/5.0 (X11; Ubuntu; Linux x86_64; rv:73.0) Gecko/20100101 Firefox/73.0"
192.168.10.190 - - [03/Mar/2020:00:25:35 +0000] "POST /services/prefs.php HTTP/1.1" 200 5635 "http://mail.cup.com/services/prefs.php?app=imp&group=delmove" "Mozilla/5.0 (X11; Ubuntu; Linux x86_64; rv:73.0) Gecko/20100101 Firefox/73.0"
::1 - - [03/Mar/2020:00:25:38 +0000] "OPTIONS * HTTP/1.0" 200 110 "-" "Apache/2.4.25 (Debian) OpenSSL/1.0.2u (internal dummy connection)"
::1 - - [03/Mar/2020:00:25:41 +0000] "OPTIONS * HTTP/1.0" 200 110 "-" "Apache/2.4.25 (Debian) OpenSSL/1.0.2u (internal dummy connection)"
192.168.10.190 - - [03/Mar/2020:00:25:41 +0000] "POST /services/prefs.php HTTP/1.1" 200 5634 "http://mail.cup.com/services/prefs.php" "Mozilla/5.0 (X11; Ubuntu; Linux x86_64; rv:73.0) Gecko/20100101 Firefox/73.0"
192.168.10.238 - - [03/Mar/2020:00:25:42 +0000] "POST /services/ajax.php/imp/addAttachment?jsonhtml=1&token=jC4JpulBnuL3SL7h3SqDI72 HTTP/1.1" 200 1216 "http://mail.cup.com/imp/dynamic.php?page=message&buid=96&mailbox=SU5CT1g&token=jC4JpulBnuL3SL7h3SqDI72&uniq=1583195130405" "Mozilla/5.0 (X11; Ubuntu; Linux x86_64; rv:73.0) Gecko/20100101 Firefox/73.0"
192.168.10.238 - - [03/Mar/2020:00:25:46 +0000] "POST /services/ajax.php/imp/sendMessage HTTP/1.1" 200 619 "http://mail.cup.com/imp/dynamic.php?page=message&buid=96&mailbox=SU5CT1g&token=jC4JpulBnuL3SL7h3SqDI72&uniq=1583195130405" "Mozilla/5.0 (X11; Ubuntu; Linux x86_64; rv:73.0) Gecko/20100101 Firefox/73.0"
192.168.10.4 - - [03/Mar/2020:00:25:49 +0000] "POST /services/ajax.php/kronolith/getEvent HTTP/1.1" 200 676 "http://mail.cup.com/kronolith/" "Mozilla/5.0 (X11; Linux x86_64) AppleWebKit/537.36 (KHTML, like Gecko) Ubuntu Chromium/77.0.3865.90 HeadlessChrome/77.0.3865.90 Safari/537.36"
192.168.10.4 - - [03/Mar/2020:00:25:49 +0000] "POST /services/ajax.php/kronolith/listTopTags HTTP/1.1" 200 441 "http://mail.cup.com/kronolith/" "Mozilla/5.0 (X11; Linux x86_64) AppleWebKit/537.36 (KHTML, like Gecko) Ubuntu Chromium/77.0.3865.90 HeadlessChrome/77.0.3865.90 Safari/537.36"
192.168.10.4 - - [03/Mar/2020:00:25:50 +0000] "GET /mnemo/memo.php?memo=Yg4O2bc3Kr7pKpZuIEASa4j&memolist=89RgPWJTIBGclaMthwQqH1S&actionID=modify_memo HTTP/1.1" 200 6109 "http://mail.cup.com/mnemo/" "Mozilla/5.0 (X11; Linux x86_64) AppleWebKit/537.36 (KHTML, like Gecko) Ubuntu Chromium/77.0.3865.90 HeadlessChrome/77.0.3865.90 Safari/537.36"
192.168.10.4 - - [03/Mar/2020:00:25:55 +0000] "GET /mnemo/memo.php?memo=Yg4O2bc3Kr7pKpZuIEASa4j&memolist=89RgPWJTIBGclaMthwQqH1S&actionID=delete_memos HTTP/1.1" 302 414 "http://mail.cup.com/mnemo/memo.php?memo=Yg4O2bc3Kr7pKpZuIEASa4j&memolist=89RgPWJTIBGclaMthwQqH1S&actionID=modify_memo" "Mozilla/5.0 (X11; Linux x86_64) AppleWebKit/537.36 (KHTML, like Gecko) Ubuntu Chromium/77.0.3865.90 HeadlessChrome/77.0.3865.90 Safari/537.36"
192.168.10.4 - - [03/Mar/2020:00:25:56 +0000] "GET /mnemo/list.php HTTP/1.1" 200 7452 "http://mail.cup.com/mnemo/memo.php?memo=Yg4O2bc3Kr7pKpZuIEASa4j&memolist=89RgPWJTIBGclaMthwQqH1S&actionID=modify_memo" "Mozilla/5.0 (X11; Linux x86_64) AppleWebKit/537.36 (KHTML, like Gecko) Ubuntu Chromium/77.0.3865.90 HeadlessChrome/77.0.3865.90 Safari/537.36"
192.168.10.4 - - [03/Mar/2020:00:25:58 +0000] "POST /services/ajax.php/kronolith/deleteEvent HTTP/1.1" 200 533 "http://mail.cup.com/kronolith/" "Mozilla/5.0 (X11; Linux x86_64) AppleWebKit/537.36 (KHTML, like Gecko) Ubuntu Chromium/77.0.3865.90 HeadlessChrome/77.0.3865.90 Safari/537.36"
192.168.10.4 - - [03/Mar/2020:00:26:00 +0000] "GET /services/portal/ HTTP/1.1" 200 8496 "http://mail.cup.com/imp/dynamic.php?page=mailbox" "Mozilla/5.0 (X11; Ubuntu; Linux x86_64; rv:73.0) Gecko/20100101 Firefox/73.0"
192.168.10.4 - - [03/Mar/2020:00:26:03 +0000] "GET /turba/ HTTP/1.1" 200 4348 "http://mail.cup.com/services/portal/" "Mozilla/5.0 (X11; Ubuntu; Linux x86_64; rv:73.0) Gecko/20100101 Firefox/73.0"
192.168.10.4 - - [03/Mar/2020:00:26:06 +0000] "GET /turba/browse.php HTTP/1.1" 200 5335 "http://mail.cup.com/turba/" "Mozilla/5.0 (X11; Ubuntu; Linux x86_64; rv:73.0) Gecko/20100101 Firefox/73.0"
192.168.10.4 - - [03/Mar/2020:00:26:07 +0000] "GET /services/portal/ HTTP/1.1" 200 9885 "http://mail.cup.com/kronolith/" "Mozilla/5.0 (X11; Linux x86_64) AppleWebKit/537.36 (KHTML, like Gecko) Ubuntu Chromium/77.0.3865.90 HeadlessChrome/77.0.3865.90 Safari/537.36"
192.168.10.4 - - [03/Mar/2020:00:26:10 +0000] "GET /turba/contact.php?source=nxLWfAAh13LLVFVY-gQUzvl&key=tJXsDq3z5M83-bc_9yK4fSm HTTP/1.1" 200 21034 "http://mail.cup.com/turba/browse.php" "Mozilla/5.0 (X11; Ubuntu; Linux x86_64; rv:73.0) Gecko/20100101 Firefox/73.0"
192.168.10.4 - - [03/Mar/2020:00:26:13 +0000] "GET /turba/ HTTP/1.1" 200 4343 "http://mail.cup.com/services/portal/" "Mozilla/5.0 (X11; Linux x86_64) AppleWebKit/537.36 (KHTML, like Gecko) Ubuntu Chromium/77.0.3865.90 HeadlessChrome/77.0.3865.90 Safari/537.36"
192.168.10.200 - - [03/Mar/2020:00:26:16 +0000] "POST /services/ajax.php/horde/topbarUpdate HTTP/1.1" 200 447 "http://mail.cup.com/services/portal/" "Mozilla/5.0 (X11; Ubuntu; Linux x86_64; rv:73.0) Gecko/20100101 Firefox/73.0"
192.168.10.190 - - [03/Mar/2020:00:26:16 +0000] "GET /services/portal/ HTTP/1.1" 200 6982 "http://mail.cup.com/services/prefs.php" "Mozilla/5.0 (X11; Ubuntu; Linux x86_64; rv:73.0) Gecko/20100101 Firefox/73.0"
192.168.10.4 - - [03/Mar/2020:00:26:17 +0000] "GET /turba/browse.php HTTP/1.1" 200 5469 "http://mail.cup.com/turba/" "Mozilla/5.0 (X11; Linux x86_64) AppleWebKit/537.36 (KHTML, like Gecko) Ubuntu Chromium/77.0.3865.90 HeadlessChrome/77.0.3865.90 Safari/537.36"
192.168.10.4 - - [03/Mar/2020:00:26:17 +0000] "POST /turba/delete.php HTTP/1.1" 302 416 "http://mail.cup.com/turba/contact.php?source=nxLWfAAh13LLVFVY-gQUzvl&key=tJXsDq3z5M83-bc_9yK4fSm" "Mozilla/5.0 (X11; Ubuntu; Linux x86_64; rv:73.0) Gecko/20100101 Firefox/73.0"
192.168.10.4 - - [03/Mar/2020:00:26:17 +0000] "GET /turba/search.php HTTP/1.1" 200 4428 "http://mail.cup.com/turba/contact.php?source=nxLWfAAh13LLVFVY-gQUzvl&key=tJXsDq3z5M83-bc_9yK4fSm" "Mozilla/5.0 (X11; Ubuntu; Linux x86_64; rv:73.0) Gecko/20100101 Firefox/73.0"
192.168.10.200 - - [03/Mar/2020:00:26:19 +0000] "POST /services/ajax.php/horde/blockAutoUpdate HTTP/1.1" 200 571 "http://mail.cup.com/services/portal/" "Mozilla/5.0 (X11; Ubuntu; Linux x86_64; rv:73.0) Gecko/20100101 Firefox/73.0"
192.168.10.190 - - [03/Mar/2020:00:26:21 +0000] "GET /kronolith/ HTTP/1.1" 200 24701 "http://mail.cup.com/services/portal/" "Mozilla/5.0 (X11; Ubuntu; Linux x86_64; rv:73.0) Gecko/20100101 Firefox/73.0"
192.168.10.190 - - [03/Mar/2020:00:26:22 +0000] "GET /themes/default/graphics/search-topbar.png HTTP/1.1" 200 631 "http://mail.cup.com/kronolith/" "Mozilla/5.0 (X11; Ubuntu; Linux x86_64; rv:73.0) Gecko/20100101 Firefox/73.0"
192.168.10.190 - - [03/Mar/2020:00:26:22 +0000] "GET /themes/default/graphics/buttonbar-bg.png HTTP/1.1" 200 374 "http://mail.cup.com/themes/default/screen.css" "Mozilla/5.0 (X11; Ubuntu; Linux x86_64; rv:73.0) Gecko/20100101 Firefox/73.0"
192.168.10.190 - - [03/Mar/2020:00:26:22 +0000] "GET /themes/default/graphics/button-split.png HTTP/1.1" 200 341 "http://mail.cup.com/themes/default/screen.css" "Mozilla/5.0 (X11; Ubuntu; Linux x86_64; rv:73.0) Gecko/20100101 Firefox/73.0"
192.168.10.190 - - [03/Mar/2020:00:26:22 +0000] "GET /kronolith/themes/default/graphics/left.png HTTP/1.1" 200 561 "http://mail.cup.com/kronolith/themes/default/screen.css" "Mozilla/5.0 (X11; Ubuntu; Linux x86_64; rv:73.0) Gecko/20100101 Firefox/73.0"
192.168.10.190 - - [03/Mar/2020:00:26:22 +0000] "GET /themes/default/graphics/button-active-bg.png HTTP/1.1" 200 369 "http://mail.cup.com/themes/default/screen.css" "Mozilla/5.0 (X11; Ubuntu; Linux x86_64; rv:73.0) Gecko/20100101 Firefox/73.0"
192.168.10.190 - - [03/Mar/2020:00:26:22 +0000] "GET /kronolith/themes/default/graphics/workweekview.png HTTP/1.1" 200 572 "http://mail.cup.com/kronolith/themes/default/screen.css" "Mozilla/5.0 (X11; Ubuntu; Linux x86_64; rv:73.0) Gecko/20100101 Firefox/73.0"
192.168.10.190 - - [03/Mar/2020:00:26:22 +0000] "GET /kronolith/themes/default/graphics/favicon.ico HTTP/1.1" 200 2027 "-" "Mozilla/5.0 (X11; Ubuntu; Linux x86_64; rv:73.0) Gecko/20100101 Firefox/73.0"
192.168.10.4 - - [03/Mar/2020:00:26:22 +0000] "GET /turba/contact.php?source=SyD1UkyXNtspA5zb9gSd3xo&key=Moo0Ej4SS7_5MEk8HTfJiZZ HTTP/1.1" 200 21063 "http://mail.cup.com/turba/browse.php" "Mozilla/5.0 (X11; Linux x86_64) AppleWebKit/537.36 (KHTML, like Gecko) Ubuntu Chromium/77.0.3865.90 HeadlessChrome/77.0.3865.90 Safari/537.36"
192.168.10.190 - - [03/Mar/2020:00:26:22 +0000] "POST /services/ajax.php/kronolith/listCalendars HTTP/1.1" 200 972 "http://mail.cup.com/kronolith/" "Mozilla/5.0 (X11; Ubuntu; Linux x86_64; rv:73.0) Gecko/20100101 Firefox/73.0"
192.168.10.190 - - [03/Mar/2020:00:26:22 +0000] "POST /services/ajax.php/kronolith/listEvents HTTP/1.1" 200 1207 "http://mail.cup.com/kronolith/" "Mozilla/5.0 (X11; Ubuntu; Linux x86_64; rv:73.0) Gecko/20100101 Firefox/73.0"
192.168.10.190 - - [03/Mar/2020:00:26:22 +0000] "POST /services/ajax.php/kronolith/listEvents HTTP/1.1" 200 549 "http://mail.cup.com/kronolith/" "Mozilla/5.0 (X11; Ubuntu; Linux x86_64; rv:73.0) Gecko/20100101 Firefox/73.0"
192.168.10.238 - - [03/Mar/2020:00:26:29 +0000] "GET /services/portal/ HTTP/1.1" 200 8265 "http://mail.cup.com/imp/dynamic.php?page=mailbox" "Mozilla/5.0 (X11; Ubuntu; Linux x86_64; rv:73.0) Gecko/20100101 Firefox/73.0"
192.168.10.4 - - [03/Mar/2020:00:26:32 +0000] "POST /turba/delete.php HTTP/1.1" 302 416 "http://mail.cup.com/turba/contact.php?source=SyD1UkyXNtspA5zb9gSd3xo&key=Moo0Ej4SS7_5MEk8HTfJiZZ" "Mozilla/5.0 (X11; Linux x86_64) AppleWebKit/537.36 (KHTML, like Gecko) Ubuntu Chromium/77.0.3865.90 HeadlessChrome/77.0.3865.90 Safari/537.36"
192.168.10.4 - - [03/Mar/2020:00:26:32 +0000] "GET /turba/search.php HTTP/1.1" 200 4430 "http://mail.cup.com/turba/contact.php?source=SyD1UkyXNtspA5zb9gSd3xo&key=Moo0Ej4SS7_5MEk8HTfJiZZ" "Mozilla/5.0 (X11; Linux x86_64) AppleWebKit/537.36 (KHTML, like Gecko) Ubuntu Chromium/77.0.3865.90 HeadlessChrome/77.0.3865.90 Safari/537.36"
192.168.10.190 - - [03/Mar/2020:00:26:32 +0000] "GET /themes/default/graphics/tab.png HTTP/1.1" 200 376 "http://mail.cup.com/themes/default/screen.css" "Mozilla/5.0 (X11; Ubuntu; Linux x86_64; rv:73.0) Gecko/20100101 Firefox/73.0"
192.168.10.4 - - [03/Mar/2020:00:26:32 +0000] "GET /services/portal/ HTTP/1.1" 200 8022 "http://mail.cup.com/mnemo/list.php" "Mozilla/5.0 (X11; Linux x86_64) AppleWebKit/537.36 (KHTML, like Gecko) Ubuntu Chromium/77.0.3865.90 HeadlessChrome/77.0.3865.90 Safari/537.36"
192.168.10.190 - - [03/Mar/2020:00:26:32 +0000] "POST /services/ajax.php/kronolith/listTopTags HTTP/1.1" 200 447 "http://mail.cup.com/kronolith/" "Mozilla/5.0 (X11; Ubuntu; Linux x86_64; rv:73.0) Gecko/20100101 Firefox/73.0"
192.168.10.238 - - [03/Mar/2020:00:26:33 +0000] "GET /nag/ HTTP/1.1" 200 8040 "http://mail.cup.com/services/portal/" "Mozilla/5.0 (X11; Ubuntu; Linux x86_64; rv:73.0) Gecko/20100101 Firefox/73.0"
192.168.10.4 - - [03/Mar/2020:00:26:38 +0000] "GET /imp/dynamic.php?page=mailbox HTTP/1.1" 200 8748 "http://mail.cup.com/services/portal/" "Mozilla/5.0 (X11; Linux x86_64) AppleWebKit/537.36 (KHTML, like Gecko) Ubuntu Chromium/77.0.3865.90 HeadlessChrome/77.0.3865.90 Safari/537.36"
192.168.10.4 - - [03/Mar/2020:00:26:38 +0000] "POST /services/ajax.php/imp/dynamicInit HTTP/1.1" 200 1551 "http://mail.cup.com/imp/dynamic.php?page=mailbox" "Mozilla/5.0 (X11; Linux x86_64) AppleWebKit/537.36 (KHTML, like Gecko) Ubuntu Chromium/77.0.3865.90 HeadlessChrome/77.0.3865.90 Safari/537.36"
::1 - - [03/Mar/2020:00:26:47 +0000] "OPTIONS * HTTP/1.0" 200 110 "-" "Apache/2.4.25 (Debian) OpenSSL/1.0.2u (internal dummy connection)"
192.168.10.4 - - [03/Mar/2020:00:26:47 +0000] "POST /services/ajax.php/imp/viewPort HTTP/1.1" 200 913 "http://mail.cup.com/imp/dynamic.php?page=mailbox" "Mozilla/5.0 (X11; Linux x86_64) AppleWebKit/537.36 (KHTML, like Gecko) Ubuntu Chromium/77.0.3865.90 HeadlessChrome/77.0.3865.90 Safari/537.36"
192.168.10.4 - - [03/Mar/2020:00:26:51 +0000] "GET /services/portal/ HTTP/1.1" 200 8496 "http://mail.cup.com/turba/search.php" "Mozilla/5.0 (X11; Ubuntu; Linux x86_64; rv:73.0) Gecko/20100101 Firefox/73.0"
192.168.10.4 - - [03/Mar/2020:00:26:54 +0000] "GET /kronolith/ HTTP/1.1" 200 24702 "http://mail.cup.com/services/portal/" "Mozilla/5.0 (X11; Ubuntu; Linux x86_64; rv:73.0) Gecko/20100101 Firefox/73.0"
192.168.10.4 - - [03/Mar/2020:00:26:55 +0000] "POST /services/ajax.php/kronolith/listCalendars HTTP/1.1" 200 974 "http://mail.cup.com/kronolith/" "Mozilla/5.0 (X11; Ubuntu; Linux x86_64; rv:73.0) Gecko/20100101 Firefox/73.0"
192.168.10.4 - - [03/Mar/2020:00:26:55 +0000] "POST /services/ajax.php/kronolith/listEvents HTTP/1.1" 200 549 "http://mail.cup.com/kronolith/" "Mozilla/5.0 (X11; Ubuntu; Linux x86_64; rv:73.0) Gecko/20100101 Firefox/73.0"
192.168.10.4 - - [03/Mar/2020:00:26:55 +0000] "POST /services/ajax.php/kronolith/listEvents HTTP/1.1" 200 1473 "http://mail.cup.com/kronolith/" "Mozilla/5.0 (X11; Ubuntu; Linux x86_64; rv:73.0) Gecko/20100101 Firefox/73.0"
192.168.10.4 - - [03/Mar/2020:00:26:56 +0000] "POST /services/ajax.php/imp/showMessage HTTP/1.1" 200 3356 "http://mail.cup.com/imp/dynamic.php?page=mailbox" "Mozilla/5.0 (X11; Linux x86_64) AppleWebKit/537.36 (KHTML, like Gecko) Ubuntu Chromium/77.0.3865.90 HeadlessChrome/77.0.3865.90 Safari/537.36"
192.168.10.4 - - [03/Mar/2020:00:26:59 +0000] "POST /services/ajax.php/kronolith/listTopTags HTTP/1.1" 200 444 "http://mail.cup.com/kronolith/" "Mozilla/5.0 (X11; Ubuntu; Linux x86_64; rv:73.0) Gecko/20100101 Firefox/73.0"
192.168.10.190 - - [03/Mar/2020:00:27:00 +0000] "POST /services/ajax.php/kronolith/saveEvent HTTP/1.1" 200 639 "http://mail.cup.com/kronolith/" "Mozilla/5.0 (X11; Ubuntu; Linux x86_64; rv:73.0) Gecko/20100101 Firefox/73.0"
192.168.10.4 - - [03/Mar/2020:00:27:06 +0000] "GET /imp/dynamic.php?page=message&buid=32&mailbox=SU5CT1g&token=koaBasuZAbAyBSMbTpoA3Su&uniq=1583195226686 HTTP/1.1" 200 8012 "http://mail.cup.com/imp/dynamic.php?page=mailbox" "Mozilla/5.0 (X11; Linux x86_64) AppleWebKit/537.36 (KHTML, like Gecko) Ubuntu Chromium/77.0.3865.90 HeadlessChrome/77.0.3865.90 Safari/537.36"
192.168.10.190 - - [03/Mar/2020:00:27:07 +0000] "GET /services/portal/ HTTP/1.1" 200 7028 "http://mail.cup.com/kronolith/" "Mozilla/5.0 (X11; Ubuntu; Linux x86_64; rv:73.0) Gecko/20100101 Firefox/73.0"
192.168.10.4 - - [03/Mar/2020:00:27:08 +0000] "GET /services/portal/ HTTP/1.1" 200 9901 "http://mail.cup.com/turba/search.php" "Mozilla/5.0 (X11; Linux x86_64) AppleWebKit/537.36 (KHTML, like Gecko) Ubuntu Chromium/77.0.3865.90 HeadlessChrome/77.0.3865.90 Safari/537.36"
192.168.10.4 - - [03/Mar/2020:00:27:11 +0000] "POST /services/ajax.php/imp/getReplyData HTTP/1.1" 200 1438 "http://mail.cup.com/imp/dynamic.php?page=message&buid=32&mailbox=SU5CT1g&token=koaBasuZAbAyBSMbTpoA3Su&uniq=1583195226686" "Mozilla/5.0 (X11; Linux x86_64) AppleWebKit/537.36 (KHTML, like Gecko) Ubuntu Chromium/77.0.3865.90 HeadlessChrome/77.0.3865.90 Safari/537.36"
192.168.10.4 - - [03/Mar/2020:00:27:11 +0000] "GET /mnemo/ HTTP/1.1" 200 6887 "http://mail.cup.com/services/portal/" "Mozilla/5.0 (X11; Linux x86_64) AppleWebKit/537.36 (KHTML, like Gecko) Ubuntu Chromium/77.0.3865.90 HeadlessChrome/77.0.3865.90 Safari/537.36"
192.168.10.190 - - [03/Mar/2020:00:27:12 +0000] "GET /nag/ HTTP/1.1" 200 5220 "http://mail.cup.com/services/portal/" "Mozilla/5.0 (X11; Ubuntu; Linux x86_64; rv:73.0) Gecko/20100101 Firefox/73.0"
192.168.10.190 - - [03/Mar/2020:00:27:12 +0000] "GET /nag/themes/default/screen.css HTTP/1.1" 200 1132 "http://mail.cup.com/nag/" "Mozilla/5.0 (X11; Ubuntu; Linux x86_64; rv:73.0) Gecko/20100101 Firefox/73.0"
192.168.10.238 - - [03/Mar/2020:00:27:13 +0000] "GET /nag/task.php?tasklist=QenQzj7IndkNvbzcJlsF7sn&task=VmrCvouuirCU8wdPL6Mrcaf&actionID=modify_task&have_search&tab_name=1&url=%2Fnag%2F HTTP/1.1" 200 9133 "http://mail.cup.com/nag/" "Mozilla/5.0 (X11; Ubuntu; Linux x86_64; rv:73.0) Gecko/20100101 Firefox/73.0"
192.168.10.4 - - [03/Mar/2020:00:27:15 +0000] "POST /services/ajax.php/kronolith/saveEvent HTTP/1.1" 200 648 "http://mail.cup.com/kronolith/" "Mozilla/5.0 (X11; Ubuntu; Linux x86_64; rv:73.0) Gecko/20100101 Firefox/73.0"
192.168.10.4 - - [03/Mar/2020:00:27:18 +0000] "POST /services/ajax.php/imp/sendMessage HTTP/1.1" 200 649 "http://mail.cup.com/imp/dynamic.php?page=message&buid=32&mailbox=SU5CT1g&token=koaBasuZAbAyBSMbTpoA3Su&uniq=1583195226686" "Mozilla/5.0 (X11; Linux x86_64) AppleWebKit/537.36 (KHTML, like Gecko) Ubuntu Chromium/77.0.3865.90 HeadlessChrome/77.0.3865.90 Safari/537.36"
192.168.10.238 - - [03/Mar/2020:00:27:19 +0000] "POST /nag/task/save.php HTTP/1.1" 302 412 "http://mail.cup.com/nag/task.php?tasklist=QenQzj7IndkNvbzcJlsF7sn&task=VmrCvouuirCU8wdPL6Mrcaf&actionID=modify_task&have_search&tab_name=1&url=%2Fnag%2F" "Mozilla/5.0 (X11; Ubuntu; Linux x86_64; rv:73.0) Gecko/20100101 Firefox/73.0"
192.168.10.238 - - [03/Mar/2020:00:27:19 +0000] "GET /nag/list.php HTTP/1.1" 200 8038 "http://mail.cup.com/nag/task.php?tasklist=QenQzj7IndkNvbzcJlsF7sn&task=VmrCvouuirCU8wdPL6Mrcaf&actionID=modify_task&have_search&tab_name=1&url=%2Fnag%2F" "Mozilla/5.0 (X11; Ubuntu; Linux x86_64; rv:73.0) Gecko/20100101 Firefox/73.0"
192.168.10.4 - - [03/Mar/2020:00:27:21 +0000] "GET /services/portal/ HTTP/1.1" 200 8618 "http://mail.cup.com/kronolith/" "Mozilla/5.0 (X11; Ubuntu; Linux x86_64; rv:73.0) Gecko/20100101 Firefox/73.0"
192.168.10.4 - - [03/Mar/2020:00:27:25 +0000] "GET /nag/ HTTP/1.1" 200 8989 "http://mail.cup.com/services/portal/" "Mozilla/5.0 (X11; Ubuntu; Linux x86_64; rv:73.0) Gecko/20100101 Firefox/73.0"
192.168.10.4 - - [03/Mar/2020:00:27:50 +0000] "GET /mnemo/memo.php?memo=q4DpPWnLYAqEbQId_iUXZmK&memolist=GfyHH3mWu_0ppAH7BrWV0PY&actionID=modify_memo HTTP/1.1" 200 6097 "http://mail.cup.com/mnemo/" "Mozilla/5.0 (X11; Linux x86_64) AppleWebKit/537.36 (KHTML, like Gecko) Ubuntu Chromium/77.0.3865.90 HeadlessChrome/77.0.3865.90 Safari/537.36"
192.168.10.190 - - [03/Mar/2020:00:27:50 +0000] "GET /nag/task.php?actionID=add_task HTTP/1.1" 200 8892 "http://mail.cup.com/nag/" "Mozilla/5.0 (X11; Ubuntu; Linux x86_64; rv:73.0) Gecko/20100101 Firefox/73.0"
192.168.10.238 - - [03/Mar/2020:00:27:53 +0000] "GET /services/portal/ HTTP/1.1" 200 8169 "http://mail.cup.com/nag/list.php" "Mozilla/5.0 (X11; Ubuntu; Linux x86_64; rv:73.0) Gecko/20100101 Firefox/73.0"
192.168.10.4 - - [03/Mar/2020:00:27:53 +0000] "GET /mnemo/memo.php?memo=q4DpPWnLYAqEbQId_iUXZmK&memolist=GfyHH3mWu_0ppAH7BrWV0PY&actionID=delete_memos HTTP/1.1" 302 413 "http://mail.cup.com/mnemo/memo.php?memo=q4DpPWnLYAqEbQId_iUXZmK&memolist=GfyHH3mWu_0ppAH7BrWV0PY&actionID=modify_memo" "Mozilla/5.0 (X11; Linux x86_64) AppleWebKit/537.36 (KHTML, like Gecko) Ubuntu Chromium/77.0.3865.90 HeadlessChrome/77.0.3865.90 Safari/537.36"
192.168.10.4 - - [03/Mar/2020:00:27:54 +0000] "GET /mnemo/list.php HTTP/1.1" 200 6917 "http://mail.cup.com/mnemo/memo.php?memo=q4DpPWnLYAqEbQId_iUXZmK&memolist=GfyHH3mWu_0ppAH7BrWV0PY&actionID=modify_memo" "Mozilla/5.0 (X11; Linux x86_64) AppleWebKit/537.36 (KHTML, like Gecko) Ubuntu Chromium/77.0.3865.90 HeadlessChrome/77.0.3865.90 Safari/537.36"
192.168.10.238 - - [03/Mar/2020:00:27:57 +0000] "GET /turba/ HTTP/1.1" 200 4346 "http://mail.cup.com/services/portal/" "Mozilla/5.0 (X11; Ubuntu; Linux x86_64; rv:73.0) Gecko/20100101 Firefox/73.0"
192.168.10.4 - - [03/Mar/2020:00:28:00 +0000] "GET /services/portal/ HTTP/1.1" 200 8054 "http://mail.cup.com/imp/dynamic.php?page=mailbox" "Mozilla/5.0 (X11; Linux x86_64) AppleWebKit/537.36 (KHTML, like Gecko) Ubuntu Chromium/77.0.3865.90 HeadlessChrome/77.0.3865.90 Safari/537.36"
192.168.10.238 - - [03/Mar/2020:00:28:00 +0000] "GET /turba/browse.php HTTP/1.1" 200 5201 "http://mail.cup.com/turba/" "Mozilla/5.0 (X11; Ubuntu; Linux x86_64; rv:73.0) Gecko/20100101 Firefox/73.0"
192.168.10.238 - - [03/Mar/2020:00:28:01 +0000] "GET /turba/themes/default/graphics/delete.png HTTP/1.1" 200 580 "http://mail.cup.com/turba/themes/default/screen.css" "Mozilla/5.0 (X11; Ubuntu; Linux x86_64; rv:73.0) Gecko/20100101 Firefox/73.0"
192.168.10.238 - - [03/Mar/2020:00:28:01 +0000] "GET /turba/themes/default/graphics/edit.png HTTP/1.1" 200 561 "http://mail.cup.com/turba/themes/default/screen.css" "Mozilla/5.0 (X11; Ubuntu; Linux x86_64; rv:73.0) Gecko/20100101 Firefox/73.0"
192.168.10.190 - - [03/Mar/2020:00:28:01 +0000] "POST /services/ajax.php/horde/imple?token=-JmXj-yu9dLJgXmEkuxSGyf&app=nag&imple=Nag_Ajax_Imple_TagAutoCompleter&input=tags HTTP/1.1" 200 371 "http://mail.cup.com/nag/task.php?actionID=add_task" "Mozilla/5.0 (X11; Ubuntu; Linux x86_64; rv:73.0) Gecko/20100101 Firefox/73.0"
192.168.10.4 - - [03/Mar/2020:00:28:03 +0000] "GET /nag/task.php?actionID=add_task HTTP/1.1" 200 9175 "http://mail.cup.com/nag/" "Mozilla/5.0 (X11; Ubuntu; Linux x86_64; rv:73.0) Gecko/20100101 Firefox/73.0"
192.168.10.238 - - [03/Mar/2020:00:28:05 +0000] "GET /turba/contact.php?source=TqFHsWfZToba1tTZJ6XZaYw&key=UT1R9vHjZ_yxyuaD38bMSx4 HTTP/1.1" 200 21045 "http://mail.cup.com/turba/browse.php" "Mozilla/5.0 (X11; Ubuntu; Linux x86_64; rv:73.0) Gecko/20100101 Firefox/73.0"
192.168.10.238 - - [03/Mar/2020:00:28:05 +0000] "GET /turba/themes/default/graphics/turba.png HTTP/1.1" 200 626 "http://mail.cup.com/turba/themes/default/screen.css" "Mozilla/5.0 (X11; Ubuntu; Linux x86_64; rv:73.0) Gecko/20100101 Firefox/73.0"
192.168.10.238 - - [03/Mar/2020:00:28:12 +0000] "POST /turba/delete.php HTTP/1.1" 302 416 "http://mail.cup.com/turba/contact.php?source=TqFHsWfZToba1tTZJ6XZaYw&key=UT1R9vHjZ_yxyuaD38bMSx4" "Mozilla/5.0 (X11; Ubuntu; Linux x86_64; rv:73.0) Gecko/20100101 Firefox/73.0"
192.168.10.238 - - [03/Mar/2020:00:28:12 +0000] "GET /turba/search.php HTTP/1.1" 200 4431 "http://mail.cup.com/turba/contact.php?source=TqFHsWfZToba1tTZJ6XZaYw&key=UT1R9vHjZ_yxyuaD38bMSx4" "Mozilla/5.0 (X11; Ubuntu; Linux x86_64; rv:73.0) Gecko/20100101 Firefox/73.0"
192.168.10.4 - - [03/Mar/2020:00:28:13 +0000] "POST /services/ajax.php/horde/imple?token=G4_EKR6UCcULieIUtXxjtv1&app=nag&imple=Nag_Ajax_Imple_TagAutoCompleter&input=tags HTTP/1.1" 200 381 "http://mail.cup.com/nag/task.php?actionID=add_task" "Mozilla/5.0 (X11; Ubuntu; Linux x86_64; rv:73.0) Gecko/20100101 Firefox/73.0"
192.168.10.190 - - [03/Mar/2020:00:28:27 +0000] "POST /nag/task/save.php HTTP/1.1" 302 412 "http://mail.cup.com/nag/task.php?actionID=add_task" "Mozilla/5.0 (X11; Ubuntu; Linux x86_64; rv:73.0) Gecko/20100101 Firefox/73.0"
192.168.10.190 - - [03/Mar/2020:00:28:27 +0000] "GET /nag/list.php HTTP/1.1" 200 8205 "http://mail.cup.com/nag/task.php?actionID=add_task" "Mozilla/5.0 (X11; Ubuntu; Linux x86_64; rv:73.0) Gecko/20100101 Firefox/73.0"
192.168.10.4 - - [03/Mar/2020:00:28:27 +0000] "GET /services/portal/ HTTP/1.1" 200 9820 "http://mail.cup.com/mnemo/list.php" "Mozilla/5.0 (X11; Linux x86_64) AppleWebKit/537.36 (KHTML, like Gecko) Ubuntu Chromium/77.0.3865.90 HeadlessChrome/77.0.3865.90 Safari/537.36"
192.168.10.190 - - [03/Mar/2020:00:28:28 +0000] "GET /themes/default/graphics/tablehead-bg.png HTTP/1.1" 200 340 "http://mail.cup.com/themes/default/screen.css" "Mozilla/5.0 (X11; Ubuntu; Linux x86_64; rv:73.0) Gecko/20100101 Firefox/73.0"
192.168.10.4 - - [03/Mar/2020:00:28:32 +0000] "POST /nag/task/save.php HTTP/1.1" 302 412 "http://mail.cup.com/nag/task.php?actionID=add_task" "Mozilla/5.0 (X11; Ubuntu; Linux x86_64; rv:73.0) Gecko/20100101 Firefox/73.0"
192.168.10.4 - - [03/Mar/2020:00:28:32 +0000] "GET /nag/list.php HTTP/1.1" 200 9239 "http://mail.cup.com/nag/task.php?actionID=add_task" "Mozilla/5.0 (X11; Ubuntu; Linux x86_64; rv:73.0) Gecko/20100101 Firefox/73.0"
192.168.10.4 - - [03/Mar/2020:00:28:35 +0000] "GET /services/portal/ HTTP/1.1" 200 8020 "http://mail.cup.com/services/portal/" "Mozilla/5.0 (X11; Linux x86_64) AppleWebKit/537.36 (KHTML, like Gecko) Ubuntu Chromium/77.0.3865.90 HeadlessChrome/77.0.3865.90 Safari/537.36"
192.168.10.4 - - [03/Mar/2020:00:28:36 +0000] "GET /services/prefs.php?app=horde HTTP/1.1" 200 3653 "http://mail.cup.com/services/portal/" "Mozilla/5.0 (X11; Linux x86_64) AppleWebKit/537.36 (KHTML, like Gecko) Ubuntu Chromium/77.0.3865.90 HeadlessChrome/77.0.3865.90 Safari/537.36"
192.168.10.4 - - [03/Mar/2020:00:28:40 +0000] "GET /kronolith/ HTTP/1.1" 200 24699 "http://mail.cup.com/services/portal/" "Mozilla/5.0 (X11; Linux x86_64) AppleWebKit/537.36 (KHTML, like Gecko) Ubuntu Chromium/77.0.3865.90 HeadlessChrome/77.0.3865.90 Safari/537.36"
192.168.10.4 - - [03/Mar/2020:00:28:40 +0000] "POST /services/ajax.php/kronolith/listCalendars HTTP/1.1" 200 967 "http://mail.cup.com/kronolith/" "Mozilla/5.0 (X11; Linux x86_64) AppleWebKit/537.36 (KHTML, like Gecko) Ubuntu Chromium/77.0.3865.90 HeadlessChrome/77.0.3865.90 Safari/537.36"
192.168.10.4 - - [03/Mar/2020:00:28:40 +0000] "GET /services/prefs.php?app=horde&group=identities HTTP/1.1" 200 4574 "http://mail.cup.com/services/prefs.php?app=horde" "Mozilla/5.0 (X11; Linux x86_64) AppleWebKit/537.36 (KHTML, like Gecko) Ubuntu Chromium/77.0.3865.90 HeadlessChrome/77.0.3865.90 Safari/537.36"
192.168.10.4 - - [03/Mar/2020:00:28:40 +0000] "POST /services/ajax.php/kronolith/listEvents HTTP/1.1" 200 549 "http://mail.cup.com/kronolith/" "Mozilla/5.0 (X11; Linux x86_64) AppleWebKit/537.36 (KHTML, like Gecko) Ubuntu Chromium/77.0.3865.90 HeadlessChrome/77.0.3865.90 Safari/537.36"
192.168.10.4 - - [03/Mar/2020:00:28:40 +0000] "POST /services/ajax.php/kronolith/listEvents HTTP/1.1" 200 1115 "http://mail.cup.com/kronolith/" "Mozilla/5.0 (X11; Linux x86_64) AppleWebKit/537.36 (KHTML, like Gecko) Ubuntu Chromium/77.0.3865.90 HeadlessChrome/77.0.3865.90 Safari/537.36"
192.168.10.4 - - [03/Mar/2020:00:28:47 +0000] "POST /services/prefs.php HTTP/1.1" 200 4606 "http://mail.cup.com/services/prefs.php?app=horde&group=identities" "Mozilla/5.0 (X11; Linux x86_64) AppleWebKit/537.36 (KHTML, like Gecko) Ubuntu Chromium/77.0.3865.90 HeadlessChrome/77.0.3865.90 Safari/537.36"
192.168.10.238 - - [03/Mar/2020:00:28:47 +0000] "GET /services/portal/ HTTP/1.1" 200 8165 "http://mail.cup.com/turba/search.php" "Mozilla/5.0 (X11; Ubuntu; Linux x86_64; rv:73.0) Gecko/20100101 Firefox/73.0"
192.168.10.238 - - [03/Mar/2020:00:28:51 +0000] "GET /turba/ HTTP/1.1" 200 4348 "http://mail.cup.com/services/portal/" "Mozilla/5.0 (X11; Ubuntu; Linux x86_64; rv:73.0) Gecko/20100101 Firefox/73.0"
192.168.10.238 - - [03/Mar/2020:00:28:56 +0000] "GET /turba/browse.php HTTP/1.1" 200 5131 "http://mail.cup.com/turba/" "Mozilla/5.0 (X11; Ubuntu; Linux x86_64; rv:73.0) Gecko/20100101 Firefox/73.0"
192.168.10.4 - - [03/Mar/2020:00:28:57 +0000] "GET /services/prefs.php?app=horde HTTP/1.1" 200 3649 "http://mail.cup.com/services/prefs.php" "Mozilla/5.0 (X11; Linux x86_64) AppleWebKit/537.36 (KHTML, like Gecko) Ubuntu Chromium/77.0.3865.90 HeadlessChrome/77.0.3865.90 Safari/537.36"
192.168.10.238 - - [03/Mar/2020:00:29:02 +0000] "GET /turba/contact.php?source=TqFHsWfZToba1tTZJ6XZaYw&key=3cdXtJiPht4D4q0XESdS0MO HTTP/1.1" 200 21051 "http://mail.cup.com/turba/browse.php" "Mozilla/5.0 (X11; Ubuntu; Linux x86_64; rv:73.0) Gecko/20100101 Firefox/73.0"
192.168.10.238 - - [03/Mar/2020:00:29:02 +0000] "GET /turba/themes/default/graphics/turba.png HTTP/1.1" 200 626 "http://mail.cup.com/turba/themes/default/screen.css" "Mozilla/5.0 (X11; Ubuntu; Linux x86_64; rv:73.0) Gecko/20100101 Firefox/73.0"
192.168.10.190 - - [03/Mar/2020:00:29:02 +0000] "GET /services/portal/ HTTP/1.1" 200 7837 "http://mail.cup.com/nag/list.php" "Mozilla/5.0 (X11; Ubuntu; Linux x86_64; rv:73.0) Gecko/20100101 Firefox/73.0"
192.168.10.190 - - [03/Mar/2020:00:29:03 +0000] "GET /ingo/themes/default/graphics/whitelist.png HTTP/1.1" 200 814 "http://mail.cup.com/ingo/themes/default/block/screen.css" "Mozilla/5.0 (X11; Ubuntu; Linux x86_64; rv:73.0) Gecko/20100101 Firefox/73.0"
192.168.10.4 - - [03/Mar/2020:00:29:03 +0000] "GET /services/prefs.php?app=imp HTTP/1.1" 200 4024 "http://mail.cup.com/services/prefs.php?app=horde" "Mozilla/5.0 (X11; Linux x86_64) AppleWebKit/537.36 (KHTML, like Gecko) Ubuntu Chromium/77.0.3865.90 HeadlessChrome/77.0.3865.90 Safari/537.36"
192.168.10.4 - - [03/Mar/2020:00:29:04 +0000] "GET /services/portal/ HTTP/1.1" 200 8687 "http://mail.cup.com/nag/list.php" "Mozilla/5.0 (X11; Ubuntu; Linux x86_64; rv:73.0) Gecko/20100101 Firefox/73.0"
192.168.10.4 - - [03/Mar/2020:00:29:06 +0000] "GET /services/prefs.php?app=imp&group=delmove HTTP/1.1" 200 5543 "http://mail.cup.com/services/prefs.php?app=imp" "Mozilla/5.0 (X11; Linux x86_64) AppleWebKit/537.36 (KHTML, like Gecko) Ubuntu Chromium/77.0.3865.90 HeadlessChrome/77.0.3865.90 Safari/537.36"
192.168.10.190 - - [03/Mar/2020:00:29:08 +0000] "GET /imp/dynamic.php?page=mailbox HTTP/1.1" 200 8748 "http://mail.cup.com/services/portal/" "Mozilla/5.0 (X11; Ubuntu; Linux x86_64; rv:73.0) Gecko/20100101 Firefox/73.0"
192.168.10.190 - - [03/Mar/2020:00:29:08 +0000] "GET /imp/themes/default/mime.css HTTP/1.1" 200 456 "http://mail.cup.com/imp/dynamic.php?page=mailbox" "Mozilla/5.0 (X11; Ubuntu; Linux x86_64; rv:73.0) Gecko/20100101 Firefox/73.0"
192.168.10.190 - - [03/Mar/2020:00:29:08 +0000] "GET /imp/themes/default/dynamic/screen.css HTTP/1.1" 200 2796 "http://mail.cup.com/imp/dynamic.php?page=mailbox" "Mozilla/5.0 (X11; Ubuntu; Linux x86_64; rv:73.0) Gecko/20100101 Firefox/73.0"
192.168.10.190 - - [03/Mar/2020:00:29:09 +0000] "POST /services/ajax.php/imp/dynamicInit HTTP/1.1" 200 1727 "http://mail.cup.com/imp/dynamic.php?page=mailbox" "Mozilla/5.0 (X11; Ubuntu; Linux x86_64; rv:73.0) Gecko/20100101 Firefox/73.0"
192.168.10.4 - - [03/Mar/2020:00:29:10 +0000] "GET /services/prefs.php?app=horde HTTP/1.1" 200 3654 "http://mail.cup.com/services/portal/" "Mozilla/5.0 (X11; Ubuntu; Linux x86_64; rv:73.0) Gecko/20100101 Firefox/73.0"
192.168.10.238 - - [03/Mar/2020:00:29:10 +0000] "POST /turba/delete.php HTTP/1.1" 302 416 "http://mail.cup.com/turba/contact.php?source=TqFHsWfZToba1tTZJ6XZaYw&key=3cdXtJiPht4D4q0XESdS0MO" "Mozilla/5.0 (X11; Ubuntu; Linux x86_64; rv:73.0) Gecko/20100101 Firefox/73.0"
192.168.10.238 - - [03/Mar/2020:00:29:11 +0000] "GET /turba/search.php HTTP/1.1" 200 4431 "http://mail.cup.com/turba/contact.php?source=TqFHsWfZToba1tTZJ6XZaYw&key=3cdXtJiPht4D4q0XESdS0MO" "Mozilla/5.0 (X11; Ubuntu; Linux x86_64; rv:73.0) Gecko/20100101 Firefox/73.0"
192.168.10.4 - - [03/Mar/2020:00:29:14 +0000] "GET /services/prefs.php?app=horde&group=identities HTTP/1.1" 200 4580 "http://mail.cup.com/services/prefs.php?app=horde" "Mozilla/5.0 (X11; Ubuntu; Linux x86_64; rv:73.0) Gecko/20100101 Firefox/73.0"
192.168.10.4 - - [03/Mar/2020:00:29:16 +0000] "POST /services/prefs.php HTTP/1.1" 200 4605 "http://mail.cup.com/services/prefs.php?app=horde&group=identities" "Mozilla/5.0 (X11; Ubuntu; Linux x86_64; rv:73.0) Gecko/20100101 Firefox/73.0"
192.168.10.190 - - [03/Mar/2020:00:29:18 +0000] "POST /services/ajax.php/imp/viewPort HTTP/1.1" 200 1099 "http://mail.cup.com/imp/dynamic.php?page=mailbox" "Mozilla/5.0 (X11; Ubuntu; Linux x86_64; rv:73.0) Gecko/20100101 Firefox/73.0"
192.168.10.4 - - [03/Mar/2020:00:29:22 +0000] "GET /services/prefs.php?app=horde HTTP/1.1" 200 3656 "http://mail.cup.com/services/prefs.php" "Mozilla/5.0 (X11; Ubuntu; Linux x86_64; rv:73.0) Gecko/20100101 Firefox/73.0"
192.168.10.4 - - [03/Mar/2020:00:29:23 +0000] "POST /services/prefs.php HTTP/1.1" 200 5635 "http://mail.cup.com/services/prefs.php?app=imp&group=delmove" "Mozilla/5.0 (X11; Linux x86_64) AppleWebKit/537.36 (KHTML, like Gecko) Ubuntu Chromium/77.0.3865.90 HeadlessChrome/77.0.3865.90 Safari/537.36"
192.168.10.4 - - [03/Mar/2020:00:29:25 +0000] "GET /services/prefs.php?app=imp HTTP/1.1" 200 4024 "http://mail.cup.com/services/prefs.php?app=horde" "Mozilla/5.0 (X11; Ubuntu; Linux x86_64; rv:73.0) Gecko/20100101 Firefox/73.0"
192.168.10.190 - - [03/Mar/2020:00:29:26 +0000] "POST /services/ajax.php/imp/showMessage HTTP/1.1" 200 3087 "http://mail.cup.com/imp/dynamic.php?page=mailbox" "Mozilla/5.0 (X11; Ubuntu; Linux x86_64; rv:73.0) Gecko/20100101 Firefox/73.0"
192.168.10.4 - - [03/Mar/2020:00:29:28 +0000] "GET /services/prefs.php?app=imp&group=delmove HTTP/1.1" 200 5537 "http://mail.cup.com/services/prefs.php?app=imp" "Mozilla/5.0 (X11; Ubuntu; Linux x86_64; rv:73.0) Gecko/20100101 Firefox/73.0"
192.168.10.4 - - [03/Mar/2020:00:29:30 +0000] "POST /services/prefs.php HTTP/1.1" 200 5635 "http://mail.cup.com/services/prefs.php" "Mozilla/5.0 (X11; Linux x86_64) AppleWebKit/537.36 (KHTML, like Gecko) Ubuntu Chromium/77.0.3865.90 HeadlessChrome/77.0.3865.90 Safari/537.36"
192.168.10.190 - - [03/Mar/2020:00:29:38 +0000] "GET /imp/dynamic.php?page=message&buid=28&mailbox=SU5CT1g&token=-JmXj-yu9dLJgXmEkuxSGyf&uniq=1583195378027 HTTP/1.1" 200 7356 "http://mail.cup.com/imp/dynamic.php?page=mailbox" "Mozilla/5.0 (X11; Ubuntu; Linux x86_64; rv:73.0) Gecko/20100101 Firefox/73.0"
192.168.10.4 - - [03/Mar/2020:00:29:38 +0000] "POST /services/prefs.php HTTP/1.1" 200 5639 "http://mail.cup.com/services/prefs.php?app=imp&group=delmove" "Mozilla/5.0 (X11; Ubuntu; Linux x86_64; rv:73.0) Gecko/20100101 Firefox/73.0"
192.168.10.190 - - [03/Mar/2020:00:29:38 +0000] "GET /imp/themes/default/graphics/favicon.ico HTTP/1.1" 200 2026 "-" "Mozilla/5.0 (X11; Ubuntu; Linux x86_64; rv:73.0) Gecko/20100101 Firefox/73.0"
192.168.10.4 - - [03/Mar/2020:00:29:40 +0000] "POST /services/ajax.php/kronolith/poll HTTP/1.1" 200 387 "http://mail.cup.com/kronolith/" "Mozilla/5.0 (X11; Linux x86_64) AppleWebKit/537.36 (KHTML, like Gecko) Ubuntu Chromium/77.0.3865.90 HeadlessChrome/77.0.3865.90 Safari/537.36"
192.168.10.190 - - [03/Mar/2020:00:29:41 +0000] "POST /services/ajax.php/imp/getReplyData HTTP/1.1" 200 936 "http://mail.cup.com/imp/dynamic.php?page=message&buid=28&mailbox=SU5CT1g&token=-JmXj-yu9dLJgXmEkuxSGyf&uniq=1583195378027" "Mozilla/5.0 (X11; Ubuntu; Linux x86_64; rv:73.0) Gecko/20100101 Firefox/73.0"
192.168.10.4 - - [03/Mar/2020:00:29:44 +0000] "POST /services/prefs.php HTTP/1.1" 200 5638 "http://mail.cup.com/services/prefs.php" "Mozilla/5.0 (X11; Ubuntu; Linux x86_64; rv:73.0) Gecko/20100101 Firefox/73.0"
192.168.10.238 - - [03/Mar/2020:00:29:46 +0000] "GET /services/portal/ HTTP/1.1" 200 8172 "http://mail.cup.com/turba/search.php" "Mozilla/5.0 (X11; Ubuntu; Linux x86_64; rv:73.0) Gecko/20100101 Firefox/73.0"
192.168.10.190 - - [03/Mar/2020:00:29:46 +0000] "POST /services/ajax.php/imp/sendMessage HTTP/1.1" 200 638 "http://mail.cup.com/imp/dynamic.php?page=message&buid=28&mailbox=SU5CT1g&token=-JmXj-yu9dLJgXmEkuxSGyf&uniq=1583195378027" "Mozilla/5.0 (X11; Ubuntu; Linux x86_64; rv:73.0) Gecko/20100101 Firefox/73.0"
192.168.10.238 - - [03/Mar/2020:00:29:53 +0000] "GET /kronolith/ HTTP/1.1" 200 24704 "http://mail.cup.com/services/portal/" "Mozilla/5.0 (X11; Ubuntu; Linux x86_64; rv:73.0) Gecko/20100101 Firefox/73.0"
192.168.10.238 - - [03/Mar/2020:00:29:53 +0000] "GET /kronolith/themes/default/screen.css HTTP/1.1" 200 2772 "http://mail.cup.com/kronolith/" "Mozilla/5.0 (X11; Ubuntu; Linux x86_64; rv:73.0) Gecko/20100101 Firefox/73.0"
192.168.10.4 - - [03/Mar/2020:00:29:53 +0000] "GET /services/portal/ HTTP/1.1" 200 8021 "http://mail.cup.com/kronolith/" "Mozilla/5.0 (X11; Linux x86_64) AppleWebKit/537.36 (KHTML, like Gecko) Ubuntu Chromium/77.0.3865.90 HeadlessChrome/77.0.3865.90 Safari/537.36"
192.168.10.238 - - [03/Mar/2020:00:29:53 +0000] "GET /kronolith/themes/default/graphics/left.png HTTP/1.1" 200 561 "http://mail.cup.com/kronolith/themes/default/screen.css" "Mozilla/5.0 (X11; Ubuntu; Linux x86_64; rv:73.0) Gecko/20100101 Firefox/73.0"
192.168.10.238 - - [03/Mar/2020:00:29:53 +0000] "POST /services/ajax.php/kronolith/listCalendars HTTP/1.1" 200 970 "http://mail.cup.com/kronolith/" "Mozilla/5.0 (X11; Ubuntu; Linux x86_64; rv:73.0) Gecko/20100101 Firefox/73.0"
192.168.10.238 - - [03/Mar/2020:00:29:53 +0000] "POST /services/ajax.php/kronolith/listEvents HTTP/1.1" 200 549 "http://mail.cup.com/kronolith/" "Mozilla/5.0 (X11; Ubuntu; Linux x86_64; rv:73.0) Gecko/20100101 Firefox/73.0"
192.168.10.238 - - [03/Mar/2020:00:29:53 +0000] "POST /services/ajax.php/kronolith/listEvents HTTP/1.1" 200 1305 "http://mail.cup.com/kronolith/" "Mozilla/5.0 (X11; Ubuntu; Linux x86_64; rv:73.0) Gecko/20100101 Firefox/73.0"
192.168.10.4 - - [03/Mar/2020:00:29:58 +0000] "GET /imp/dynamic.php?page=mailbox HTTP/1.1" 200 8745 "http://mail.cup.com/services/portal/" "Mozilla/5.0 (X11; Linux x86_64) AppleWebKit/537.36 (KHTML, like Gecko) Ubuntu Chromium/77.0.3865.90 HeadlessChrome/77.0.3865.90 Safari/537.36"
192.168.10.4 - - [03/Mar/2020:00:29:59 +0000] "POST /services/ajax.php/imp/dynamicInit HTTP/1.1" 200 1545 "http://mail.cup.com/imp/dynamic.php?page=mailbox" "Mozilla/5.0 (X11; Linux x86_64) AppleWebKit/537.36 (KHTML, like Gecko) Ubuntu Chromium/77.0.3865.90 HeadlessChrome/77.0.3865.90 Safari/537.36"
192.168.10.238 - - [03/Mar/2020:00:30:00 +0000] "POST /services/ajax.php/kronolith/listTopTags HTTP/1.1" 200 459 "http://mail.cup.com/kronolith/" "Mozilla/5.0 (X11; Ubuntu; Linux x86_64; rv:73.0) Gecko/20100101 Firefox/73.0"
192.168.10.4 - - [03/Mar/2020:00:30:05 +0000] "GET /services/portal/ HTTP/1.1" 200 9823 "http://mail.cup.com/services/prefs.php" "Mozilla/5.0 (X11; Linux x86_64) AppleWebKit/537.36 (KHTML, like Gecko) Ubuntu Chromium/77.0.3865.90 HeadlessChrome/77.0.3865.90 Safari/537.36"
192.168.10.4 - - [03/Mar/2020:00:30:08 +0000] "POST /services/ajax.php/imp/viewPort HTTP/1.1" 200 916 "http://mail.cup.com/imp/dynamic.php?page=mailbox" "Mozilla/5.0 (X11; Linux x86_64) AppleWebKit/537.36 (KHTML, like Gecko) Ubuntu Chromium/77.0.3865.90 HeadlessChrome/77.0.3865.90 Safari/537.36"
192.168.10.4 - - [03/Mar/2020:00:30:11 +0000] "GET /kronolith/ HTTP/1.1" 200 24708 "http://mail.cup.com/services/portal/" "Mozilla/5.0 (X11; Linux x86_64) AppleWebKit/537.36 (KHTML, like Gecko) Ubuntu Chromium/77.0.3865.90 HeadlessChrome/77.0.3865.90 Safari/537.36"
192.168.10.4 - - [03/Mar/2020:00:30:11 +0000] "POST /services/ajax.php/kronolith/listCalendars HTTP/1.1" 200 972 "http://mail.cup.com/kronolith/" "Mozilla/5.0 (X11; Linux x86_64) AppleWebKit/537.36 (KHTML, like Gecko) Ubuntu Chromium/77.0.3865.90 HeadlessChrome/77.0.3865.90 Safari/537.36"
192.168.10.4 - - [03/Mar/2020:00:30:11 +0000] "POST /services/ajax.php/kronolith/listEvents HTTP/1.1" 200 549 "http://mail.cup.com/kronolith/" "Mozilla/5.0 (X11; Linux x86_64) AppleWebKit/537.36 (KHTML, like Gecko) Ubuntu Chromium/77.0.3865.90 HeadlessChrome/77.0.3865.90 Safari/537.36"
192.168.10.4 - - [03/Mar/2020:00:30:11 +0000] "POST /services/ajax.php/kronolith/listEvents HTTP/1.1" 200 2126 "http://mail.cup.com/kronolith/" "Mozilla/5.0 (X11; Linux x86_64) AppleWebKit/537.36 (KHTML, like Gecko) Ubuntu Chromium/77.0.3865.90 HeadlessChrome/77.0.3865.90 Safari/537.36"
192.168.10.4 - - [03/Mar/2020:00:30:12 +0000] "POST /services/ajax.php/imp/showMessage HTTP/1.1" 200 3369 "http://mail.cup.com/imp/dynamic.php?page=mailbox" "Mozilla/5.0 (X11; Linux x86_64) AppleWebKit/537.36 (KHTML, like Gecko) Ubuntu Chromium/77.0.3865.90 HeadlessChrome/77.0.3865.90 Safari/537.36"
192.168.10.4 - - [03/Mar/2020:00:30:16 +0000] "POST /services/ajax.php/imp/deleteMessages HTTP/1.1" 200 553 "http://mail.cup.com/imp/dynamic.php?page=mailbox" "Mozilla/5.0 (X11; Linux x86_64) AppleWebKit/537.36 (KHTML, like Gecko) Ubuntu Chromium/77.0.3865.90 HeadlessChrome/77.0.3865.90 Safari/537.36"
192.168.10.4 - - [03/Mar/2020:00:30:18 +0000] "GET /services/portal/ HTTP/1.1" 200 8757 "http://mail.cup.com/services/prefs.php" "Mozilla/5.0 (X11; Ubuntu; Linux x86_64; rv:73.0) Gecko/20100101 Firefox/73.0"
192.168.10.4 - - [03/Mar/2020:00:30:21 +0000] "GET /imp/dynamic.php?page=mailbox HTTP/1.1" 200 8744 "http://mail.cup.com/services/portal/" "Mozilla/5.0 (X11; Ubuntu; Linux x86_64; rv:73.0) Gecko/20100101 Firefox/73.0"
192.168.10.4 - - [03/Mar/2020:00:30:22 +0000] "POST /services/ajax.php/imp/dynamicInit HTTP/1.1" 200 1666 "http://mail.cup.com/imp/dynamic.php?page=mailbox" "Mozilla/5.0 (X11; Ubuntu; Linux x86_64; rv:73.0) Gecko/20100101 Firefox/73.0"
192.168.10.4 - - [03/Mar/2020:00:30:22 +0000] "GET /themes/default/graphics/za.png HTTP/1.1" 200 525 "http://mail.cup.com/themes/default/screen.css" "Mozilla/5.0 (X11; Ubuntu; Linux x86_64; rv:73.0) Gecko/20100101 Firefox/73.0"
192.168.10.4 - - [03/Mar/2020:00:30:27 +0000] "POST /services/ajax.php/imp/viewPort HTTP/1.1" 200 1026 "http://mail.cup.com/imp/dynamic.php?page=mailbox" "Mozilla/5.0 (X11; Ubuntu; Linux x86_64; rv:73.0) Gecko/20100101 Firefox/73.0"
192.168.10.238 - - [03/Mar/2020:00:30:28 +0000] "POST /services/ajax.php/kronolith/saveEvent HTTP/1.1" 200 642 "http://mail.cup.com/kronolith/" "Mozilla/5.0 (X11; Ubuntu; Linux x86_64; rv:73.0) Gecko/20100101 Firefox/73.0"
192.168.10.190 - - [03/Mar/2020:00:30:29 +0000] "GET /services/portal/ HTTP/1.1" 200 7844 "http://mail.cup.com/imp/dynamic.php?page=mailbox" "Mozilla/5.0 (X11; Ubuntu; Linux x86_64; rv:73.0) Gecko/20100101 Firefox/73.0"
192.168.10.4 - - [03/Mar/2020:00:30:32 +0000] "POST /services/ajax.php/imp/showMessage HTTP/1.1" 200 2669 "http://mail.cup.com/imp/dynamic.php?page=mailbox" "Mozilla/5.0 (X11; Ubuntu; Linux x86_64; rv:73.0) Gecko/20100101 Firefox/73.0"
192.168.10.238 - - [03/Mar/2020:00:30:34 +0000] "GET /services/portal/ HTTP/1.1" 200 8202 "http://mail.cup.com/kronolith/" "Mozilla/5.0 (X11; Ubuntu; Linux x86_64; rv:73.0) Gecko/20100101 Firefox/73.0"
192.168.10.190 - - [03/Mar/2020:00:30:36 +0000] "GET /mnemo/ HTTP/1.1" 200 5874 "http://mail.cup.com/services/portal/" "Mozilla/5.0 (X11; Ubuntu; Linux x86_64; rv:73.0) Gecko/20100101 Firefox/73.0"
192.168.10.4 - - [03/Mar/2020:00:30:38 +0000] "GET /imp/dynamic.php?page=message&buid=60&mailbox=SU5CT1g&token=G4_EKR6UCcULieIUtXxjtv1&uniq=1583195438110 HTTP/1.1" 200 7211 "http://mail.cup.com/imp/dynamic.php?page=mailbox" "Mozilla/5.0 (X11; Ubuntu; Linux x86_64; rv:73.0) Gecko/20100101 Firefox/73.0"
192.168.10.238 - - [03/Mar/2020:00:30:40 +0000] "GET /nag/ HTTP/1.1" 200 7936 "http://mail.cup.com/services/portal/" "Mozilla/5.0 (X11; Ubuntu; Linux x86_64; rv:73.0) Gecko/20100101 Firefox/73.0"
192.168.10.4 - - [03/Mar/2020:00:30:41 +0000] "POST /services/ajax.php/imp/getReplyData HTTP/1.1" 200 869 "http://mail.cup.com/imp/dynamic.php?page=message&buid=60&mailbox=SU5CT1g&token=G4_EKR6UCcULieIUtXxjtv1&uniq=1583195438110" "Mozilla/5.0 (X11; Ubuntu; Linux x86_64; rv:73.0) Gecko/20100101 Firefox/73.0"
192.168.10.4 - - [03/Mar/2020:00:30:44 +0000] "POST /services/ajax.php/imp/sendMessage HTTP/1.1" 200 630 "http://mail.cup.com/imp/dynamic.php?page=message&buid=60&mailbox=SU5CT1g&token=G4_EKR6UCcULieIUtXxjtv1&uniq=1583195438110" "Mozilla/5.0 (X11; Ubuntu; Linux x86_64; rv:73.0) Gecko/20100101 Firefox/73.0"
192.168.10.4 - - [03/Mar/2020:00:30:50 +0000] "GET /services/portal/ HTTP/1.1" 200 8022 "http://mail.cup.com/imp/dynamic.php?page=mailbox" "Mozilla/5.0 (X11; Linux x86_64) AppleWebKit/537.36 (KHTML, like Gecko) Ubuntu Chromium/77.0.3865.90 HeadlessChrome/77.0.3865.90 Safari/537.36"
192.168.10.4 - - [03/Mar/2020:00:30:53 +0000] "POST /services/ajax.php/kronolith/listTopTags HTTP/1.1" 200 443 "http://mail.cup.com/kronolith/" "Mozilla/5.0 (X11; Linux x86_64) AppleWebKit/537.36 (KHTML, like Gecko) Ubuntu Chromium/77.0.3865.90 HeadlessChrome/77.0.3865.90 Safari/537.36"
192.168.10.4 - - [03/Mar/2020:00:30:56 +0000] "GET /kronolith/ HTTP/1.1" 200 24699 "http://mail.cup.com/services/portal/" "Mozilla/5.0 (X11; Linux x86_64) AppleWebKit/537.36 (KHTML, like Gecko) Ubuntu Chromium/77.0.3865.90 HeadlessChrome/77.0.3865.90 Safari/537.36"
192.168.10.4 - - [03/Mar/2020:00:30:56 +0000] "POST /services/ajax.php/kronolith/listCalendars HTTP/1.1" 200 967 "http://mail.cup.com/kronolith/" "Mozilla/5.0 (X11; Linux x86_64) AppleWebKit/537.36 (KHTML, like Gecko) Ubuntu Chromium/77.0.3865.90 HeadlessChrome/77.0.3865.90 Safari/537.36"
192.168.10.4 - - [03/Mar/2020:00:30:57 +0000] "POST /services/ajax.php/kronolith/listEvents HTTP/1.1" 200 1115 "http://mail.cup.com/kronolith/" "Mozilla/5.0 (X11; Linux x86_64) AppleWebKit/537.36 (KHTML, like Gecko) Ubuntu Chromium/77.0.3865.90 HeadlessChrome/77.0.3865.90 Safari/537.36"
192.168.10.4 - - [03/Mar/2020:00:30:57 +0000] "POST /services/ajax.php/kronolith/listEvents HTTP/1.1" 200 549 "http://mail.cup.com/kronolith/" "Mozilla/5.0 (X11; Linux x86_64) AppleWebKit/537.36 (KHTML, like Gecko) Ubuntu Chromium/77.0.3865.90 HeadlessChrome/77.0.3865.90 Safari/537.36"
192.168.10.4 - - [03/Mar/2020:00:31:11 +0000] "POST /services/ajax.php/kronolith/poll HTTP/1.1" 200 387 "http://mail.cup.com/kronolith/" "Mozilla/5.0 (X11; Linux x86_64) AppleWebKit/537.36 (KHTML, like Gecko) Ubuntu Chromium/77.0.3865.90 HeadlessChrome/77.0.3865.90 Safari/537.36"
192.168.10.190 - - [03/Mar/2020:00:31:15 +0000] "GET /mnemo/memo.php?actionID=add_memo HTTP/1.1" 200 5977 "http://mail.cup.com/mnemo/" "Mozilla/5.0 (X11; Ubuntu; Linux x86_64; rv:73.0) Gecko/20100101 Firefox/73.0"
192.168.10.200 - - [03/Mar/2020:00:31:16 +0000] "POST /services/ajax.php/horde/topbarUpdate HTTP/1.1" 200 447 "http://mail.cup.com/services/portal/" "Mozilla/5.0 (X11; Ubuntu; Linux x86_64; rv:73.0) Gecko/20100101 Firefox/73.0"
192.168.10.238 - - [03/Mar/2020:00:31:17 +0000] "GET /nag/task.php?tasklist=QenQzj7IndkNvbzcJlsF7sn&task=a6DC3pEWe83b2MVknSXvKou&actionID=modify_task&have_search&tab_name=1&url=%2Fnag%2F HTTP/1.1" 200 9094 "http://mail.cup.com/nag/" "Mozilla/5.0 (X11; Ubuntu; Linux x86_64; rv:73.0) Gecko/20100101 Firefox/73.0"
192.168.10.200 - - [03/Mar/2020:00:31:19 +0000] "POST /services/ajax.php/horde/blockAutoUpdate HTTP/1.1" 200 571 "http://mail.cup.com/services/portal/" "Mozilla/5.0 (X11; Ubuntu; Linux x86_64; rv:73.0) Gecko/20100101 Firefox/73.0"
192.168.10.238 - - [03/Mar/2020:00:31:20 +0000] "POST /nag/task/save.php HTTP/1.1" 302 411 "http://mail.cup.com/nag/task.php?tasklist=QenQzj7IndkNvbzcJlsF7sn&task=a6DC3pEWe83b2MVknSXvKou&actionID=modify_task&have_search&tab_name=1&url=%2Fnag%2F" "Mozilla/5.0 (X11; Ubuntu; Linux x86_64; rv:73.0) Gecko/20100101 Firefox/73.0"
192.168.10.238 - - [03/Mar/2020:00:31:20 +0000] "GET /nag/list.php HTTP/1.1" 200 7924 "http://mail.cup.com/nag/task.php?tasklist=QenQzj7IndkNvbzcJlsF7sn&task=a6DC3pEWe83b2MVknSXvKou&actionID=modify_task&have_search&tab_name=1&url=%2Fnag%2F" "Mozilla/5.0 (X11; Ubuntu; Linux x86_64; rv:73.0) Gecko/20100101 Firefox/73.0"
192.168.10.4 - - [03/Mar/2020:00:31:23 +0000] "GET /services/portal/ HTTP/1.1" 200 8683 "http://mail.cup.com/imp/dynamic.php?page=mailbox" "Mozilla/5.0 (X11; Ubuntu; Linux x86_64; rv:73.0) Gecko/20100101 Firefox/73.0"
192.168.10.190 - - [03/Mar/2020:00:31:25 +0000] "POST /services/ajax.php/horde/imple?token=-JmXj-yu9dLJgXmEkuxSGyf&app=mnemo&imple=Mnemo_Ajax_Imple_TagAutoCompleter&input=memo_tags HTTP/1.1" 200 376 "http://mail.cup.com/mnemo/memo.php?actionID=add_memo" "Mozilla/5.0 (X11; Ubuntu; Linux x86_64; rv:73.0) Gecko/20100101 Firefox/73.0"
192.168.10.4 - - [03/Mar/2020:00:31:26 +0000] "POST /services/ajax.php/kronolith/saveEvent HTTP/1.1" 200 643 "http://mail.cup.com/kronolith/" "Mozilla/5.0 (X11; Linux x86_64) AppleWebKit/537.36 (KHTML, like Gecko) Ubuntu Chromium/77.0.3865.90 HeadlessChrome/77.0.3865.90 Safari/537.36"
192.168.10.4 - - [03/Mar/2020:00:31:26 +0000] "GET /kronolith/ HTTP/1.1" 200 24702 "http://mail.cup.com/services/portal/" "Mozilla/5.0 (X11; Ubuntu; Linux x86_64; rv:73.0) Gecko/20100101 Firefox/73.0"
192.168.10.4 - - [03/Mar/2020:00:31:26 +0000] "POST /services/ajax.php/kronolith/listCalendars HTTP/1.1" 200 974 "http://mail.cup.com/kronolith/" "Mozilla/5.0 (X11; Ubuntu; Linux x86_64; rv:73.0) Gecko/20100101 Firefox/73.0"
192.168.10.4 - - [03/Mar/2020:00:31:27 +0000] "POST /services/ajax.php/kronolith/listEvents HTTP/1.1" 200 549 "http://mail.cup.com/kronolith/" "Mozilla/5.0 (X11; Ubuntu; Linux x86_64; rv:73.0) Gecko/20100101 Firefox/73.0"
192.168.10.4 - - [03/Mar/2020:00:31:27 +0000] "POST /services/ajax.php/kronolith/listEvents HTTP/1.1" 200 1563 "http://mail.cup.com/kronolith/" "Mozilla/5.0 (X11; Ubuntu; Linux x86_64; rv:73.0) Gecko/20100101 Firefox/73.0"
192.168.10.190 - - [03/Mar/2020:00:31:29 +0000] "POST /mnemo/memo.php HTTP/1.1" 302 413 "http://mail.cup.com/mnemo/memo.php?actionID=add_memo" "Mozilla/5.0 (X11; Ubuntu; Linux x86_64; rv:73.0) Gecko/20100101 Firefox/73.0"
