192.168.10.190 - - [04/Mar/2020:19:25:08 +0000] "POST /services/ajax.php/imp/viewPort HTTP/1.1" 200 1040 "http://mail.cup.com/imp/dynamic.php?page=mailbox" "Mozilla/5.0 (X11; Linux x86_64) AppleWebKit/537.36 (KHTML, like Gecko) Ubuntu Chromium/77.0.3865.90 HeadlessChrome/77.0.3865.90 Safari/537.36"
192.168.10.190 - - [04/Mar/2020:19:25:08 +0000] "POST /services/ajax.php/imp/sendMessage HTTP/1.1" 200 618 "http://mail.cup.com/imp/dynamic.php?page=message&buid=73&mailbox=SU5CT1g&token=AH-DmTcIMUmddmhXl3BBPcs&uniq=1583349895171" "Mozilla/5.0 (X11; Ubuntu; Linux x86_64; rv:73.0) Gecko/20100101 Firefox/73.0"
192.168.10.190 - - [04/Mar/2020:19:25:10 +0000] "POST /services/ajax.php/imp/showMessage HTTP/1.1" 200 3110 "http://mail.cup.com/imp/dynamic.php?page=mailbox" "Mozilla/5.0 (X11; Linux x86_64) AppleWebKit/537.36 (KHTML, like Gecko) Ubuntu Chromium/77.0.3865.90 HeadlessChrome/77.0.3865.90 Safari/537.36"
192.168.10.190 - - [04/Mar/2020:19:25:12 +0000] "GET /login.php HTTP/1.1" 200 2532 "-" "Mozilla/5.0 (X11; Ubuntu; Linux x86_64; rv:73.0) Gecko/20100101 Firefox/73.0"
192.168.10.190 - - [04/Mar/2020:19:25:12 +0000] "POST /services/ajax.php/imp/deleteMessages HTTP/1.1" 200 551 "http://mail.cup.com/imp/dynamic.php?page=mailbox" "Mozilla/5.0 (X11; Linux x86_64) AppleWebKit/537.36 (KHTML, like Gecko) Ubuntu Chromium/77.0.3865.90 HeadlessChrome/77.0.3865.90 Safari/537.36"
192.168.10.4 - - [04/Mar/2020:19:25:12 +0000] "GET /mnemo/memo.php?actionID=add_memo HTTP/1.1" 200 5978 "http://mail.cup.com/mnemo/" "Mozilla/5.0 (X11; Ubuntu; Linux x86_64; rv:73.0) Gecko/20100101 Firefox/73.0"
192.168.10.4 - - [04/Mar/2020:19:25:17 +0000] "POST /services/ajax.php/horde/imple?token=sFTBOQ5-4PcD0ch6GeuaTW1&app=mnemo&imple=Mnemo_Ajax_Imple_TagAutoCompleter&input=memo_tags HTTP/1.1" 200 371 "http://mail.cup.com/mnemo/memo.php?actionID=add_memo" "Mozilla/5.0 (X11; Ubuntu; Linux x86_64; rv:73.0) Gecko/20100101 Firefox/73.0"
192.168.10.4 - - [04/Mar/2020:19:25:19 +0000] "POST /mnemo/memo.php HTTP/1.1" 302 413 "http://mail.cup.com/mnemo/memo.php?actionID=add_memo" "Mozilla/5.0 (X11; Ubuntu; Linux x86_64; rv:73.0) Gecko/20100101 Firefox/73.0"
192.168.10.4 - - [04/Mar/2020:19:25:19 +0000] "GET /mnemo/list.php HTTP/1.1" 200 5621 "http://mail.cup.com/mnemo/memo.php?actionID=add_memo" "Mozilla/5.0 (X11; Ubuntu; Linux x86_64; rv:73.0) Gecko/20100101 Firefox/73.0"
192.168.10.190 - - [04/Mar/2020:19:25:23 +0000] "POST /login.php HTTP/1.1" 302 601 "http://mail.cup.com/login.php" "Mozilla/5.0 (X11; Ubuntu; Linux x86_64; rv:73.0) Gecko/20100101 Firefox/73.0"
192.168.10.190 - - [04/Mar/2020:19:25:23 +0000] "GET /services/portal/ HTTP/1.1" 200 9303 "http://mail.cup.com/login.php" "Mozilla/5.0 (X11; Ubuntu; Linux x86_64; rv:73.0) Gecko/20100101 Firefox/73.0"
192.168.10.190 - - [04/Mar/2020:19:25:24 +0000] "GET /themes/default/graphics/head-bg.png HTTP/1.1" 200 380 "http://mail.cup.com/themes/default/screen.css" "Mozilla/5.0 (X11; Ubuntu; Linux x86_64; rv:73.0) Gecko/20100101 Firefox/73.0"
192.168.10.190 - - [04/Mar/2020:19:25:24 +0000] "GET /themes/default/graphics/logo.png HTTP/1.1" 200 2607 "http://mail.cup.com/themes/default/screen.css" "Mozilla/5.0 (X11; Ubuntu; Linux x86_64; rv:73.0) Gecko/20100101 Firefox/73.0"
::1 - - [04/Mar/2020:19:25:25 +0000] "OPTIONS * HTTP/1.0" 200 110 "-" "Apache/2.4.25 (Debian) OpenSSL/1.0.2u (internal dummy connection)"
192.168.10.190 - - [04/Mar/2020:19:25:30 +0000] "GET /turba/ HTTP/1.1" 200 4349 "http://mail.cup.com/services/portal/" "Mozilla/5.0 (X11; Ubuntu; Linux x86_64; rv:73.0) Gecko/20100101 Firefox/73.0"
192.168.10.190 - - [04/Mar/2020:19:25:31 +0000] "GET /themes/default/graphics/navi-left-active.png HTTP/1.1" 200 446 "http://mail.cup.com/themes/default/screen.css" "Mozilla/5.0 (X11; Ubuntu; Linux x86_64; rv:73.0) Gecko/20100101 Firefox/73.0"
192.168.10.190 - - [04/Mar/2020:19:25:31 +0000] "GET /themes/default/graphics/navi-center-active.png HTTP/1.1" 200 371 "http://mail.cup.com/themes/default/screen.css" "Mozilla/5.0 (X11; Ubuntu; Linux x86_64; rv:73.0) Gecko/20100101 Firefox/73.0"
192.168.10.238 - - [04/Mar/2020:19:25:33 +0000] "GET /services/portal/ HTTP/1.1" 200 9483 "http://mail.cup.com/services/portal/" "Mozilla/5.0 (X11; Ubuntu; Linux x86_64; rv:73.0) Gecko/20100101 Firefox/73.0"
192.168.10.4 - - [04/Mar/2020:19:25:37 +0000] "GET /nag/task.php?actionID=add_task HTTP/1.1" 200 9327 "http://mail.cup.com/nag/" "Mozilla/5.0 (X11; Linux x86_64) AppleWebKit/537.36 (KHTML, like Gecko) Ubuntu Chromium/77.0.3865.90 HeadlessChrome/77.0.3865.90 Safari/537.36"
192.168.10.190 - - [04/Mar/2020:19:25:38 +0000] "GET /turba/add.php HTTP/1.1" 200 19353 "http://mail.cup.com/turba/" "Mozilla/5.0 (X11; Ubuntu; Linux x86_64; rv:73.0) Gecko/20100101 Firefox/73.0"
192.168.10.238 - - [04/Mar/2020:19:25:39 +0000] "GET /login.php?horde_logout_token=rp6HtMVsanIwfgSoJL_2Ouf&logout_reason=4 HTTP/1.1" 200 3841 "http://mail.cup.com/services/portal/" "Mozilla/5.0 (X11; Ubuntu; Linux x86_64; rv:73.0) Gecko/20100101 Firefox/73.0"
192.168.10.190 - - [04/Mar/2020:19:25:44 +0000] "GET /services/portal/ HTTP/1.1" 200 8951 "http://mail.cup.com/imp/dynamic.php?page=mailbox" "Mozilla/5.0 (X11; Linux x86_64) AppleWebKit/537.36 (KHTML, like Gecko) Ubuntu Chromium/77.0.3865.90 HeadlessChrome/77.0.3865.90 Safari/537.36"
192.168.10.238 - - [04/Mar/2020:19:25:46 +0000] "GET /login.php HTTP/1.0" 200 6335 "-" "Mozilla/5.0 (Hydra)"
192.168.10.238 - - [04/Mar/2020:19:25:46 +0000] "GET /login.php HTTP/1.0" 200 6335 "-" "Mozilla/5.0 (Hydra)"
192.168.10.238 - - [04/Mar/2020:19:25:46 +0000] "GET /login.php HTTP/1.0" 200 6335 "-" "Mozilla/5.0 (Hydra)"
192.168.10.238 - - [04/Mar/2020:19:25:46 +0000] "GET /login.php HTTP/1.0" 200 6335 "-" "Mozilla/5.0 (Hydra)"
192.168.10.238 - - [04/Mar/2020:19:25:46 +0000] "GET /login.php HTTP/1.0" 200 6335 "-" "Mozilla/5.0 (Hydra)"
192.168.10.238 - - [04/Mar/2020:19:25:46 +0000] "GET /login.php HTTP/1.0" 200 6335 "-" "Mozilla/5.0 (Hydra)"
192.168.10.238 - - [04/Mar/2020:19:25:46 +0000] "GET /login.php HTTP/1.0" 200 6335 "-" "Mozilla/5.0 (Hydra)"
192.168.10.238 - - [04/Mar/2020:19:25:46 +0000] "GET /login.php HTTP/1.0" 200 6335 "-" "Mozilla/5.0 (Hydra)"
192.168.10.190 - - [04/Mar/2020:19:25:46 +0000] "GET /nag/ HTTP/1.1" 200 8371 "http://mail.cup.com/services/portal/" "Mozilla/5.0 (X11; Linux x86_64) AppleWebKit/537.36 (KHTML, like Gecko) Ubuntu Chromium/77.0.3865.90 HeadlessChrome/77.0.3865.90 Safari/537.36"
192.168.10.238 - - [04/Mar/2020:19:25:47 +0000] "GET /login.php HTTP/1.0" 200 6335 "-" "Mozilla/5.0 (Hydra)"
192.168.10.238 - - [04/Mar/2020:19:25:47 +0000] "GET /login.php HTTP/1.0" 200 6335 "-" "Mozilla/5.0 (Hydra)"
192.168.10.238 - - [04/Mar/2020:19:25:47 +0000] "GET /login.php HTTP/1.0" 200 6335 "-" "Mozilla/5.0 (Hydra)"
192.168.10.238 - - [04/Mar/2020:19:25:47 +0000] "GET /login.php HTTP/1.0" 200 6335 "-" "Mozilla/5.0 (Hydra)"
192.168.10.238 - - [04/Mar/2020:19:25:47 +0000] "GET /login.php HTTP/1.0" 200 6335 "-" "Mozilla/5.0 (Hydra)"
192.168.10.238 - - [04/Mar/2020:19:25:47 +0000] "GET /login.php HTTP/1.0" 200 6335 "-" "Mozilla/5.0 (Hydra)"
192.168.10.238 - - [04/Mar/2020:19:25:47 +0000] "GET /login.php HTTP/1.0" 200 6335 "-" "Mozilla/5.0 (Hydra)"
192.168.10.238 - - [04/Mar/2020:19:25:47 +0000] "GET /login.php HTTP/1.0" 200 6335 "-" "Mozilla/5.0 (Hydra)"
192.168.10.190 - - [04/Mar/2020:19:25:52 +0000] "POST /turba/add.php HTTP/1.1" 302 489 "http://mail.cup.com/turba/add.php" "Mozilla/5.0 (X11; Ubuntu; Linux x86_64; rv:73.0) Gecko/20100101 Firefox/73.0"
192.168.10.190 - - [04/Mar/2020:19:25:52 +0000] "GET /turba/contact.php?source=-KrfOwxmgb_30de_2Xv1YAC&key=noOBrhYp4yCd8WMowkkIc9s&view=Contact HTTP/1.1" 200 21138 "http://mail.cup.com/turba/add.php" "Mozilla/5.0 (X11; Ubuntu; Linux x86_64; rv:73.0) Gecko/20100101 Firefox/73.0"
192.168.10.4 - - [04/Mar/2020:19:25:52 +0000] "POST /services/ajax.php/horde/imple?token=PMc8LXSdsyfaZl0eNNagMJw&app=nag&imple=Nag_Ajax_Imple_TagAutoCompleter&input=tags HTTP/1.1" 200 376 "http://mail.cup.com/nag/task.php?actionID=add_task" "Mozilla/5.0 (X11; Linux x86_64) AppleWebKit/537.36 (KHTML, like Gecko) Ubuntu Chromium/77.0.3865.90 HeadlessChrome/77.0.3865.90 Safari/537.36"
192.168.10.190 - - [04/Mar/2020:19:25:50 +0000] "GET /services/portal/ HTTP/1.1" 200 9832 "http://mail.cup.com/imp/dynamic.php?page=mailbox" "Mozilla/5.0 (X11; Ubuntu; Linux x86_64; rv:73.0) Gecko/20100101 Firefox/73.0"
192.168.10.4 - - [04/Mar/2020:19:25:53 +0000] "GET /services/portal/ HTTP/1.1" 200 8527 "http://mail.cup.com/mnemo/list.php" "Mozilla/5.0 (X11; Ubuntu; Linux x86_64; rv:73.0) Gecko/20100101 Firefox/73.0"
192.168.10.238 - - [04/Mar/2020:19:25:47 +0000] "POST /login.php HTTP/1.0" 200 6360 "-" "Mozilla/5.0 (Hydra)"
192.168.10.238 - - [04/Mar/2020:19:26:00 +0000] "GET /login.php HTTP/1.0" 200 6335 "-" "Mozilla/5.0 (Hydra)"
192.168.10.238 - - [04/Mar/2020:19:25:49 +0000] "POST /login.php HTTP/1.0" 200 6360 "-" "Mozilla/5.0 (Hydra)"
192.168.10.238 - - [04/Mar/2020:19:25:48 +0000] "POST /login.php HTTP/1.0" 200 6360 "-" "Mozilla/5.0 (Hydra)"
192.168.10.238 - - [04/Mar/2020:19:25:48 +0000] "POST /login.php HTTP/1.0" 200 6360 "-" "Mozilla/5.0 (Hydra)"
192.168.10.190 - - [04/Mar/2020:19:26:00 +0000] "GET /nag/ HTTP/1.1" 200 9154 "http://mail.cup.com/services/portal/" "Mozilla/5.0 (X11; Ubuntu; Linux x86_64; rv:73.0) Gecko/20100101 Firefox/73.0"
192.168.10.238 - - [04/Mar/2020:19:25:48 +0000] "POST /login.php HTTP/1.0" 200 6360 "-" "Mozilla/5.0 (Hydra)"
192.168.10.238 - - [04/Mar/2020:19:25:49 +0000] "POST /login.php HTTP/1.0" 200 6360 "-" "Mozilla/5.0 (Hydra)"
192.168.10.238 - - [04/Mar/2020:19:25:49 +0000] "POST /login.php HTTP/1.0" 200 6360 "-" "Mozilla/5.0 (Hydra)"
192.168.10.238 - - [04/Mar/2020:19:25:48 +0000] "POST /login.php HTTP/1.0" 200 6360 "-" "Mozilla/5.0 (Hydra)"
192.168.10.238 - - [04/Mar/2020:19:25:48 +0000] "POST /login.php HTTP/1.0" 200 6360 "-" "Mozilla/5.0 (Hydra)"
192.168.10.238 - - [04/Mar/2020:19:25:48 +0000] "POST /login.php HTTP/1.0" 200 6360 "-" "Mozilla/5.0 (Hydra)"
192.168.10.238 - - [04/Mar/2020:19:25:48 +0000] "POST /login.php HTTP/1.0" 200 6360 "-" "Mozilla/5.0 (Hydra)"
192.168.10.238 - - [04/Mar/2020:19:25:48 +0000] "POST /login.php HTTP/1.0" 200 6360 "-" "Mozilla/5.0 (Hydra)"
192.168.10.238 - - [04/Mar/2020:19:25:48 +0000] "POST /login.php HTTP/1.0" 200 6360 "-" "Mozilla/5.0 (Hydra)"
192.168.10.238 - - [04/Mar/2020:19:25:48 +0000] "POST /login.php HTTP/1.0" 200 6360 "-" "Mozilla/5.0 (Hydra)"
192.168.10.4 - - [04/Mar/2020:19:26:00 +0000] "GET /nag/ HTTP/1.1" 200 9231 "http://mail.cup.com/services/portal/" "Mozilla/5.0 (X11; Ubuntu; Linux x86_64; rv:73.0) Gecko/20100101 Firefox/73.0"
192.168.10.238 - - [04/Mar/2020:19:26:01 +0000] "GET /login.php HTTP/1.0" 200 6335 "-" "Mozilla/5.0 (Hydra)"
192.168.10.238 - - [04/Mar/2020:19:26:01 +0000] "GET /login.php HTTP/1.0" 200 6335 "-" "Mozilla/5.0 (Hydra)"
192.168.10.238 - - [04/Mar/2020:19:26:01 +0000] "GET /login.php HTTP/1.0" 200 6335 "-" "Mozilla/5.0 (Hydra)"
192.168.10.238 - - [04/Mar/2020:19:26:01 +0000] "GET /login.php HTTP/1.0" 200 6335 "-" "Mozilla/5.0 (Hydra)"
192.168.10.238 - - [04/Mar/2020:19:26:01 +0000] "GET /login.php HTTP/1.0" 200 6335 "-" "Mozilla/5.0 (Hydra)"
192.168.10.238 - - [04/Mar/2020:19:26:01 +0000] "GET /login.php HTTP/1.0" 200 6335 "-" "Mozilla/5.0 (Hydra)"
192.168.10.238 - - [04/Mar/2020:19:26:01 +0000] "GET /login.php HTTP/1.0" 200 6335 "-" "Mozilla/5.0 (Hydra)"
192.168.10.238 - - [04/Mar/2020:19:26:01 +0000] "GET /login.php HTTP/1.0" 200 6335 "-" "Mozilla/5.0 (Hydra)"
192.168.10.238 - - [04/Mar/2020:19:26:01 +0000] "GET /login.php HTTP/1.0" 200 6335 "-" "Mozilla/5.0 (Hydra)"
192.168.10.238 - - [04/Mar/2020:19:26:01 +0000] "GET /login.php HTTP/1.0" 200 6335 "-" "Mozilla/5.0 (Hydra)"
192.168.10.238 - - [04/Mar/2020:19:26:01 +0000] "GET /login.php HTTP/1.0" 200 6335 "-" "Mozilla/5.0 (Hydra)"
192.168.10.238 - - [04/Mar/2020:19:26:01 +0000] "GET /login.php HTTP/1.0" 200 6335 "-" "Mozilla/5.0 (Hydra)"
192.168.10.238 - - [04/Mar/2020:19:26:01 +0000] "GET /login.php HTTP/1.0" 200 6335 "-" "Mozilla/5.0 (Hydra)"
192.168.10.238 - - [04/Mar/2020:19:25:50 +0000] "POST /login.php HTTP/1.0" 200 6360 "-" "Mozilla/5.0 (Hydra)"
192.168.10.238 - - [04/Mar/2020:19:25:50 +0000] "POST /login.php HTTP/1.0" 200 6360 "-" "Mozilla/5.0 (Hydra)"
192.168.10.238 - - [04/Mar/2020:19:26:03 +0000] "GET /login.php HTTP/1.0" 200 6335 "-" "Mozilla/5.0 (Hydra)"
192.168.10.238 - - [04/Mar/2020:19:26:03 +0000] "GET /login.php HTTP/1.0" 200 6335 "-" "Mozilla/5.0 (Hydra)"
::1 - - [04/Mar/2020:19:26:06 +0000] "OPTIONS * HTTP/1.0" 200 110 "-" "Apache/2.4.25 (Debian) OpenSSL/1.0.2u (internal dummy connection)"
::1 - - [04/Mar/2020:19:26:10 +0000] "OPTIONS * HTTP/1.0" 200 110 "-" "Apache/2.4.25 (Debian) OpenSSL/1.0.2u (internal dummy connection)"
192.168.10.4 - - [04/Mar/2020:19:26:19 +0000] "POST /nag/task/save.php HTTP/1.1" 302 412 "http://mail.cup.com/nag/task.php?actionID=add_task" "Mozilla/5.0 (X11; Linux x86_64) AppleWebKit/537.36 (KHTML, like Gecko) Ubuntu Chromium/77.0.3865.90 HeadlessChrome/77.0.3865.90 Safari/537.36"
192.168.10.4 - - [04/Mar/2020:19:26:19 +0000] "GET /nag/list.php HTTP/1.1" 200 9793 "http://mail.cup.com/nag/task.php?actionID=add_task" "Mozilla/5.0 (X11; Linux x86_64) AppleWebKit/537.36 (KHTML, like Gecko) Ubuntu Chromium/77.0.3865.90 HeadlessChrome/77.0.3865.90 Safari/537.36"
192.168.10.238 - - [04/Mar/2020:19:26:01 +0000] "POST /login.php HTTP/1.0" 200 6360 "-" "Mozilla/5.0 (Hydra)"
192.168.10.190 - - [04/Mar/2020:19:26:21 +0000] "GET /nag/task.php?tasklist=RVa6U5vw-D6tjxVV6QmEHcb&task=AZTyuxXPhUKeU3W7hFIx12J&actionID=modify_task&have_search&tab_name=1&url=%2Fnag%2F HTTP/1.1" 200 9134 "http://mail.cup.com/nag/" "Mozilla/5.0 (X11; Linux x86_64) AppleWebKit/537.36 (KHTML, like Gecko) Ubuntu Chromium/77.0.3865.90 HeadlessChrome/77.0.3865.90 Safari/537.36"
192.168.10.238 - - [04/Mar/2020:19:26:21 +0000] "GET /login.php HTTP/1.0" 200 6335 "-" "Mozilla/5.0 (Hydra)"
192.168.10.238 - - [04/Mar/2020:19:26:02 +0000] "POST /login.php HTTP/1.0" 200 6360 "-" "Mozilla/5.0 (Hydra)"
192.168.10.238 - - [04/Mar/2020:19:26:02 +0000] "POST /login.php HTTP/1.0" 200 6360 "-" "Mozilla/5.0 (Hydra)"
192.168.10.238 - - [04/Mar/2020:19:26:02 +0000] "POST /login.php HTTP/1.0" 200 6360 "-" "Mozilla/5.0 (Hydra)"
192.168.10.238 - - [04/Mar/2020:19:26:02 +0000] "POST /login.php HTTP/1.0" 200 6360 "-" "Mozilla/5.0 (Hydra)"
192.168.10.238 - - [04/Mar/2020:19:26:02 +0000] "POST /login.php HTTP/1.0" 200 6360 "-" "Mozilla/5.0 (Hydra)"
192.168.10.238 - - [04/Mar/2020:19:26:02 +0000] "POST /login.php HTTP/1.0" 200 6360 "-" "Mozilla/5.0 (Hydra)"
192.168.10.238 - - [04/Mar/2020:19:26:02 +0000] "POST /login.php HTTP/1.0" 200 6360 "-" "Mozilla/5.0 (Hydra)"
192.168.10.238 - - [04/Mar/2020:19:26:02 +0000] "POST /login.php HTTP/1.0" 200 6360 "-" "Mozilla/5.0 (Hydra)"
192.168.10.238 - - [04/Mar/2020:19:26:02 +0000] "POST /login.php HTTP/1.0" 200 6360 "-" "Mozilla/5.0 (Hydra)"
192.168.10.238 - - [04/Mar/2020:19:26:02 +0000] "POST /login.php HTTP/1.0" 200 6360 "-" "Mozilla/5.0 (Hydra)"
192.168.10.238 - - [04/Mar/2020:19:26:02 +0000] "POST /login.php HTTP/1.0" 200 6360 "-" "Mozilla/5.0 (Hydra)"
192.168.10.238 - - [04/Mar/2020:19:26:02 +0000] "POST /login.php HTTP/1.0" 200 6360 "-" "Mozilla/5.0 (Hydra)"
192.168.10.238 - - [04/Mar/2020:19:26:02 +0000] "POST /login.php HTTP/1.0" 200 6360 "-" "Mozilla/5.0 (Hydra)"
192.168.10.238 - - [04/Mar/2020:19:26:04 +0000] "POST /login.php HTTP/1.0" 200 6360 "-" "Mozilla/5.0 (Hydra)"
192.168.10.238 - - [04/Mar/2020:19:26:22 +0000] "GET /login.php HTTP/1.0" 200 6335 "-" "Mozilla/5.0 (Hydra)"
192.168.10.238 - - [04/Mar/2020:19:26:04 +0000] "POST /login.php HTTP/1.0" 200 6360 "-" "Mozilla/5.0 (Hydra)"
192.168.10.238 - - [04/Mar/2020:19:26:22 +0000] "GET /login.php HTTP/1.0" 200 6335 "-" "Mozilla/5.0 (Hydra)"
192.168.10.238 - - [04/Mar/2020:19:26:22 +0000] "GET /login.php HTTP/1.0" 200 6335 "-" "Mozilla/5.0 (Hydra)"
192.168.10.238 - - [04/Mar/2020:19:26:22 +0000] "GET /login.php HTTP/1.0" 200 6335 "-" "Mozilla/5.0 (Hydra)"
192.168.10.238 - - [04/Mar/2020:19:26:22 +0000] "GET /login.php HTTP/1.0" 200 6335 "-" "Mozilla/5.0 (Hydra)"
192.168.10.238 - - [04/Mar/2020:19:26:22 +0000] "GET /login.php HTTP/1.0" 200 6335 "-" "Mozilla/5.0 (Hydra)"
192.168.10.238 - - [04/Mar/2020:19:26:22 +0000] "GET /login.php HTTP/1.0" 200 6335 "-" "Mozilla/5.0 (Hydra)"
192.168.10.238 - - [04/Mar/2020:19:26:22 +0000] "GET /login.php HTTP/1.0" 200 6335 "-" "Mozilla/5.0 (Hydra)"
192.168.10.238 - - [04/Mar/2020:19:26:22 +0000] "GET /login.php HTTP/1.0" 200 6335 "-" "Mozilla/5.0 (Hydra)"
192.168.10.238 - - [04/Mar/2020:19:26:22 +0000] "GET /login.php HTTP/1.0" 200 6335 "-" "Mozilla/5.0 (Hydra)"
192.168.10.238 - - [04/Mar/2020:19:26:22 +0000] "GET /login.php HTTP/1.0" 200 6335 "-" "Mozilla/5.0 (Hydra)"
192.168.10.238 - - [04/Mar/2020:19:26:22 +0000] "GET /login.php HTTP/1.0" 200 6335 "-" "Mozilla/5.0 (Hydra)"
192.168.10.238 - - [04/Mar/2020:19:26:22 +0000] "GET /login.php HTTP/1.0" 200 6335 "-" "Mozilla/5.0 (Hydra)"
192.168.10.190 - - [04/Mar/2020:19:26:23 +0000] "POST /nag/task/save.php HTTP/1.1" 302 411 "http://mail.cup.com/nag/task.php?tasklist=RVa6U5vw-D6tjxVV6QmEHcb&task=AZTyuxXPhUKeU3W7hFIx12J&actionID=modify_task&have_search&tab_name=1&url=%2Fnag%2F" "Mozilla/5.0 (X11; Linux x86_64) AppleWebKit/537.36 (KHTML, like Gecko) Ubuntu Chromium/77.0.3865.90 HeadlessChrome/77.0.3865.90 Safari/537.36"
192.168.10.238 - - [04/Mar/2020:19:26:23 +0000] "GET /login.php HTTP/1.0" 200 6335 "-" "Mozilla/5.0 (Hydra)"
192.168.10.238 - - [04/Mar/2020:19:26:23 +0000] "GET /login.php HTTP/1.0" 200 6335 "-" "Mozilla/5.0 (Hydra)"
192.168.10.190 - - [04/Mar/2020:19:26:23 +0000] "GET /nag/list.php HTTP/1.1" 200 8362 "http://mail.cup.com/nag/task.php?tasklist=RVa6U5vw-D6tjxVV6QmEHcb&task=AZTyuxXPhUKeU3W7hFIx12J&actionID=modify_task&have_search&tab_name=1&url=%2Fnag%2F" "Mozilla/5.0 (X11; Linux x86_64) AppleWebKit/537.36 (KHTML, like Gecko) Ubuntu Chromium/77.0.3865.90 HeadlessChrome/77.0.3865.90 Safari/537.36"
192.168.10.4 - - [04/Mar/2020:19:26:35 +0000] "GET /nag/task.php?actionID=add_task HTTP/1.1" 200 9230 "http://mail.cup.com/nag/" "Mozilla/5.0 (X11; Ubuntu; Linux x86_64; rv:73.0) Gecko/20100101 Firefox/73.0"
192.168.10.190 - - [04/Mar/2020:19:26:37 +0000] "GET /nag/task.php?actionID=add_task HTTP/1.1" 200 9205 "http://mail.cup.com/nag/" "Mozilla/5.0 (X11; Ubuntu; Linux x86_64; rv:73.0) Gecko/20100101 Firefox/73.0"
192.168.10.190 - - [04/Mar/2020:19:26:27 +0000] "GET /services/portal/ HTTP/1.1" 200 389 "http://mail.cup.com/turba/contact.php?source=-KrfOwxmgb_30de_2Xv1YAC&key=noOBrhYp4yCd8WMowkkIc9s&view=Contact" "Mozilla/5.0 (X11; Ubuntu; Linux x86_64; rv:73.0) Gecko/20100101 Firefox/73.0"
192.168.10.190 - - [04/Mar/2020:19:26:35 +0000] "GET /mnemo/ HTTP/1.1" 200 7659 "http://mail.cup.com/turba/contact.php?source=-KrfOwxmgb_30de_2Xv1YAC&key=noOBrhYp4yCd8WMowkkIc9s&view=Contact" "Mozilla/5.0 (X11; Ubuntu; Linux x86_64; rv:73.0) Gecko/20100101 Firefox/73.0"
192.168.10.238 - - [04/Mar/2020:19:26:24 +0000] "POST /login.php HTTP/1.0" 200 6360 "-" "Mozilla/5.0 (Hydra)"
192.168.10.238 - - [04/Mar/2020:19:26:24 +0000] "POST /login.php HTTP/1.0" 200 6360 "-" "Mozilla/5.0 (Hydra)"
192.168.10.238 - - [04/Mar/2020:19:26:23 +0000] "POST /login.php HTTP/1.0" 200 6360 "-" "Mozilla/5.0 (Hydra)"
192.168.10.238 - - [04/Mar/2020:19:26:23 +0000] "POST /login.php HTTP/1.0" 200 6360 "-" "Mozilla/5.0 (Hydra)"
192.168.10.238 - - [04/Mar/2020:19:26:24 +0000] "POST /login.php HTTP/1.0" 200 6360 "-" "Mozilla/5.0 (Hydra)"
192.168.10.238 - - [04/Mar/2020:19:26:23 +0000] "POST /login.php HTTP/1.0" 200 6360 "-" "Mozilla/5.0 (Hydra)"
192.168.10.238 - - [04/Mar/2020:19:26:23 +0000] "POST /login.php HTTP/1.0" 200 6360 "-" "Mozilla/5.0 (Hydra)"
192.168.10.238 - - [04/Mar/2020:19:26:23 +0000] "POST /login.php HTTP/1.0" 200 6360 "-" "Mozilla/5.0 (Hydra)"
192.168.10.238 - - [04/Mar/2020:19:26:23 +0000] "POST /login.php HTTP/1.0" 200 6360 "-" "Mozilla/5.0 (Hydra)"
192.168.10.238 - - [04/Mar/2020:19:26:23 +0000] "POST /login.php HTTP/1.0" 200 6360 "-" "Mozilla/5.0 (Hydra)"
192.168.10.238 - - [04/Mar/2020:19:26:23 +0000] "POST /login.php HTTP/1.0" 200 6360 "-" "Mozilla/5.0 (Hydra)"
192.168.10.4 - - [04/Mar/2020:19:26:47 +0000] "POST /services/ajax.php/horde/imple?token=sFTBOQ5-4PcD0ch6GeuaTW1&app=nag&imple=Nag_Ajax_Imple_TagAutoCompleter&input=tags HTTP/1.1" 200 371 "http://mail.cup.com/nag/task.php?actionID=add_task" "Mozilla/5.0 (X11; Ubuntu; Linux x86_64; rv:73.0) Gecko/20100101 Firefox/73.0"
192.168.10.238 - - [04/Mar/2020:19:26:47 +0000] "GET /login.php HTTP/1.0" 200 6335 "-" "Mozilla/5.0 (Hydra)"
192.168.10.238 - - [04/Mar/2020:19:26:47 +0000] "GET /login.php HTTP/1.0" 200 6335 "-" "Mozilla/5.0 (Hydra)"
192.168.10.238 - - [04/Mar/2020:19:26:47 +0000] "GET /login.php HTTP/1.0" 200 6335 "-" "Mozilla/5.0 (Hydra)"
192.168.10.238 - - [04/Mar/2020:19:26:47 +0000] "GET /login.php HTTP/1.0" 200 6335 "-" "Mozilla/5.0 (Hydra)"
192.168.10.238 - - [04/Mar/2020:19:26:47 +0000] "GET /login.php HTTP/1.0" 200 6335 "-" "Mozilla/5.0 (Hydra)"
192.168.10.238 - - [04/Mar/2020:19:26:47 +0000] "GET /login.php HTTP/1.0" 200 6335 "-" "Mozilla/5.0 (Hydra)"
192.168.10.238 - - [04/Mar/2020:19:26:47 +0000] "GET /login.php HTTP/1.0" 200 6335 "-" "Mozilla/5.0 (Hydra)"
192.168.10.238 - - [04/Mar/2020:19:26:47 +0000] "GET /login.php HTTP/1.0" 200 6335 "-" "Mozilla/5.0 (Hydra)"
192.168.10.238 - - [04/Mar/2020:19:26:47 +0000] "GET /login.php HTTP/1.0" 200 6335 "-" "Mozilla/5.0 (Hydra)"
192.168.10.238 - - [04/Mar/2020:19:26:47 +0000] "GET /login.php HTTP/1.0" 200 6335 "-" "Mozilla/5.0 (Hydra)"
192.168.10.238 - - [04/Mar/2020:19:26:47 +0000] "GET /login.php HTTP/1.0" 200 6335 "-" "Mozilla/5.0 (Hydra)"
192.168.10.238 - - [04/Mar/2020:19:26:24 +0000] "POST /login.php HTTP/1.0" 200 6360 "-" "Mozilla/5.0 (Hydra)"
192.168.10.238 - - [04/Mar/2020:19:26:24 +0000] "POST /login.php HTTP/1.0" 200 6360 "-" "Mozilla/5.0 (Hydra)"
192.168.10.238 - - [04/Mar/2020:19:26:49 +0000] "GET /login.php HTTP/1.0" 200 6335 "-" "Mozilla/5.0 (Hydra)"
192.168.10.238 - - [04/Mar/2020:19:26:49 +0000] "GET /login.php HTTP/1.0" 200 6335 "-" "Mozilla/5.0 (Hydra)"
192.168.10.190 - - [04/Mar/2020:19:26:49 +0000] "POST /services/ajax.php/horde/imple?token=AH-DmTcIMUmddmhXl3BBPcs&app=nag&imple=Nag_Ajax_Imple_TagAutoCompleter&input=tags HTTP/1.1" 200 377 "http://mail.cup.com/nag/task.php?actionID=add_task" "Mozilla/5.0 (X11; Ubuntu; Linux x86_64; rv:73.0) Gecko/20100101 Firefox/73.0"
192.168.10.238 - - [04/Mar/2020:19:26:54 +0000] "GET /login.php HTTP/1.0" 200 6335 "-" "Mozilla/5.0 (Hydra)"
192.168.10.238 - - [04/Mar/2020:19:26:55 +0000] "GET /login.php HTTP/1.0" 200 6335 "-" "Mozilla/5.0 (Hydra)"
192.168.10.238 - - [04/Mar/2020:19:26:55 +0000] "GET /login.php HTTP/1.0" 200 6335 "-" "Mozilla/5.0 (Hydra)"
192.168.10.238 - - [04/Mar/2020:19:26:22 +0000] "POST /login.php HTTP/1.0" 200 280 "-" "Mozilla/5.0 (Hydra)"
192.168.10.238 - - [04/Mar/2020:19:26:23 +0000] "POST /login.php HTTP/1.0" 200 280 "-" "Mozilla/5.0 (Hydra)"
192.168.10.238 - - [04/Mar/2020:19:26:23 +0000] "POST /login.php HTTP/1.0" 200 280 "-" "Mozilla/5.0 (Hydra)"
192.168.10.4 - - [04/Mar/2020:19:27:03 +0000] "POST /nag/task/save.php HTTP/1.1" 302 412 "http://mail.cup.com/nag/task.php?actionID=add_task" "Mozilla/5.0 (X11; Ubuntu; Linux x86_64; rv:73.0) Gecko/20100101 Firefox/73.0"
192.168.10.4 - - [04/Mar/2020:19:27:03 +0000] "GET /nag/list.php HTTP/1.1" 200 9460 "http://mail.cup.com/nag/task.php?actionID=add_task" "Mozilla/5.0 (X11; Ubuntu; Linux x86_64; rv:73.0) Gecko/20100101 Firefox/73.0"
192.168.10.4 - - [04/Mar/2020:19:26:55 +0000] "GET /services/portal/ HTTP/1.1" 200 12270 "http://mail.cup.com/nag/list.php" "Mozilla/5.0 (X11; Linux x86_64) AppleWebKit/537.36 (KHTML, like Gecko) Ubuntu Chromium/77.0.3865.90 HeadlessChrome/77.0.3865.90 Safari/537.36"
192.168.10.190 - - [04/Mar/2020:19:26:56 +0000] "GET /services/portal/ HTTP/1.1" 200 8886 "http://mail.cup.com/nag/list.php" "Mozilla/5.0 (X11; Linux x86_64) AppleWebKit/537.36 (KHTML, like Gecko) Ubuntu Chromium/77.0.3865.90 HeadlessChrome/77.0.3865.90 Safari/537.36"
192.168.10.190 - - [04/Mar/2020:19:27:06 +0000] "GET /mnemo/ HTTP/1.1" 200 6705 "http://mail.cup.com/services/portal/" "Mozilla/5.0 (X11; Linux x86_64) AppleWebKit/537.36 (KHTML, like Gecko) Ubuntu Chromium/77.0.3865.90 HeadlessChrome/77.0.3865.90 Safari/537.36"
192.168.10.238 - - [04/Mar/2020:19:26:48 +0000] "POST /login.php HTTP/1.0" 200 6360 "-" "Mozilla/5.0 (Hydra)"
192.168.10.238 - - [04/Mar/2020:19:26:48 +0000] "POST /login.php HTTP/1.0" 200 6360 "-" "Mozilla/5.0 (Hydra)"
192.168.10.238 - - [04/Mar/2020:19:26:48 +0000] "POST /login.php HTTP/1.0" 200 6360 "-" "Mozilla/5.0 (Hydra)"
192.168.10.238 - - [04/Mar/2020:19:26:48 +0000] "POST /login.php HTTP/1.0" 200 6360 "-" "Mozilla/5.0 (Hydra)"
192.168.10.238 - - [04/Mar/2020:19:26:48 +0000] "POST /login.php HTTP/1.0" 200 6360 "-" "Mozilla/5.0 (Hydra)"
192.168.10.238 - - [04/Mar/2020:19:26:48 +0000] "POST /login.php HTTP/1.0" 200 6360 "-" "Mozilla/5.0 (Hydra)"
192.168.10.238 - - [04/Mar/2020:19:26:48 +0000] "POST /login.php HTTP/1.0" 200 6360 "-" "Mozilla/5.0 (Hydra)"
192.168.10.238 - - [04/Mar/2020:19:26:48 +0000] "POST /login.php HTTP/1.0" 200 6360 "-" "Mozilla/5.0 (Hydra)"
192.168.10.238 - - [04/Mar/2020:19:26:48 +0000] "POST /login.php HTTP/1.0" 200 6360 "-" "Mozilla/5.0 (Hydra)"
192.168.10.238 - - [04/Mar/2020:19:26:48 +0000] "POST /login.php HTTP/1.0" 200 6360 "-" "Mozilla/5.0 (Hydra)"
192.168.10.238 - - [04/Mar/2020:19:26:48 +0000] "POST /login.php HTTP/1.0" 200 6360 "-" "Mozilla/5.0 (Hydra)"
192.168.10.238 - - [04/Mar/2020:19:27:09 +0000] "GET /login.php HTTP/1.0" 200 6335 "-" "Mozilla/5.0 (Hydra)"
192.168.10.238 - - [04/Mar/2020:19:27:09 +0000] "GET /login.php HTTP/1.0" 200 6335 "-" "Mozilla/5.0 (Hydra)"
192.168.10.238 - - [04/Mar/2020:19:27:09 +0000] "GET /login.php HTTP/1.0" 200 6335 "-" "Mozilla/5.0 (Hydra)"
192.168.10.238 - - [04/Mar/2020:19:27:09 +0000] "GET /login.php HTTP/1.0" 200 6335 "-" "Mozilla/5.0 (Hydra)"
192.168.10.238 - - [04/Mar/2020:19:27:09 +0000] "GET /login.php HTTP/1.0" 200 6335 "-" "Mozilla/5.0 (Hydra)"
192.168.10.238 - - [04/Mar/2020:19:27:09 +0000] "GET /login.php HTTP/1.0" 200 6335 "-" "Mozilla/5.0 (Hydra)"
192.168.10.238 - - [04/Mar/2020:19:27:09 +0000] "GET /login.php HTTP/1.0" 200 6335 "-" "Mozilla/5.0 (Hydra)"
192.168.10.238 - - [04/Mar/2020:19:27:09 +0000] "GET /login.php HTTP/1.0" 200 6335 "-" "Mozilla/5.0 (Hydra)"
192.168.10.238 - - [04/Mar/2020:19:27:09 +0000] "GET /login.php HTTP/1.0" 200 6335 "-" "Mozilla/5.0 (Hydra)"
192.168.10.238 - - [04/Mar/2020:19:27:09 +0000] "GET /login.php HTTP/1.0" 200 6335 "-" "Mozilla/5.0 (Hydra)"
192.168.10.238 - - [04/Mar/2020:19:27:09 +0000] "GET /login.php HTTP/1.0" 200 6335 "-" "Mozilla/5.0 (Hydra)"
192.168.10.4 - - [04/Mar/2020:19:27:09 +0000] "GET /nag/ HTTP/1.1" 200 9684 "http://mail.cup.com/services/portal/" "Mozilla/5.0 (X11; Linux x86_64) AppleWebKit/537.36 (KHTML, like Gecko) Ubuntu Chromium/77.0.3865.90 HeadlessChrome/77.0.3865.90 Safari/537.36"
192.168.10.238 - - [04/Mar/2020:19:26:50 +0000] "POST /login.php HTTP/1.0" 200 6360 "-" "Mozilla/5.0 (Hydra)"
192.168.10.238 - - [04/Mar/2020:19:26:50 +0000] "POST /login.php HTTP/1.0" 200 6360 "-" "Mozilla/5.0 (Hydra)"
192.168.10.238 - - [04/Mar/2020:19:27:11 +0000] "GET /login.php HTTP/1.0" 200 6335 "-" "Mozilla/5.0 (Hydra)"
192.168.10.238 - - [04/Mar/2020:19:27:11 +0000] "GET /login.php HTTP/1.0" 200 6335 "-" "Mozilla/5.0 (Hydra)"
192.168.10.190 - - [04/Mar/2020:19:27:15 +0000] "GET /mnemo/memo.php?memo=gTDca5uBwx3gqCK__GpvD4H&memolist=n7q5eVS5QnBXB8YYtvjk8UQ&actionID=modify_memo HTTP/1.1" 200 6110 "http://mail.cup.com/mnemo/" "Mozilla/5.0 (X11; Ubuntu; Linux x86_64; rv:73.0) Gecko/20100101 Firefox/73.0"
192.168.10.190 - - [04/Mar/2020:19:27:19 +0000] "GET /mnemo/memo.php?memo=gTDca5uBwx3gqCK__GpvD4H&memolist=n7q5eVS5QnBXB8YYtvjk8UQ&actionID=delete_memos HTTP/1.1" 302 413 "http://mail.cup.com/mnemo/memo.php?memo=gTDca5uBwx3gqCK__GpvD4H&memolist=n7q5eVS5QnBXB8YYtvjk8UQ&actionID=modify_memo" "Mozilla/5.0 (X11; Ubuntu; Linux x86_64; rv:73.0) Gecko/20100101 Firefox/73.0"
192.168.10.190 - - [04/Mar/2020:19:27:19 +0000] "GET /mnemo/list.php HTTP/1.1" 200 7678 "http://mail.cup.com/mnemo/memo.php?memo=gTDca5uBwx3gqCK__GpvD4H&memolist=n7q5eVS5QnBXB8YYtvjk8UQ&actionID=modify_memo" "Mozilla/5.0 (X11; Ubuntu; Linux x86_64; rv:73.0) Gecko/20100101 Firefox/73.0"
192.168.10.190 - - [04/Mar/2020:19:27:21 +0000] "POST /nag/task/save.php HTTP/1.1" 302 412 "http://mail.cup.com/nag/task.php?actionID=add_task" "Mozilla/5.0 (X11; Ubuntu; Linux x86_64; rv:73.0) Gecko/20100101 Firefox/73.0"
192.168.10.190 - - [04/Mar/2020:19:27:21 +0000] "GET /nag/list.php HTTP/1.1" 200 9366 "http://mail.cup.com/nag/task.php?actionID=add_task" "Mozilla/5.0 (X11; Ubuntu; Linux x86_64; rv:73.0) Gecko/20100101 Firefox/73.0"
192.168.10.238 - - [04/Mar/2020:19:26:56 +0000] "POST /login.php HTTP/1.0" 200 6360 "-" "Mozilla/5.0 (Hydra)"
192.168.10.238 - - [04/Mar/2020:19:26:55 +0000] "POST /login.php HTTP/1.0" 200 6360 "-" "Mozilla/5.0 (Hydra)"
192.168.10.238 - - [04/Mar/2020:19:26:56 +0000] "POST /login.php HTTP/1.0" 200 6360 "-" "Mozilla/5.0 (Hydra)"
192.168.10.238 - - [04/Mar/2020:19:27:28 +0000] "GET /login.php HTTP/1.0" 200 6335 "-" "Mozilla/5.0 (Hydra)"
192.168.10.238 - - [04/Mar/2020:19:27:28 +0000] "GET /login.php HTTP/1.0" 200 6335 "-" "Mozilla/5.0 (Hydra)"
192.168.10.238 - - [04/Mar/2020:19:27:28 +0000] "GET /login.php HTTP/1.0" 200 6335 "-" "Mozilla/5.0 (Hydra)"
192.168.10.190 - - [04/Mar/2020:19:27:40 +0000] "GET /mnemo/memo.php?memo=4OlTgbvl8f5pOriDvMIhAgU&memolist=-owcwoRdU-K8urr350qzewP&actionID=modify_memo HTTP/1.1" 200 6118 "http://mail.cup.com/mnemo/" "Mozilla/5.0 (X11; Linux x86_64) AppleWebKit/537.36 (KHTML, like Gecko) Ubuntu Chromium/77.0.3865.90 HeadlessChrome/77.0.3865.90 Safari/537.36"
192.168.10.238 - - [04/Mar/2020:19:27:42 +0000] "GET /login.php HTTP/1.0" 200 6335 "-" "Mozilla/5.0 (Hydra)"
192.168.10.238 - - [04/Mar/2020:19:27:42 +0000] "GET /login.php HTTP/1.0" 200 6335 "-" "Mozilla/5.0 (Hydra)"
192.168.10.238 - - [04/Mar/2020:19:27:42 +0000] "GET /login.php HTTP/1.0" 200 6335 "-" "Mozilla/5.0 (Hydra)"
192.168.10.238 - - [04/Mar/2020:19:27:42 +0000] "GET /login.php HTTP/1.0" 200 6335 "-" "Mozilla/5.0 (Hydra)"
192.168.10.238 - - [04/Mar/2020:19:27:42 +0000] "GET /login.php HTTP/1.0" 200 6335 "-" "Mozilla/5.0 (Hydra)"
192.168.10.238 - - [04/Mar/2020:19:27:42 +0000] "GET /login.php HTTP/1.0" 200 6335 "-" "Mozilla/5.0 (Hydra)"
192.168.10.238 - - [04/Mar/2020:19:27:42 +0000] "GET /login.php HTTP/1.0" 200 6335 "-" "Mozilla/5.0 (Hydra)"
192.168.10.238 - - [04/Mar/2020:19:27:42 +0000] "GET /login.php HTTP/1.0" 200 6335 "-" "Mozilla/5.0 (Hydra)"
192.168.10.238 - - [04/Mar/2020:19:27:42 +0000] "GET /login.php HTTP/1.0" 200 6335 "-" "Mozilla/5.0 (Hydra)"
192.168.10.190 - - [04/Mar/2020:19:27:42 +0000] "GET /mnemo/memo.php?memo=4OlTgbvl8f5pOriDvMIhAgU&memolist=-owcwoRdU-K8urr350qzewP&actionID=delete_memos HTTP/1.1" 302 413 "http://mail.cup.com/mnemo/memo.php?memo=4OlTgbvl8f5pOriDvMIhAgU&memolist=-owcwoRdU-K8urr350qzewP&actionID=modify_memo" "Mozilla/5.0 (X11; Linux x86_64) AppleWebKit/537.36 (KHTML, like Gecko) Ubuntu Chromium/77.0.3865.90 HeadlessChrome/77.0.3865.90 Safari/537.36"
192.168.10.238 - - [04/Mar/2020:19:27:43 +0000] "GET /login.php HTTP/1.0" 200 6335 "-" "Mozilla/5.0 (Hydra)"
192.168.10.238 - - [04/Mar/2020:19:27:43 +0000] "GET /login.php HTTP/1.0" 200 6335 "-" "Mozilla/5.0 (Hydra)"
192.168.10.190 - - [04/Mar/2020:19:27:43 +0000] "GET /mnemo/list.php HTTP/1.1" 200 6732 "http://mail.cup.com/mnemo/memo.php?memo=4OlTgbvl8f5pOriDvMIhAgU&memolist=-owcwoRdU-K8urr350qzewP&actionID=modify_memo" "Mozilla/5.0 (X11; Linux x86_64) AppleWebKit/537.36 (KHTML, like Gecko) Ubuntu Chromium/77.0.3865.90 HeadlessChrome/77.0.3865.90 Safari/537.36"
192.168.10.238 - - [04/Mar/2020:19:27:44 +0000] "GET /login.php HTTP/1.0" 200 6335 "-" "Mozilla/5.0 (Hydra)"
192.168.10.238 - - [04/Mar/2020:19:27:44 +0000] "GET /login.php HTTP/1.0" 200 6335 "-" "Mozilla/5.0 (Hydra)"
192.168.10.238 - - [04/Mar/2020:19:27:10 +0000] "POST /login.php HTTP/1.0" 200 280 "-" "Mozilla/5.0 (Hydra)"
192.168.10.238 - - [04/Mar/2020:19:27:10 +0000] "POST /login.php HTTP/1.0" 200 280 "-" "Mozilla/5.0 (Hydra)"
192.168.10.238 - - [04/Mar/2020:19:27:10 +0000] "POST /login.php HTTP/1.0" 200 280 "-" "Mozilla/5.0 (Hydra)"
192.168.10.238 - - [04/Mar/2020:19:27:10 +0000] "POST /login.php HTTP/1.0" 200 280 "-" "Mozilla/5.0 (Hydra)"
192.168.10.238 - - [04/Mar/2020:19:27:10 +0000] "POST /login.php HTTP/1.0" 200 280 "-" "Mozilla/5.0 (Hydra)"
192.168.10.238 - - [04/Mar/2020:19:27:10 +0000] "POST /login.php HTTP/1.0" 200 280 "-" "Mozilla/5.0 (Hydra)"
192.168.10.238 - - [04/Mar/2020:19:27:10 +0000] "POST /login.php HTTP/1.0" 200 280 "-" "Mozilla/5.0 (Hydra)"
192.168.10.238 - - [04/Mar/2020:19:27:10 +0000] "POST /login.php HTTP/1.0" 200 280 "-" "Mozilla/5.0 (Hydra)"
192.168.10.238 - - [04/Mar/2020:19:27:10 +0000] "POST /login.php HTTP/1.0" 200 280 "-" "Mozilla/5.0 (Hydra)"
192.168.10.238 - - [04/Mar/2020:19:27:10 +0000] "POST /login.php HTTP/1.0" 200 280 "-" "Mozilla/5.0 (Hydra)"
192.168.10.238 - - [04/Mar/2020:19:27:10 +0000] "POST /login.php HTTP/1.0" 200 280 "-" "Mozilla/5.0 (Hydra)"
192.168.10.4 - - [04/Mar/2020:19:27:47 +0000] "GET /nag/task.php?tasklist=u3-SVDbFWKDJoedJdADggr5&task=pJDoAK_AlmA2JNP8lHQSszR&actionID=modify_task&have_search&tab_name=1&url=%2Fnag%2F HTTP/1.1" 200 9496 "http://mail.cup.com/nag/" "Mozilla/5.0 (X11; Linux x86_64) AppleWebKit/537.36 (KHTML, like Gecko) Ubuntu Chromium/77.0.3865.90 HeadlessChrome/77.0.3865.90 Safari/537.36"
::1 - - [04/Mar/2020:19:27:48 +0000] "OPTIONS * HTTP/1.0" 200 110 "-" "Apache/2.4.25 (Debian) OpenSSL/1.0.2u (internal dummy connection)"
::1 - - [04/Mar/2020:19:27:49 +0000] "OPTIONS * HTTP/1.0" 200 110 "-" "Apache/2.4.25 (Debian) OpenSSL/1.0.2u (internal dummy connection)"
192.168.10.238 - - [04/Mar/2020:19:27:12 +0000] "POST /login.php HTTP/1.0" 200 280 "-" "Mozilla/5.0 (Hydra)"
192.168.10.238 - - [04/Mar/2020:19:27:12 +0000] "POST /login.php HTTP/1.0" 200 280 "-" "Mozilla/5.0 (Hydra)"
::1 - - [04/Mar/2020:19:27:50 +0000] "OPTIONS * HTTP/1.0" 200 110 "-" "Apache/2.4.25 (Debian) OpenSSL/1.0.2u (internal dummy connection)"
192.168.10.4 - - [04/Mar/2020:19:27:50 +0000] "POST /nag/task/save.php HTTP/1.1" 302 411 "http://mail.cup.com/nag/task.php?tasklist=u3-SVDbFWKDJoedJdADggr5&task=pJDoAK_AlmA2JNP8lHQSszR&actionID=modify_task&have_search&tab_name=1&url=%2Fnag%2F" "Mozilla/5.0 (X11; Linux x86_64) AppleWebKit/537.36 (KHTML, like Gecko) Ubuntu Chromium/77.0.3865.90 HeadlessChrome/77.0.3865.90 Safari/537.36"
192.168.10.4 - - [04/Mar/2020:19:27:36 +0000] "GET /services/portal/ HTTP/1.1" 200 8604 "http://mail.cup.com/nag/list.php" "Mozilla/5.0 (X11; Ubuntu; Linux x86_64; rv:73.0) Gecko/20100101 Firefox/73.0"
::1 - - [04/Mar/2020:19:27:51 +0000] "OPTIONS * HTTP/1.0" 200 110 "-" "Apache/2.4.25 (Debian) OpenSSL/1.0.2u (internal dummy connection)"
192.168.10.4 - - [04/Mar/2020:19:27:51 +0000] "GET /nag/list.php HTTP/1.1" 200 9684 "http://mail.cup.com/nag/task.php?tasklist=u3-SVDbFWKDJoedJdADggr5&task=pJDoAK_AlmA2JNP8lHQSszR&actionID=modify_task&have_search&tab_name=1&url=%2Fnag%2F" "Mozilla/5.0 (X11; Linux x86_64) AppleWebKit/537.36 (KHTML, like Gecko) Ubuntu Chromium/77.0.3865.90 HeadlessChrome/77.0.3865.90 Safari/537.36"
::1 - - [04/Mar/2020:19:27:52 +0000] "OPTIONS * HTTP/1.0" 200 110 "-" "Apache/2.4.25 (Debian) OpenSSL/1.0.2u (internal dummy connection)"
::1 - - [04/Mar/2020:19:27:53 +0000] "OPTIONS * HTTP/1.0" 200 110 "-" "Apache/2.4.25 (Debian) OpenSSL/1.0.2u (internal dummy connection)"
192.168.10.238 - - [04/Mar/2020:19:27:43 +0000] "POST /login.php HTTP/1.0" 200 6360 "-" "Mozilla/5.0 (Hydra)"
::1 - - [04/Mar/2020:19:27:54 +0000] "OPTIONS * HTTP/1.0" 200 110 "-" "Apache/2.4.25 (Debian) OpenSSL/1.0.2u (internal dummy connection)"
192.168.10.238 - - [04/Mar/2020:19:27:55 +0000] "GET /login.php HTTP/1.0" 200 6335 "-" "Mozilla/5.0 (Hydra)"
::1 - - [04/Mar/2020:19:27:55 +0000] "OPTIONS * HTTP/1.0" 200 110 "-" "Apache/2.4.25 (Debian) OpenSSL/1.0.2u (internal dummy connection)"
::1 - - [04/Mar/2020:19:27:56 +0000] "OPTIONS * HTTP/1.0" 200 110 "-" "Apache/2.4.25 (Debian) OpenSSL/1.0.2u (internal dummy connection)"
::1 - - [04/Mar/2020:19:27:57 +0000] "OPTIONS * HTTP/1.0" 200 110 "-" "Apache/2.4.25 (Debian) OpenSSL/1.0.2u (internal dummy connection)"
::1 - - [04/Mar/2020:19:27:58 +0000] "OPTIONS * HTTP/1.0" 200 110 "-" "Apache/2.4.25 (Debian) OpenSSL/1.0.2u (internal dummy connection)"
::1 - - [04/Mar/2020:19:27:59 +0000] "OPTIONS * HTTP/1.0" 200 110 "-" "Apache/2.4.25 (Debian) OpenSSL/1.0.2u (internal dummy connection)"
::1 - - [04/Mar/2020:19:28:00 +0000] "OPTIONS * HTTP/1.0" 200 110 "-" "Apache/2.4.25 (Debian) OpenSSL/1.0.2u (internal dummy connection)"
192.168.10.238 - - [04/Mar/2020:19:28:01 +0000] "GET /login.php HTTP/1.0" 200 6335 "-" "Mozilla/5.0 (Hydra)"
192.168.10.238 - - [04/Mar/2020:19:28:01 +0000] "GET /login.php HTTP/1.0" 200 6335 "-" "Mozilla/5.0 (Hydra)"
192.168.10.238 - - [04/Mar/2020:19:28:01 +0000] "GET /login.php HTTP/1.0" 200 6335 "-" "Mozilla/5.0 (Hydra)"
192.168.10.190 - - [04/Mar/2020:19:27:56 +0000] "GET /services/portal/ HTTP/1.1" 200 9898 "http://mail.cup.com/nag/list.php" "Mozilla/5.0 (X11; Ubuntu; Linux x86_64; rv:73.0) Gecko/20100101 Firefox/73.0"
192.168.10.190 - - [04/Mar/2020:19:27:56 +0000] "GET /services/portal/ HTTP/1.1" 200 9097 "http://mail.cup.com/mnemo/list.php" "Mozilla/5.0 (X11; Ubuntu; Linux x86_64; rv:73.0) Gecko/20100101 Firefox/73.0"
192.168.10.238 - - [04/Mar/2020:19:27:45 +0000] "POST /login.php HTTP/1.0" 200 6360 "-" "Mozilla/5.0 (Hydra)"
192.168.10.238 - - [04/Mar/2020:19:27:45 +0000] "POST /login.php HTTP/1.0" 200 6360 "-" "Mozilla/5.0 (Hydra)"
192.168.10.190 - - [04/Mar/2020:19:28:05 +0000] "GET /imp/dynamic.php?page=mailbox HTTP/1.1" 200 8748 "http://mail.cup.com/services/portal/" "Mozilla/5.0 (X11; Ubuntu; Linux x86_64; rv:73.0) Gecko/20100101 Firefox/73.0"
192.168.10.238 - - [04/Mar/2020:19:28:05 +0000] "GET /login.php HTTP/1.0" 200 6335 "-" "Mozilla/5.0 (Hydra)"
192.168.10.238 - - [04/Mar/2020:19:28:05 +0000] "GET /login.php HTTP/1.0" 200 6335 "-" "Mozilla/5.0 (Hydra)"
192.168.10.238 - - [04/Mar/2020:19:27:43 +0000] "POST /login.php HTTP/1.0" 200 6360 "-" "Mozilla/5.0 (Hydra)"
192.168.10.238 - - [04/Mar/2020:19:27:29 +0000] "POST /login.php HTTP/1.0" 200 280 "-" "Mozilla/5.0 (Hydra)"
192.168.10.238 - - [04/Mar/2020:19:27:43 +0000] "POST /login.php HTTP/1.0" 200 6360 "-" "Mozilla/5.0 (Hydra)"
192.168.10.238 - - [04/Mar/2020:19:27:29 +0000] "POST /login.php HTTP/1.0" 200 280 "-" "Mozilla/5.0 (Hydra)"
192.168.10.238 - - [04/Mar/2020:19:27:43 +0000] "POST /login.php HTTP/1.0" 200 6360 "-" "Mozilla/5.0 (Hydra)"
192.168.10.238 - - [04/Mar/2020:19:27:44 +0000] "POST /login.php HTTP/1.0" 200 6360 "-" "Mozilla/5.0 (Hydra)"
192.168.10.238 - - [04/Mar/2020:19:27:44 +0000] "POST /login.php HTTP/1.0" 200 6360 "-" "Mozilla/5.0 (Hydra)"
192.168.10.238 - - [04/Mar/2020:19:27:29 +0000] "POST /login.php HTTP/1.0" 200 280 "-" "Mozilla/5.0 (Hydra)"
192.168.10.238 - - [04/Mar/2020:19:27:43 +0000] "POST /login.php HTTP/1.0" 200 6360 "-" "Mozilla/5.0 (Hydra)"
192.168.10.238 - - [04/Mar/2020:19:27:43 +0000] "POST /login.php HTTP/1.0" 200 6360 "-" "Mozilla/5.0 (Hydra)"
192.168.10.238 - - [04/Mar/2020:19:27:43 +0000] "POST /login.php HTTP/1.0" 200 6360 "-" "Mozilla/5.0 (Hydra)"
192.168.10.238 - - [04/Mar/2020:19:27:43 +0000] "POST /login.php HTTP/1.0" 200 6360 "-" "Mozilla/5.0 (Hydra)"
192.168.10.238 - - [04/Mar/2020:19:27:43 +0000] "POST /login.php HTTP/1.0" 200 6360 "-" "Mozilla/5.0 (Hydra)"
192.168.10.190 - - [04/Mar/2020:19:28:05 +0000] "POST /services/ajax.php/imp/dynamicInit HTTP/1.1" 200 1588 "http://mail.cup.com/imp/dynamic.php?page=mailbox" "Mozilla/5.0 (X11; Ubuntu; Linux x86_64; rv:73.0) Gecko/20100101 Firefox/73.0"
192.168.10.238 - - [04/Mar/2020:19:28:06 +0000] "GET /login.php HTTP/1.0" 200 6335 "-" "Mozilla/5.0 (Hydra)"
192.168.10.238 - - [04/Mar/2020:19:28:06 +0000] "GET /login.php HTTP/1.0" 200 6335 "-" "Mozilla/5.0 (Hydra)"
192.168.10.238 - - [04/Mar/2020:19:28:06 +0000] "GET /login.php HTTP/1.0" 200 6335 "-" "Mozilla/5.0 (Hydra)"
192.168.10.238 - - [04/Mar/2020:19:28:06 +0000] "GET /login.php HTTP/1.0" 200 6335 "-" "Mozilla/5.0 (Hydra)"
192.168.10.238 - - [04/Mar/2020:19:28:06 +0000] "GET /login.php HTTP/1.0" 200 6335 "-" "Mozilla/5.0 (Hydra)"
192.168.10.238 - - [04/Mar/2020:19:28:06 +0000] "GET /login.php HTTP/1.0" 200 6335 "-" "Mozilla/5.0 (Hydra)"
192.168.10.238 - - [04/Mar/2020:19:28:06 +0000] "GET /login.php HTTP/1.0" 200 6335 "-" "Mozilla/5.0 (Hydra)"
192.168.10.238 - - [04/Mar/2020:19:28:06 +0000] "GET /login.php HTTP/1.0" 200 6335 "-" "Mozilla/5.0 (Hydra)"
192.168.10.238 - - [04/Mar/2020:19:28:06 +0000] "GET /login.php HTTP/1.0" 200 6335 "-" "Mozilla/5.0 (Hydra)"
192.168.10.238 - - [04/Mar/2020:19:28:06 +0000] "GET /login.php HTTP/1.0" 200 6335 "-" "Mozilla/5.0 (Hydra)"
::1 - - [04/Mar/2020:19:28:08 +0000] "OPTIONS * HTTP/1.0" 200 110 "-" "Apache/2.4.25 (Debian) OpenSSL/1.0.2u (internal dummy connection)"
::1 - - [04/Mar/2020:19:28:11 +0000] "OPTIONS * HTTP/1.0" 200 110 "-" "Apache/2.4.25 (Debian) OpenSSL/1.0.2u (internal dummy connection)"
192.168.10.190 - - [04/Mar/2020:19:28:21 +0000] "GET /imp/themes/default/graphics/flags/answered-inv.png HTTP/1.1" 200 406 "http://mail.cup.com/imp/themes/default/dynamic/screen.css" "Mozilla/5.0 (X11; Ubuntu; Linux x86_64; rv:73.0) Gecko/20100101 Firefox/73.0"
192.168.10.190 - - [04/Mar/2020:19:28:08 +0000] "GET /imp/dynamic.php?page=mailbox HTTP/1.1" 200 8747 "http://mail.cup.com/services/portal/" "Mozilla/5.0 (X11; Ubuntu; Linux x86_64; rv:73.0) Gecko/20100101 Firefox/73.0"
192.168.10.190 - - [04/Mar/2020:19:28:23 +0000] "POST /services/ajax.php/imp/dynamicInit HTTP/1.1" 200 2259 "http://mail.cup.com/imp/dynamic.php?page=mailbox" "Mozilla/5.0 (X11; Ubuntu; Linux x86_64; rv:73.0) Gecko/20100101 Firefox/73.0"
192.168.10.190 - - [04/Mar/2020:19:28:24 +0000] "GET /imp/themes/default/graphics/flags/deleted-inv.png HTTP/1.1" 200 444 "http://mail.cup.com/imp/themes/default/dynamic/screen.css" "Mozilla/5.0 (X11; Ubuntu; Linux x86_64; rv:73.0) Gecko/20100101 Firefox/73.0"
192.168.10.238 - - [04/Mar/2020:19:27:56 +0000] "POST /login.php HTTP/1.0" 200 6360 "-" "Mozilla/5.0 (Hydra)"
192.168.10.238 - - [04/Mar/2020:19:28:28 +0000] "GET /login.php HTTP/1.0" 200 6335 "-" "Mozilla/5.0 (Hydra)"
192.168.10.4 - - [04/Mar/2020:19:28:14 +0000] "GET /services/portal/ HTTP/1.1" 200 389 "http://mail.cup.com/services/portal/" "Mozilla/5.0 (X11; Ubuntu; Linux x86_64; rv:73.0) Gecko/20100101 Firefox/73.0"
192.168.10.4 - - [04/Mar/2020:19:28:23 +0000] "GET /mnemo/ HTTP/1.1" 200 5508 "http://mail.cup.com/services/portal/" "Mozilla/5.0 (X11; Ubuntu; Linux x86_64; rv:73.0) Gecko/20100101 Firefox/73.0"
192.168.10.190 - - [04/Mar/2020:19:28:15 +0000] "GET /services/portal/ HTTP/1.1" 200 8815 "http://mail.cup.com/mnemo/list.php" "Mozilla/5.0 (X11; Linux x86_64) AppleWebKit/537.36 (KHTML, like Gecko) Ubuntu Chromium/77.0.3865.90 HeadlessChrome/77.0.3865.90 Safari/537.36"
192.168.10.190 - - [04/Mar/2020:19:28:24 +0000] "POST /services/ajax.php/imp/deleteMessages HTTP/1.1" 200 552 "http://mail.cup.com/imp/dynamic.php?page=mailbox" "Mozilla/5.0 (X11; Ubuntu; Linux x86_64; rv:73.0) Gecko/20100101 Firefox/73.0"
192.168.10.190 - - [04/Mar/2020:19:28:21 +0000] "POST /services/ajax.php/imp/showMessage HTTP/1.1" 200 3490 "http://mail.cup.com/imp/dynamic.php?page=mailbox" "Mozilla/5.0 (X11; Ubuntu; Linux x86_64; rv:73.0) Gecko/20100101 Firefox/73.0"
192.168.10.190 - - [04/Mar/2020:19:28:16 +0000] "POST /services/ajax.php/imp/viewPort HTTP/1.1" 200 949 "http://mail.cup.com/imp/dynamic.php?page=mailbox" "Mozilla/5.0 (X11; Ubuntu; Linux x86_64; rv:73.0) Gecko/20100101 Firefox/73.0"
192.168.10.190 - - [04/Mar/2020:19:28:32 +0000] "GET /imp/themes/default/graphics/flags/deleted.png HTTP/1.1" 200 442 "http://mail.cup.com/imp/themes/default/screen.css" "Mozilla/5.0 (X11; Ubuntu; Linux x86_64; rv:73.0) Gecko/20100101 Firefox/73.0"
192.168.10.190 - - [04/Mar/2020:19:28:32 +0000] "GET /imp/view.php?imp_img_view=view_thumbnail&actionID=view_attach&id=2&muid=%7B5%7DINBOX73&view_token=AH-DmTcIMUmddmhXl3BBPcs HTTP/1.1" 200 899 "http://mail.cup.com/imp/dynamic.php?page=mailbox" "Mozilla/5.0 (X11; Ubuntu; Linux x86_64; rv:73.0) Gecko/20100101 Firefox/73.0"
::1 - - [04/Mar/2020:19:28:32 +0000] "OPTIONS * HTTP/1.0" 200 110 "-" "Apache/2.4.25 (Debian) OpenSSL/1.0.2u (internal dummy connection)"
192.168.10.238 - - [04/Mar/2020:19:28:02 +0000] "POST /login.php HTTP/1.0" 200 6360 "-" "Mozilla/5.0 (Hydra)"
192.168.10.238 - - [04/Mar/2020:19:28:02 +0000] "POST /login.php HTTP/1.0" 200 6360 "-" "Mozilla/5.0 (Hydra)"
192.168.10.238 - - [04/Mar/2020:19:28:02 +0000] "POST /login.php HTTP/1.0" 200 6360 "-" "Mozilla/5.0 (Hydra)"
192.168.10.190 - - [04/Mar/2020:19:28:33 +0000] "GET /imp/themes/default/graphics/delete.png HTTP/1.1" 200 581 "http://mail.cup.com/imp/themes/default/dynamic/screen.css" "Mozilla/5.0 (X11; Ubuntu; Linux x86_64; rv:73.0) Gecko/20100101 Firefox/73.0"
192.168.10.238 - - [04/Mar/2020:19:28:34 +0000] "GET /login.php HTTP/1.0" 200 6335 "-" "Mozilla/5.0 (Hydra)"
192.168.10.238 - - [04/Mar/2020:19:28:34 +0000] "GET /login.php HTTP/1.0" 200 6335 "-" "Mozilla/5.0 (Hydra)"
192.168.10.238 - - [04/Mar/2020:19:28:34 +0000] "GET /login.php HTTP/1.0" 200 6335 "-" "Mozilla/5.0 (Hydra)"
::1 - - [04/Mar/2020:19:28:37 +0000] "OPTIONS * HTTP/1.0" 200 110 "-" "Apache/2.4.25 (Debian) OpenSSL/1.0.2u (internal dummy connection)"
::1 - - [04/Mar/2020:19:28:38 +0000] "OPTIONS * HTTP/1.0" 200 110 "-" "Apache/2.4.25 (Debian) OpenSSL/1.0.2u (internal dummy connection)"
192.168.10.238 - - [04/Mar/2020:19:28:38 +0000] "GET /login.php HTTP/1.0" 200 6335 "-" "Mozilla/5.0 (Hydra)"
192.168.10.238 - - [04/Mar/2020:19:28:38 +0000] "GET /login.php HTTP/1.0" 200 6335 "-" "Mozilla/5.0 (Hydra)"
192.168.10.238 - - [04/Mar/2020:19:28:39 +0000] "GET /login.php HTTP/1.0" 200 6335 "-" "Mozilla/5.0 (Hydra)"
192.168.10.238 - - [04/Mar/2020:19:28:39 +0000] "GET /login.php HTTP/1.0" 200 6335 "-" "Mozilla/5.0 (Hydra)"
192.168.10.238 - - [04/Mar/2020:19:28:39 +0000] "GET /login.php HTTP/1.0" 200 6335 "-" "Mozilla/5.0 (Hydra)"
192.168.10.238 - - [04/Mar/2020:19:28:40 +0000] "GET /login.php HTTP/1.0" 200 6335 "-" "Mozilla/5.0 (Hydra)"
192.168.10.238 - - [04/Mar/2020:19:28:39 +0000] "GET /login.php HTTP/1.0" 200 6335 "-" "Mozilla/5.0 (Hydra)"
192.168.10.238 - - [04/Mar/2020:19:28:40 +0000] "GET /login.php HTTP/1.0" 200 6335 "-" "Mozilla/5.0 (Hydra)"
192.168.10.238 - - [04/Mar/2020:19:28:39 +0000] "GET /login.php HTTP/1.0" 200 6335 "-" "Mozilla/5.0 (Hydra)"
192.168.10.238 - - [04/Mar/2020:19:28:40 +0000] "GET /login.php HTTP/1.0" 200 6335 "-" "Mozilla/5.0 (Hydra)"
192.168.10.238 - - [04/Mar/2020:19:28:39 +0000] "GET /login.php HTTP/1.0" 200 6335 "-" "Mozilla/5.0 (Hydra)"
192.168.10.238 - - [04/Mar/2020:19:28:40 +0000] "GET /login.php HTTP/1.0" 200 6335 "-" "Mozilla/5.0 (Hydra)"
192.168.10.4 - - [04/Mar/2020:19:28:25 +0000] "GET /services/portal/ HTTP/1.1" 200 12219 "http://mail.cup.com/nag/list.php" "Mozilla/5.0 (X11; Linux x86_64) AppleWebKit/537.36 (KHTML, like Gecko) Ubuntu Chromium/77.0.3865.90 HeadlessChrome/77.0.3865.90 Safari/537.36"
192.168.10.4 - - [04/Mar/2020:19:28:44 +0000] "GET /kronolith/ HTTP/1.1" 200 24701 "http://mail.cup.com/services/portal/" "Mozilla/5.0 (X11; Linux x86_64) AppleWebKit/537.36 (KHTML, like Gecko) Ubuntu Chromium/77.0.3865.90 HeadlessChrome/77.0.3865.90 Safari/537.36"
192.168.10.4 - - [04/Mar/2020:19:28:44 +0000] "POST /services/ajax.php/kronolith/listCalendars HTTP/1.1" 200 968 "http://mail.cup.com/kronolith/" "Mozilla/5.0 (X11; Linux x86_64) AppleWebKit/537.36 (KHTML, like Gecko) Ubuntu Chromium/77.0.3865.90 HeadlessChrome/77.0.3865.90 Safari/537.36"
192.168.10.4 - - [04/Mar/2020:19:28:45 +0000] "POST /services/ajax.php/kronolith/listEvents HTTP/1.1" 200 1735 "http://mail.cup.com/kronolith/" "Mozilla/5.0 (X11; Linux x86_64) AppleWebKit/537.36 (KHTML, like Gecko) Ubuntu Chromium/77.0.3865.90 HeadlessChrome/77.0.3865.90 Safari/537.36"
192.168.10.4 - - [04/Mar/2020:19:28:45 +0000] "POST /services/ajax.php/kronolith/listEvents HTTP/1.1" 200 549 "http://mail.cup.com/kronolith/" "Mozilla/5.0 (X11; Linux x86_64) AppleWebKit/537.36 (KHTML, like Gecko) Ubuntu Chromium/77.0.3865.90 HeadlessChrome/77.0.3865.90 Safari/537.36"
192.168.10.238 - - [04/Mar/2020:19:28:07 +0000] "POST /login.php HTTP/1.0" 200 280 "-" "Mozilla/5.0 (Hydra)"
192.168.10.238 - - [04/Mar/2020:19:28:07 +0000] "POST /login.php HTTP/1.0" 200 280 "-" "Mozilla/5.0 (Hydra)"
192.168.10.238 - - [04/Mar/2020:19:28:06 +0000] "POST /login.php HTTP/1.0" 200 280 "-" "Mozilla/5.0 (Hydra)"
192.168.10.238 - - [04/Mar/2020:19:28:06 +0000] "POST /login.php HTTP/1.0" 200 280 "-" "Mozilla/5.0 (Hydra)"
192.168.10.238 - - [04/Mar/2020:19:28:07 +0000] "POST /login.php HTTP/1.0" 200 280 "-" "Mozilla/5.0 (Hydra)"
192.168.10.238 - - [04/Mar/2020:19:28:07 +0000] "POST /login.php HTTP/1.0" 200 280 "-" "Mozilla/5.0 (Hydra)"
192.168.10.238 - - [04/Mar/2020:19:28:07 +0000] "POST /login.php HTTP/1.0" 200 280 "-" "Mozilla/5.0 (Hydra)"
192.168.10.238 - - [04/Mar/2020:19:28:07 +0000] "POST /login.php HTTP/1.0" 200 280 "-" "Mozilla/5.0 (Hydra)"
192.168.10.238 - - [04/Mar/2020:19:28:07 +0000] "POST /login.php HTTP/1.0" 200 280 "-" "Mozilla/5.0 (Hydra)"
192.168.10.238 - - [04/Mar/2020:19:28:07 +0000] "POST /login.php HTTP/1.0" 200 280 "-" "Mozilla/5.0 (Hydra)"
192.168.10.238 - - [04/Mar/2020:19:28:07 +0000] "POST /login.php HTTP/1.0" 200 280 "-" "Mozilla/5.0 (Hydra)"
192.168.10.238 - - [04/Mar/2020:19:28:07 +0000] "POST /login.php HTTP/1.0" 200 280 "-" "Mozilla/5.0 (Hydra)"
192.168.10.238 - - [04/Mar/2020:19:28:34 +0000] "POST /login.php HTTP/1.0" 200 6360 "-" "Mozilla/5.0 (Hydra)"
192.168.10.238 - - [04/Mar/2020:19:28:34 +0000] "POST /login.php HTTP/1.0" 200 6360 "-" "Mozilla/5.0 (Hydra)"
