192.168.10.190 - - [05/Mar/2020:16:03:01 +0000] "GET /services/portal/ HTTP/1.1" 200 10314 "http://mail.cup.com/services/portal/" "Mozilla/5.0 (X11; Ubuntu; Linux x86_64; rv:73.0) Gecko/20100101 Firefox/73.0"
192.168.10.238 - - [05/Mar/2020:16:03:03 +0000] "GET /services/portal/ HTTP/1.1" 200 11215 "http://mail.cup.com/mnemo/list.php" "Mozilla/5.0 (X11; Ubuntu; Linux x86_64; rv:73.0) Gecko/20100101 Firefox/73.0"
192.168.10.190 - - [05/Mar/2020:16:03:05 +0000] "GET /kronolith/ HTTP/1.1" 200 24700 "http://mail.cup.com/services/portal/" "Mozilla/5.0 (X11; Ubuntu; Linux x86_64; rv:73.0) Gecko/20100101 Firefox/73.0"
192.168.10.190 - - [05/Mar/2020:16:03:06 +0000] "POST /services/ajax.php/kronolith/listCalendars HTTP/1.1" 200 970 "http://mail.cup.com/kronolith/" "Mozilla/5.0 (X11; Ubuntu; Linux x86_64; rv:73.0) Gecko/20100101 Firefox/73.0"
192.168.10.190 - - [05/Mar/2020:16:03:06 +0000] "POST /services/ajax.php/kronolith/listEvents HTTP/1.1" 200 549 "http://mail.cup.com/kronolith/" "Mozilla/5.0 (X11; Ubuntu; Linux x86_64; rv:73.0) Gecko/20100101 Firefox/73.0"
192.168.10.190 - - [05/Mar/2020:16:03:06 +0000] "POST /services/ajax.php/kronolith/listEvents HTTP/1.1" 200 2612 "http://mail.cup.com/kronolith/" "Mozilla/5.0 (X11; Ubuntu; Linux x86_64; rv:73.0) Gecko/20100101 Firefox/73.0"
192.168.10.238 - - [05/Mar/2020:16:03:07 +0000] "GET /kronolith/ HTTP/1.1" 200 24705 "http://mail.cup.com/services/portal/" "Mozilla/5.0 (X11; Ubuntu; Linux x86_64; rv:73.0) Gecko/20100101 Firefox/73.0"
192.168.10.190 - - [05/Mar/2020:16:03:07 +0000] "GET /services/portal/ HTTP/1.1" 200 13342 "http://mail.cup.com/imp/dynamic.php?page=mailbox" "Mozilla/5.0 (X11; Ubuntu; Linux x86_64; rv:73.0) Gecko/20100101 Firefox/73.0"
192.168.10.238 - - [05/Mar/2020:16:03:08 +0000] "POST /services/ajax.php/kronolith/listCalendars HTTP/1.1" 200 969 "http://mail.cup.com/kronolith/" "Mozilla/5.0 (X11; Ubuntu; Linux x86_64; rv:73.0) Gecko/20100101 Firefox/73.0"
192.168.10.238 - - [05/Mar/2020:16:03:08 +0000] "POST /services/ajax.php/kronolith/listEvents HTTP/1.1" 200 548 "http://mail.cup.com/kronolith/" "Mozilla/5.0 (X11; Ubuntu; Linux x86_64; rv:73.0) Gecko/20100101 Firefox/73.0"
192.168.10.238 - - [05/Mar/2020:16:03:08 +0000] "POST /services/ajax.php/kronolith/listEvents HTTP/1.1" 200 1228 "http://mail.cup.com/kronolith/" "Mozilla/5.0 (X11; Ubuntu; Linux x86_64; rv:73.0) Gecko/20100101 Firefox/73.0"
192.168.10.190 - - [05/Mar/2020:16:03:11 +0000] "GET /imp/dynamic.php?page=mailbox HTTP/1.1" 200 8750 "http://mail.cup.com/services/portal/" "Mozilla/5.0 (X11; Ubuntu; Linux x86_64; rv:73.0) Gecko/20100101 Firefox/73.0"
192.168.10.190 - - [05/Mar/2020:16:03:12 +0000] "POST /services/ajax.php/imp/dynamicInit HTTP/1.1" 200 1539 "http://mail.cup.com/imp/dynamic.php?page=mailbox" "Mozilla/5.0 (X11; Ubuntu; Linux x86_64; rv:73.0) Gecko/20100101 Firefox/73.0"
192.168.10.190 - - [05/Mar/2020:16:03:14 +0000] "POST /services/ajax.php/kronolith/listTopTags HTTP/1.1" 200 456 "http://mail.cup.com/kronolith/" "Mozilla/5.0 (X11; Ubuntu; Linux x86_64; rv:73.0) Gecko/20100101 Firefox/73.0"
192.168.10.238 - - [05/Mar/2020:16:03:15 +0000] "POST /services/ajax.php/kronolith/getEvent HTTP/1.1" 200 674 "http://mail.cup.com/kronolith/" "Mozilla/5.0 (X11; Ubuntu; Linux x86_64; rv:73.0) Gecko/20100101 Firefox/73.0"
192.168.10.238 - - [05/Mar/2020:16:03:15 +0000] "POST /services/ajax.php/kronolith/listTopTags HTTP/1.1" 200 451 "http://mail.cup.com/kronolith/" "Mozilla/5.0 (X11; Ubuntu; Linux x86_64; rv:73.0) Gecko/20100101 Firefox/73.0"
192.168.10.190 - - [05/Mar/2020:16:03:17 +0000] "POST /services/ajax.php/imp/viewPort HTTP/1.1" 200 908 "http://mail.cup.com/imp/dynamic.php?page=mailbox" "Mozilla/5.0 (X11; Ubuntu; Linux x86_64; rv:73.0) Gecko/20100101 Firefox/73.0"
192.168.10.190 - - [05/Mar/2020:16:03:17 +0000] "GET /services/portal/ HTTP/1.1" 200 9383 "http://mail.cup.com/turba/contact.php?source=-KrfOwxmgb_30de_2Xv1YAC&key=YvWgAokhUGMNMvHkDuC0XD8&view=Contact" "Mozilla/5.0 (X11; Ubuntu; Linux x86_64; rv:73.0) Gecko/20100101 Firefox/73.0"
192.168.10.190 - - [05/Mar/2020:16:03:24 +0000] "GET /imp/dynamic.php?page=mailbox HTTP/1.1" 200 8745 "http://mail.cup.com/services/portal/" "Mozilla/5.0 (X11; Ubuntu; Linux x86_64; rv:73.0) Gecko/20100101 Firefox/73.0"
192.168.10.190 - - [05/Mar/2020:16:03:24 +0000] "POST /services/ajax.php/imp/dynamicInit HTTP/1.1" 200 2159 "http://mail.cup.com/imp/dynamic.php?page=mailbox" "Mozilla/5.0 (X11; Ubuntu; Linux x86_64; rv:73.0) Gecko/20100101 Firefox/73.0"
192.168.10.238 - - [05/Mar/2020:16:03:25 +0000] "POST /services/ajax.php/kronolith/deleteEvent HTTP/1.1" 200 535 "http://mail.cup.com/kronolith/" "Mozilla/5.0 (X11; Ubuntu; Linux x86_64; rv:73.0) Gecko/20100101 Firefox/73.0"
192.168.10.4 - - [05/Mar/2020:16:03:29 +0000] "GET /services/portal/ HTTP/1.1" 200 8406 "http://mail.cup.com/nag/list.php" "Mozilla/5.0 (X11; Ubuntu; Linux x86_64; rv:73.0) Gecko/20100101 Firefox/73.0"
192.168.10.4 - - [05/Mar/2020:16:03:32 +0000] "GET /imp/dynamic.php?page=mailbox HTTP/1.1" 200 8746 "http://mail.cup.com/services/portal/" "Mozilla/5.0 (X11; Ubuntu; Linux x86_64; rv:73.0) Gecko/20100101 Firefox/73.0"
192.168.10.4 - - [05/Mar/2020:16:03:32 +0000] "POST /services/ajax.php/imp/dynamicInit HTTP/1.1" 200 2009 "http://mail.cup.com/imp/dynamic.php?page=mailbox" "Mozilla/5.0 (X11; Ubuntu; Linux x86_64; rv:73.0) Gecko/20100101 Firefox/73.0"
192.168.10.238 - - [05/Mar/2020:16:03:36 +0000] "GET /nag/task.php?actionID=add_task HTTP/1.1" 200 9063 "http://mail.cup.com/nag/" "Mozilla/5.0 (X11; Ubuntu; Linux x86_64; rv:73.0) Gecko/20100101 Firefox/73.0"
192.168.10.238 - - [05/Mar/2020:16:03:37 +0000] "GET /services/portal/ HTTP/1.1" 200 10648 "http://mail.cup.com/kronolith/" "Mozilla/5.0 (X11; Ubuntu; Linux x86_64; rv:73.0) Gecko/20100101 Firefox/73.0"
192.168.10.4 - - [05/Mar/2020:16:03:37 +0000] "POST /services/ajax.php/imp/viewPort HTTP/1.1" 200 1373 "http://mail.cup.com/imp/dynamic.php?page=mailbox" "Mozilla/5.0 (X11; Ubuntu; Linux x86_64; rv:73.0) Gecko/20100101 Firefox/73.0"
192.168.10.190 - - [05/Mar/2020:16:03:37 +0000] "GET /imp/dynamic.php?page=compose&type=new&token=HtiXJ2Ox4zXNaiAHh7Jmlaf&uniq=1583424217209 HTTP/1.1" 200 5529 "http://mail.cup.com/imp/dynamic.php?page=mailbox" "Mozilla/5.0 (X11; Ubuntu; Linux x86_64; rv:73.0) Gecko/20100101 Firefox/73.0"
192.168.10.190 - - [05/Mar/2020:16:03:34 +0000] "POST /services/ajax.php/imp/viewPort HTTP/1.1" 200 1530 "http://mail.cup.com/imp/dynamic.php?page=mailbox" "Mozilla/5.0 (X11; Ubuntu; Linux x86_64; rv:73.0) Gecko/20100101 Firefox/73.0"
192.168.10.238 - - [05/Mar/2020:16:03:40 +0000] "GET /nag/ HTTP/1.1" 200 10014 "http://mail.cup.com/services/portal/" "Mozilla/5.0 (X11; Ubuntu; Linux x86_64; rv:73.0) Gecko/20100101 Firefox/73.0"
192.168.10.4 - - [05/Mar/2020:16:03:41 +0000] "GET /imp/dynamic.php?page=compose&type=new&token=UjttllJwScNo7zIzgqhRYl1&uniq=1583424220984 HTTP/1.1" 200 5525 "http://mail.cup.com/imp/dynamic.php?page=mailbox" "Mozilla/5.0 (X11; Ubuntu; Linux x86_64; rv:73.0) Gecko/20100101 Firefox/73.0"
192.168.10.190 - - [05/Mar/2020:16:03:42 +0000] "POST /services/ajax.php/kronolith/saveEvent HTTP/1.1" 200 642 "http://mail.cup.com/kronolith/" "Mozilla/5.0 (X11; Ubuntu; Linux x86_64; rv:73.0) Gecko/20100101 Firefox/73.0"
192.168.10.190 - - [05/Mar/2020:16:03:49 +0000] "POST /services/ajax.php/imp/addAttachment?jsonhtml=1&token=HtiXJ2Ox4zXNaiAHh7Jmlaf HTTP/1.1" 200 1027 "http://mail.cup.com/imp/dynamic.php?page=compose&type=new&token=HtiXJ2Ox4zXNaiAHh7Jmlaf&uniq=1583424217209" "Mozilla/5.0 (X11; Ubuntu; Linux x86_64; rv:73.0) Gecko/20100101 Firefox/73.0"
192.168.10.238 - - [05/Mar/2020:16:03:49 +0000] "POST /services/ajax.php/horde/imple?token=9zT4LjGEO0NctPfeQ4T5zX1&app=nag&imple=Nag_Ajax_Imple_TagAutoCompleter&input=tags HTTP/1.1" 200 376 "http://mail.cup.com/nag/task.php?actionID=add_task" "Mozilla/5.0 (X11; Ubuntu; Linux x86_64; rv:73.0) Gecko/20100101 Firefox/73.0"
192.168.10.190 - - [05/Mar/2020:16:03:50 +0000] "GET /services/portal/ HTTP/1.1" 200 13346 "http://mail.cup.com/imp/dynamic.php?page=mailbox" "Mozilla/5.0 (X11; Ubuntu; Linux x86_64; rv:73.0) Gecko/20100101 Firefox/73.0"
192.168.10.190 - - [05/Mar/2020:16:03:51 +0000] "GET /services/portal/ HTTP/1.1" 200 10319 "http://mail.cup.com/kronolith/" "Mozilla/5.0 (X11; Ubuntu; Linux x86_64; rv:73.0) Gecko/20100101 Firefox/73.0"
192.168.10.4 - - [05/Mar/2020:16:03:52 +0000] "POST /services/ajax.php/imp/sendMessage HTTP/1.1" 200 473 "http://mail.cup.com/imp/dynamic.php?page=compose&type=new&token=UjttllJwScNo7zIzgqhRYl1&uniq=1583424220984" "Mozilla/5.0 (X11; Ubuntu; Linux x86_64; rv:73.0) Gecko/20100101 Firefox/73.0"
192.168.10.190 - - [05/Mar/2020:16:03:53 +0000] "GET /imp/dynamic.php?page=mailbox HTTP/1.1" 200 8753 "http://mail.cup.com/services/portal/" "Mozilla/5.0 (X11; Ubuntu; Linux x86_64; rv:73.0) Gecko/20100101 Firefox/73.0"
192.168.10.190 - - [05/Mar/2020:16:03:54 +0000] "GET /mnemo/ HTTP/1.1" 200 6803 "http://mail.cup.com/services/portal/" "Mozilla/5.0 (X11; Ubuntu; Linux x86_64; rv:73.0) Gecko/20100101 Firefox/73.0"
192.168.10.190 - - [05/Mar/2020:16:03:54 +0000] "POST /services/ajax.php/imp/dynamicInit HTTP/1.1" 200 1537 "http://mail.cup.com/imp/dynamic.php?page=mailbox" "Mozilla/5.0 (X11; Ubuntu; Linux x86_64; rv:73.0) Gecko/20100101 Firefox/73.0"
192.168.10.190 - - [05/Mar/2020:16:04:00 +0000] "POST /services/ajax.php/imp/viewPort HTTP/1.1" 200 907 "http://mail.cup.com/imp/dynamic.php?page=mailbox" "Mozilla/5.0 (X11; Ubuntu; Linux x86_64; rv:73.0) Gecko/20100101 Firefox/73.0"
192.168.10.190 - - [05/Mar/2020:16:04:01 +0000] "POST /services/ajax.php/imp/sendMessage HTTP/1.1" 200 475 "http://mail.cup.com/imp/dynamic.php?page=compose&type=new&token=HtiXJ2Ox4zXNaiAHh7Jmlaf&uniq=1583424217209" "Mozilla/5.0 (X11; Ubuntu; Linux x86_64; rv:73.0) Gecko/20100101 Firefox/73.0"
::1 - - [05/Mar/2020:16:04:16 +0000] "OPTIONS * HTTP/1.0" 200 110 "-" "Apache/2.4.25 (Debian) OpenSSL/1.0.2u (internal dummy connection)"
192.168.10.238 - - [05/Mar/2020:16:04:20 +0000] "GET /nag/task.php?actionID=add_task HTTP/1.1" 200 9456 "http://mail.cup.com/nag/" "Mozilla/5.0 (X11; Ubuntu; Linux x86_64; rv:73.0) Gecko/20100101 Firefox/73.0"
192.168.10.238 - - [05/Mar/2020:16:04:20 +0000] "POST /nag/task/save.php HTTP/1.1" 302 412 "http://mail.cup.com/nag/task.php?actionID=add_task" "Mozilla/5.0 (X11; Ubuntu; Linux x86_64; rv:73.0) Gecko/20100101 Firefox/73.0"
192.168.10.238 - - [05/Mar/2020:16:04:21 +0000] "GET /nag/list.php HTTP/1.1" 200 8785 "http://mail.cup.com/nag/task.php?actionID=add_task" "Mozilla/5.0 (X11; Ubuntu; Linux x86_64; rv:73.0) Gecko/20100101 Firefox/73.0"
192.168.10.4 - - [05/Mar/2020:16:04:29 +0000] "GET /services/portal/ HTTP/1.1" 200 8405 "http://mail.cup.com/imp/dynamic.php?page=mailbox" "Mozilla/5.0 (X11; Ubuntu; Linux x86_64; rv:73.0) Gecko/20100101 Firefox/73.0"
192.168.10.190 - - [05/Mar/2020:16:04:32 +0000] "GET /mnemo/memo.php?memo=k4mMZF5Pxf3N5Q4o2dITuBk&memolist=YEyPYnRLSYxO77YlM4O8zo6&actionID=modify_memo HTTP/1.1" 200 6103 "http://mail.cup.com/mnemo/" "Mozilla/5.0 (X11; Ubuntu; Linux x86_64; rv:73.0) Gecko/20100101 Firefox/73.0"
192.168.10.4 - - [05/Mar/2020:16:04:32 +0000] "GET /login.php?horde_logout_token=UjttllJwScNo7zIzgqhRYl1&logout_reason=4 HTTP/1.1" 200 3839 "http://mail.cup.com/services/portal/" "Mozilla/5.0 (X11; Ubuntu; Linux x86_64; rv:73.0) Gecko/20100101 Firefox/73.0"
192.168.10.190 - - [05/Mar/2020:16:04:33 +0000] "GET /services/portal/ HTTP/1.1" 200 13337 "http://mail.cup.com/imp/dynamic.php?page=mailbox" "Mozilla/5.0 (X11; Ubuntu; Linux x86_64; rv:73.0) Gecko/20100101 Firefox/73.0"
192.168.10.238 - - [05/Mar/2020:16:04:35 +0000] "POST /services/ajax.php/horde/imple?token=rSt1AuEE_xSMOOsojY-tj1w&app=nag&imple=Nag_Ajax_Imple_TagAutoCompleter&input=tags HTTP/1.1" 200 371 "http://mail.cup.com/nag/task.php?actionID=add_task" "Mozilla/5.0 (X11; Ubuntu; Linux x86_64; rv:73.0) Gecko/20100101 Firefox/73.0"
192.168.10.190 - - [05/Mar/2020:16:04:36 +0000] "GET /imp/dynamic.php?page=mailbox HTTP/1.1" 200 8754 "http://mail.cup.com/services/portal/" "Mozilla/5.0 (X11; Ubuntu; Linux x86_64; rv:73.0) Gecko/20100101 Firefox/73.0"
192.168.10.190 - - [05/Mar/2020:16:04:36 +0000] "GET /services/portal/ HTTP/1.1" 200 9348 "http://mail.cup.com/imp/dynamic.php?page=mailbox" "Mozilla/5.0 (X11; Ubuntu; Linux x86_64; rv:73.0) Gecko/20100101 Firefox/73.0"
192.168.10.190 - - [05/Mar/2020:16:04:37 +0000] "POST /services/ajax.php/imp/dynamicInit HTTP/1.1" 200 1539 "http://mail.cup.com/imp/dynamic.php?page=mailbox" "Mozilla/5.0 (X11; Ubuntu; Linux x86_64; rv:73.0) Gecko/20100101 Firefox/73.0"
192.168.10.190 - - [05/Mar/2020:16:04:37 +0000] "GET /mnemo/memo.php?memo=k4mMZF5Pxf3N5Q4o2dITuBk&memolist=YEyPYnRLSYxO77YlM4O8zo6&actionID=delete_memos HTTP/1.1" 302 414 "http://mail.cup.com/mnemo/memo.php?memo=k4mMZF5Pxf3N5Q4o2dITuBk&memolist=YEyPYnRLSYxO77YlM4O8zo6&actionID=modify_memo" "Mozilla/5.0 (X11; Ubuntu; Linux x86_64; rv:73.0) Gecko/20100101 Firefox/73.0"
192.168.10.190 - - [05/Mar/2020:16:04:38 +0000] "GET /mnemo/list.php HTTP/1.1" 200 6818 "http://mail.cup.com/mnemo/memo.php?memo=k4mMZF5Pxf3N5Q4o2dITuBk&memolist=YEyPYnRLSYxO77YlM4O8zo6&actionID=modify_memo" "Mozilla/5.0 (X11; Ubuntu; Linux x86_64; rv:73.0) Gecko/20100101 Firefox/73.0"
192.168.10.190 - - [05/Mar/2020:16:04:43 +0000] "GET /kronolith/ HTTP/1.1" 200 24702 "http://mail.cup.com/services/portal/" "Mozilla/5.0 (X11; Ubuntu; Linux x86_64; rv:73.0) Gecko/20100101 Firefox/73.0"
192.168.10.190 - - [05/Mar/2020:16:04:43 +0000] "POST /services/ajax.php/imp/viewPort HTTP/1.1" 200 908 "http://mail.cup.com/imp/dynamic.php?page=mailbox" "Mozilla/5.0 (X11; Ubuntu; Linux x86_64; rv:73.0) Gecko/20100101 Firefox/73.0"
192.168.10.190 - - [05/Mar/2020:16:04:43 +0000] "POST /services/ajax.php/kronolith/listCalendars HTTP/1.1" 200 968 "http://mail.cup.com/kronolith/" "Mozilla/5.0 (X11; Ubuntu; Linux x86_64; rv:73.0) Gecko/20100101 Firefox/73.0"
192.168.10.190 - - [05/Mar/2020:16:04:43 +0000] "POST /services/ajax.php/kronolith/listEvents HTTP/1.1" 200 549 "http://mail.cup.com/kronolith/" "Mozilla/5.0 (X11; Ubuntu; Linux x86_64; rv:73.0) Gecko/20100101 Firefox/73.0"
192.168.10.190 - - [05/Mar/2020:16:04:43 +0000] "POST /services/ajax.php/kronolith/listEvents HTTP/1.1" 200 2009 "http://mail.cup.com/kronolith/" "Mozilla/5.0 (X11; Ubuntu; Linux x86_64; rv:73.0) Gecko/20100101 Firefox/73.0"
192.168.10.190 - - [05/Mar/2020:16:04:47 +0000] "POST /services/ajax.php/imp/showMessage HTTP/1.1" 200 1936 "http://mail.cup.com/imp/dynamic.php?page=mailbox" "Mozilla/5.0 (X11; Ubuntu; Linux x86_64; rv:73.0) Gecko/20100101 Firefox/73.0"
192.168.10.190 - - [05/Mar/2020:16:04:53 +0000] "GET /imp/dynamic.php?page=message&buid=148&mailbox=SU5CT1g&token=ycKORsE-3NyyOptmkc1U3FY&uniq=1583424293241 HTTP/1.1" 200 7355 "http://mail.cup.com/imp/dynamic.php?page=mailbox" "Mozilla/5.0 (X11; Ubuntu; Linux x86_64; rv:73.0) Gecko/20100101 Firefox/73.0"
192.168.10.190 - - [05/Mar/2020:16:04:56 +0000] "POST /services/ajax.php/imp/getReplyData HTTP/1.1" 200 938 "http://mail.cup.com/imp/dynamic.php?page=message&buid=148&mailbox=SU5CT1g&token=ycKORsE-3NyyOptmkc1U3FY&uniq=1583424293241" "Mozilla/5.0 (X11; Ubuntu; Linux x86_64; rv:73.0) Gecko/20100101 Firefox/73.0"
192.168.10.190 - - [05/Mar/2020:16:04:56 +0000] "POST /services/ajax.php/kronolith/getEvent HTTP/1.1" 200 678 "http://mail.cup.com/kronolith/" "Mozilla/5.0 (X11; Ubuntu; Linux x86_64; rv:73.0) Gecko/20100101 Firefox/73.0"
192.168.10.238 - - [05/Mar/2020:16:04:56 +0000] "GET /services/portal/ HTTP/1.1" 200 9480 "http://mail.cup.com/nag/list.php" "Mozilla/5.0 (X11; Ubuntu; Linux x86_64; rv:73.0) Gecko/20100101 Firefox/73.0"
192.168.10.190 - - [05/Mar/2020:16:04:56 +0000] "POST /services/ajax.php/kronolith/listTopTags HTTP/1.1" 200 450 "http://mail.cup.com/kronolith/" "Mozilla/5.0 (X11; Ubuntu; Linux x86_64; rv:73.0) Gecko/20100101 Firefox/73.0"
192.168.10.190 - - [05/Mar/2020:16:05:00 +0000] "POST /services/ajax.php/imp/sendMessage HTTP/1.1" 200 631 "http://mail.cup.com/imp/dynamic.php?page=message&buid=148&mailbox=SU5CT1g&token=ycKORsE-3NyyOptmkc1U3FY&uniq=1583424293241" "Mozilla/5.0 (X11; Ubuntu; Linux x86_64; rv:73.0) Gecko/20100101 Firefox/73.0"
192.168.10.238 - - [05/Mar/2020:16:05:01 +0000] "GET /imp/dynamic.php?page=mailbox HTTP/1.1" 200 8751 "http://mail.cup.com/services/portal/" "Mozilla/5.0 (X11; Ubuntu; Linux x86_64; rv:73.0) Gecko/20100101 Firefox/73.0"
192.168.10.238 - - [05/Mar/2020:16:05:01 +0000] "GET /themes/default/graphics/search-topbar.png HTTP/1.1" 200 631 "http://mail.cup.com/imp/dynamic.php?page=mailbox" "Mozilla/5.0 (X11; Ubuntu; Linux x86_64; rv:73.0) Gecko/20100101 Firefox/73.0"
192.168.10.238 - - [05/Mar/2020:16:05:01 +0000] "GET /themes/default/graphics/popdown.png HTTP/1.1" 200 458 "http://mail.cup.com/themes/default/screen.css" "Mozilla/5.0 (X11; Ubuntu; Linux x86_64; rv:73.0) Gecko/20100101 Firefox/73.0"
192.168.10.238 - - [05/Mar/2020:16:05:01 +0000] "GET /themes/default/graphics/slidevert.png HTTP/1.1" 200 399 "http://mail.cup.com/themes/default/screen.css" "Mozilla/5.0 (X11; Ubuntu; Linux x86_64; rv:73.0) Gecko/20100101 Firefox/73.0"
192.168.10.238 - - [05/Mar/2020:16:05:01 +0000] "GET /themes/default/graphics/buttonbar-bg.png HTTP/1.1" 200 374 "http://mail.cup.com/themes/default/screen.css" "Mozilla/5.0 (X11; Ubuntu; Linux x86_64; rv:73.0) Gecko/20100101 Firefox/73.0"
192.168.10.238 - - [05/Mar/2020:16:05:01 +0000] "GET /themes/default/graphics/button-split.png HTTP/1.1" 200 341 "http://mail.cup.com/themes/default/screen.css" "Mozilla/5.0 (X11; Ubuntu; Linux x86_64; rv:73.0) Gecko/20100101 Firefox/73.0"
192.168.10.238 - - [05/Mar/2020:16:05:01 +0000] "GET /imp/themes/default/graphics/reload.png HTTP/1.1" 200 747 "http://mail.cup.com/imp/themes/default/dynamic/screen.css" "Mozilla/5.0 (X11; Ubuntu; Linux x86_64; rv:73.0) Gecko/20100101 Firefox/73.0"
192.168.10.238 - - [05/Mar/2020:16:05:01 +0000] "GET /imp/themes/default/graphics/checkbox_off.png HTTP/1.1" 200 608 "http://mail.cup.com/imp/themes/default/dynamic/screen.css" "Mozilla/5.0 (X11; Ubuntu; Linux x86_64; rv:73.0) Gecko/20100101 Firefox/73.0"
192.168.10.238 - - [05/Mar/2020:16:05:01 +0000] "GET /themes/default/graphics/slidehoriz.png HTTP/1.1" 200 362 "http://mail.cup.com/themes/default/screen.css" "Mozilla/5.0 (X11; Ubuntu; Linux x86_64; rv:73.0) Gecko/20100101 Firefox/73.0"
192.168.10.238 - - [05/Mar/2020:16:05:01 +0000] "GET /themes/default/graphics/slidehoriz-bg.png HTTP/1.1" 200 363 "http://mail.cup.com/themes/default/screen.css" "Mozilla/5.0 (X11; Ubuntu; Linux x86_64; rv:73.0) Gecko/20100101 Firefox/73.0"
192.168.10.238 - - [05/Mar/2020:16:05:01 +0000] "GET /imp/themes/default/graphics/ico_message_off.png HTTP/1.1" 200 736 "http://mail.cup.com/imp/themes/default/dynamic/screen.css" "Mozilla/5.0 (X11; Ubuntu; Linux x86_64; rv:73.0) Gecko/20100101 Firefox/73.0"
192.168.10.238 - - [05/Mar/2020:16:05:01 +0000] "GET /imp/themes/default/graphics/reload.gif HTTP/1.1" 200 13864 "http://mail.cup.com/imp/themes/default/dynamic/screen.css" "Mozilla/5.0 (X11; Ubuntu; Linux x86_64; rv:73.0) Gecko/20100101 Firefox/73.0"
192.168.10.238 - - [05/Mar/2020:16:05:01 +0000] "POST /services/ajax.php/imp/dynamicInit HTTP/1.1" 200 2224 "http://mail.cup.com/imp/dynamic.php?page=mailbox" "Mozilla/5.0 (X11; Ubuntu; Linux x86_64; rv:73.0) Gecko/20100101 Firefox/73.0"
192.168.10.238 - - [05/Mar/2020:16:05:01 +0000] "GET /imp/themes/default/graphics/scroller_back.png HTTP/1.1" 200 359 "http://mail.cup.com/imp/themes/default/dynamic/screen.css" "Mozilla/5.0 (X11; Ubuntu; Linux x86_64; rv:73.0) Gecko/20100101 Firefox/73.0"
192.168.10.238 - - [05/Mar/2020:16:05:01 +0000] "GET /imp/themes/default/graphics/sbcursor_top.png HTTP/1.1" 200 394 "http://mail.cup.com/imp/themes/default/dynamic/screen.css" "Mozilla/5.0 (X11; Ubuntu; Linux x86_64; rv:73.0) Gecko/20100101 Firefox/73.0"
192.168.10.238 - - [05/Mar/2020:16:05:01 +0000] "GET /imp/themes/default/graphics/scroller.png HTTP/1.1" 200 363 "http://mail.cup.com/imp/themes/default/dynamic/screen.css" "Mozilla/5.0 (X11; Ubuntu; Linux x86_64; rv:73.0) Gecko/20100101 Firefox/73.0"
192.168.10.238 - - [05/Mar/2020:16:05:03 +0000] "POST /nag/task/save.php HTTP/1.1" 302 412 "http://mail.cup.com/nag/task.php?actionID=add_task" "Mozilla/5.0 (X11; Ubuntu; Linux x86_64; rv:73.0) Gecko/20100101 Firefox/73.0"
192.168.10.238 - - [05/Mar/2020:16:05:03 +0000] "GET /nag/list.php HTTP/1.1" 200 10217 "http://mail.cup.com/nag/task.php?actionID=add_task" "Mozilla/5.0 (X11; Ubuntu; Linux x86_64; rv:73.0) Gecko/20100101 Firefox/73.0"
192.168.10.190 - - [05/Mar/2020:16:05:07 +0000] "POST /services/ajax.php/kronolith/deleteEvent HTTP/1.1" 200 534 "http://mail.cup.com/kronolith/" "Mozilla/5.0 (X11; Ubuntu; Linux x86_64; rv:73.0) Gecko/20100101 Firefox/73.0"
192.168.10.238 - - [05/Mar/2020:16:05:10 +0000] "POST /services/ajax.php/imp/viewPort HTTP/1.1" 200 1556 "http://mail.cup.com/imp/dynamic.php?page=mailbox" "Mozilla/5.0 (X11; Ubuntu; Linux x86_64; rv:73.0) Gecko/20100101 Firefox/73.0"
192.168.10.238 - - [05/Mar/2020:16:05:15 +0000] "GET /imp/themes/default/graphics/checkbox_on.png HTTP/1.1" 200 745 "http://mail.cup.com/imp/themes/default/dynamic/screen.css" "Mozilla/5.0 (X11; Ubuntu; Linux x86_64; rv:73.0) Gecko/20100101 Firefox/73.0"
192.168.10.238 - - [05/Mar/2020:16:05:15 +0000] "POST /services/ajax.php/imp/showMessage HTTP/1.1" 200 4072 "http://mail.cup.com/imp/dynamic.php?page=mailbox" "Mozilla/5.0 (X11; Ubuntu; Linux x86_64; rv:73.0) Gecko/20100101 Firefox/73.0"
192.168.10.190 - - [05/Mar/2020:16:05:13 +0000] "GET /services/portal/ HTTP/1.1" 200 10239 "http://mail.cup.com/mnemo/list.php" "Mozilla/5.0 (X11; Ubuntu; Linux x86_64; rv:73.0) Gecko/20100101 Firefox/73.0"
192.168.10.190 - - [05/Mar/2020:16:05:18 +0000] "GET /services/portal/ HTTP/1.1" 200 9359 "http://mail.cup.com/kronolith/" "Mozilla/5.0 (X11; Ubuntu; Linux x86_64; rv:73.0) Gecko/20100101 Firefox/73.0"
192.168.10.238 - - [05/Mar/2020:16:05:19 +0000] "POST /services/ajax.php/imp/deleteMessages HTTP/1.1" 200 558 "http://mail.cup.com/imp/dynamic.php?page=mailbox" "Mozilla/5.0 (X11; Ubuntu; Linux x86_64; rv:73.0) Gecko/20100101 Firefox/73.0"
192.168.10.190 - - [05/Mar/2020:16:05:21 +0000] "GET /kronolith/ HTTP/1.1" 200 24699 "http://mail.cup.com/services/portal/" "Mozilla/5.0 (X11; Ubuntu; Linux x86_64; rv:73.0) Gecko/20100101 Firefox/73.0"
192.168.10.190 - - [05/Mar/2020:16:05:22 +0000] "POST /services/ajax.php/kronolith/listCalendars HTTP/1.1" 200 970 "http://mail.cup.com/kronolith/" "Mozilla/5.0 (X11; Ubuntu; Linux x86_64; rv:73.0) Gecko/20100101 Firefox/73.0"
192.168.10.190 - - [05/Mar/2020:16:05:22 +0000] "POST /services/ajax.php/kronolith/listEvents HTTP/1.1" 200 2689 "http://mail.cup.com/kronolith/" "Mozilla/5.0 (X11; Ubuntu; Linux x86_64; rv:73.0) Gecko/20100101 Firefox/73.0"
192.168.10.190 - - [05/Mar/2020:16:05:22 +0000] "POST /services/ajax.php/kronolith/listEvents HTTP/1.1" 200 549 "http://mail.cup.com/kronolith/" "Mozilla/5.0 (X11; Ubuntu; Linux x86_64; rv:73.0) Gecko/20100101 Firefox/73.0"
192.168.10.190 - - [05/Mar/2020:16:05:28 +0000] "POST /services/ajax.php/kronolith/listTopTags HTTP/1.1" 200 456 "http://mail.cup.com/kronolith/" "Mozilla/5.0 (X11; Ubuntu; Linux x86_64; rv:73.0) Gecko/20100101 Firefox/73.0"
192.168.10.238 - - [05/Mar/2020:16:05:37 +0000] "GET /services/portal/ HTTP/1.1" 200 10714 "http://mail.cup.com/nag/list.php" "Mozilla/5.0 (X11; Ubuntu; Linux x86_64; rv:73.0) Gecko/20100101 Firefox/73.0"
192.168.10.190 - - [05/Mar/2020:16:05:39 +0000] "GET /services/portal/ HTTP/1.1" 200 13340 "http://mail.cup.com/imp/dynamic.php?page=mailbox" "Mozilla/5.0 (X11; Ubuntu; Linux x86_64; rv:73.0) Gecko/20100101 Firefox/73.0"
192.168.10.238 - - [05/Mar/2020:16:05:40 +0000] "GET /mnemo/ HTTP/1.1" 200 7375 "http://mail.cup.com/services/portal/" "Mozilla/5.0 (X11; Ubuntu; Linux x86_64; rv:73.0) Gecko/20100101 Firefox/73.0"
192.168.10.190 - - [05/Mar/2020:16:05:53 +0000] "GET /services/portal/ HTTP/1.1" 200 9357 "http://mail.cup.com/services/portal/" "Mozilla/5.0 (X11; Ubuntu; Linux x86_64; rv:73.0) Gecko/20100101 Firefox/73.0"
192.168.10.190 - - [05/Mar/2020:16:05:54 +0000] "POST /services/ajax.php/kronolith/saveEvent HTTP/1.1" 200 645 "http://mail.cup.com/kronolith/" "Mozilla/5.0 (X11; Ubuntu; Linux x86_64; rv:73.0) Gecko/20100101 Firefox/73.0"
192.168.10.238 - - [05/Mar/2020:16:05:54 +0000] "GET /services/portal/ HTTP/1.1" 200 9475 "http://mail.cup.com/imp/dynamic.php?page=mailbox" "Mozilla/5.0 (X11; Ubuntu; Linux x86_64; rv:73.0) Gecko/20100101 Firefox/73.0"
192.168.10.190 - - [05/Mar/2020:16:05:57 +0000] "GET /nag/ HTTP/1.1" 200 8590 "http://mail.cup.com/services/portal/" "Mozilla/5.0 (X11; Ubuntu; Linux x86_64; rv:73.0) Gecko/20100101 Firefox/73.0"
192.168.10.238 - - [05/Mar/2020:16:06:00 +0000] "GET /kronolith/ HTTP/1.1" 200 24704 "http://mail.cup.com/services/portal/" "Mozilla/5.0 (X11; Ubuntu; Linux x86_64; rv:73.0) Gecko/20100101 Firefox/73.0"
192.168.10.238 - - [05/Mar/2020:16:06:00 +0000] "POST /services/ajax.php/kronolith/listCalendars HTTP/1.1" 200 970 "http://mail.cup.com/kronolith/" "Mozilla/5.0 (X11; Ubuntu; Linux x86_64; rv:73.0) Gecko/20100101 Firefox/73.0"
192.168.10.238 - - [05/Mar/2020:16:06:01 +0000] "POST /services/ajax.php/kronolith/listEvents HTTP/1.1" 200 549 "http://mail.cup.com/kronolith/" "Mozilla/5.0 (X11; Ubuntu; Linux x86_64; rv:73.0) Gecko/20100101 Firefox/73.0"
192.168.10.238 - - [05/Mar/2020:16:06:01 +0000] "POST /services/ajax.php/kronolith/listEvents HTTP/1.1" 200 2177 "http://mail.cup.com/kronolith/" "Mozilla/5.0 (X11; Ubuntu; Linux x86_64; rv:73.0) Gecko/20100101 Firefox/73.0"
192.168.10.190 - - [05/Mar/2020:16:06:02 +0000] "GET /services/portal/ HTTP/1.1" 200 10334 "http://mail.cup.com/kronolith/" "Mozilla/5.0 (X11; Ubuntu; Linux x86_64; rv:73.0) Gecko/20100101 Firefox/73.0"
192.168.10.190 - - [05/Mar/2020:16:06:06 +0000] "GET /imp/dynamic.php?page=mailbox HTTP/1.1" 200 8747 "http://mail.cup.com/services/portal/" "Mozilla/5.0 (X11; Ubuntu; Linux x86_64; rv:73.0) Gecko/20100101 Firefox/73.0"
192.168.10.190 - - [05/Mar/2020:16:06:07 +0000] "POST /services/ajax.php/imp/dynamicInit HTTP/1.1" 200 1612 "http://mail.cup.com/imp/dynamic.php?page=mailbox" "Mozilla/5.0 (X11; Ubuntu; Linux x86_64; rv:73.0) Gecko/20100101 Firefox/73.0"
192.168.10.238 - - [05/Mar/2020:16:06:09 +0000] "POST /services/ajax.php/kronolith/getEvent HTTP/1.1" 200 673 "http://mail.cup.com/kronolith/" "Mozilla/5.0 (X11; Ubuntu; Linux x86_64; rv:73.0) Gecko/20100101 Firefox/73.0"
192.168.10.238 - - [05/Mar/2020:16:06:10 +0000] "POST /services/ajax.php/kronolith/listTopTags HTTP/1.1" 200 449 "http://mail.cup.com/kronolith/" "Mozilla/5.0 (X11; Ubuntu; Linux x86_64; rv:73.0) Gecko/20100101 Firefox/73.0"
192.168.10.190 - - [05/Mar/2020:16:06:11 +0000] "GET /services/portal/ HTTP/1.1" 200 13344 "http://mail.cup.com/services/portal/" "Mozilla/5.0 (X11; Ubuntu; Linux x86_64; rv:73.0) Gecko/20100101 Firefox/73.0"
192.168.10.190 - - [05/Mar/2020:16:06:14 +0000] "POST /services/ajax.php/imp/viewPort HTTP/1.1" 200 976 "http://mail.cup.com/imp/dynamic.php?page=mailbox" "Mozilla/5.0 (X11; Ubuntu; Linux x86_64; rv:73.0) Gecko/20100101 Firefox/73.0"
192.168.10.190 - - [05/Mar/2020:16:06:15 +0000] "GET /mnemo/ HTTP/1.1" 200 8120 "http://mail.cup.com/services/portal/" "Mozilla/5.0 (X11; Ubuntu; Linux x86_64; rv:73.0) Gecko/20100101 Firefox/73.0"
192.168.10.190 - - [05/Mar/2020:16:06:17 +0000] "GET /imp/dynamic.php?page=compose&type=new&token=SYJOMeSUTq1XM8NsYaTqRjr&uniq=1583424377393 HTTP/1.1" 200 5533 "http://mail.cup.com/imp/dynamic.php?page=mailbox" "Mozilla/5.0 (X11; Ubuntu; Linux x86_64; rv:73.0) Gecko/20100101 Firefox/73.0"
192.168.10.238 - - [05/Mar/2020:16:06:18 +0000] "POST /services/ajax.php/kronolith/deleteEvent HTTP/1.1" 200 531 "http://mail.cup.com/kronolith/" "Mozilla/5.0 (X11; Ubuntu; Linux x86_64; rv:73.0) Gecko/20100101 Firefox/73.0"
192.168.10.238 - - [05/Mar/2020:16:06:21 +0000] "GET /mnemo/memo.php?memo=eFOb1LB3cXYXSW_BrOfZNZr&memolist=So-amNOMh4MOnmspgFMMWA8&actionID=modify_memo HTTP/1.1" 200 6116 "http://mail.cup.com/mnemo/" "Mozilla/5.0 (X11; Ubuntu; Linux x86_64; rv:73.0) Gecko/20100101 Firefox/73.0"
192.168.10.238 - - [05/Mar/2020:16:06:26 +0000] "GET /services/portal/ HTTP/1.1" 200 9515 "http://mail.cup.com/kronolith/" "Mozilla/5.0 (X11; Ubuntu; Linux x86_64; rv:73.0) Gecko/20100101 Firefox/73.0"
192.168.10.238 - - [05/Mar/2020:16:06:28 +0000] "GET /mnemo/memo.php?memo=eFOb1LB3cXYXSW_BrOfZNZr&memolist=So-amNOMh4MOnmspgFMMWA8&actionID=delete_memos HTTP/1.1" 302 414 "http://mail.cup.com/mnemo/memo.php?memo=eFOb1LB3cXYXSW_BrOfZNZr&memolist=So-amNOMh4MOnmspgFMMWA8&actionID=modify_memo" "Mozilla/5.0 (X11; Ubuntu; Linux x86_64; rv:73.0) Gecko/20100101 Firefox/73.0"
192.168.10.238 - - [05/Mar/2020:16:06:29 +0000] "GET /mnemo/list.php HTTP/1.1" 200 7383 "http://mail.cup.com/mnemo/memo.php?memo=eFOb1LB3cXYXSW_BrOfZNZr&memolist=So-amNOMh4MOnmspgFMMWA8&actionID=modify_memo" "Mozilla/5.0 (X11; Ubuntu; Linux x86_64; rv:73.0) Gecko/20100101 Firefox/73.0"
192.168.10.190 - - [05/Mar/2020:16:06:29 +0000] "POST /services/ajax.php/imp/sendMessage HTTP/1.1" 200 473 "http://mail.cup.com/imp/dynamic.php?page=compose&type=new&token=SYJOMeSUTq1XM8NsYaTqRjr&uniq=1583424377393" "Mozilla/5.0 (X11; Ubuntu; Linux x86_64; rv:73.0) Gecko/20100101 Firefox/73.0"
192.168.10.238 - - [05/Mar/2020:16:06:31 +0000] "GET /imp/dynamic.php?page=mailbox HTTP/1.1" 200 8748 "http://mail.cup.com/services/portal/" "Mozilla/5.0 (X11; Ubuntu; Linux x86_64; rv:73.0) Gecko/20100101 Firefox/73.0"
192.168.10.238 - - [05/Mar/2020:16:06:32 +0000] "POST /services/ajax.php/imp/dynamicInit HTTP/1.1" 200 2200 "http://mail.cup.com/imp/dynamic.php?page=mailbox" "Mozilla/5.0 (X11; Ubuntu; Linux x86_64; rv:73.0) Gecko/20100101 Firefox/73.0"
192.168.10.190 - - [05/Mar/2020:16:06:33 +0000] "GET /nag/task.php?actionID=add_task HTTP/1.1" 200 9053 "http://mail.cup.com/nag/" "Mozilla/5.0 (X11; Ubuntu; Linux x86_64; rv:73.0) Gecko/20100101 Firefox/73.0"
192.168.10.238 - - [05/Mar/2020:16:06:41 +0000] "POST /services/ajax.php/imp/viewPort HTTP/1.1" 200 1539 "http://mail.cup.com/imp/dynamic.php?page=mailbox" "Mozilla/5.0 (X11; Ubuntu; Linux x86_64; rv:73.0) Gecko/20100101 Firefox/73.0"
192.168.10.238 - - [05/Mar/2020:16:06:44 +0000] "POST /services/ajax.php/imp/showMessage HTTP/1.1" 200 2556 "http://mail.cup.com/imp/dynamic.php?page=mailbox" "Mozilla/5.0 (X11; Ubuntu; Linux x86_64; rv:73.0) Gecko/20100101 Firefox/73.0"
192.168.10.190 - - [05/Mar/2020:16:06:48 +0000] "POST /services/ajax.php/horde/imple?token=HtiXJ2Ox4zXNaiAHh7Jmlaf&app=nag&imple=Nag_Ajax_Imple_TagAutoCompleter&input=tags HTTP/1.1" 200 380 "http://mail.cup.com/nag/task.php?actionID=add_task" "Mozilla/5.0 (X11; Ubuntu; Linux x86_64; rv:73.0) Gecko/20100101 Firefox/73.0"
192.168.10.190 - - [05/Mar/2020:16:06:50 +0000] "GET /mnemo/memo.php?memo=kLl9CcxJoTlxYpXyCI2lFnT&memolist=i22fq_SWRHE9Sqv8_OqUkun&actionID=modify_memo HTTP/1.1" 200 6111 "http://mail.cup.com/mnemo/" "Mozilla/5.0 (X11; Ubuntu; Linux x86_64; rv:73.0) Gecko/20100101 Firefox/73.0"
192.168.10.190 - - [05/Mar/2020:16:06:53 +0000] "GET /mnemo/memo.php?memo=kLl9CcxJoTlxYpXyCI2lFnT&memolist=i22fq_SWRHE9Sqv8_OqUkun&actionID=delete_memos HTTP/1.1" 302 413 "http://mail.cup.com/mnemo/memo.php?memo=kLl9CcxJoTlxYpXyCI2lFnT&memolist=i22fq_SWRHE9Sqv8_OqUkun&actionID=modify_memo" "Mozilla/5.0 (X11; Ubuntu; Linux x86_64; rv:73.0) Gecko/20100101 Firefox/73.0"
192.168.10.190 - - [05/Mar/2020:16:06:53 +0000] "GET /mnemo/list.php HTTP/1.1" 200 8146 "http://mail.cup.com/mnemo/memo.php?memo=kLl9CcxJoTlxYpXyCI2lFnT&memolist=i22fq_SWRHE9Sqv8_OqUkun&actionID=modify_memo" "Mozilla/5.0 (X11; Ubuntu; Linux x86_64; rv:73.0) Gecko/20100101 Firefox/73.0"
192.168.10.238 - - [05/Mar/2020:16:06:49 +0000] "POST /services/ajax.php/imp/deleteMessages HTTP/1.1" 200 559 "http://mail.cup.com/imp/dynamic.php?page=mailbox" "Mozilla/5.0 (X11; Ubuntu; Linux x86_64; rv:73.0) Gecko/20100101 Firefox/73.0"
192.168.10.238 - - [05/Mar/2020:16:07:02 +0000] "GET /services/portal/ HTTP/1.1" 200 10641 "http://mail.cup.com/mnemo/list.php" "Mozilla/5.0 (X11; Ubuntu; Linux x86_64; rv:73.0) Gecko/20100101 Firefox/73.0"
192.168.10.238 - - [05/Mar/2020:16:07:06 +0000] "GET /mnemo/ HTTP/1.1" 200 7274 "http://mail.cup.com/services/portal/" "Mozilla/5.0 (X11; Ubuntu; Linux x86_64; rv:73.0) Gecko/20100101 Firefox/73.0"
192.168.10.190 - - [05/Mar/2020:16:07:07 +0000] "GET /services/portal/ HTTP/1.1" 200 10335 "http://mail.cup.com/imp/dynamic.php?page=mailbox" "Mozilla/5.0 (X11; Ubuntu; Linux x86_64; rv:73.0) Gecko/20100101 Firefox/73.0"
192.168.10.190 - - [05/Mar/2020:16:07:10 +0000] "GET /imp/dynamic.php?page=mailbox HTTP/1.1" 200 8748 "http://mail.cup.com/services/portal/" "Mozilla/5.0 (X11; Ubuntu; Linux x86_64; rv:73.0) Gecko/20100101 Firefox/73.0"
192.168.10.190 - - [05/Mar/2020:16:07:11 +0000] "POST /services/ajax.php/imp/dynamicInit HTTP/1.1" 200 1609 "http://mail.cup.com/imp/dynamic.php?page=mailbox" "Mozilla/5.0 (X11; Ubuntu; Linux x86_64; rv:73.0) Gecko/20100101 Firefox/73.0"
192.168.10.190 - - [05/Mar/2020:16:07:16 +0000] "POST /nag/task/save.php HTTP/1.1" 302 412 "http://mail.cup.com/nag/task.php?actionID=add_task" "Mozilla/5.0 (X11; Ubuntu; Linux x86_64; rv:73.0) Gecko/20100101 Firefox/73.0"
192.168.10.190 - - [05/Mar/2020:16:07:17 +0000] "GET /nag/list.php HTTP/1.1" 200 8792 "http://mail.cup.com/nag/task.php?actionID=add_task" "Mozilla/5.0 (X11; Ubuntu; Linux x86_64; rv:73.0) Gecko/20100101 Firefox/73.0"
192.168.10.190 - - [05/Mar/2020:16:07:19 +0000] "POST /services/ajax.php/imp/viewPort HTTP/1.1" 200 976 "http://mail.cup.com/imp/dynamic.php?page=mailbox" "Mozilla/5.0 (X11; Ubuntu; Linux x86_64; rv:73.0) Gecko/20100101 Firefox/73.0"
192.168.10.190 - - [05/Mar/2020:16:07:23 +0000] "POST /services/ajax.php/imp/showMessage HTTP/1.1" 200 3189 "http://mail.cup.com/imp/dynamic.php?page=mailbox" "Mozilla/5.0 (X11; Ubuntu; Linux x86_64; rv:73.0) Gecko/20100101 Firefox/73.0"
192.168.10.238 - - [05/Mar/2020:16:07:23 +0000] "GET /services/portal/ HTTP/1.1" 200 9517 "http://mail.cup.com/imp/dynamic.php?page=mailbox" "Mozilla/5.0 (X11; Ubuntu; Linux x86_64; rv:73.0) Gecko/20100101 Firefox/73.0"
192.168.10.190 - - [05/Mar/2020:16:07:26 +0000] "GET /services/portal/ HTTP/1.1" 200 13266 "http://mail.cup.com/mnemo/list.php" "Mozilla/5.0 (X11; Ubuntu; Linux x86_64; rv:73.0) Gecko/20100101 Firefox/73.0"
192.168.10.190 - - [05/Mar/2020:16:07:27 +0000] "POST /services/ajax.php/imp/deleteMessages HTTP/1.1" 200 555 "http://mail.cup.com/imp/dynamic.php?page=mailbox" "Mozilla/5.0 (X11; Ubuntu; Linux x86_64; rv:73.0) Gecko/20100101 Firefox/73.0"
192.168.10.238 - - [05/Mar/2020:16:07:29 +0000] "GET /imp/dynamic.php?page=mailbox HTTP/1.1" 200 8754 "http://mail.cup.com/services/portal/" "Mozilla/5.0 (X11; Ubuntu; Linux x86_64; rv:73.0) Gecko/20100101 Firefox/73.0"
192.168.10.238 - - [05/Mar/2020:16:07:29 +0000] "GET /themes/default/graphics/slidehoriz-bg.png HTTP/1.1" 200 363 "http://mail.cup.com/themes/default/screen.css" "Mozilla/5.0 (X11; Ubuntu; Linux x86_64; rv:73.0) Gecko/20100101 Firefox/73.0"
192.168.10.238 - - [05/Mar/2020:16:07:29 +0000] "POST /services/ajax.php/imp/dynamicInit HTTP/1.1" 200 2185 "http://mail.cup.com/imp/dynamic.php?page=mailbox" "Mozilla/5.0 (X11; Ubuntu; Linux x86_64; rv:73.0) Gecko/20100101 Firefox/73.0"
192.168.10.190 - - [05/Mar/2020:16:07:30 +0000] "GET /kronolith/ HTTP/1.1" 200 24704 "http://mail.cup.com/services/portal/" "Mozilla/5.0 (X11; Ubuntu; Linux x86_64; rv:73.0) Gecko/20100101 Firefox/73.0"
192.168.10.190 - - [05/Mar/2020:16:07:30 +0000] "POST /services/ajax.php/kronolith/listCalendars HTTP/1.1" 200 963 "http://mail.cup.com/kronolith/" "Mozilla/5.0 (X11; Ubuntu; Linux x86_64; rv:73.0) Gecko/20100101 Firefox/73.0"
192.168.10.190 - - [05/Mar/2020:16:07:30 +0000] "POST /services/ajax.php/kronolith/listEvents HTTP/1.1" 200 549 "http://mail.cup.com/kronolith/" "Mozilla/5.0 (X11; Ubuntu; Linux x86_64; rv:73.0) Gecko/20100101 Firefox/73.0"
192.168.10.190 - - [05/Mar/2020:16:07:30 +0000] "POST /services/ajax.php/kronolith/listEvents HTTP/1.1" 200 1394 "http://mail.cup.com/kronolith/" "Mozilla/5.0 (X11; Ubuntu; Linux x86_64; rv:73.0) Gecko/20100101 Firefox/73.0"
192.168.10.238 - - [05/Mar/2020:16:07:35 +0000] "POST /services/ajax.php/imp/viewPort HTTP/1.1" 200 1514 "http://mail.cup.com/imp/dynamic.php?page=mailbox" "Mozilla/5.0 (X11; Ubuntu; Linux x86_64; rv:73.0) Gecko/20100101 Firefox/73.0"
192.168.10.190 - - [05/Mar/2020:16:07:36 +0000] "POST /services/ajax.php/kronolith/listTopTags HTTP/1.1" 200 442 "http://mail.cup.com/kronolith/" "Mozilla/5.0 (X11; Ubuntu; Linux x86_64; rv:73.0) Gecko/20100101 Firefox/73.0"
192.168.10.238 - - [05/Mar/2020:16:07:45 +0000] "POST /services/ajax.php/imp/showMessage HTTP/1.1" 200 2228 "http://mail.cup.com/imp/dynamic.php?page=mailbox" "Mozilla/5.0 (X11; Ubuntu; Linux x86_64; rv:73.0) Gecko/20100101 Firefox/73.0"
192.168.10.238 - - [05/Mar/2020:16:07:45 +0000] "GET /mnemo/memo.php?actionID=add_memo HTTP/1.1" 200 5983 "http://mail.cup.com/mnemo/" "Mozilla/5.0 (X11; Ubuntu; Linux x86_64; rv:73.0) Gecko/20100101 Firefox/73.0"
192.168.10.238 - - [05/Mar/2020:16:07:49 +0000] "GET /imp/themes/default/graphics/newwin.png HTTP/1.1" 200 584 "http://mail.cup.com/imp/themes/default/dynamic/screen.css" "Mozilla/5.0 (X11; Ubuntu; Linux x86_64; rv:73.0) Gecko/20100101 Firefox/73.0"
192.168.10.190 - - [05/Mar/2020:16:07:50 +0000] "GET /services/portal/ HTTP/1.1" 200 9428 "http://mail.cup.com/nag/list.php" "Mozilla/5.0 (X11; Ubuntu; Linux x86_64; rv:73.0) Gecko/20100101 Firefox/73.0"
192.168.10.190 - - [05/Mar/2020:16:07:51 +0000] "POST /services/ajax.php/kronolith/saveEvent HTTP/1.1" 200 643 "http://mail.cup.com/kronolith/" "Mozilla/5.0 (X11; Ubuntu; Linux x86_64; rv:73.0) Gecko/20100101 Firefox/73.0"
192.168.10.238 - - [05/Mar/2020:16:07:54 +0000] "GET /imp/dynamic.php?page=message&buid=213&mailbox=SU5CT1g&token=9zT4LjGEO0NctPfeQ4T5zX1&uniq=1583424473809 HTTP/1.1" 200 7261 "http://mail.cup.com/imp/dynamic.php?page=mailbox" "Mozilla/5.0 (X11; Ubuntu; Linux x86_64; rv:73.0) Gecko/20100101 Firefox/73.0"
192.168.10.190 - - [05/Mar/2020:16:07:54 +0000] "GET /nag/ HTTP/1.1" 200 8690 "http://mail.cup.com/services/portal/" "Mozilla/5.0 (X11; Ubuntu; Linux x86_64; rv:73.0) Gecko/20100101 Firefox/73.0"
192.168.10.238 - - [05/Mar/2020:16:07:54 +0000] "POST /services/ajax.php/horde/imple?token=rSt1AuEE_xSMOOsojY-tj1w&app=mnemo&imple=Mnemo_Ajax_Imple_TagAutoCompleter&input=memo_tags HTTP/1.1" 200 371 "http://mail.cup.com/mnemo/memo.php?actionID=add_memo" "Mozilla/5.0 (X11; Ubuntu; Linux x86_64; rv:73.0) Gecko/20100101 Firefox/73.0"
192.168.10.190 - - [05/Mar/2020:16:07:56 +0000] "GET /services/portal/ HTTP/1.1" 200 13272 "http://mail.cup.com/kronolith/" "Mozilla/5.0 (X11; Ubuntu; Linux x86_64; rv:73.0) Gecko/20100101 Firefox/73.0"
192.168.10.238 - - [05/Mar/2020:16:07:58 +0000] "POST /mnemo/memo.php HTTP/1.1" 302 413 "http://mail.cup.com/mnemo/memo.php?actionID=add_memo" "Mozilla/5.0 (X11; Ubuntu; Linux x86_64; rv:73.0) Gecko/20100101 Firefox/73.0"
192.168.10.238 - - [05/Mar/2020:16:07:58 +0000] "GET /mnemo/list.php HTTP/1.1" 200 7510 "http://mail.cup.com/mnemo/memo.php?actionID=add_memo" "Mozilla/5.0 (X11; Ubuntu; Linux x86_64; rv:73.0) Gecko/20100101 Firefox/73.0"
192.168.10.190 - - [05/Mar/2020:16:07:59 +0000] "GET /nag/ HTTP/1.1" 200 10977 "http://mail.cup.com/services/portal/" "Mozilla/5.0 (X11; Ubuntu; Linux x86_64; rv:73.0) Gecko/20100101 Firefox/73.0"
192.168.10.238 - - [05/Mar/2020:16:07:59 +0000] "POST /services/ajax.php/imp/getReplyData HTTP/1.1" 200 857 "http://mail.cup.com/imp/dynamic.php?page=message&buid=213&mailbox=SU5CT1g&token=9zT4LjGEO0NctPfeQ4T5zX1&uniq=1583424473809" "Mozilla/5.0 (X11; Ubuntu; Linux x86_64; rv:73.0) Gecko/20100101 Firefox/73.0"
192.168.10.190 - - [05/Mar/2020:16:08:02 +0000] "GET /services/portal/ HTTP/1.1" 200 10335 "http://mail.cup.com/imp/dynamic.php?page=mailbox" "Mozilla/5.0 (X11; Ubuntu; Linux x86_64; rv:73.0) Gecko/20100101 Firefox/73.0"
192.168.10.238 - - [05/Mar/2020:16:08:05 +0000] "POST /services/ajax.php/imp/sendMessage HTTP/1.1" 200 634 "http://mail.cup.com/imp/dynamic.php?page=message&buid=213&mailbox=SU5CT1g&token=9zT4LjGEO0NctPfeQ4T5zX1&uniq=1583424473809" "Mozilla/5.0 (X11; Ubuntu; Linux x86_64; rv:73.0) Gecko/20100101 Firefox/73.0"
192.168.10.190 - - [05/Mar/2020:16:08:08 +0000] "GET /login.php?horde_logout_token=SYJOMeSUTq1XM8NsYaTqRjr&logout_reason=4 HTTP/1.1" 200 3840 "http://mail.cup.com/services/portal/" "Mozilla/5.0 (X11; Ubuntu; Linux x86_64; rv:73.0) Gecko/20100101 Firefox/73.0"
192.168.10.238 - - [05/Mar/2020:16:08:32 +0000] "GET /services/portal/ HTTP/1.1" 200 10718 "http://mail.cup.com/mnemo/list.php" "Mozilla/5.0 (X11; Ubuntu; Linux x86_64; rv:73.0) Gecko/20100101 Firefox/73.0"
192.168.10.190 - - [05/Mar/2020:16:08:36 +0000] "GET /nag/task.php?tasklist=EJYTwUW1bvTW_IlYqx2Qf6_&task=HeBJQjDufPM7fqnEZfNS9R9&actionID=modify_task&have_search&tab_name=1&url=%2Fnag%2F HTTP/1.1" 200 9902 "http://mail.cup.com/nag/" "Mozilla/5.0 (X11; Ubuntu; Linux x86_64; rv:73.0) Gecko/20100101 Firefox/73.0"
192.168.10.190 - - [05/Mar/2020:16:08:36 +0000] "GET /nag/task.php?tasklist=-tuA1UJG7ilRa4A_Y2M_t3c&task=zxDZV-VV5kNFNzx8sVUuYy-&actionID=modify_task&have_search&tab_name=1&url=%2Fnag%2F HTTP/1.1" 200 9222 "http://mail.cup.com/nag/" "Mozilla/5.0 (X11; Ubuntu; Linux x86_64; rv:73.0) Gecko/20100101 Firefox/73.0"
192.168.10.190 - - [05/Mar/2020:16:08:39 +0000] "POST /nag/task/save.php HTTP/1.1" 302 411 "http://mail.cup.com/nag/task.php?tasklist=-tuA1UJG7ilRa4A_Y2M_t3c&task=zxDZV-VV5kNFNzx8sVUuYy-&actionID=modify_task&have_search&tab_name=1&url=%2Fnag%2F" "Mozilla/5.0 (X11; Ubuntu; Linux x86_64; rv:73.0) Gecko/20100101 Firefox/73.0"
192.168.10.190 - - [05/Mar/2020:16:08:39 +0000] "POST /nag/task/save.php HTTP/1.1" 302 411 "http://mail.cup.com/nag/task.php?tasklist=EJYTwUW1bvTW_IlYqx2Qf6_&task=HeBJQjDufPM7fqnEZfNS9R9&actionID=modify_task&have_search&tab_name=1&url=%2Fnag%2F" "Mozilla/5.0 (X11; Ubuntu; Linux x86_64; rv:73.0) Gecko/20100101 Firefox/73.0"
192.168.10.190 - - [05/Mar/2020:16:08:39 +0000] "GET /nag/list.php HTTP/1.1" 200 8688 "http://mail.cup.com/nag/task.php?tasklist=-tuA1UJG7ilRa4A_Y2M_t3c&task=zxDZV-VV5kNFNzx8sVUuYy-&actionID=modify_task&have_search&tab_name=1&url=%2Fnag%2F" "Mozilla/5.0 (X11; Ubuntu; Linux x86_64; rv:73.0) Gecko/20100101 Firefox/73.0"
192.168.10.190 - - [05/Mar/2020:16:08:39 +0000] "GET /nag/list.php HTTP/1.1" 200 11003 "http://mail.cup.com/nag/task.php?tasklist=EJYTwUW1bvTW_IlYqx2Qf6_&task=HeBJQjDufPM7fqnEZfNS9R9&actionID=modify_task&have_search&tab_name=1&url=%2Fnag%2F" "Mozilla/5.0 (X11; Ubuntu; Linux x86_64; rv:73.0) Gecko/20100101 Firefox/73.0"
192.168.10.238 - - [05/Mar/2020:16:08:48 +0000] "GET /services/portal/ HTTP/1.1" 200 9480 "http://mail.cup.com/imp/dynamic.php?page=mailbox" "Mozilla/5.0 (X11; Ubuntu; Linux x86_64; rv:73.0) Gecko/20100101 Firefox/73.0"
192.168.10.238 - - [05/Mar/2020:16:08:57 +0000] "GET /services/prefs.php?app=horde HTTP/1.1" 200 3658 "http://mail.cup.com/services/portal/" "Mozilla/5.0 (X11; Ubuntu; Linux x86_64; rv:73.0) Gecko/20100101 Firefox/73.0"
192.168.10.238 - - [05/Mar/2020:16:09:03 +0000] "GET /services/prefs.php?app=horde&group=identities HTTP/1.1" 200 4581 "http://mail.cup.com/services/prefs.php?app=horde" "Mozilla/5.0 (X11; Ubuntu; Linux x86_64; rv:73.0) Gecko/20100101 Firefox/73.0"
192.168.10.238 - - [05/Mar/2020:16:09:03 +0000] "GET /js/identityselect.js?v=dc442439853f80a9467ce727c08e9b0e HTTP/1.1" 200 794 "http://mail.cup.com/services/prefs.php?app=horde&group=identities" "Mozilla/5.0 (X11; Ubuntu; Linux x86_64; rv:73.0) Gecko/20100101 Firefox/73.0"
192.168.10.238 - - [05/Mar/2020:16:09:08 +0000] "GET /services/portal/ HTTP/1.1" 200 10712 "http://mail.cup.com/services/portal/" "Mozilla/5.0 (X11; Ubuntu; Linux x86_64; rv:73.0) Gecko/20100101 Firefox/73.0"
192.168.10.238 - - [05/Mar/2020:16:09:09 +0000] "POST /services/prefs.php HTTP/1.1" 200 4612 "http://mail.cup.com/services/prefs.php?app=horde&group=identities" "Mozilla/5.0 (X11; Ubuntu; Linux x86_64; rv:73.0) Gecko/20100101 Firefox/73.0"
192.168.10.190 - - [05/Mar/2020:16:09:13 +0000] "GET /services/portal/ HTTP/1.1" 200 13205 "http://mail.cup.com/nag/list.php" "Mozilla/5.0 (X11; Ubuntu; Linux x86_64; rv:73.0) Gecko/20100101 Firefox/73.0"
192.168.10.238 - - [05/Mar/2020:16:09:15 +0000] "GET /mnemo/ HTTP/1.1" 200 7374 "http://mail.cup.com/services/portal/" "Mozilla/5.0 (X11; Ubuntu; Linux x86_64; rv:73.0) Gecko/20100101 Firefox/73.0"
192.168.10.190 - - [05/Mar/2020:16:09:16 +0000] "GET /mnemo/ HTTP/1.1" 200 8035 "http://mail.cup.com/services/portal/" "Mozilla/5.0 (X11; Ubuntu; Linux x86_64; rv:73.0) Gecko/20100101 Firefox/73.0"
192.168.10.190 - - [05/Mar/2020:16:09:17 +0000] "GET /services/portal/ HTTP/1.1" 200 9380 "http://mail.cup.com/nag/list.php" "Mozilla/5.0 (X11; Ubuntu; Linux x86_64; rv:73.0) Gecko/20100101 Firefox/73.0"
192.168.10.238 - - [05/Mar/2020:16:09:18 +0000] "GET /services/prefs.php?app=horde HTTP/1.1" 200 3654 "http://mail.cup.com/services/prefs.php" "Mozilla/5.0 (X11; Ubuntu; Linux x86_64; rv:73.0) Gecko/20100101 Firefox/73.0"
192.168.10.190 - - [05/Mar/2020:16:09:20 +0000] "GET /imp/dynamic.php?page=mailbox HTTP/1.1" 200 8745 "http://mail.cup.com/services/portal/" "Mozilla/5.0 (X11; Ubuntu; Linux x86_64; rv:73.0) Gecko/20100101 Firefox/73.0"
192.168.10.190 - - [05/Mar/2020:16:09:21 +0000] "POST /services/ajax.php/imp/dynamicInit HTTP/1.1" 200 2218 "http://mail.cup.com/imp/dynamic.php?page=mailbox" "Mozilla/5.0 (X11; Ubuntu; Linux x86_64; rv:73.0) Gecko/20100101 Firefox/73.0"
192.168.10.238 - - [05/Mar/2020:16:09:22 +0000] "GET /services/prefs.php?app=imp HTTP/1.1" 200 4028 "http://mail.cup.com/services/prefs.php?app=horde" "Mozilla/5.0 (X11; Ubuntu; Linux x86_64; rv:73.0) Gecko/20100101 Firefox/73.0"
192.168.10.238 - - [05/Mar/2020:16:09:22 +0000] "GET /imp/themes/default/basic/screen.css HTTP/1.1" 200 1954 "http://mail.cup.com/services/prefs.php?app=imp" "Mozilla/5.0 (X11; Ubuntu; Linux x86_64; rv:73.0) Gecko/20100101 Firefox/73.0"
192.168.10.238 - - [05/Mar/2020:16:09:26 +0000] "GET /services/prefs.php?app=imp&group=delmove HTTP/1.1" 200 5563 "http://mail.cup.com/services/prefs.php?app=imp" "Mozilla/5.0 (X11; Ubuntu; Linux x86_64; rv:73.0) Gecko/20100101 Firefox/73.0"
192.168.10.190 - - [05/Mar/2020:16:09:30 +0000] "POST /services/ajax.php/imp/viewPort HTTP/1.1" 200 1522 "http://mail.cup.com/imp/dynamic.php?page=mailbox" "Mozilla/5.0 (X11; Ubuntu; Linux x86_64; rv:73.0) Gecko/20100101 Firefox/73.0"
192.168.10.190 - - [05/Mar/2020:16:09:35 +0000] "POST /services/ajax.php/imp/showMessage HTTP/1.1" 200 3579 "http://mail.cup.com/imp/dynamic.php?page=mailbox" "Mozilla/5.0 (X11; Ubuntu; Linux x86_64; rv:73.0) Gecko/20100101 Firefox/73.0"
192.168.10.190 - - [05/Mar/2020:16:09:35 +0000] "GET /imp/view.php?imp_img_view=view_thumbnail&actionID=view_attach&id=2&muid=%7B5%7DINBOX177&view_token=HtiXJ2Ox4zXNaiAHh7Jmlaf HTTP/1.1" 200 899 "http://mail.cup.com/imp/dynamic.php?page=mailbox" "Mozilla/5.0 (X11; Ubuntu; Linux x86_64; rv:73.0) Gecko/20100101 Firefox/73.0"
192.168.10.190 - - [05/Mar/2020:16:09:38 +0000] "POST /services/ajax.php/imp/deleteMessages HTTP/1.1" 200 558 "http://mail.cup.com/imp/dynamic.php?page=mailbox" "Mozilla/5.0 (X11; Ubuntu; Linux x86_64; rv:73.0) Gecko/20100101 Firefox/73.0"
192.168.10.238 - - [05/Mar/2020:16:09:39 +0000] "POST /services/prefs.php HTTP/1.1" 200 5657 "http://mail.cup.com/services/prefs.php?app=imp&group=delmove" "Mozilla/5.0 (X11; Ubuntu; Linux x86_64; rv:73.0) Gecko/20100101 Firefox/73.0"
192.168.10.238 - - [05/Mar/2020:16:09:48 +0000] "POST /services/prefs.php HTTP/1.1" 200 5657 "http://mail.cup.com/services/prefs.php" "Mozilla/5.0 (X11; Ubuntu; Linux x86_64; rv:73.0) Gecko/20100101 Firefox/73.0"
192.168.10.190 - - [05/Mar/2020:16:09:52 +0000] "GET /mnemo/memo.php?actionID=add_memo HTTP/1.1" 200 5982 "http://mail.cup.com/mnemo/" "Mozilla/5.0 (X11; Ubuntu; Linux x86_64; rv:73.0) Gecko/20100101 Firefox/73.0"
192.168.10.238 - - [05/Mar/2020:16:09:57 +0000] "GET /mnemo/memo.php?actionID=add_memo HTTP/1.1" 200 5983 "http://mail.cup.com/mnemo/" "Mozilla/5.0 (X11; Ubuntu; Linux x86_64; rv:73.0) Gecko/20100101 Firefox/73.0"
192.168.10.190 - - [05/Mar/2020:16:09:59 +0000] "POST /services/ajax.php/horde/imple?token=ycKORsE-3NyyOptmkc1U3FY&app=mnemo&imple=Mnemo_Ajax_Imple_TagAutoCompleter&input=memo_tags HTTP/1.1" 200 371 "http://mail.cup.com/mnemo/memo.php?actionID=add_memo" "Mozilla/5.0 (X11; Ubuntu; Linux x86_64; rv:73.0) Gecko/20100101 Firefox/73.0"
192.168.10.190 - - [05/Mar/2020:16:10:01 +0000] "POST /mnemo/memo.php HTTP/1.1" 302 413 "http://mail.cup.com/mnemo/memo.php?actionID=add_memo" "Mozilla/5.0 (X11; Ubuntu; Linux x86_64; rv:73.0) Gecko/20100101 Firefox/73.0"
192.168.10.190 - - [05/Mar/2020:16:10:01 +0000] "GET /mnemo/list.php HTTP/1.1" 200 8246 "http://mail.cup.com/mnemo/memo.php?actionID=add_memo" "Mozilla/5.0 (X11; Ubuntu; Linux x86_64; rv:73.0) Gecko/20100101 Firefox/73.0"
192.168.10.238 - - [05/Mar/2020:16:10:04 +0000] "POST /services/ajax.php/horde/imple?token=rSt1AuEE_xSMOOsojY-tj1w&app=mnemo&imple=Mnemo_Ajax_Imple_TagAutoCompleter&input=memo_tags HTTP/1.1" 200 371 "http://mail.cup.com/mnemo/memo.php?actionID=add_memo" "Mozilla/5.0 (X11; Ubuntu; Linux x86_64; rv:73.0) Gecko/20100101 Firefox/73.0"
192.168.10.238 - - [05/Mar/2020:16:10:08 +0000] "POST /mnemo/memo.php HTTP/1.1" 302 413 "http://mail.cup.com/mnemo/memo.php?actionID=add_memo" "Mozilla/5.0 (X11; Ubuntu; Linux x86_64; rv:73.0) Gecko/20100101 Firefox/73.0"
192.168.10.238 - - [05/Mar/2020:16:10:08 +0000] "GET /mnemo/list.php HTTP/1.1" 200 7596 "http://mail.cup.com/mnemo/memo.php?actionID=add_memo" "Mozilla/5.0 (X11; Ubuntu; Linux x86_64; rv:73.0) Gecko/20100101 Firefox/73.0"
::1 - - [05/Mar/2020:16:10:14 +0000] "OPTIONS * HTTP/1.0" 200 110 "-" "Apache/2.4.25 (Debian) OpenSSL/1.0.2u (internal dummy connection)"
