192.168.10.190 - - [01/Mar/2020:10:52:05 +0000] "GET /services/portal/ HTTP/1.1" 200 8052 "http://mail.cup.com/imp/dynamic.php?page=mailbox" "Mozilla/5.0 (X11; Linux x86_64) AppleWebKit/537.36 (KHTML, like Gecko) Ubuntu Chromium/77.0.3865.90 HeadlessChrome/77.0.3865.90 Safari/537.36"
192.168.10.190 - - [01/Mar/2020:10:52:06 +0000] "POST /services/ajax.php/imp/sendMessage HTTP/1.1" 200 476 "http://mail.cup.com/imp/dynamic.php?page=compose&type=new&token=ZDkugXyEKOeF4ZChg73L4UL&uniq=1583059909780" "Mozilla/5.0 (X11; Ubuntu; Linux x86_64; rv:73.0) Gecko/20100101 Firefox/73.0"
192.168.10.190 - - [01/Mar/2020:10:52:07 +0000] "GET /kronolith/ HTTP/1.1" 200 24708 "http://mail.cup.com/services/portal/" "Mozilla/5.0 (X11; Linux x86_64) AppleWebKit/537.36 (KHTML, like Gecko) Ubuntu Chromium/77.0.3865.90 HeadlessChrome/77.0.3865.90 Safari/537.36"
192.168.10.190 - - [01/Mar/2020:10:52:07 +0000] "POST /services/ajax.php/kronolith/listCalendars HTTP/1.1" 200 966 "http://mail.cup.com/kronolith/" "Mozilla/5.0 (X11; Linux x86_64) AppleWebKit/537.36 (KHTML, like Gecko) Ubuntu Chromium/77.0.3865.90 HeadlessChrome/77.0.3865.90 Safari/537.36"
192.168.10.190 - - [01/Mar/2020:10:52:08 +0000] "POST /services/ajax.php/kronolith/listEvents HTTP/1.1" 200 549 "http://mail.cup.com/kronolith/" "Mozilla/5.0 (X11; Linux x86_64) AppleWebKit/537.36 (KHTML, like Gecko) Ubuntu Chromium/77.0.3865.90 HeadlessChrome/77.0.3865.90 Safari/537.36"
192.168.10.190 - - [01/Mar/2020:10:52:08 +0000] "POST /services/ajax.php/kronolith/listEvents HTTP/1.1" 200 1112 "http://mail.cup.com/kronolith/" "Mozilla/5.0 (X11; Linux x86_64) AppleWebKit/537.36 (KHTML, like Gecko) Ubuntu Chromium/77.0.3865.90 HeadlessChrome/77.0.3865.90 Safari/537.36"
192.168.10.200 - - [01/Mar/2020:10:52:15 +0000] "POST /services/ajax.php/horde/imple?token=-cGSHjIVqNkcDG8QJtRPq50&app=nag&imple=Nag_Ajax_Imple_TagAutoCompleter&input=tags HTTP/1.1" 200 380 "http://mail.cup.com/nag/task.php?actionID=add_task" "Mozilla/5.0 (X11; Ubuntu; Linux x86_64; rv:73.0) Gecko/20100101 Firefox/73.0"
192.168.10.4 - - [01/Mar/2020:10:52:30 +0000] "POST /services/ajax.php/kronolith/listTopTags HTTP/1.1" 200 461 "http://mail.cup.com/kronolith/" "Mozilla/5.0 (X11; Linux x86_64) AppleWebKit/537.36 (KHTML, like Gecko) Ubuntu Chromium/77.0.3865.90 HeadlessChrome/77.0.3865.90 Safari/537.36"
192.168.10.200 - - [01/Mar/2020:10:52:37 +0000] "POST /nag/task/save.php HTTP/1.1" 302 412 "http://mail.cup.com/nag/task.php?actionID=add_task" "Mozilla/5.0 (X11; Ubuntu; Linux x86_64; rv:73.0) Gecko/20100101 Firefox/73.0"
192.168.10.200 - - [01/Mar/2020:10:52:37 +0000] "GET /nag/list.php HTTP/1.1" 200 8323 "http://mail.cup.com/nag/task.php?actionID=add_task" "Mozilla/5.0 (X11; Ubuntu; Linux x86_64; rv:73.0) Gecko/20100101 Firefox/73.0"
192.168.10.190 - - [01/Mar/2020:10:52:41 +0000] "POST /services/ajax.php/kronolith/listTopTags HTTP/1.1" 200 448 "http://mail.cup.com/kronolith/" "Mozilla/5.0 (X11; Linux x86_64) AppleWebKit/537.36 (KHTML, like Gecko) Ubuntu Chromium/77.0.3865.90 HeadlessChrome/77.0.3865.90 Safari/537.36"
192.168.10.190 - - [01/Mar/2020:10:52:45 +0000] "GET /services/portal/ HTTP/1.1" 200 8012 "http://mail.cup.com/imp/dynamic.php?page=mailbox" "Mozilla/5.0 (X11; Ubuntu; Linux x86_64; rv:73.0) Gecko/20100101 Firefox/73.0"
192.168.10.190 - - [01/Mar/2020:10:52:52 +0000] "GET /imp/dynamic.php?page=mailbox HTTP/1.1" 200 8750 "http://mail.cup.com/services/portal/" "Mozilla/5.0 (X11; Ubuntu; Linux x86_64; rv:73.0) Gecko/20100101 Firefox/73.0"
192.168.10.4 - - [01/Mar/2020:10:52:52 +0000] "POST /services/ajax.php/kronolith/poll HTTP/1.1" 200 387 "http://mail.cup.com/kronolith/" "Mozilla/5.0 (X11; Linux x86_64) AppleWebKit/537.36 (KHTML, like Gecko) Ubuntu Chromium/77.0.3865.90 HeadlessChrome/77.0.3865.90 Safari/537.36"
192.168.10.190 - - [01/Mar/2020:10:52:52 +0000] "POST /services/ajax.php/imp/dynamicInit HTTP/1.1" 200 1727 "http://mail.cup.com/imp/dynamic.php?page=mailbox" "Mozilla/5.0 (X11; Ubuntu; Linux x86_64; rv:73.0) Gecko/20100101 Firefox/73.0"
192.168.10.190 - - [01/Mar/2020:10:52:55 +0000] "POST /services/ajax.php/kronolith/saveEvent HTTP/1.1" 200 680 "http://mail.cup.com/kronolith/" "Mozilla/5.0 (X11; Linux x86_64) AppleWebKit/537.36 (KHTML, like Gecko) Ubuntu Chromium/77.0.3865.90 HeadlessChrome/77.0.3865.90 Safari/537.36"
192.168.10.4 - - [01/Mar/2020:10:52:56 +0000] "POST /services/ajax.php/kronolith/saveEvent HTTP/1.1" 200 648 "http://mail.cup.com/kronolith/" "Mozilla/5.0 (X11; Linux x86_64) AppleWebKit/537.36 (KHTML, like Gecko) Ubuntu Chromium/77.0.3865.90 HeadlessChrome/77.0.3865.90 Safari/537.36"
192.168.10.190 - - [01/Mar/2020:10:52:58 +0000] "POST /services/ajax.php/imp/viewPort HTTP/1.1" 200 1083 "http://mail.cup.com/imp/dynamic.php?page=mailbox" "Mozilla/5.0 (X11; Ubuntu; Linux x86_64; rv:73.0) Gecko/20100101 Firefox/73.0"
192.168.10.190 - - [01/Mar/2020:10:52:59 +0000] "GET /services/portal/ HTTP/1.1" 200 8049 "http://mail.cup.com/kronolith/" "Mozilla/5.0 (X11; Linux x86_64) AppleWebKit/537.36 (KHTML, like Gecko) Ubuntu Chromium/77.0.3865.90 HeadlessChrome/77.0.3865.90 Safari/537.36"
192.168.10.190 - - [01/Mar/2020:10:53:02 +0000] "GET /kronolith/ HTTP/1.1" 200 24702 "http://mail.cup.com/services/portal/" "Mozilla/5.0 (X11; Linux x86_64) AppleWebKit/537.36 (KHTML, like Gecko) Ubuntu Chromium/77.0.3865.90 HeadlessChrome/77.0.3865.90 Safari/537.36"
192.168.10.190 - - [01/Mar/2020:10:53:03 +0000] "POST /services/ajax.php/kronolith/listCalendars HTTP/1.1" 200 966 "http://mail.cup.com/kronolith/" "Mozilla/5.0 (X11; Linux x86_64) AppleWebKit/537.36 (KHTML, like Gecko) Ubuntu Chromium/77.0.3865.90 HeadlessChrome/77.0.3865.90 Safari/537.36"
192.168.10.4 - - [01/Mar/2020:10:53:02 +0000] "GET /services/portal/ HTTP/1.1" 200 11216 "http://mail.cup.com/kronolith/" "Mozilla/5.0 (X11; Linux x86_64) AppleWebKit/537.36 (KHTML, like Gecko) Ubuntu Chromium/77.0.3865.90 HeadlessChrome/77.0.3865.90 Safari/537.36"
192.168.10.190 - - [01/Mar/2020:10:53:03 +0000] "POST /services/ajax.php/kronolith/listEvents HTTP/1.1" 200 1248 "http://mail.cup.com/kronolith/" "Mozilla/5.0 (X11; Linux x86_64) AppleWebKit/537.36 (KHTML, like Gecko) Ubuntu Chromium/77.0.3865.90 HeadlessChrome/77.0.3865.90 Safari/537.36"
192.168.10.190 - - [01/Mar/2020:10:53:03 +0000] "POST /services/ajax.php/kronolith/listEvents HTTP/1.1" 200 549 "http://mail.cup.com/kronolith/" "Mozilla/5.0 (X11; Linux x86_64) AppleWebKit/537.36 (KHTML, like Gecko) Ubuntu Chromium/77.0.3865.90 HeadlessChrome/77.0.3865.90 Safari/537.36"
192.168.10.190 - - [01/Mar/2020:10:53:04 +0000] "GET /imp/themes/default/graphics/flags/unseen-inv.png HTTP/1.1" 200 481 "http://mail.cup.com/imp/themes/default/dynamic/screen.css" "Mozilla/5.0 (X11; Ubuntu; Linux x86_64; rv:73.0) Gecko/20100101 Firefox/73.0"
192.168.10.190 - - [01/Mar/2020:10:53:04 +0000] "GET /imp/themes/default/graphics/reply.png HTTP/1.1" 200 516 "http://mail.cup.com/imp/themes/default/dynamic/screen.css" "Mozilla/5.0 (X11; Ubuntu; Linux x86_64; rv:73.0) Gecko/20100101 Firefox/73.0"
192.168.10.190 - - [01/Mar/2020:10:53:04 +0000] "GET /imp/themes/default/graphics/delete.png HTTP/1.1" 200 581 "http://mail.cup.com/imp/themes/default/dynamic/screen.css" "Mozilla/5.0 (X11; Ubuntu; Linux x86_64; rv:73.0) Gecko/20100101 Firefox/73.0"
192.168.10.190 - - [01/Mar/2020:10:53:04 +0000] "POST /services/ajax.php/imp/showMessage HTTP/1.1" 200 3382 "http://mail.cup.com/imp/dynamic.php?page=mailbox" "Mozilla/5.0 (X11; Ubuntu; Linux x86_64; rv:73.0) Gecko/20100101 Firefox/73.0"
192.168.10.190 - - [01/Mar/2020:10:53:05 +0000] "GET /imp/themes/default/graphics/plus.png HTTP/1.1" 200 753 "http://mail.cup.com/imp/themes/default/dynamic/screen.css" "Mozilla/5.0 (X11; Ubuntu; Linux x86_64; rv:73.0) Gecko/20100101 Firefox/73.0"
192.168.10.190 - - [01/Mar/2020:10:53:05 +0000] "GET /imp/themes/default/graphics/arrow_collapsed.png HTTP/1.1" 200 501 "http://mail.cup.com/imp/themes/default/dynamic/screen.css" "Mozilla/5.0 (X11; Ubuntu; Linux x86_64; rv:73.0) Gecko/20100101 Firefox/73.0"
192.168.10.4 - - [01/Mar/2020:10:53:06 +0000] "GET /mnemo/ HTTP/1.1" 200 8213 "http://mail.cup.com/services/portal/" "Mozilla/5.0 (X11; Linux x86_64) AppleWebKit/537.36 (KHTML, like Gecko) Ubuntu Chromium/77.0.3865.90 HeadlessChrome/77.0.3865.90 Safari/537.36"
192.168.10.190 - - [01/Mar/2020:10:53:08 +0000] "GET /imp/themes/default/graphics/flags/deleted-inv.png HTTP/1.1" 200 444 "http://mail.cup.com/imp/themes/default/dynamic/screen.css" "Mozilla/5.0 (X11; Ubuntu; Linux x86_64; rv:73.0) Gecko/20100101 Firefox/73.0"
192.168.10.190 - - [01/Mar/2020:10:53:08 +0000] "POST /services/ajax.php/imp/deleteMessages HTTP/1.1" 200 554 "http://mail.cup.com/imp/dynamic.php?page=mailbox" "Mozilla/5.0 (X11; Ubuntu; Linux x86_64; rv:73.0) Gecko/20100101 Firefox/73.0"
192.168.10.190 - - [01/Mar/2020:10:53:08 +0000] "GET /imp/themes/default/graphics/flags/deleted.png HTTP/1.1" 200 442 "http://mail.cup.com/imp/themes/default/screen.css" "Mozilla/5.0 (X11; Ubuntu; Linux x86_64; rv:73.0) Gecko/20100101 Firefox/73.0"
192.168.10.200 - - [01/Mar/2020:10:53:12 +0000] "GET /services/portal/ HTTP/1.1" 200 7753 "http://mail.cup.com/nag/list.php" "Mozilla/5.0 (X11; Ubuntu; Linux x86_64; rv:73.0) Gecko/20100101 Firefox/73.0"
192.168.10.190 - - [01/Mar/2020:10:53:36 +0000] "POST /services/ajax.php/kronolith/listTopTags HTTP/1.1" 200 448 "http://mail.cup.com/kronolith/" "Mozilla/5.0 (X11; Linux x86_64) AppleWebKit/537.36 (KHTML, like Gecko) Ubuntu Chromium/77.0.3865.90 HeadlessChrome/77.0.3865.90 Safari/537.36"
192.168.10.190 - - [01/Mar/2020:10:53:41 +0000] "GET /services/portal/ HTTP/1.1" 200 8002 "http://mail.cup.com/imp/dynamic.php?page=mailbox" "Mozilla/5.0 (X11; Ubuntu; Linux x86_64; rv:73.0) Gecko/20100101 Firefox/73.0"
192.168.10.4 - - [01/Mar/2020:10:53:45 +0000] "GET /mnemo/memo.php?memo=sSUQRpqfvZUtQvJ-sU6COSv&memolist=89RgPWJTIBGclaMthwQqH1S&actionID=modify_memo HTTP/1.1" 200 6116 "http://mail.cup.com/mnemo/" "Mozilla/5.0 (X11; Linux x86_64) AppleWebKit/537.36 (KHTML, like Gecko) Ubuntu Chromium/77.0.3865.90 HeadlessChrome/77.0.3865.90 Safari/537.36"
192.168.10.190 - - [01/Mar/2020:10:53:47 +0000] "GET /nag/ HTTP/1.1" 200 8664 "http://mail.cup.com/services/portal/" "Mozilla/5.0 (X11; Ubuntu; Linux x86_64; rv:73.0) Gecko/20100101 Firefox/73.0"
192.168.10.200 - - [01/Mar/2020:10:53:47 +0000] "GET /services/portal/ HTTP/1.1" 200 7753 "http://mail.cup.com/services/portal/" "Mozilla/5.0 (X11; Ubuntu; Linux x86_64; rv:73.0) Gecko/20100101 Firefox/73.0"
192.168.10.4 - - [01/Mar/2020:10:53:48 +0000] "GET /mnemo/memo.php?memo=sSUQRpqfvZUtQvJ-sU6COSv&memolist=89RgPWJTIBGclaMthwQqH1S&actionID=delete_memos HTTP/1.1" 302 413 "http://mail.cup.com/mnemo/memo.php?memo=sSUQRpqfvZUtQvJ-sU6COSv&memolist=89RgPWJTIBGclaMthwQqH1S&actionID=modify_memo" "Mozilla/5.0 (X11; Linux x86_64) AppleWebKit/537.36 (KHTML, like Gecko) Ubuntu Chromium/77.0.3865.90 HeadlessChrome/77.0.3865.90 Safari/537.36"
192.168.10.4 - - [01/Mar/2020:10:53:48 +0000] "GET /mnemo/list.php HTTP/1.1" 200 8242 "http://mail.cup.com/mnemo/memo.php?memo=sSUQRpqfvZUtQvJ-sU6COSv&memolist=89RgPWJTIBGclaMthwQqH1S&actionID=modify_memo" "Mozilla/5.0 (X11; Linux x86_64) AppleWebKit/537.36 (KHTML, like Gecko) Ubuntu Chromium/77.0.3865.90 HeadlessChrome/77.0.3865.90 Safari/537.36"
192.168.10.190 - - [01/Mar/2020:10:53:51 +0000] "POST /services/ajax.php/kronolith/saveEvent HTTP/1.1" 200 647 "http://mail.cup.com/kronolith/" "Mozilla/5.0 (X11; Linux x86_64) AppleWebKit/537.36 (KHTML, like Gecko) Ubuntu Chromium/77.0.3865.90 HeadlessChrome/77.0.3865.90 Safari/537.36"
192.168.10.200 - - [01/Mar/2020:10:53:52 +0000] "GET /kronolith/ HTTP/1.1" 200 24705 "http://mail.cup.com/services/portal/" "Mozilla/5.0 (X11; Ubuntu; Linux x86_64; rv:73.0) Gecko/20100101 Firefox/73.0"
192.168.10.200 - - [01/Mar/2020:10:53:53 +0000] "GET /kronolith/themes/default/graphics/left.png HTTP/1.1" 200 560 "http://mail.cup.com/kronolith/themes/default/screen.css" "Mozilla/5.0 (X11; Ubuntu; Linux x86_64; rv:73.0) Gecko/20100101 Firefox/73.0"
192.168.10.200 - - [01/Mar/2020:10:53:53 +0000] "GET /kronolith/themes/default/graphics/right.png HTTP/1.1" 200 551 "http://mail.cup.com/kronolith/themes/default/screen.css" "Mozilla/5.0 (X11; Ubuntu; Linux x86_64; rv:73.0) Gecko/20100101 Firefox/73.0"
192.168.10.200 - - [01/Mar/2020:10:53:53 +0000] "POST /services/ajax.php/kronolith/listCalendars HTTP/1.1" 200 977 "http://mail.cup.com/kronolith/" "Mozilla/5.0 (X11; Ubuntu; Linux x86_64; rv:73.0) Gecko/20100101 Firefox/73.0"
192.168.10.200 - - [01/Mar/2020:10:53:53 +0000] "POST /services/ajax.php/kronolith/listEvents HTTP/1.1" 200 1095 "http://mail.cup.com/kronolith/" "Mozilla/5.0 (X11; Ubuntu; Linux x86_64; rv:73.0) Gecko/20100101 Firefox/73.0"
192.168.10.200 - - [01/Mar/2020:10:53:53 +0000] "POST /services/ajax.php/kronolith/listEvents HTTP/1.1" 200 549 "http://mail.cup.com/kronolith/" "Mozilla/5.0 (X11; Ubuntu; Linux x86_64; rv:73.0) Gecko/20100101 Firefox/73.0"
192.168.10.190 - - [01/Mar/2020:10:53:55 +0000] "GET /services/portal/ HTTP/1.1" 200 8054 "http://mail.cup.com/kronolith/" "Mozilla/5.0 (X11; Linux x86_64) AppleWebKit/537.36 (KHTML, like Gecko) Ubuntu Chromium/77.0.3865.90 HeadlessChrome/77.0.3865.90 Safari/537.36"
192.168.10.190 - - [01/Mar/2020:10:53:57 +0000] "GET /mnemo/ HTTP/1.1" 200 5576 "http://mail.cup.com/services/portal/" "Mozilla/5.0 (X11; Linux x86_64) AppleWebKit/537.36 (KHTML, like Gecko) Ubuntu Chromium/77.0.3865.90 HeadlessChrome/77.0.3865.90 Safari/537.36"
192.168.10.4 - - [01/Mar/2020:10:54:24 +0000] "GET /services/portal/ HTTP/1.1" 200 11147 "http://mail.cup.com/mnemo/list.php" "Mozilla/5.0 (X11; Linux x86_64) AppleWebKit/537.36 (KHTML, like Gecko) Ubuntu Chromium/77.0.3865.90 HeadlessChrome/77.0.3865.90 Safari/537.36"
192.168.10.190 - - [01/Mar/2020:10:54:25 +0000] "GET /nag/task.php?tasklist=-tuA1UJG7ilRa4A_Y2M_t3c&task=mveYwHgD6XifxE9--8IZ9pK&actionID=modify_task&have_search&tab_name=1&url=%2Fnag%2F HTTP/1.1" 200 9219 "http://mail.cup.com/nag/" "Mozilla/5.0 (X11; Ubuntu; Linux x86_64; rv:73.0) Gecko/20100101 Firefox/73.0"
192.168.10.4 - - [01/Mar/2020:10:54:27 +0000] "GET /kronolith/ HTTP/1.1" 200 24698 "http://mail.cup.com/services/portal/" "Mozilla/5.0 (X11; Linux x86_64) AppleWebKit/537.36 (KHTML, like Gecko) Ubuntu Chromium/77.0.3865.90 HeadlessChrome/77.0.3865.90 Safari/537.36"
192.168.10.4 - - [01/Mar/2020:10:54:28 +0000] "POST /services/ajax.php/kronolith/listCalendars HTTP/1.1" 200 968 "http://mail.cup.com/kronolith/" "Mozilla/5.0 (X11; Linux x86_64) AppleWebKit/537.36 (KHTML, like Gecko) Ubuntu Chromium/77.0.3865.90 HeadlessChrome/77.0.3865.90 Safari/537.36"
192.168.10.4 - - [01/Mar/2020:10:54:28 +0000] "POST /services/ajax.php/kronolith/listEvents HTTP/1.1" 200 549 "http://mail.cup.com/kronolith/" "Mozilla/5.0 (X11; Linux x86_64) AppleWebKit/537.36 (KHTML, like Gecko) Ubuntu Chromium/77.0.3865.90 HeadlessChrome/77.0.3865.90 Safari/537.36"
192.168.10.4 - - [01/Mar/2020:10:54:28 +0000] "POST /services/ajax.php/kronolith/listEvents HTTP/1.1" 200 2146 "http://mail.cup.com/kronolith/" "Mozilla/5.0 (X11; Linux x86_64) AppleWebKit/537.36 (KHTML, like Gecko) Ubuntu Chromium/77.0.3865.90 HeadlessChrome/77.0.3865.90 Safari/537.36"
192.168.10.190 - - [01/Mar/2020:10:54:31 +0000] "GET /mnemo/memo.php?actionID=add_memo HTTP/1.1" 200 5977 "http://mail.cup.com/mnemo/" "Mozilla/5.0 (X11; Linux x86_64) AppleWebKit/537.36 (KHTML, like Gecko) Ubuntu Chromium/77.0.3865.90 HeadlessChrome/77.0.3865.90 Safari/537.36"
192.168.10.190 - - [01/Mar/2020:10:54:31 +0000] "POST /nag/task/save.php HTTP/1.1" 302 412 "http://mail.cup.com/nag/task.php?tasklist=-tuA1UJG7ilRa4A_Y2M_t3c&task=mveYwHgD6XifxE9--8IZ9pK&actionID=modify_task&have_search&tab_name=1&url=%2Fnag%2F" "Mozilla/5.0 (X11; Ubuntu; Linux x86_64; rv:73.0) Gecko/20100101 Firefox/73.0"
192.168.10.190 - - [01/Mar/2020:10:54:32 +0000] "GET /nag/list.php HTTP/1.1" 200 8684 "http://mail.cup.com/nag/task.php?tasklist=-tuA1UJG7ilRa4A_Y2M_t3c&task=mveYwHgD6XifxE9--8IZ9pK&actionID=modify_task&have_search&tab_name=1&url=%2Fnag%2F" "Mozilla/5.0 (X11; Ubuntu; Linux x86_64; rv:73.0) Gecko/20100101 Firefox/73.0"
192.168.10.200 - - [01/Mar/2020:10:54:34 +0000] "GET /services/portal/ HTTP/1.1" 200 7742 "http://mail.cup.com/kronolith/" "Mozilla/5.0 (X11; Ubuntu; Linux x86_64; rv:73.0) Gecko/20100101 Firefox/73.0"
192.168.10.190 - - [01/Mar/2020:10:54:36 +0000] "POST /services/ajax.php/horde/imple?token=Pt2H7lnK6gpAHTZ4e6BYo2n&app=mnemo&imple=Mnemo_Ajax_Imple_TagAutoCompleter&input=memo_tags HTTP/1.1" 200 371 "http://mail.cup.com/mnemo/memo.php?actionID=add_memo" "Mozilla/5.0 (X11; Linux x86_64) AppleWebKit/537.36 (KHTML, like Gecko) Ubuntu Chromium/77.0.3865.90 HeadlessChrome/77.0.3865.90 Safari/537.36"
192.168.10.200 - - [01/Mar/2020:10:54:38 +0000] "GET /nag/ HTTP/1.1" 200 8221 "http://mail.cup.com/services/portal/" "Mozilla/5.0 (X11; Ubuntu; Linux x86_64; rv:73.0) Gecko/20100101 Firefox/73.0"
192.168.10.190 - - [01/Mar/2020:10:54:38 +0000] "POST /mnemo/memo.php HTTP/1.1" 302 413 "http://mail.cup.com/mnemo/memo.php?actionID=add_memo" "Mozilla/5.0 (X11; Linux x86_64) AppleWebKit/537.36 (KHTML, like Gecko) Ubuntu Chromium/77.0.3865.90 HeadlessChrome/77.0.3865.90 Safari/537.36"
192.168.10.190 - - [01/Mar/2020:10:54:39 +0000] "GET /mnemo/list.php HTTP/1.1" 200 5786 "http://mail.cup.com/mnemo/memo.php?actionID=add_memo" "Mozilla/5.0 (X11; Linux x86_64) AppleWebKit/537.36 (KHTML, like Gecko) Ubuntu Chromium/77.0.3865.90 HeadlessChrome/77.0.3865.90 Safari/537.36"
192.168.10.4 - - [01/Mar/2020:10:55:07 +0000] "POST /services/ajax.php/kronolith/getEvent HTTP/1.1" 200 679 "http://mail.cup.com/kronolith/" "Mozilla/5.0 (X11; Linux x86_64) AppleWebKit/537.36 (KHTML, like Gecko) Ubuntu Chromium/77.0.3865.90 HeadlessChrome/77.0.3865.90 Safari/537.36"
192.168.10.4 - - [01/Mar/2020:10:55:07 +0000] "POST /services/ajax.php/kronolith/listTopTags HTTP/1.1" 200 459 "http://mail.cup.com/kronolith/" "Mozilla/5.0 (X11; Linux x86_64) AppleWebKit/537.36 (KHTML, like Gecko) Ubuntu Chromium/77.0.3865.90 HeadlessChrome/77.0.3865.90 Safari/537.36"
192.168.10.190 - - [01/Mar/2020:10:55:08 +0000] "GET /services/portal/ HTTP/1.1" 200 7944 "http://mail.cup.com/nag/list.php" "Mozilla/5.0 (X11; Ubuntu; Linux x86_64; rv:73.0) Gecko/20100101 Firefox/73.0"
192.168.10.190 - - [01/Mar/2020:10:55:11 +0000] "GET /services/portal/ HTTP/1.1" 200 8126 "http://mail.cup.com/mnemo/list.php" "Mozilla/5.0 (X11; Linux x86_64) AppleWebKit/537.36 (KHTML, like Gecko) Ubuntu Chromium/77.0.3865.90 HeadlessChrome/77.0.3865.90 Safari/537.36"
192.168.10.190 - - [01/Mar/2020:10:55:12 +0000] "GET /imp/dynamic.php?page=mailbox HTTP/1.1" 200 8752 "http://mail.cup.com/services/portal/" "Mozilla/5.0 (X11; Ubuntu; Linux x86_64; rv:73.0) Gecko/20100101 Firefox/73.0"
192.168.10.190 - - [01/Mar/2020:10:55:12 +0000] "GET /themes/default/graphics/popdown.png HTTP/1.1" 200 458 "http://mail.cup.com/themes/default/screen.css" "Mozilla/5.0 (X11; Ubuntu; Linux x86_64; rv:73.0) Gecko/20100101 Firefox/73.0"
192.168.10.190 - - [01/Mar/2020:10:55:12 +0000] "POST /services/ajax.php/imp/dynamicInit HTTP/1.1" 200 1702 "http://mail.cup.com/imp/dynamic.php?page=mailbox" "Mozilla/5.0 (X11; Ubuntu; Linux x86_64; rv:73.0) Gecko/20100101 Firefox/73.0"
192.168.10.190 - - [01/Mar/2020:10:55:14 +0000] "GET /kronolith/ HTTP/1.1" 200 24709 "http://mail.cup.com/services/portal/" "Mozilla/5.0 (X11; Linux x86_64) AppleWebKit/537.36 (KHTML, like Gecko) Ubuntu Chromium/77.0.3865.90 HeadlessChrome/77.0.3865.90 Safari/537.36"
192.168.10.4 - - [01/Mar/2020:10:55:14 +0000] "POST /services/ajax.php/kronolith/deleteEvent HTTP/1.1" 200 533 "http://mail.cup.com/kronolith/" "Mozilla/5.0 (X11; Linux x86_64) AppleWebKit/537.36 (KHTML, like Gecko) Ubuntu Chromium/77.0.3865.90 HeadlessChrome/77.0.3865.90 Safari/537.36"
192.168.10.190 - - [01/Mar/2020:10:55:14 +0000] "POST /services/ajax.php/kronolith/listCalendars HTTP/1.1" 200 966 "http://mail.cup.com/kronolith/" "Mozilla/5.0 (X11; Linux x86_64) AppleWebKit/537.36 (KHTML, like Gecko) Ubuntu Chromium/77.0.3865.90 HeadlessChrome/77.0.3865.90 Safari/537.36"
192.168.10.190 - - [01/Mar/2020:10:55:14 +0000] "POST /services/ajax.php/kronolith/listEvents HTTP/1.1" 200 549 "http://mail.cup.com/kronolith/" "Mozilla/5.0 (X11; Linux x86_64) AppleWebKit/537.36 (KHTML, like Gecko) Ubuntu Chromium/77.0.3865.90 HeadlessChrome/77.0.3865.90 Safari/537.36"
192.168.10.190 - - [01/Mar/2020:10:55:14 +0000] "POST /services/ajax.php/kronolith/listEvents HTTP/1.1" 200 1338 "http://mail.cup.com/kronolith/" "Mozilla/5.0 (X11; Linux x86_64) AppleWebKit/537.36 (KHTML, like Gecko) Ubuntu Chromium/77.0.3865.90 HeadlessChrome/77.0.3865.90 Safari/537.36"
192.168.10.200 - - [01/Mar/2020:10:55:17 +0000] "GET /nag/task.php?actionID=add_task HTTP/1.1" 200 8963 "http://mail.cup.com/nag/" "Mozilla/5.0 (X11; Ubuntu; Linux x86_64; rv:73.0) Gecko/20100101 Firefox/73.0"
192.168.10.190 - - [01/Mar/2020:10:55:20 +0000] "POST /services/ajax.php/imp/viewPort HTTP/1.1" 200 1067 "http://mail.cup.com/imp/dynamic.php?page=mailbox" "Mozilla/5.0 (X11; Ubuntu; Linux x86_64; rv:73.0) Gecko/20100101 Firefox/73.0"
192.168.10.4 - - [01/Mar/2020:10:55:22 +0000] "GET /services/portal/ HTTP/1.1" 200 11138 "http://mail.cup.com/kronolith/" "Mozilla/5.0 (X11; Linux x86_64) AppleWebKit/537.36 (KHTML, like Gecko) Ubuntu Chromium/77.0.3865.90 HeadlessChrome/77.0.3865.90 Safari/537.36"
192.168.10.190 - - [01/Mar/2020:10:55:26 +0000] "POST /services/ajax.php/imp/showMessage HTTP/1.1" 200 2346 "http://mail.cup.com/imp/dynamic.php?page=mailbox" "Mozilla/5.0 (X11; Ubuntu; Linux x86_64; rv:73.0) Gecko/20100101 Firefox/73.0"
192.168.10.200 - - [01/Mar/2020:10:55:31 +0000] "POST /services/ajax.php/horde/imple?token=-cGSHjIVqNkcDG8QJtRPq50&app=nag&imple=Nag_Ajax_Imple_TagAutoCompleter&input=tags HTTP/1.1" 200 371 "http://mail.cup.com/nag/task.php?actionID=add_task" "Mozilla/5.0 (X11; Ubuntu; Linux x86_64; rv:73.0) Gecko/20100101 Firefox/73.0"
192.168.10.4 - - [01/Mar/2020:10:55:32 +0000] "GET /services/prefs.php?app=horde HTTP/1.1" 200 3653 "http://mail.cup.com/services/portal/" "Mozilla/5.0 (X11; Linux x86_64) AppleWebKit/537.36 (KHTML, like Gecko) Ubuntu Chromium/77.0.3865.90 HeadlessChrome/77.0.3865.90 Safari/537.36"
192.168.10.4 - - [01/Mar/2020:10:55:37 +0000] "GET /services/prefs.php?app=horde&group=identities HTTP/1.1" 200 4576 "http://mail.cup.com/services/prefs.php?app=horde" "Mozilla/5.0 (X11; Linux x86_64) AppleWebKit/537.36 (KHTML, like Gecko) Ubuntu Chromium/77.0.3865.90 HeadlessChrome/77.0.3865.90 Safari/537.36"
192.168.10.190 - - [01/Mar/2020:10:55:37 +0000] "GET /imp/dynamic.php?page=message&buid=35&mailbox=SU5CT1g&token=ZDkugXyEKOeF4ZChg73L4UL&uniq=1583060137386 HTTP/1.1" 200 7375 "http://mail.cup.com/imp/dynamic.php?page=mailbox" "Mozilla/5.0 (X11; Ubuntu; Linux x86_64; rv:73.0) Gecko/20100101 Firefox/73.0"
192.168.10.4 - - [01/Mar/2020:10:55:41 +0000] "POST /services/prefs.php HTTP/1.1" 200 4603 "http://mail.cup.com/services/prefs.php?app=horde&group=identities" "Mozilla/5.0 (X11; Linux x86_64) AppleWebKit/537.36 (KHTML, like Gecko) Ubuntu Chromium/77.0.3865.90 HeadlessChrome/77.0.3865.90 Safari/537.36"
192.168.10.190 - - [01/Mar/2020:10:55:42 +0000] "POST /services/ajax.php/imp/getReplyData HTTP/1.1" 200 1015 "http://mail.cup.com/imp/dynamic.php?page=message&buid=35&mailbox=SU5CT1g&token=ZDkugXyEKOeF4ZChg73L4UL&uniq=1583060137386" "Mozilla/5.0 (X11; Ubuntu; Linux x86_64; rv:73.0) Gecko/20100101 Firefox/73.0"
192.168.10.190 - - [01/Mar/2020:10:55:46 +0000] "POST /services/ajax.php/imp/addAttachment?jsonhtml=1&token=ZDkugXyEKOeF4ZChg73L4UL HTTP/1.1" 200 1025 "http://mail.cup.com/imp/dynamic.php?page=message&buid=35&mailbox=SU5CT1g&token=ZDkugXyEKOeF4ZChg73L4UL&uniq=1583060137386" "Mozilla/5.0 (X11; Ubuntu; Linux x86_64; rv:73.0) Gecko/20100101 Firefox/73.0"
192.168.10.190 - - [01/Mar/2020:10:55:49 +0000] "POST /services/ajax.php/kronolith/getEvent HTTP/1.1" 200 677 "http://mail.cup.com/kronolith/" "Mozilla/5.0 (X11; Linux x86_64) AppleWebKit/537.36 (KHTML, like Gecko) Ubuntu Chromium/77.0.3865.90 HeadlessChrome/77.0.3865.90 Safari/537.36"
192.168.10.190 - - [01/Mar/2020:10:55:50 +0000] "POST /services/ajax.php/kronolith/listTopTags HTTP/1.1" 200 456 "http://mail.cup.com/kronolith/" "Mozilla/5.0 (X11; Linux x86_64) AppleWebKit/537.36 (KHTML, like Gecko) Ubuntu Chromium/77.0.3865.90 HeadlessChrome/77.0.3865.90 Safari/537.36"
192.168.10.190 - - [01/Mar/2020:10:55:50 +0000] "POST /services/ajax.php/imp/sendMessage HTTP/1.1" 200 611 "http://mail.cup.com/imp/dynamic.php?page=message&buid=35&mailbox=SU5CT1g&token=ZDkugXyEKOeF4ZChg73L4UL&uniq=1583060137386" "Mozilla/5.0 (X11; Ubuntu; Linux x86_64; rv:73.0) Gecko/20100101 Firefox/73.0"
192.168.10.4 - - [01/Mar/2020:10:55:51 +0000] "GET /services/prefs.php?app=horde HTTP/1.1" 200 3657 "http://mail.cup.com/services/prefs.php" "Mozilla/5.0 (X11; Linux x86_64) AppleWebKit/537.36 (KHTML, like Gecko) Ubuntu Chromium/77.0.3865.90 HeadlessChrome/77.0.3865.90 Safari/537.36"
192.168.10.190 - - [01/Mar/2020:10:55:54 +0000] "POST /services/ajax.php/kronolith/deleteEvent HTTP/1.1" 200 530 "http://mail.cup.com/kronolith/" "Mozilla/5.0 (X11; Linux x86_64) AppleWebKit/537.36 (KHTML, like Gecko) Ubuntu Chromium/77.0.3865.90 HeadlessChrome/77.0.3865.90 Safari/537.36"
192.168.10.200 - - [01/Mar/2020:10:55:56 +0000] "POST /nag/task/save.php HTTP/1.1" 302 412 "http://mail.cup.com/nag/task.php?actionID=add_task" "Mozilla/5.0 (X11; Ubuntu; Linux x86_64; rv:73.0) Gecko/20100101 Firefox/73.0"
192.168.10.4 - - [01/Mar/2020:10:55:56 +0000] "GET /services/prefs.php?app=imp HTTP/1.1" 200 4023 "http://mail.cup.com/services/prefs.php?app=horde" "Mozilla/5.0 (X11; Linux x86_64) AppleWebKit/537.36 (KHTML, like Gecko) Ubuntu Chromium/77.0.3865.90 HeadlessChrome/77.0.3865.90 Safari/537.36"
192.168.10.200 - - [01/Mar/2020:10:55:56 +0000] "GET /nag/list.php HTTP/1.1" 200 8432 "http://mail.cup.com/nag/task.php?actionID=add_task" "Mozilla/5.0 (X11; Ubuntu; Linux x86_64; rv:73.0) Gecko/20100101 Firefox/73.0"
192.168.10.190 - - [01/Mar/2020:10:55:59 +0000] "GET /services/portal/ HTTP/1.1" 200 8126 "http://mail.cup.com/kronolith/" "Mozilla/5.0 (X11; Linux x86_64) AppleWebKit/537.36 (KHTML, like Gecko) Ubuntu Chromium/77.0.3865.90 HeadlessChrome/77.0.3865.90 Safari/537.36"
192.168.10.4 - - [01/Mar/2020:10:56:01 +0000] "GET /services/prefs.php?app=imp&group=delmove HTTP/1.1" 200 5537 "http://mail.cup.com/services/prefs.php?app=imp" "Mozilla/5.0 (X11; Linux x86_64) AppleWebKit/537.36 (KHTML, like Gecko) Ubuntu Chromium/77.0.3865.90 HeadlessChrome/77.0.3865.90 Safari/537.36"
192.168.10.190 - - [01/Mar/2020:10:56:01 +0000] "GET /mnemo/ HTTP/1.1" 200 5668 "http://mail.cup.com/services/portal/" "Mozilla/5.0 (X11; Linux x86_64) AppleWebKit/537.36 (KHTML, like Gecko) Ubuntu Chromium/77.0.3865.90 HeadlessChrome/77.0.3865.90 Safari/537.36"
192.168.10.4 - - [01/Mar/2020:10:56:14 +0000] "POST /services/prefs.php HTTP/1.1" 200 5638 "http://mail.cup.com/services/prefs.php?app=imp&group=delmove" "Mozilla/5.0 (X11; Linux x86_64) AppleWebKit/537.36 (KHTML, like Gecko) Ubuntu Chromium/77.0.3865.90 HeadlessChrome/77.0.3865.90 Safari/537.36"
192.168.10.4 - - [01/Mar/2020:10:56:21 +0000] "POST /services/prefs.php HTTP/1.1" 200 5637 "http://mail.cup.com/services/prefs.php" "Mozilla/5.0 (X11; Linux x86_64) AppleWebKit/537.36 (KHTML, like Gecko) Ubuntu Chromium/77.0.3865.90 HeadlessChrome/77.0.3865.90 Safari/537.36"
192.168.10.200 - - [01/Mar/2020:10:56:29 +0000] "GET /services/portal/ HTTP/1.1" 200 7818 "http://mail.cup.com/nag/list.php" "Mozilla/5.0 (X11; Ubuntu; Linux x86_64; rv:73.0) Gecko/20100101 Firefox/73.0"
192.168.10.200 - - [01/Mar/2020:10:56:35 +0000] "GET /nag/ HTTP/1.1" 200 8333 "http://mail.cup.com/services/portal/" "Mozilla/5.0 (X11; Ubuntu; Linux x86_64; rv:73.0) Gecko/20100101 Firefox/73.0"
192.168.10.190 - - [01/Mar/2020:10:56:35 +0000] "GET /mnemo/memo.php?actionID=add_memo HTTP/1.1" 200 5976 "http://mail.cup.com/mnemo/" "Mozilla/5.0 (X11; Linux x86_64) AppleWebKit/537.36 (KHTML, like Gecko) Ubuntu Chromium/77.0.3865.90 HeadlessChrome/77.0.3865.90 Safari/537.36"
192.168.10.190 - - [01/Mar/2020:10:56:37 +0000] "GET /services/portal/ HTTP/1.1" 200 7945 "http://mail.cup.com/imp/dynamic.php?page=mailbox" "Mozilla/5.0 (X11; Ubuntu; Linux x86_64; rv:73.0) Gecko/20100101 Firefox/73.0"
192.168.10.190 - - [01/Mar/2020:10:56:41 +0000] "POST /services/ajax.php/horde/imple?token=Pt2H7lnK6gpAHTZ4e6BYo2n&app=mnemo&imple=Mnemo_Ajax_Imple_TagAutoCompleter&input=memo_tags HTTP/1.1" 200 371 "http://mail.cup.com/mnemo/memo.php?actionID=add_memo" "Mozilla/5.0 (X11; Linux x86_64) AppleWebKit/537.36 (KHTML, like Gecko) Ubuntu Chromium/77.0.3865.90 HeadlessChrome/77.0.3865.90 Safari/537.36"
192.168.10.190 - - [01/Mar/2020:10:56:43 +0000] "POST /mnemo/memo.php HTTP/1.1" 302 413 "http://mail.cup.com/mnemo/memo.php?actionID=add_memo" "Mozilla/5.0 (X11; Linux x86_64) AppleWebKit/537.36 (KHTML, like Gecko) Ubuntu Chromium/77.0.3865.90 HeadlessChrome/77.0.3865.90 Safari/537.36"
192.168.10.190 - - [01/Mar/2020:10:56:43 +0000] "GET /mnemo/list.php HTTP/1.1" 200 5871 "http://mail.cup.com/mnemo/memo.php?actionID=add_memo" "Mozilla/5.0 (X11; Linux x86_64) AppleWebKit/537.36 (KHTML, like Gecko) Ubuntu Chromium/77.0.3865.90 HeadlessChrome/77.0.3865.90 Safari/537.36"
192.168.10.4 - - [01/Mar/2020:10:56:55 +0000] "GET /services/portal/ HTTP/1.1" 200 11143 "http://mail.cup.com/services/prefs.php" "Mozilla/5.0 (X11; Linux x86_64) AppleWebKit/537.36 (KHTML, like Gecko) Ubuntu Chromium/77.0.3865.90 HeadlessChrome/77.0.3865.90 Safari/537.36"
192.168.10.200 - - [01/Mar/2020:10:57:13 +0000] "GET /nag/task.php?actionID=add_task HTTP/1.1" 200 8997 "http://mail.cup.com/nag/" "Mozilla/5.0 (X11; Ubuntu; Linux x86_64; rv:73.0) Gecko/20100101 Firefox/73.0"
192.168.10.190 - - [01/Mar/2020:10:57:13 +0000] "GET /services/portal/ HTTP/1.1" 200 7940 "http://mail.cup.com/services/portal/" "Mozilla/5.0 (X11; Ubuntu; Linux x86_64; rv:73.0) Gecko/20100101 Firefox/73.0"
192.168.10.190 - - [01/Mar/2020:10:57:15 +0000] "GET /services/portal/ HTTP/1.1" 200 8193 "http://mail.cup.com/mnemo/list.php" "Mozilla/5.0 (X11; Linux x86_64) AppleWebKit/537.36 (KHTML, like Gecko) Ubuntu Chromium/77.0.3865.90 HeadlessChrome/77.0.3865.90 Safari/537.36"
192.168.10.190 - - [01/Mar/2020:10:57:17 +0000] "GET /imp/dynamic.php?page=mailbox HTTP/1.1" 200 8750 "http://mail.cup.com/services/portal/" "Mozilla/5.0 (X11; Ubuntu; Linux x86_64; rv:73.0) Gecko/20100101 Firefox/73.0"
192.168.10.190 - - [01/Mar/2020:10:57:17 +0000] "POST /services/ajax.php/imp/dynamicInit HTTP/1.1" 200 1704 "http://mail.cup.com/imp/dynamic.php?page=mailbox" "Mozilla/5.0 (X11; Ubuntu; Linux x86_64; rv:73.0) Gecko/20100101 Firefox/73.0"
192.168.10.190 - - [01/Mar/2020:10:57:18 +0000] "GET /nag/ HTTP/1.1" 200 8494 "http://mail.cup.com/services/portal/" "Mozilla/5.0 (X11; Linux x86_64) AppleWebKit/537.36 (KHTML, like Gecko) Ubuntu Chromium/77.0.3865.90 HeadlessChrome/77.0.3865.90 Safari/537.36"
192.168.10.200 - - [01/Mar/2020:10:57:27 +0000] "POST /services/ajax.php/horde/imple?token=-cGSHjIVqNkcDG8QJtRPq50&app=nag&imple=Nag_Ajax_Imple_TagAutoCompleter&input=tags HTTP/1.1" 200 378 "http://mail.cup.com/nag/task.php?actionID=add_task" "Mozilla/5.0 (X11; Ubuntu; Linux x86_64; rv:73.0) Gecko/20100101 Firefox/73.0"
192.168.10.190 - - [01/Mar/2020:10:57:28 +0000] "POST /services/ajax.php/imp/viewPort HTTP/1.1" 200 1061 "http://mail.cup.com/imp/dynamic.php?page=mailbox" "Mozilla/5.0 (X11; Ubuntu; Linux x86_64; rv:73.0) Gecko/20100101 Firefox/73.0"
192.168.10.4 - - [01/Mar/2020:10:57:29 +0000] "GET /services/portal/ HTTP/1.1" 200 11148 "http://mail.cup.com/services/portal/" "Mozilla/5.0 (X11; Linux x86_64) AppleWebKit/537.36 (KHTML, like Gecko) Ubuntu Chromium/77.0.3865.90 HeadlessChrome/77.0.3865.90 Safari/537.36"
192.168.10.190 - - [01/Mar/2020:10:57:33 +0000] "POST /services/ajax.php/imp/showMessage HTTP/1.1" 200 3348 "http://mail.cup.com/imp/dynamic.php?page=mailbox" "Mozilla/5.0 (X11; Ubuntu; Linux x86_64; rv:73.0) Gecko/20100101 Firefox/73.0"
192.168.10.190 - - [01/Mar/2020:10:57:39 +0000] "POST /services/ajax.php/imp/deleteMessages HTTP/1.1" 200 554 "http://mail.cup.com/imp/dynamic.php?page=mailbox" "Mozilla/5.0 (X11; Ubuntu; Linux x86_64; rv:73.0) Gecko/20100101 Firefox/73.0"
192.168.10.190 - - [01/Mar/2020:10:57:53 +0000] "GET /nag/task.php?actionID=add_task HTTP/1.1" 200 9027 "http://mail.cup.com/nag/" "Mozilla/5.0 (X11; Linux x86_64) AppleWebKit/537.36 (KHTML, like Gecko) Ubuntu Chromium/77.0.3865.90 HeadlessChrome/77.0.3865.90 Safari/537.36"
192.168.10.200 - - [01/Mar/2020:10:57:53 +0000] "POST /nag/task/save.php HTTP/1.1" 302 412 "http://mail.cup.com/nag/task.php?actionID=add_task" "Mozilla/5.0 (X11; Ubuntu; Linux x86_64; rv:73.0) Gecko/20100101 Firefox/73.0"
192.168.10.200 - - [01/Mar/2020:10:57:54 +0000] "GET /nag/list.php HTTP/1.1" 200 8572 "http://mail.cup.com/nag/task.php?actionID=add_task" "Mozilla/5.0 (X11; Ubuntu; Linux x86_64; rv:73.0) Gecko/20100101 Firefox/73.0"
192.168.10.190 - - [01/Mar/2020:10:57:59 +0000] "POST /services/ajax.php/horde/imple?token=Pt2H7lnK6gpAHTZ4e6BYo2n&app=nag&imple=Nag_Ajax_Imple_TagAutoCompleter&input=tags HTTP/1.1" 200 371 "http://mail.cup.com/nag/task.php?actionID=add_task" "Mozilla/5.0 (X11; Linux x86_64) AppleWebKit/537.36 (KHTML, like Gecko) Ubuntu Chromium/77.0.3865.90 HeadlessChrome/77.0.3865.90 Safari/537.36"
192.168.10.4 - - [01/Mar/2020:10:58:04 +0000] "GET /services/portal/ HTTP/1.1" 200 11145 "http://mail.cup.com/services/portal/" "Mozilla/5.0 (X11; Linux x86_64) AppleWebKit/537.36 (KHTML, like Gecko) Ubuntu Chromium/77.0.3865.90 HeadlessChrome/77.0.3865.90 Safari/537.36"
192.168.10.4 - - [01/Mar/2020:10:58:08 +0000] "GET /imp/dynamic.php?page=mailbox HTTP/1.1" 200 8744 "http://mail.cup.com/services/portal/" "Mozilla/5.0 (X11; Linux x86_64) AppleWebKit/537.36 (KHTML, like Gecko) Ubuntu Chromium/77.0.3865.90 HeadlessChrome/77.0.3865.90 Safari/537.36"
192.168.10.4 - - [01/Mar/2020:10:58:08 +0000] "POST /services/ajax.php/imp/dynamicInit HTTP/1.1" 200 1557 "http://mail.cup.com/imp/dynamic.php?page=mailbox" "Mozilla/5.0 (X11; Linux x86_64) AppleWebKit/537.36 (KHTML, like Gecko) Ubuntu Chromium/77.0.3865.90 HeadlessChrome/77.0.3865.90 Safari/537.36"
192.168.10.190 - - [01/Mar/2020:10:58:15 +0000] "GET /services/portal/ HTTP/1.1" 200 7943 "http://mail.cup.com/imp/dynamic.php?page=mailbox" "Mozilla/5.0 (X11; Ubuntu; Linux x86_64; rv:73.0) Gecko/20100101 Firefox/73.0"
192.168.10.190 - - [01/Mar/2020:10:58:16 +0000] "POST /nag/task/save.php HTTP/1.1" 302 412 "http://mail.cup.com/nag/task.php?actionID=add_task" "Mozilla/5.0 (X11; Linux x86_64) AppleWebKit/537.36 (KHTML, like Gecko) Ubuntu Chromium/77.0.3865.90 HeadlessChrome/77.0.3865.90 Safari/537.36"
192.168.10.190 - - [01/Mar/2020:10:58:16 +0000] "GET /nag/list.php HTTP/1.1" 200 8700 "http://mail.cup.com/nag/task.php?actionID=add_task" "Mozilla/5.0 (X11; Linux x86_64) AppleWebKit/537.36 (KHTML, like Gecko) Ubuntu Chromium/77.0.3865.90 HeadlessChrome/77.0.3865.90 Safari/537.36"
192.168.10.4 - - [01/Mar/2020:10:58:16 +0000] "POST /services/ajax.php/imp/viewPort HTTP/1.1" 200 928 "http://mail.cup.com/imp/dynamic.php?page=mailbox" "Mozilla/5.0 (X11; Linux x86_64) AppleWebKit/537.36 (KHTML, like Gecko) Ubuntu Chromium/77.0.3865.90 HeadlessChrome/77.0.3865.90 Safari/537.36"
192.168.10.190 - - [01/Mar/2020:10:58:19 +0000] "GET /nag/ HTTP/1.1" 200 8578 "http://mail.cup.com/services/portal/" "Mozilla/5.0 (X11; Ubuntu; Linux x86_64; rv:73.0) Gecko/20100101 Firefox/73.0"
192.168.10.4 - - [01/Mar/2020:10:58:24 +0000] "POST /services/ajax.php/imp/showMessage HTTP/1.1" 200 3480 "http://mail.cup.com/imp/dynamic.php?page=mailbox" "Mozilla/5.0 (X11; Linux x86_64) AppleWebKit/537.36 (KHTML, like Gecko) Ubuntu Chromium/77.0.3865.90 HeadlessChrome/77.0.3865.90 Safari/537.36"
192.168.10.4 - - [01/Mar/2020:10:58:24 +0000] "GET /imp/view.php?imp_img_view=view_thumbnail&actionID=view_attach&id=2&muid=%7B5%7DINBOX18&view_token=lHRGb-IlLMtJOLoOiQLRg9h HTTP/1.1" 200 3846 "http://mail.cup.com/imp/dynamic.php?page=mailbox" "Mozilla/5.0 (X11; Linux x86_64) AppleWebKit/537.36 (KHTML, like Gecko) Ubuntu Chromium/77.0.3865.90 HeadlessChrome/77.0.3865.90 Safari/537.36"
192.168.10.200 - - [01/Mar/2020:10:58:29 +0000] "GET /services/portal/ HTTP/1.1" 200 8364 "http://mail.cup.com/nag/list.php" "Mozilla/5.0 (X11; Ubuntu; Linux x86_64; rv:73.0) Gecko/20100101 Firefox/73.0"
192.168.10.4 - - [01/Mar/2020:10:58:33 +0000] "GET /imp/dynamic.php?page=message&buid=18&mailbox=SU5CT1g&token=lHRGb-IlLMtJOLoOiQLRg9h&uniq=1583060313219 HTTP/1.1" 200 7990 "http://mail.cup.com/imp/dynamic.php?page=mailbox" "Mozilla/5.0 (X11; Linux x86_64) AppleWebKit/537.36 (KHTML, like Gecko) Ubuntu Chromium/77.0.3865.90 HeadlessChrome/77.0.3865.90 Safari/537.36"
192.168.10.4 - - [01/Mar/2020:10:58:33 +0000] "GET /imp/view.php?imp_img_view=view_thumbnail&actionID=view_attach&id=2&muid=%7B5%7DINBOX18&view_token=lHRGb-IlLMtJOLoOiQLRg9h HTTP/1.1" 200 3846 "http://mail.cup.com/imp/dynamic.php?page=message&buid=18&mailbox=SU5CT1g&token=lHRGb-IlLMtJOLoOiQLRg9h&uniq=1583060313219" "Mozilla/5.0 (X11; Linux x86_64) AppleWebKit/537.36 (KHTML, like Gecko) Ubuntu Chromium/77.0.3865.90 HeadlessChrome/77.0.3865.90 Safari/537.36"
192.168.10.200 - - [01/Mar/2020:10:58:34 +0000] "GET /nag/ HTTP/1.1" 200 8473 "http://mail.cup.com/services/portal/" "Mozilla/5.0 (X11; Ubuntu; Linux x86_64; rv:73.0) Gecko/20100101 Firefox/73.0"
192.168.10.4 - - [01/Mar/2020:10:58:37 +0000] "POST /services/ajax.php/imp/getReplyData HTTP/1.1" 200 850 "http://mail.cup.com/imp/dynamic.php?page=message&buid=18&mailbox=SU5CT1g&token=lHRGb-IlLMtJOLoOiQLRg9h&uniq=1583060313219" "Mozilla/5.0 (X11; Linux x86_64) AppleWebKit/537.36 (KHTML, like Gecko) Ubuntu Chromium/77.0.3865.90 HeadlessChrome/77.0.3865.90 Safari/537.36"
192.168.10.4 - - [01/Mar/2020:10:58:42 +0000] "POST /services/ajax.php/imp/sendMessage HTTP/1.1" 200 615 "http://mail.cup.com/imp/dynamic.php?page=message&buid=18&mailbox=SU5CT1g&token=lHRGb-IlLMtJOLoOiQLRg9h&uniq=1583060313219" "Mozilla/5.0 (X11; Linux x86_64) AppleWebKit/537.36 (KHTML, like Gecko) Ubuntu Chromium/77.0.3865.90 HeadlessChrome/77.0.3865.90 Safari/537.36"
192.168.10.190 - - [01/Mar/2020:10:58:48 +0000] "GET /services/portal/ HTTP/1.1" 200 8310 "http://mail.cup.com/nag/list.php" "Mozilla/5.0 (X11; Linux x86_64) AppleWebKit/537.36 (KHTML, like Gecko) Ubuntu Chromium/77.0.3865.90 HeadlessChrome/77.0.3865.90 Safari/537.36"
192.168.10.190 - - [01/Mar/2020:10:58:51 +0000] "GET /kronolith/ HTTP/1.1" 200 24706 "http://mail.cup.com/services/portal/" "Mozilla/5.0 (X11; Linux x86_64) AppleWebKit/537.36 (KHTML, like Gecko) Ubuntu Chromium/77.0.3865.90 HeadlessChrome/77.0.3865.90 Safari/537.36"
192.168.10.190 - - [01/Mar/2020:10:58:52 +0000] "POST /services/ajax.php/kronolith/listCalendars HTTP/1.1" 200 966 "http://mail.cup.com/kronolith/" "Mozilla/5.0 (X11; Linux x86_64) AppleWebKit/537.36 (KHTML, like Gecko) Ubuntu Chromium/77.0.3865.90 HeadlessChrome/77.0.3865.90 Safari/537.36"
192.168.10.190 - - [01/Mar/2020:10:58:52 +0000] "POST /services/ajax.php/kronolith/listEvents HTTP/1.1" 200 549 "http://mail.cup.com/kronolith/" "Mozilla/5.0 (X11; Linux x86_64) AppleWebKit/537.36 (KHTML, like Gecko) Ubuntu Chromium/77.0.3865.90 HeadlessChrome/77.0.3865.90 Safari/537.36"
192.168.10.190 - - [01/Mar/2020:10:58:52 +0000] "POST /services/ajax.php/kronolith/listEvents HTTP/1.1" 200 1252 "http://mail.cup.com/kronolith/" "Mozilla/5.0 (X11; Linux x86_64) AppleWebKit/537.36 (KHTML, like Gecko) Ubuntu Chromium/77.0.3865.90 HeadlessChrome/77.0.3865.90 Safari/537.36"
192.168.10.190 - - [01/Mar/2020:10:58:57 +0000] "GET /nag/task.php?tasklist=-tuA1UJG7ilRa4A_Y2M_t3c&task=MH4qFNAz9npGmuywfgibwOi&actionID=modify_task&have_search&tab_name=1&url=%2Fnag%2F HTTP/1.1" 200 9187 "http://mail.cup.com/nag/" "Mozilla/5.0 (X11; Ubuntu; Linux x86_64; rv:73.0) Gecko/20100101 Firefox/73.0"
192.168.10.190 - - [01/Mar/2020:10:59:03 +0000] "POST /nag/task/save.php HTTP/1.1" 302 412 "http://mail.cup.com/nag/task.php?tasklist=-tuA1UJG7ilRa4A_Y2M_t3c&task=MH4qFNAz9npGmuywfgibwOi&actionID=modify_task&have_search&tab_name=1&url=%2Fnag%2F" "Mozilla/5.0 (X11; Ubuntu; Linux x86_64; rv:73.0) Gecko/20100101 Firefox/73.0"
192.168.10.190 - - [01/Mar/2020:10:59:03 +0000] "GET /nag/list.php HTTP/1.1" 200 8579 "http://mail.cup.com/nag/task.php?tasklist=-tuA1UJG7ilRa4A_Y2M_t3c&task=MH4qFNAz9npGmuywfgibwOi&actionID=modify_task&have_search&tab_name=1&url=%2Fnag%2F" "Mozilla/5.0 (X11; Ubuntu; Linux x86_64; rv:73.0) Gecko/20100101 Firefox/73.0"
192.168.10.200 - - [01/Mar/2020:10:59:12 +0000] "GET /nag/task.php?tasklist=BDOGQYQ0kz_qhSMEMSUiEIt&task=diUxaki_D3kpDqIVnpA7yZ_&actionID=modify_task&have_search&tab_name=1&url=%2Fnag%2F HTTP/1.1" 200 9161 "http://mail.cup.com/nag/" "Mozilla/5.0 (X11; Ubuntu; Linux x86_64; rv:73.0) Gecko/20100101 Firefox/73.0"
192.168.10.200 - - [01/Mar/2020:10:59:17 +0000] "POST /nag/task/save.php HTTP/1.1" 302 411 "http://mail.cup.com/nag/task.php?tasklist=BDOGQYQ0kz_qhSMEMSUiEIt&task=diUxaki_D3kpDqIVnpA7yZ_&actionID=modify_task&have_search&tab_name=1&url=%2Fnag%2F" "Mozilla/5.0 (X11; Ubuntu; Linux x86_64; rv:73.0) Gecko/20100101 Firefox/73.0"
192.168.10.200 - - [01/Mar/2020:10:59:17 +0000] "GET /nag/list.php HTTP/1.1" 200 8482 "http://mail.cup.com/nag/task.php?tasklist=BDOGQYQ0kz_qhSMEMSUiEIt&task=diUxaki_D3kpDqIVnpA7yZ_&actionID=modify_task&have_search&tab_name=1&url=%2Fnag%2F" "Mozilla/5.0 (X11; Ubuntu; Linux x86_64; rv:73.0) Gecko/20100101 Firefox/73.0"
192.168.10.190 - - [01/Mar/2020:10:59:26 +0000] "POST /services/ajax.php/kronolith/getEvent HTTP/1.1" 200 679 "http://mail.cup.com/kronolith/" "Mozilla/5.0 (X11; Linux x86_64) AppleWebKit/537.36 (KHTML, like Gecko) Ubuntu Chromium/77.0.3865.90 HeadlessChrome/77.0.3865.90 Safari/537.36"
192.168.10.190 - - [01/Mar/2020:10:59:27 +0000] "POST /services/ajax.php/kronolith/listTopTags HTTP/1.1" 200 451 "http://mail.cup.com/kronolith/" "Mozilla/5.0 (X11; Linux x86_64) AppleWebKit/537.36 (KHTML, like Gecko) Ubuntu Chromium/77.0.3865.90 HeadlessChrome/77.0.3865.90 Safari/537.36"
192.168.10.4 - - [01/Mar/2020:10:59:26 +0000] "GET /services/portal/ HTTP/1.1" 200 11145 "http://mail.cup.com/imp/dynamic.php?page=mailbox" "Mozilla/5.0 (X11; Linux x86_64) AppleWebKit/537.36 (KHTML, like Gecko) Ubuntu Chromium/77.0.3865.90 HeadlessChrome/77.0.3865.90 Safari/537.36"
192.168.10.4 - - [01/Mar/2020:10:59:30 +0000] "GET /kronolith/ HTTP/1.1" 200 24701 "http://mail.cup.com/services/portal/" "Mozilla/5.0 (X11; Linux x86_64) AppleWebKit/537.36 (KHTML, like Gecko) Ubuntu Chromium/77.0.3865.90 HeadlessChrome/77.0.3865.90 Safari/537.36"
192.168.10.4 - - [01/Mar/2020:10:59:30 +0000] "POST /services/ajax.php/kronolith/listCalendars HTTP/1.1" 200 968 "http://mail.cup.com/kronolith/" "Mozilla/5.0 (X11; Linux x86_64) AppleWebKit/537.36 (KHTML, like Gecko) Ubuntu Chromium/77.0.3865.90 HeadlessChrome/77.0.3865.90 Safari/537.36"
192.168.10.4 - - [01/Mar/2020:10:59:31 +0000] "POST /services/ajax.php/kronolith/listEvents HTTP/1.1" 200 2059 "http://mail.cup.com/kronolith/" "Mozilla/5.0 (X11; Linux x86_64) AppleWebKit/537.36 (KHTML, like Gecko) Ubuntu Chromium/77.0.3865.90 HeadlessChrome/77.0.3865.90 Safari/537.36"
192.168.10.4 - - [01/Mar/2020:10:59:31 +0000] "POST /services/ajax.php/kronolith/listEvents HTTP/1.1" 200 549 "http://mail.cup.com/kronolith/" "Mozilla/5.0 (X11; Linux x86_64) AppleWebKit/537.36 (KHTML, like Gecko) Ubuntu Chromium/77.0.3865.90 HeadlessChrome/77.0.3865.90 Safari/537.36"
192.168.10.190 - - [01/Mar/2020:10:59:31 +0000] "POST /services/ajax.php/kronolith/deleteEvent HTTP/1.1" 200 533 "http://mail.cup.com/kronolith/" "Mozilla/5.0 (X11; Linux x86_64) AppleWebKit/537.36 (KHTML, like Gecko) Ubuntu Chromium/77.0.3865.90 HeadlessChrome/77.0.3865.90 Safari/537.36"
192.168.10.190 - - [01/Mar/2020:10:59:35 +0000] "GET /services/portal/ HTTP/1.1" 200 7702 "http://mail.cup.com/kronolith/" "Mozilla/5.0 (X11; Linux x86_64) AppleWebKit/537.36 (KHTML, like Gecko) Ubuntu Chromium/77.0.3865.90 HeadlessChrome/77.0.3865.90 Safari/537.36"
192.168.10.190 - - [01/Mar/2020:10:59:38 +0000] "GET /kronolith/ HTTP/1.1" 200 24710 "http://mail.cup.com/services/portal/" "Mozilla/5.0 (X11; Linux x86_64) AppleWebKit/537.36 (KHTML, like Gecko) Ubuntu Chromium/77.0.3865.90 HeadlessChrome/77.0.3865.90 Safari/537.36"
192.168.10.190 - - [01/Mar/2020:10:59:38 +0000] "POST /services/ajax.php/kronolith/listCalendars HTTP/1.1" 200 966 "http://mail.cup.com/kronolith/" "Mozilla/5.0 (X11; Linux x86_64) AppleWebKit/537.36 (KHTML, like Gecko) Ubuntu Chromium/77.0.3865.90 HeadlessChrome/77.0.3865.90 Safari/537.36"
192.168.10.190 - - [01/Mar/2020:10:59:39 +0000] "POST /services/ajax.php/kronolith/listEvents HTTP/1.1" 200 549 "http://mail.cup.com/kronolith/" "Mozilla/5.0 (X11; Linux x86_64) AppleWebKit/537.36 (KHTML, like Gecko) Ubuntu Chromium/77.0.3865.90 HeadlessChrome/77.0.3865.90 Safari/537.36"
192.168.10.190 - - [01/Mar/2020:10:59:39 +0000] "POST /services/ajax.php/kronolith/listEvents HTTP/1.1" 200 1157 "http://mail.cup.com/kronolith/" "Mozilla/5.0 (X11; Linux x86_64) AppleWebKit/537.36 (KHTML, like Gecko) Ubuntu Chromium/77.0.3865.90 HeadlessChrome/77.0.3865.90 Safari/537.36"
192.168.10.190 - - [01/Mar/2020:10:59:39 +0000] "GET /services/portal/ HTTP/1.1" 200 7867 "http://mail.cup.com/nag/list.php" "Mozilla/5.0 (X11; Ubuntu; Linux x86_64; rv:73.0) Gecko/20100101 Firefox/73.0"
192.168.10.190 - - [01/Mar/2020:10:59:41 +0000] "GET /mnemo/ HTTP/1.1" 200 5402 "http://mail.cup.com/services/portal/" "Mozilla/5.0 (X11; Ubuntu; Linux x86_64; rv:73.0) Gecko/20100101 Firefox/73.0"
192.168.10.190 - - [01/Mar/2020:10:59:41 +0000] "GET /mnemo/themes/default/graphics/mnemo.png HTTP/1.1" 200 665 "http://mail.cup.com/mnemo/themes/default/screen.css" "Mozilla/5.0 (X11; Ubuntu; Linux x86_64; rv:73.0) Gecko/20100101 Firefox/73.0"
192.168.10.190 - - [01/Mar/2020:10:59:41 +0000] "GET /mnemo/themes/default/graphics/search.png HTTP/1.1" 200 729 "http://mail.cup.com/mnemo/themes/default/screen.css" "Mozilla/5.0 (X11; Ubuntu; Linux x86_64; rv:73.0) Gecko/20100101 Firefox/73.0"
::1 - - [01/Mar/2020:10:59:47 +0000] "OPTIONS * HTTP/1.0" 200 110 "-" "Apache/2.4.25 (Debian) OpenSSL/1.0.2u (internal dummy connection)"
::1 - - [01/Mar/2020:10:59:48 +0000] "OPTIONS * HTTP/1.0" 200 110 "-" "Apache/2.4.25 (Debian) OpenSSL/1.0.2u (internal dummy connection)"
192.168.10.200 - - [01/Mar/2020:10:59:52 +0000] "GET /services/portal/ HTTP/1.1" 200 8296 "http://mail.cup.com/nag/list.php" "Mozilla/5.0 (X11; Ubuntu; Linux x86_64; rv:73.0) Gecko/20100101 Firefox/73.0"
192.168.10.200 - - [01/Mar/2020:10:59:58 +0000] "GET /turba/ HTTP/1.1" 200 4354 "http://mail.cup.com/services/portal/" "Mozilla/5.0 (X11; Ubuntu; Linux x86_64; rv:73.0) Gecko/20100101 Firefox/73.0"
192.168.10.200 - - [01/Mar/2020:11:00:03 +0000] "GET /turba/add.php HTTP/1.1" 200 19361 "http://mail.cup.com/turba/" "Mozilla/5.0 (X11; Ubuntu; Linux x86_64; rv:73.0) Gecko/20100101 Firefox/73.0"
192.168.10.4 - - [01/Mar/2020:11:00:09 +0000] "POST /services/ajax.php/kronolith/getEvent HTTP/1.1" 200 679 "http://mail.cup.com/kronolith/" "Mozilla/5.0 (X11; Linux x86_64) AppleWebKit/537.36 (KHTML, like Gecko) Ubuntu Chromium/77.0.3865.90 HeadlessChrome/77.0.3865.90 Safari/537.36"
192.168.10.4 - - [01/Mar/2020:11:00:09 +0000] "POST /services/ajax.php/kronolith/listTopTags HTTP/1.1" 200 453 "http://mail.cup.com/kronolith/" "Mozilla/5.0 (X11; Linux x86_64) AppleWebKit/537.36 (KHTML, like Gecko) Ubuntu Chromium/77.0.3865.90 HeadlessChrome/77.0.3865.90 Safari/537.36"
192.168.10.190 - - [01/Mar/2020:11:00:13 +0000] "POST /services/ajax.php/kronolith/listTopTags HTTP/1.1" 200 452 "http://mail.cup.com/kronolith/" "Mozilla/5.0 (X11; Linux x86_64) AppleWebKit/537.36 (KHTML, like Gecko) Ubuntu Chromium/77.0.3865.90 HeadlessChrome/77.0.3865.90 Safari/537.36"
192.168.10.200 - - [01/Mar/2020:11:00:14 +0000] "POST /turba/add.php HTTP/1.1" 302 489 "http://mail.cup.com/turba/add.php" "Mozilla/5.0 (X11; Ubuntu; Linux x86_64; rv:73.0) Gecko/20100101 Firefox/73.0"
192.168.10.200 - - [01/Mar/2020:11:00:15 +0000] "GET /turba/contact.php?source=lHZAbasXgjgJKBl8QDq5bO8&key=iToO6Vh8dbWXKP82cYyAvvt&view=Contact HTTP/1.1" 200 21126 "http://mail.cup.com/turba/add.php" "Mozilla/5.0 (X11; Ubuntu; Linux x86_64; rv:73.0) Gecko/20100101 Firefox/73.0"
192.168.10.4 - - [01/Mar/2020:11:00:17 +0000] "POST /services/ajax.php/kronolith/deleteEvent HTTP/1.1" 200 532 "http://mail.cup.com/kronolith/" "Mozilla/5.0 (X11; Linux x86_64) AppleWebKit/537.36 (KHTML, like Gecko) Ubuntu Chromium/77.0.3865.90 HeadlessChrome/77.0.3865.90 Safari/537.36"
192.168.10.190 - - [01/Mar/2020:11:00:22 +0000] "GET /mnemo/memo.php?actionID=add_memo HTTP/1.1" 200 5979 "http://mail.cup.com/mnemo/" "Mozilla/5.0 (X11; Ubuntu; Linux x86_64; rv:73.0) Gecko/20100101 Firefox/73.0"
192.168.10.4 - - [01/Mar/2020:11:00:27 +0000] "GET /services/portal/ HTTP/1.1" 200 11029 "http://mail.cup.com/kronolith/" "Mozilla/5.0 (X11; Linux x86_64) AppleWebKit/537.36 (KHTML, like Gecko) Ubuntu Chromium/77.0.3865.90 HeadlessChrome/77.0.3865.90 Safari/537.36"
192.168.10.190 - - [01/Mar/2020:11:00:27 +0000] "POST /services/ajax.php/kronolith/saveEvent HTTP/1.1" 200 653 "http://mail.cup.com/kronolith/" "Mozilla/5.0 (X11; Linux x86_64) AppleWebKit/537.36 (KHTML, like Gecko) Ubuntu Chromium/77.0.3865.90 HeadlessChrome/77.0.3865.90 Safari/537.36"
192.168.10.4 - - [01/Mar/2020:11:00:31 +0000] "GET /kronolith/ HTTP/1.1" 200 24699 "http://mail.cup.com/services/portal/" "Mozilla/5.0 (X11; Linux x86_64) AppleWebKit/537.36 (KHTML, like Gecko) Ubuntu Chromium/77.0.3865.90 HeadlessChrome/77.0.3865.90 Safari/537.36"
192.168.10.4 - - [01/Mar/2020:11:00:32 +0000] "POST /services/ajax.php/kronolith/listCalendars HTTP/1.1" 200 968 "http://mail.cup.com/kronolith/" "Mozilla/5.0 (X11; Linux x86_64) AppleWebKit/537.36 (KHTML, like Gecko) Ubuntu Chromium/77.0.3865.90 HeadlessChrome/77.0.3865.90 Safari/537.36"
