192.168.10.238 - - [04/Mar/2020:09:02:04 +0000] "GET /nag/themes/default/graphics/nag.png HTTP/1.1" 304 164 "http://mail.cup.com/nag/themes/default/screen.css" "Mozilla/5.0 (X11; Ubuntu; Linux x86_64; rv:73.0) Gecko/20100101 Firefox/73.0"
192.168.10.190 - - [04/Mar/2020:09:02:05 +0000] "POST /services/ajax.php/imp/dynamicInit HTTP/1.1" 200 1990 "http://mail.cup.com/imp/dynamic.php?page=mailbox" "Mozilla/5.0 (X11; Linux x86_64) AppleWebKit/537.36 (KHTML, like Gecko) Ubuntu Chromium/77.0.3865.90 HeadlessChrome/77.0.3865.90 Safari/537.36"
192.168.10.190 - - [04/Mar/2020:09:02:05 +0000] "GET /imp/themes/default/graphics/flags/personal.png HTTP/1.1" 304 163 "http://mail.cup.com/imp/themes/default/screen.css" "Mozilla/5.0 (X11; Linux x86_64) AppleWebKit/537.36 (KHTML, like Gecko) Ubuntu Chromium/77.0.3865.90 HeadlessChrome/77.0.3865.90 Safari/537.36"
192.168.10.190 - - [04/Mar/2020:09:02:05 +0000] "GET /imp/themes/default/graphics/flags/unseen.png HTTP/1.1" 304 163 "http://mail.cup.com/imp/themes/default/screen.css" "Mozilla/5.0 (X11; Linux x86_64) AppleWebKit/537.36 (KHTML, like Gecko) Ubuntu Chromium/77.0.3865.90 HeadlessChrome/77.0.3865.90 Safari/537.36"
192.168.10.190 - - [04/Mar/2020:09:02:05 +0000] "GET /imp/themes/default/graphics/flags/answered.png HTTP/1.1" 304 163 "http://mail.cup.com/imp/themes/default/screen.css" "Mozilla/5.0 (X11; Linux x86_64) AppleWebKit/537.36 (KHTML, like Gecko) Ubuntu Chromium/77.0.3865.90 HeadlessChrome/77.0.3865.90 Safari/537.36"
192.168.10.190 - - [04/Mar/2020:09:02:05 +0000] "GET /imp/themes/default/graphics/folders/sent.png HTTP/1.1" 304 164 "http://mail.cup.com/imp/themes/default/screen.css" "Mozilla/5.0 (X11; Linux x86_64) AppleWebKit/537.36 (KHTML, like Gecko) Ubuntu Chromium/77.0.3865.90 HeadlessChrome/77.0.3865.90 Safari/537.36"
192.168.10.190 - - [04/Mar/2020:09:02:07 +0000] "POST /services/ajax.php/imp/viewPort HTTP/1.1" 200 917 "http://mail.cup.com/imp/dynamic.php?page=mailbox" "Mozilla/5.0 (X11; Ubuntu; Linux x86_64; rv:73.0) Gecko/20100101 Firefox/73.0"
192.168.10.190 - - [04/Mar/2020:09:02:10 +0000] "GET /themes/default/graphics/za.png HTTP/1.1" 304 164 "http://mail.cup.com/themes/default/screen.css" "Mozilla/5.0 (X11; Linux x86_64) AppleWebKit/537.36 (KHTML, like Gecko) Ubuntu Chromium/77.0.3865.90 HeadlessChrome/77.0.3865.90 Safari/537.36"
192.168.10.190 - - [04/Mar/2020:09:02:10 +0000] "POST /services/ajax.php/imp/viewPort HTTP/1.1" 200 1333 "http://mail.cup.com/imp/dynamic.php?page=mailbox" "Mozilla/5.0 (X11; Linux x86_64) AppleWebKit/537.36 (KHTML, like Gecko) Ubuntu Chromium/77.0.3865.90 HeadlessChrome/77.0.3865.90 Safari/537.36"
192.168.10.190 - - [04/Mar/2020:09:02:11 +0000] "GET /imp/dynamic.php?page=compose&type=new&token=kUTDIdV-TAy2kGHZ4VMIxBG&uniq=1583312531919 HTTP/1.1" 200 5534 "http://mail.cup.com/imp/dynamic.php?page=mailbox" "Mozilla/5.0 (X11; Linux x86_64) AppleWebKit/537.36 (KHTML, like Gecko) Ubuntu Chromium/77.0.3865.90 HeadlessChrome/77.0.3865.90 Safari/537.36"
192.168.10.238 - - [04/Mar/2020:09:02:17 +0000] "POST /services/ajax.php/horde/imple?token=BZADggJdMDj1R5FCMcUc-1E&app=nag&imple=Nag_Ajax_Imple_TagAutoCompleter&input=tags HTTP/1.1" 200 378 "http://mail.cup.com/nag/task.php?actionID=add_task" "Mozilla/5.0 (X11; Ubuntu; Linux x86_64; rv:73.0) Gecko/20100101 Firefox/73.0"
192.168.10.190 - - [04/Mar/2020:09:02:20 +0000] "POST /services/ajax.php/imp/sendMessage HTTP/1.1" 200 475 "http://mail.cup.com/imp/dynamic.php?page=compose&type=new&token=kUTDIdV-TAy2kGHZ4VMIxBG&uniq=1583312531919" "Mozilla/5.0 (X11; Linux x86_64) AppleWebKit/537.36 (KHTML, like Gecko) Ubuntu Chromium/77.0.3865.90 HeadlessChrome/77.0.3865.90 Safari/537.36"
192.168.10.4 - - [04/Mar/2020:09:02:26 +0000] "POST /services/ajax.php/kronolith/listTopTags HTTP/1.1" 200 451 "http://mail.cup.com/kronolith/" "Mozilla/5.0 (X11; Linux x86_64) AppleWebKit/537.36 (KHTML, like Gecko) Ubuntu Chromium/77.0.3865.90 HeadlessChrome/77.0.3865.90 Safari/537.36"
192.168.10.190 - - [04/Mar/2020:09:02:41 +0000] "GET /services/portal/ HTTP/1.1" 200 10065 "http://mail.cup.com/imp/dynamic.php?page=mailbox" "Mozilla/5.0 (X11; Ubuntu; Linux x86_64; rv:73.0) Gecko/20100101 Firefox/73.0"
192.168.10.190 - - [04/Mar/2020:09:02:47 +0000] "GET /imp/dynamic.php?page=mailbox HTTP/1.1" 200 8750 "http://mail.cup.com/services/portal/" "Mozilla/5.0 (X11; Ubuntu; Linux x86_64; rv:73.0) Gecko/20100101 Firefox/73.0"
192.168.10.190 - - [04/Mar/2020:09:02:47 +0000] "POST /services/ajax.php/imp/dynamicInit HTTP/1.1" 200 1568 "http://mail.cup.com/imp/dynamic.php?page=mailbox" "Mozilla/5.0 (X11; Ubuntu; Linux x86_64; rv:73.0) Gecko/20100101 Firefox/73.0"
192.168.10.4 - - [04/Mar/2020:09:02:48 +0000] "POST /services/ajax.php/kronolith/poll HTTP/1.1" 200 387 "http://mail.cup.com/kronolith/" "Mozilla/5.0 (X11; Linux x86_64) AppleWebKit/537.36 (KHTML, like Gecko) Ubuntu Chromium/77.0.3865.90 HeadlessChrome/77.0.3865.90 Safari/537.36"
192.168.10.238 - - [04/Mar/2020:09:02:50 +0000] "POST /nag/task/save.php HTTP/1.1" 302 412 "http://mail.cup.com/nag/task.php?actionID=add_task" "Mozilla/5.0 (X11; Ubuntu; Linux x86_64; rv:73.0) Gecko/20100101 Firefox/73.0"
192.168.10.238 - - [04/Mar/2020:09:02:51 +0000] "GET /nag/list.php HTTP/1.1" 200 8586 "http://mail.cup.com/nag/task.php?actionID=add_task" "Mozilla/5.0 (X11; Ubuntu; Linux x86_64; rv:73.0) Gecko/20100101 Firefox/73.0"
192.168.10.238 - - [04/Mar/2020:09:02:51 +0000] "GET /themes/default/graphics/alerts/success.png HTTP/1.1" 304 164 "http://mail.cup.com/themes/default/screen.css" "Mozilla/5.0 (X11; Ubuntu; Linux x86_64; rv:73.0) Gecko/20100101 Firefox/73.0"
192.168.10.190 - - [04/Mar/2020:09:02:53 +0000] "POST /services/ajax.php/imp/viewPort HTTP/1.1" 200 922 "http://mail.cup.com/imp/dynamic.php?page=mailbox" "Mozilla/5.0 (X11; Ubuntu; Linux x86_64; rv:73.0) Gecko/20100101 Firefox/73.0"
192.168.10.4 - - [04/Mar/2020:09:02:54 +0000] "POST /services/ajax.php/kronolith/saveEvent HTTP/1.1" 200 649 "http://mail.cup.com/kronolith/" "Mozilla/5.0 (X11; Linux x86_64) AppleWebKit/537.36 (KHTML, like Gecko) Ubuntu Chromium/77.0.3865.90 HeadlessChrome/77.0.3865.90 Safari/537.36"
192.168.10.190 - - [04/Mar/2020:09:02:55 +0000] "GET /services/portal/ HTTP/1.1" 200 7219 "http://mail.cup.com/imp/dynamic.php?page=mailbox" "Mozilla/5.0 (X11; Linux x86_64) AppleWebKit/537.36 (KHTML, like Gecko) Ubuntu Chromium/77.0.3865.90 HeadlessChrome/77.0.3865.90 Safari/537.36"
192.168.10.190 - - [04/Mar/2020:09:02:57 +0000] "GET /imp/dynamic.php?page=mailbox HTTP/1.1" 200 8751 "http://mail.cup.com/services/portal/" "Mozilla/5.0 (X11; Linux x86_64) AppleWebKit/537.36 (KHTML, like Gecko) Ubuntu Chromium/77.0.3865.90 HeadlessChrome/77.0.3865.90 Safari/537.36"
192.168.10.190 - - [04/Mar/2020:09:02:58 +0000] "POST /services/ajax.php/imp/dynamicInit HTTP/1.1" 200 1969 "http://mail.cup.com/imp/dynamic.php?page=mailbox" "Mozilla/5.0 (X11; Linux x86_64) AppleWebKit/537.36 (KHTML, like Gecko) Ubuntu Chromium/77.0.3865.90 HeadlessChrome/77.0.3865.90 Safari/537.36"
192.168.10.190 - - [04/Mar/2020:09:03:02 +0000] "POST /services/ajax.php/imp/viewPort HTTP/1.1" 200 1353 "http://mail.cup.com/imp/dynamic.php?page=mailbox" "Mozilla/5.0 (X11; Linux x86_64) AppleWebKit/537.36 (KHTML, like Gecko) Ubuntu Chromium/77.0.3865.90 HeadlessChrome/77.0.3865.90 Safari/537.36"
192.168.10.190 - - [04/Mar/2020:09:03:03 +0000] "GET /imp/dynamic.php?page=compose&type=new&token=kUTDIdV-TAy2kGHZ4VMIxBG&uniq=1583312583973 HTTP/1.1" 200 5531 "http://mail.cup.com/imp/dynamic.php?page=mailbox" "Mozilla/5.0 (X11; Linux x86_64) AppleWebKit/537.36 (KHTML, like Gecko) Ubuntu Chromium/77.0.3865.90 HeadlessChrome/77.0.3865.90 Safari/537.36"
192.168.10.4 - - [04/Mar/2020:09:03:04 +0000] "GET /services/portal/ HTTP/1.1" 200 9128 "http://mail.cup.com/kronolith/" "Mozilla/5.0 (X11; Linux x86_64) AppleWebKit/537.36 (KHTML, like Gecko) Ubuntu Chromium/77.0.3865.90 HeadlessChrome/77.0.3865.90 Safari/537.36"
192.168.10.4 - - [04/Mar/2020:09:03:08 +0000] "GET /turba/ HTTP/1.1" 200 4343 "http://mail.cup.com/services/portal/" "Mozilla/5.0 (X11; Linux x86_64) AppleWebKit/537.36 (KHTML, like Gecko) Ubuntu Chromium/77.0.3865.90 HeadlessChrome/77.0.3865.90 Safari/537.36"
192.168.10.190 - - [04/Mar/2020:09:03:13 +0000] "POST /services/ajax.php/imp/sendMessage HTTP/1.1" 200 477 "http://mail.cup.com/imp/dynamic.php?page=compose&type=new&token=kUTDIdV-TAy2kGHZ4VMIxBG&uniq=1583312583973" "Mozilla/5.0 (X11; Linux x86_64) AppleWebKit/537.36 (KHTML, like Gecko) Ubuntu Chromium/77.0.3865.90 HeadlessChrome/77.0.3865.90 Safari/537.36"
192.168.10.4 - - [04/Mar/2020:09:03:15 +0000] "GET /turba/browse.php HTTP/1.1" 200 4015 "http://mail.cup.com/turba/" "Mozilla/5.0 (X11; Linux x86_64) AppleWebKit/537.36 (KHTML, like Gecko) Ubuntu Chromium/77.0.3865.90 HeadlessChrome/77.0.3865.90 Safari/537.36"
::1 - - [04/Mar/2020:09:03:22 +0000] "OPTIONS * HTTP/1.0" 200 110 "-" "Apache/2.4.25 (Debian) OpenSSL/1.0.2u (internal dummy connection)"
192.168.10.238 - - [04/Mar/2020:09:03:26 +0000] "GET /services/portal/ HTTP/1.1" 200 9434 "http://mail.cup.com/nag/list.php" "Mozilla/5.0 (X11; Ubuntu; Linux x86_64; rv:73.0) Gecko/20100101 Firefox/73.0"
192.168.10.238 - - [04/Mar/2020:09:03:26 +0000] "GET /imp/themes/default/block/screen.css HTTP/1.1" 200 458 "http://mail.cup.com/services/portal/" "Mozilla/5.0 (X11; Ubuntu; Linux x86_64; rv:73.0) Gecko/20100101 Firefox/73.0"
192.168.10.238 - - [04/Mar/2020:09:03:29 +0000] "GET /kronolith/ HTTP/1.1" 200 24707 "http://mail.cup.com/services/portal/" "Mozilla/5.0 (X11; Ubuntu; Linux x86_64; rv:73.0) Gecko/20100101 Firefox/73.0"
192.168.10.238 - - [04/Mar/2020:09:03:29 +0000] "GET /kronolith/themes/default/screen.css HTTP/1.1" 200 2772 "http://mail.cup.com/kronolith/" "Mozilla/5.0 (X11; Ubuntu; Linux x86_64; rv:73.0) Gecko/20100101 Firefox/73.0"
192.168.10.238 - - [04/Mar/2020:09:03:29 +0000] "GET /kronolith/themes/default/dynamic/screen.css HTTP/1.1" 200 3791 "http://mail.cup.com/kronolith/" "Mozilla/5.0 (X11; Ubuntu; Linux x86_64; rv:73.0) Gecko/20100101 Firefox/73.0"
192.168.10.238 - - [04/Mar/2020:09:03:29 +0000] "GET /js/prettyautocomplete.js?v=dc442439853f80a9467ce727c08e9b0e HTTP/1.1" 200 3381 "http://mail.cup.com/kronolith/" "Mozilla/5.0 (X11; Ubuntu; Linux x86_64; rv:73.0) Gecko/20100101 Firefox/73.0"
192.168.10.238 - - [04/Mar/2020:09:03:29 +0000] "GET /kronolith/js/dragdrop2.js?v=cdac878cfbf59a65fe9f73fb16b22d01 HTTP/1.1" 200 6711 "http://mail.cup.com/kronolith/" "Mozilla/5.0 (X11; Ubuntu; Linux x86_64; rv:73.0) Gecko/20100101 Firefox/73.0"
192.168.10.238 - - [04/Mar/2020:09:03:29 +0000] "GET /js/colorpicker.js?v=dc442439853f80a9467ce727c08e9b0e HTTP/1.1" 200 3736 "http://mail.cup.com/kronolith/" "Mozilla/5.0 (X11; Ubuntu; Linux x86_64; rv:73.0) Gecko/20100101 Firefox/73.0"
192.168.10.238 - - [04/Mar/2020:09:03:29 +0000] "GET /kronolith/js/kronolith.js?v=cdac878cfbf59a65fe9f73fb16b22d01 HTTP/1.1" 200 50928 "http://mail.cup.com/kronolith/" "Mozilla/5.0 (X11; Ubuntu; Linux x86_64; rv:73.0) Gecko/20100101 Firefox/73.0"
192.168.10.238 - - [04/Mar/2020:09:03:29 +0000] "GET /themes/default/sounds/doorbell.wav HTTP/1.1" 304 166 "http://mail.cup.com/kronolith/" "Mozilla/5.0 (X11; Ubuntu; Linux x86_64; rv:73.0) Gecko/20100101 Firefox/73.0"
192.168.10.238 - - [04/Mar/2020:09:03:29 +0000] "GET /themes/default/sounds/gnid3.wav HTTP/1.1" 304 166 "http://mail.cup.com/kronolith/" "Mozilla/5.0 (X11; Ubuntu; Linux x86_64; rv:73.0) Gecko/20100101 Firefox/73.0"
192.168.10.238 - - [04/Mar/2020:09:03:29 +0000] "GET /themes/default/sounds/jetsndb.wav HTTP/1.1" 304 165 "http://mail.cup.com/kronolith/" "Mozilla/5.0 (X11; Ubuntu; Linux x86_64; rv:73.0) Gecko/20100101 Firefox/73.0"
192.168.10.238 - - [04/Mar/2020:09:03:29 +0000] "GET /themes/default/sounds/reminder.wav HTTP/1.1" 304 165 "http://mail.cup.com/kronolith/" "Mozilla/5.0 (X11; Ubuntu; Linux x86_64; rv:73.0) Gecko/20100101 Firefox/73.0"
192.168.10.238 - - [04/Mar/2020:09:03:29 +0000] "GET /themes/default/sounds/theetone.wav HTTP/1.1" 304 165 "http://mail.cup.com/kronolith/" "Mozilla/5.0 (X11; Ubuntu; Linux x86_64; rv:73.0) Gecko/20100101 Firefox/73.0"
192.168.10.238 - - [04/Mar/2020:09:03:29 +0000] "GET /themes/default/graphics/search-topbar.png HTTP/1.1" 304 164 "http://mail.cup.com/kronolith/" "Mozilla/5.0 (X11; Ubuntu; Linux x86_64; rv:73.0) Gecko/20100101 Firefox/73.0"
192.168.10.238 - - [04/Mar/2020:09:03:29 +0000] "GET /js/form_ghost.js?v=dc442439853f80a9467ce727c08e9b0e HTTP/1.1" 200 1901 "http://mail.cup.com/kronolith/" "Mozilla/5.0 (X11; Ubuntu; Linux x86_64; rv:73.0) Gecko/20100101 Firefox/73.0"
192.168.10.238 - - [04/Mar/2020:09:03:29 +0000] "GET /themes/default/graphics/button-split.png HTTP/1.1" 304 163 "http://mail.cup.com/themes/default/screen.css" "Mozilla/5.0 (X11; Ubuntu; Linux x86_64; rv:73.0) Gecko/20100101 Firefox/73.0"
192.168.10.238 - - [04/Mar/2020:09:03:29 +0000] "GET /themes/default/graphics/buttonbar-bg.png HTTP/1.1" 304 163 "http://mail.cup.com/themes/default/screen.css" "Mozilla/5.0 (X11; Ubuntu; Linux x86_64; rv:73.0) Gecko/20100101 Firefox/73.0"
192.168.10.238 - - [04/Mar/2020:09:03:29 +0000] "GET /kronolith/themes/default/graphics/left.png HTTP/1.1" 304 165 "http://mail.cup.com/kronolith/themes/default/screen.css" "Mozilla/5.0 (X11; Ubuntu; Linux x86_64; rv:73.0) Gecko/20100101 Firefox/73.0"
192.168.10.238 - - [04/Mar/2020:09:03:29 +0000] "GET /kronolith/themes/default/graphics/dayview.png HTTP/1.1" 304 164 "http://mail.cup.com/kronolith/themes/default/screen.css" "Mozilla/5.0 (X11; Ubuntu; Linux x86_64; rv:73.0) Gecko/20100101 Firefox/73.0"
192.168.10.238 - - [04/Mar/2020:09:03:29 +0000] "GET /themes/default/graphics/button-active-bg.png HTTP/1.1" 304 163 "http://mail.cup.com/themes/default/screen.css" "Mozilla/5.0 (X11; Ubuntu; Linux x86_64; rv:73.0) Gecko/20100101 Firefox/73.0"
192.168.10.238 - - [04/Mar/2020:09:03:29 +0000] "GET /kronolith/themes/default/graphics/weekview.png HTTP/1.1" 304 165 "http://mail.cup.com/kronolith/themes/default/screen.css" "Mozilla/5.0 (X11; Ubuntu; Linux x86_64; rv:73.0) Gecko/20100101 Firefox/73.0"
192.168.10.238 - - [04/Mar/2020:09:03:29 +0000] "GET /kronolith/themes/default/graphics/right.png HTTP/1.1" 304 164 "http://mail.cup.com/kronolith/themes/default/screen.css" "Mozilla/5.0 (X11; Ubuntu; Linux x86_64; rv:73.0) Gecko/20100101 Firefox/73.0"
192.168.10.238 - - [04/Mar/2020:09:03:29 +0000] "GET /kronolith/themes/default/graphics/yearview.png HTTP/1.1" 304 164 "http://mail.cup.com/kronolith/themes/default/screen.css" "Mozilla/5.0 (X11; Ubuntu; Linux x86_64; rv:73.0) Gecko/20100101 Firefox/73.0"
192.168.10.238 - - [04/Mar/2020:09:03:29 +0000] "GET /kronolith/themes/default/graphics/new.png HTTP/1.1" 304 164 "http://mail.cup.com/kronolith/themes/default/dynamic/screen.css" "Mozilla/5.0 (X11; Ubuntu; Linux x86_64; rv:73.0) Gecko/20100101 Firefox/73.0"
192.168.10.238 - - [04/Mar/2020:09:03:29 +0000] "GET /kronolith/themes/default/graphics/tasks.png HTTP/1.1" 304 164 "http://mail.cup.com/kronolith/themes/default/screen.css" "Mozilla/5.0 (X11; Ubuntu; Linux x86_64; rv:73.0) Gecko/20100101 Firefox/73.0"
192.168.10.238 - - [04/Mar/2020:09:03:29 +0000] "GET /kronolith/themes/default/graphics/monthview.png HTTP/1.1" 304 164 "http://mail.cup.com/kronolith/themes/default/screen.css" "Mozilla/5.0 (X11; Ubuntu; Linux x86_64; rv:73.0) Gecko/20100101 Firefox/73.0"
192.168.10.238 - - [04/Mar/2020:09:03:29 +0000] "GET /kronolith/themes/default/graphics/workweekview.png HTTP/1.1" 304 164 "http://mail.cup.com/kronolith/themes/default/screen.css" "Mozilla/5.0 (X11; Ubuntu; Linux x86_64; rv:73.0) Gecko/20100101 Firefox/73.0"
192.168.10.238 - - [04/Mar/2020:09:03:29 +0000] "POST /services/ajax.php/kronolith/listCalendars HTTP/1.1" 200 970 "http://mail.cup.com/kronolith/" "Mozilla/5.0 (X11; Ubuntu; Linux x86_64; rv:73.0) Gecko/20100101 Firefox/73.0"
192.168.10.238 - - [04/Mar/2020:09:03:29 +0000] "GET /kronolith/themes/default/graphics/loading.gif HTTP/1.1" 304 164 "http://mail.cup.com/kronolith/themes/default/dynamic/screen.css" "Mozilla/5.0 (X11; Ubuntu; Linux x86_64; rv:73.0) Gecko/20100101 Firefox/73.0"
192.168.10.238 - - [04/Mar/2020:09:03:29 +0000] "POST /services/ajax.php/kronolith/listEvents HTTP/1.1" 200 547 "http://mail.cup.com/kronolith/" "Mozilla/5.0 (X11; Ubuntu; Linux x86_64; rv:73.0) Gecko/20100101 Firefox/73.0"
192.168.10.238 - - [04/Mar/2020:09:03:29 +0000] "POST /services/ajax.php/kronolith/listEvents HTTP/1.1" 200 1772 "http://mail.cup.com/kronolith/" "Mozilla/5.0 (X11; Ubuntu; Linux x86_64; rv:73.0) Gecko/20100101 Firefox/73.0"
192.168.10.190 - - [04/Mar/2020:09:03:29 +0000] "GET /services/portal/ HTTP/1.1" 200 10026 "http://mail.cup.com/imp/dynamic.php?page=mailbox" "Mozilla/5.0 (X11; Ubuntu; Linux x86_64; rv:73.0) Gecko/20100101 Firefox/73.0"
192.168.10.190 - - [04/Mar/2020:09:03:33 +0000] "GET /turba/ HTTP/1.1" 200 4347 "http://mail.cup.com/services/portal/" "Mozilla/5.0 (X11; Ubuntu; Linux x86_64; rv:73.0) Gecko/20100101 Firefox/73.0"
192.168.10.190 - - [04/Mar/2020:09:03:34 +0000] "GET /turba/themes/default/graphics/menu/browse.png HTTP/1.1" 200 736 "http://mail.cup.com/turba/themes/default/screen.css" "Mozilla/5.0 (X11; Ubuntu; Linux x86_64; rv:73.0) Gecko/20100101 Firefox/73.0"
192.168.10.190 - - [04/Mar/2020:09:03:34 +0000] "GET /turba/themes/default/graphics/search.png HTTP/1.1" 200 664 "http://mail.cup.com/turba/themes/default/screen.css" "Mozilla/5.0 (X11; Ubuntu; Linux x86_64; rv:73.0) Gecko/20100101 Firefox/73.0"
192.168.10.190 - - [04/Mar/2020:09:03:34 +0000] "GET /themes/default/graphics/radiobox_on.png HTTP/1.1" 200 856 "http://mail.cup.com/themes/default/screen.css" "Mozilla/5.0 (X11; Ubuntu; Linux x86_64; rv:73.0) Gecko/20100101 Firefox/73.0"
::1 - - [04/Mar/2020:09:03:35 +0000] "OPTIONS * HTTP/1.0" 200 110 "-" "Apache/2.4.25 (Debian) OpenSSL/1.0.2u (internal dummy connection)"
192.168.10.190 - - [04/Mar/2020:09:03:39 +0000] "GET /turba/browse.php HTTP/1.1" 200 5951 "http://mail.cup.com/turba/" "Mozilla/5.0 (X11; Ubuntu; Linux x86_64; rv:73.0) Gecko/20100101 Firefox/73.0"
::1 - - [04/Mar/2020:09:03:39 +0000] "OPTIONS * HTTP/1.0" 200 110 "-" "Apache/2.4.25 (Debian) OpenSSL/1.0.2u (internal dummy connection)"
192.168.10.190 - - [04/Mar/2020:09:03:39 +0000] "GET /turba/themes/default/graphics/search.png HTTP/1.1" 200 663 "http://mail.cup.com/turba/themes/default/screen.css" "Mozilla/5.0 (X11; Ubuntu; Linux x86_64; rv:73.0) Gecko/20100101 Firefox/73.0"
192.168.10.190 - - [04/Mar/2020:09:03:39 +0000] "GET /turba/themes/default/graphics/delete.png HTTP/1.1" 200 581 "http://mail.cup.com/turba/themes/default/screen.css" "Mozilla/5.0 (X11; Ubuntu; Linux x86_64; rv:73.0) Gecko/20100101 Firefox/73.0"
192.168.10.190 - - [04/Mar/2020:09:03:39 +0000] "GET /turba/themes/default/graphics/group.png HTTP/1.1" 200 770 "http://mail.cup.com/turba/themes/default/screen.css" "Mozilla/5.0 (X11; Ubuntu; Linux x86_64; rv:73.0) Gecko/20100101 Firefox/73.0"
192.168.10.190 - - [04/Mar/2020:09:03:39 +0000] "GET /turba/themes/default/graphics/menu/browse.png HTTP/1.1" 200 737 "http://mail.cup.com/turba/themes/default/screen.css" "Mozilla/5.0 (X11; Ubuntu; Linux x86_64; rv:73.0) Gecko/20100101 Firefox/73.0"
192.168.10.190 - - [04/Mar/2020:09:03:39 +0000] "GET /themes/default/graphics/radiobox_on.png HTTP/1.1" 200 857 "http://mail.cup.com/themes/default/screen.css" "Mozilla/5.0 (X11; Ubuntu; Linux x86_64; rv:73.0) Gecko/20100101 Firefox/73.0"
192.168.10.190 - - [04/Mar/2020:09:03:39 +0000] "GET /turba/themes/default/graphics/edit.png HTTP/1.1" 200 560 "http://mail.cup.com/turba/themes/default/screen.css" "Mozilla/5.0 (X11; Ubuntu; Linux x86_64; rv:73.0) Gecko/20100101 Firefox/73.0"
192.168.10.190 - - [04/Mar/2020:09:03:39 +0000] "GET /turba/themes/default/graphics/mime/vcard.png HTTP/1.1" 200 598 "http://mail.cup.com/turba/themes/default/screen.css" "Mozilla/5.0 (X11; Ubuntu; Linux x86_64; rv:73.0) Gecko/20100101 Firefox/73.0"
192.168.10.238 - - [04/Mar/2020:09:03:39 +0000] "POST /services/ajax.php/kronolith/listTopTags HTTP/1.1" 200 454 "http://mail.cup.com/kronolith/" "Mozilla/5.0 (X11; Ubuntu; Linux x86_64; rv:73.0) Gecko/20100101 Firefox/73.0"
192.168.10.190 - - [04/Mar/2020:09:03:42 +0000] "GET /turba/contact.php?source=-KrfOwxmgb_30de_2Xv1YAC&key=vFOg8whWJGBkNqoAlvNTfvR HTTP/1.1" 200 21049 "http://mail.cup.com/turba/browse.php" "Mozilla/5.0 (X11; Ubuntu; Linux x86_64; rv:73.0) Gecko/20100101 Firefox/73.0"
192.168.10.190 - - [04/Mar/2020:09:03:42 +0000] "GET /turba/themes/default/graphics/turba.png HTTP/1.1" 200 626 "http://mail.cup.com/turba/themes/default/screen.css" "Mozilla/5.0 (X11; Ubuntu; Linux x86_64; rv:73.0) Gecko/20100101 Firefox/73.0"
192.168.10.190 - - [04/Mar/2020:09:03:42 +0000] "GET /turba/themes/default/graphics/menu/browse.png HTTP/1.1" 200 736 "http://mail.cup.com/turba/themes/default/screen.css" "Mozilla/5.0 (X11; Ubuntu; Linux x86_64; rv:73.0) Gecko/20100101 Firefox/73.0"
192.168.10.190 - - [04/Mar/2020:09:03:42 +0000] "GET /turba/themes/default/graphics/search.png HTTP/1.1" 200 663 "http://mail.cup.com/turba/themes/default/screen.css" "Mozilla/5.0 (X11; Ubuntu; Linux x86_64; rv:73.0) Gecko/20100101 Firefox/73.0"
::1 - - [04/Mar/2020:09:03:45 +0000] "OPTIONS * HTTP/1.0" 200 110 "-" "Apache/2.4.25 (Debian) OpenSSL/1.0.2u (internal dummy connection)"
192.168.10.190 - - [04/Mar/2020:09:03:47 +0000] "GET /services/portal/ HTTP/1.1" 200 7222 "http://mail.cup.com/imp/dynamic.php?page=mailbox" "Mozilla/5.0 (X11; Linux x86_64) AppleWebKit/537.36 (KHTML, like Gecko) Ubuntu Chromium/77.0.3865.90 HeadlessChrome/77.0.3865.90 Safari/537.36"
192.168.10.190 - - [04/Mar/2020:09:03:50 +0000] "GET /turba/ HTTP/1.1" 200 4349 "http://mail.cup.com/services/portal/" "Mozilla/5.0 (X11; Linux x86_64) AppleWebKit/537.36 (KHTML, like Gecko) Ubuntu Chromium/77.0.3865.90 HeadlessChrome/77.0.3865.90 Safari/537.36"
192.168.10.190 - - [04/Mar/2020:09:03:52 +0000] "POST /turba/delete.php HTTP/1.1" 302 416 "http://mail.cup.com/turba/contact.php?source=-KrfOwxmgb_30de_2Xv1YAC&key=vFOg8whWJGBkNqoAlvNTfvR" "Mozilla/5.0 (X11; Ubuntu; Linux x86_64; rv:73.0) Gecko/20100101 Firefox/73.0"
192.168.10.190 - - [04/Mar/2020:09:03:52 +0000] "GET /turba/search.php HTTP/1.1" 200 4432 "http://mail.cup.com/turba/contact.php?source=-KrfOwxmgb_30de_2Xv1YAC&key=vFOg8whWJGBkNqoAlvNTfvR" "Mozilla/5.0 (X11; Ubuntu; Linux x86_64; rv:73.0) Gecko/20100101 Firefox/73.0"
192.168.10.190 - - [04/Mar/2020:09:03:53 +0000] "GET /turba/browse.php HTTP/1.1" 200 4019 "http://mail.cup.com/turba/" "Mozilla/5.0 (X11; Linux x86_64) AppleWebKit/537.36 (KHTML, like Gecko) Ubuntu Chromium/77.0.3865.90 HeadlessChrome/77.0.3865.90 Safari/537.36"
::1 - - [04/Mar/2020:09:04:02 +0000] "OPTIONS * HTTP/1.0" 200 110 "-" "Apache/2.4.25 (Debian) OpenSSL/1.0.2u (internal dummy connection)"
192.168.10.238 - - [04/Mar/2020:09:04:04 +0000] "POST /services/ajax.php/kronolith/saveEvent HTTP/1.1" 200 638 "http://mail.cup.com/kronolith/" "Mozilla/5.0 (X11; Ubuntu; Linux x86_64; rv:73.0) Gecko/20100101 Firefox/73.0"
192.168.10.238 - - [04/Mar/2020:09:04:11 +0000] "GET /services/portal/ HTTP/1.1" 200 9562 "http://mail.cup.com/kronolith/" "Mozilla/5.0 (X11; Ubuntu; Linux x86_64; rv:73.0) Gecko/20100101 Firefox/73.0"
192.168.10.238 - - [04/Mar/2020:09:04:16 +0000] "GET /mnemo/ HTTP/1.1" 200 7076 "http://mail.cup.com/services/portal/" "Mozilla/5.0 (X11; Ubuntu; Linux x86_64; rv:73.0) Gecko/20100101 Firefox/73.0"
192.168.10.238 - - [04/Mar/2020:09:04:17 +0000] "GET /mnemo/themes/default/screen.css HTTP/1.1" 200 1023 "http://mail.cup.com/mnemo/" "Mozilla/5.0 (X11; Ubuntu; Linux x86_64; rv:73.0) Gecko/20100101 Firefox/73.0"
192.168.10.238 - - [04/Mar/2020:09:04:17 +0000] "GET /mnemo/js/list.js?v=bef6a81df654c73d2a7fc487bc2a4694 HTTP/1.1" 200 944 "http://mail.cup.com/mnemo/" "Mozilla/5.0 (X11; Ubuntu; Linux x86_64; rv:73.0) Gecko/20100101 Firefox/73.0"
192.168.10.238 - - [04/Mar/2020:09:04:17 +0000] "GET /mnemo/themes/default/graphics/mnemo.png HTTP/1.1" 304 164 "http://mail.cup.com/mnemo/themes/default/screen.css" "Mozilla/5.0 (X11; Ubuntu; Linux x86_64; rv:73.0) Gecko/20100101 Firefox/73.0"
192.168.10.238 - - [04/Mar/2020:09:04:17 +0000] "GET /mnemo/themes/default/graphics/search.png HTTP/1.1" 304 164 "http://mail.cup.com/mnemo/themes/default/screen.css" "Mozilla/5.0 (X11; Ubuntu; Linux x86_64; rv:73.0) Gecko/20100101 Firefox/73.0"
::1 - - [04/Mar/2020:09:04:22 +0000] "OPTIONS * HTTP/1.0" 200 110 "-" "Apache/2.4.25 (Debian) OpenSSL/1.0.2u (internal dummy connection)"
192.168.10.190 - - [04/Mar/2020:09:04:25 +0000] "GET /services/portal/ HTTP/1.1" 200 10024 "http://mail.cup.com/turba/search.php" "Mozilla/5.0 (X11; Ubuntu; Linux x86_64; rv:73.0) Gecko/20100101 Firefox/73.0"
192.168.10.4 - - [04/Mar/2020:09:04:26 +0000] "GET /services/portal/ HTTP/1.1" 200 9133 "http://mail.cup.com/turba/browse.php" "Mozilla/5.0 (X11; Linux x86_64) AppleWebKit/537.36 (KHTML, like Gecko) Ubuntu Chromium/77.0.3865.90 HeadlessChrome/77.0.3865.90 Safari/537.36"
192.168.10.190 - - [04/Mar/2020:09:04:30 +0000] "GET /kronolith/ HTTP/1.1" 200 24702 "http://mail.cup.com/services/portal/" "Mozilla/5.0 (X11; Ubuntu; Linux x86_64; rv:73.0) Gecko/20100101 Firefox/73.0"
192.168.10.190 - - [04/Mar/2020:09:04:30 +0000] "POST /services/ajax.php/kronolith/listCalendars HTTP/1.1" 200 970 "http://mail.cup.com/kronolith/" "Mozilla/5.0 (X11; Ubuntu; Linux x86_64; rv:73.0) Gecko/20100101 Firefox/73.0"
192.168.10.190 - - [04/Mar/2020:09:04:30 +0000] "POST /services/ajax.php/kronolith/listEvents HTTP/1.1" 200 1666 "http://mail.cup.com/kronolith/" "Mozilla/5.0 (X11; Ubuntu; Linux x86_64; rv:73.0) Gecko/20100101 Firefox/73.0"
192.168.10.190 - - [04/Mar/2020:09:04:30 +0000] "POST /services/ajax.php/kronolith/listEvents HTTP/1.1" 200 549 "http://mail.cup.com/kronolith/" "Mozilla/5.0 (X11; Ubuntu; Linux x86_64; rv:73.0) Gecko/20100101 Firefox/73.0"
192.168.10.4 - - [04/Mar/2020:09:04:32 +0000] "GET /imp/dynamic.php?page=mailbox HTTP/1.1" 200 8748 "http://mail.cup.com/services/portal/" "Mozilla/5.0 (X11; Linux x86_64) AppleWebKit/537.36 (KHTML, like Gecko) Ubuntu Chromium/77.0.3865.90 HeadlessChrome/77.0.3865.90 Safari/537.36"
192.168.10.4 - - [04/Mar/2020:09:04:32 +0000] "POST /services/ajax.php/imp/dynamicInit HTTP/1.1" 200 3205 "http://mail.cup.com/imp/dynamic.php?page=mailbox" "Mozilla/5.0 (X11; Linux x86_64) AppleWebKit/537.36 (KHTML, like Gecko) Ubuntu Chromium/77.0.3865.90 HeadlessChrome/77.0.3865.90 Safari/537.36"
192.168.10.190 - - [04/Mar/2020:09:04:40 +0000] "POST /services/ajax.php/kronolith/listTopTags HTTP/1.1" 200 458 "http://mail.cup.com/kronolith/" "Mozilla/5.0 (X11; Ubuntu; Linux x86_64; rv:73.0) Gecko/20100101 Firefox/73.0"
192.168.10.4 - - [04/Mar/2020:09:04:41 +0000] "POST /services/ajax.php/imp/viewPort HTTP/1.1" 200 2174 "http://mail.cup.com/imp/dynamic.php?page=mailbox" "Mozilla/5.0 (X11; Linux x86_64) AppleWebKit/537.36 (KHTML, like Gecko) Ubuntu Chromium/77.0.3865.90 HeadlessChrome/77.0.3865.90 Safari/537.36"
::1 - - [04/Mar/2020:09:04:46 +0000] "OPTIONS * HTTP/1.0" 200 110 "-" "Apache/2.4.25 (Debian) OpenSSL/1.0.2u (internal dummy connection)"
192.168.10.4 - - [04/Mar/2020:09:04:47 +0000] "POST /services/ajax.php/imp/showMessage HTTP/1.1" 200 3386 "http://mail.cup.com/imp/dynamic.php?page=mailbox" "Mozilla/5.0 (X11; Linux x86_64) AppleWebKit/537.36 (KHTML, like Gecko) Ubuntu Chromium/77.0.3865.90 HeadlessChrome/77.0.3865.90 Safari/537.36"
192.168.10.4 - - [04/Mar/2020:09:04:53 +0000] "POST /services/ajax.php/imp/deleteMessages HTTP/1.1" 200 558 "http://mail.cup.com/imp/dynamic.php?page=mailbox" "Mozilla/5.0 (X11; Linux x86_64) AppleWebKit/537.36 (KHTML, like Gecko) Ubuntu Chromium/77.0.3865.90 HeadlessChrome/77.0.3865.90 Safari/537.36"
192.168.10.238 - - [04/Mar/2020:09:04:54 +0000] "GET /mnemo/memo.php?actionID=add_memo HTTP/1.1" 200 5977 "http://mail.cup.com/mnemo/" "Mozilla/5.0 (X11; Ubuntu; Linux x86_64; rv:73.0) Gecko/20100101 Firefox/73.0"
192.168.10.238 - - [04/Mar/2020:09:04:54 +0000] "GET /mnemo/js/memo.js?v=bef6a81df654c73d2a7fc487bc2a4694 HTTP/1.1" 200 914 "http://mail.cup.com/mnemo/memo.php?actionID=add_memo" "Mozilla/5.0 (X11; Ubuntu; Linux x86_64; rv:73.0) Gecko/20100101 Firefox/73.0"
192.168.10.238 - - [04/Mar/2020:09:04:54 +0000] "GET /themes/default/graphics/button-default.png HTTP/1.1" 200 353 "http://mail.cup.com/themes/default/screen.css" "Mozilla/5.0 (X11; Ubuntu; Linux x86_64; rv:73.0) Gecko/20100101 Firefox/73.0"
192.168.10.190 - - [04/Mar/2020:09:04:58 +0000] "GET /services/portal/ HTTP/1.1" 200 7225 "http://mail.cup.com/turba/browse.php" "Mozilla/5.0 (X11; Linux x86_64) AppleWebKit/537.36 (KHTML, like Gecko) Ubuntu Chromium/77.0.3865.90 HeadlessChrome/77.0.3865.90 Safari/537.36"
192.168.10.190 - - [04/Mar/2020:09:05:01 +0000] "GET /nag/ HTTP/1.1" 200 8252 "http://mail.cup.com/services/portal/" "Mozilla/5.0 (X11; Linux x86_64) AppleWebKit/537.36 (KHTML, like Gecko) Ubuntu Chromium/77.0.3865.90 HeadlessChrome/77.0.3865.90 Safari/537.36"
192.168.10.190 - - [04/Mar/2020:09:05:07 +0000] "POST /services/ajax.php/kronolith/saveEvent HTTP/1.1" 200 644 "http://mail.cup.com/kronolith/" "Mozilla/5.0 (X11; Ubuntu; Linux x86_64; rv:73.0) Gecko/20100101 Firefox/73.0"
192.168.10.238 - - [04/Mar/2020:09:05:07 +0000] "POST /services/ajax.php/horde/imple?token=BZADggJdMDj1R5FCMcUc-1E&app=mnemo&imple=Mnemo_Ajax_Imple_TagAutoCompleter&input=memo_tags HTTP/1.1" 200 371 "http://mail.cup.com/mnemo/memo.php?actionID=add_memo" "Mozilla/5.0 (X11; Ubuntu; Linux x86_64; rv:73.0) Gecko/20100101 Firefox/73.0"
192.168.10.238 - - [04/Mar/2020:09:05:13 +0000] "POST /mnemo/memo.php HTTP/1.1" 302 414 "http://mail.cup.com/mnemo/memo.php?actionID=add_memo" "Mozilla/5.0 (X11; Ubuntu; Linux x86_64; rv:73.0) Gecko/20100101 Firefox/73.0"
192.168.10.238 - - [04/Mar/2020:09:05:13 +0000] "GET /mnemo/list.php HTTP/1.1" 200 7334 "http://mail.cup.com/mnemo/memo.php?actionID=add_memo" "Mozilla/5.0 (X11; Ubuntu; Linux x86_64; rv:73.0) Gecko/20100101 Firefox/73.0"
192.168.10.238 - - [04/Mar/2020:09:05:13 +0000] "GET /themes/default/graphics/alerts/success.png HTTP/1.1" 200 737 "http://mail.cup.com/themes/default/screen.css" "Mozilla/5.0 (X11; Ubuntu; Linux x86_64; rv:73.0) Gecko/20100101 Firefox/73.0"
::1 - - [04/Mar/2020:09:05:13 +0000] "OPTIONS * HTTP/1.0" 200 110 "-" "Apache/2.4.25 (Debian) OpenSSL/1.0.2u (internal dummy connection)"
::1 - - [04/Mar/2020:09:05:15 +0000] "OPTIONS * HTTP/1.0" 200 110 "-" "Apache/2.4.25 (Debian) OpenSSL/1.0.2u (internal dummy connection)"
192.168.10.190 - - [04/Mar/2020:09:05:18 +0000] "GET /services/portal/ HTTP/1.1" 200 10027 "http://mail.cup.com/kronolith/" "Mozilla/5.0 (X11; Ubuntu; Linux x86_64; rv:73.0) Gecko/20100101 Firefox/73.0"
192.168.10.190 - - [04/Mar/2020:09:05:24 +0000] "GET /nag/ HTTP/1.1" 200 8112 "http://mail.cup.com/services/portal/" "Mozilla/5.0 (X11; Ubuntu; Linux x86_64; rv:73.0) Gecko/20100101 Firefox/73.0"
192.168.10.4 - - [04/Mar/2020:09:05:27 +0000] "GET /services/portal/ HTTP/1.1" 200 9127 "http://mail.cup.com/imp/dynamic.php?page=mailbox" "Mozilla/5.0 (X11; Linux x86_64) AppleWebKit/537.36 (KHTML, like Gecko) Ubuntu Chromium/77.0.3865.90 HeadlessChrome/77.0.3865.90 Safari/537.36"
192.168.10.4 - - [04/Mar/2020:09:05:31 +0000] "GET /nag/ HTTP/1.1" 200 8453 "http://mail.cup.com/services/portal/" "Mozilla/5.0 (X11; Linux x86_64) AppleWebKit/537.36 (KHTML, like Gecko) Ubuntu Chromium/77.0.3865.90 HeadlessChrome/77.0.3865.90 Safari/537.36"
192.168.10.190 - - [04/Mar/2020:09:05:34 +0000] "GET /nag/task.php?tasklist=RVa6U5vw-D6tjxVV6QmEHcb&task=iImEl4qNl26QNHNuq8w-E4r&actionID=modify_task&have_search&tab_name=1&url=%2Fnag%2F HTTP/1.1" 200 9093 "http://mail.cup.com/nag/" "Mozilla/5.0 (X11; Linux x86_64) AppleWebKit/537.36 (KHTML, like Gecko) Ubuntu Chromium/77.0.3865.90 HeadlessChrome/77.0.3865.90 Safari/537.36"
192.168.10.190 - - [04/Mar/2020:09:05:37 +0000] "POST /nag/task/save.php HTTP/1.1" 302 411 "http://mail.cup.com/nag/task.php?tasklist=RVa6U5vw-D6tjxVV6QmEHcb&task=iImEl4qNl26QNHNuq8w-E4r&actionID=modify_task&have_search&tab_name=1&url=%2Fnag%2F" "Mozilla/5.0 (X11; Linux x86_64) AppleWebKit/537.36 (KHTML, like Gecko) Ubuntu Chromium/77.0.3865.90 HeadlessChrome/77.0.3865.90 Safari/537.36"
192.168.10.190 - - [04/Mar/2020:09:05:37 +0000] "GET /nag/list.php HTTP/1.1" 200 8211 "http://mail.cup.com/nag/task.php?tasklist=RVa6U5vw-D6tjxVV6QmEHcb&task=iImEl4qNl26QNHNuq8w-E4r&actionID=modify_task&have_search&tab_name=1&url=%2Fnag%2F" "Mozilla/5.0 (X11; Linux x86_64) AppleWebKit/537.36 (KHTML, like Gecko) Ubuntu Chromium/77.0.3865.90 HeadlessChrome/77.0.3865.90 Safari/537.36"
192.168.10.238 - - [04/Mar/2020:09:05:46 +0000] "GET /services/portal/ HTTP/1.1" 200 9631 "http://mail.cup.com/mnemo/list.php" "Mozilla/5.0 (X11; Ubuntu; Linux x86_64; rv:73.0) Gecko/20100101 Firefox/73.0"
192.168.10.238 - - [04/Mar/2020:09:05:52 +0000] "GET /nag/ HTTP/1.1" 200 8488 "http://mail.cup.com/services/portal/" "Mozilla/5.0 (X11; Ubuntu; Linux x86_64; rv:73.0) Gecko/20100101 Firefox/73.0"
192.168.10.238 - - [04/Mar/2020:09:05:52 +0000] "GET /nag/themes/default/screen.css HTTP/1.1" 200 1132 "http://mail.cup.com/nag/" "Mozilla/5.0 (X11; Ubuntu; Linux x86_64; rv:73.0) Gecko/20100101 Firefox/73.0"
192.168.10.190 - - [04/Mar/2020:09:06:02 +0000] "GET /nag/task.php?actionID=add_task HTTP/1.1" 200 8930 "http://mail.cup.com/nag/" "Mozilla/5.0 (X11; Ubuntu; Linux x86_64; rv:73.0) Gecko/20100101 Firefox/73.0"
192.168.10.190 - - [04/Mar/2020:09:06:10 +0000] "GET /services/portal/ HTTP/1.1" 200 6667 "http://mail.cup.com/nag/list.php" "Mozilla/5.0 (X11; Linux x86_64) AppleWebKit/537.36 (KHTML, like Gecko) Ubuntu Chromium/77.0.3865.90 HeadlessChrome/77.0.3865.90 Safari/537.36"
192.168.10.190 - - [04/Mar/2020:09:06:12 +0000] "POST /services/ajax.php/horde/imple?token=GFaDsuLhVNUJ0ppWj5tNfrZ&app=nag&imple=Nag_Ajax_Imple_TagAutoCompleter&input=tags HTTP/1.1" 200 371 "http://mail.cup.com/nag/task.php?actionID=add_task" "Mozilla/5.0 (X11; Ubuntu; Linux x86_64; rv:73.0) Gecko/20100101 Firefox/73.0"
192.168.10.4 - - [04/Mar/2020:09:06:12 +0000] "GET /nag/task.php?tasklist=LPlvKR8NXFlouWS-n_s4gZa&task=pzvrQem6C1UrOPoI11kYCmF&actionID=modify_task&have_search&tab_name=1&url=%2Fnag%2F HTTP/1.1" 200 9162 "http://mail.cup.com/nag/" "Mozilla/5.0 (X11; Linux x86_64) AppleWebKit/537.36 (KHTML, like Gecko) Ubuntu Chromium/77.0.3865.90 HeadlessChrome/77.0.3865.90 Safari/537.36"
192.168.10.190 - - [04/Mar/2020:09:06:13 +0000] "GET /kronolith/ HTTP/1.1" 200 24708 "http://mail.cup.com/services/portal/" "Mozilla/5.0 (X11; Linux x86_64) AppleWebKit/537.36 (KHTML, like Gecko) Ubuntu Chromium/77.0.3865.90 HeadlessChrome/77.0.3865.90 Safari/537.36"
192.168.10.190 - - [04/Mar/2020:09:06:13 +0000] "POST /services/ajax.php/kronolith/listCalendars HTTP/1.1" 200 967 "http://mail.cup.com/kronolith/" "Mozilla/5.0 (X11; Linux x86_64) AppleWebKit/537.36 (KHTML, like Gecko) Ubuntu Chromium/77.0.3865.90 HeadlessChrome/77.0.3865.90 Safari/537.36"
192.168.10.190 - - [04/Mar/2020:09:06:13 +0000] "POST /services/ajax.php/kronolith/listEvents HTTP/1.1" 200 549 "http://mail.cup.com/kronolith/" "Mozilla/5.0 (X11; Linux x86_64) AppleWebKit/537.36 (KHTML, like Gecko) Ubuntu Chromium/77.0.3865.90 HeadlessChrome/77.0.3865.90 Safari/537.36"
192.168.10.190 - - [04/Mar/2020:09:06:13 +0000] "POST /services/ajax.php/kronolith/listEvents HTTP/1.1" 200 1290 "http://mail.cup.com/kronolith/" "Mozilla/5.0 (X11; Linux x86_64) AppleWebKit/537.36 (KHTML, like Gecko) Ubuntu Chromium/77.0.3865.90 HeadlessChrome/77.0.3865.90 Safari/537.36"
192.168.10.4 - - [04/Mar/2020:09:06:15 +0000] "POST /nag/task/save.php HTTP/1.1" 302 411 "http://mail.cup.com/nag/task.php?tasklist=LPlvKR8NXFlouWS-n_s4gZa&task=pzvrQem6C1UrOPoI11kYCmF&actionID=modify_task&have_search&tab_name=1&url=%2Fnag%2F" "Mozilla/5.0 (X11; Linux x86_64) AppleWebKit/537.36 (KHTML, like Gecko) Ubuntu Chromium/77.0.3865.90 HeadlessChrome/77.0.3865.90 Safari/537.36"
192.168.10.4 - - [04/Mar/2020:09:06:16 +0000] "GET /nag/list.php HTTP/1.1" 200 8458 "http://mail.cup.com/nag/task.php?tasklist=LPlvKR8NXFlouWS-n_s4gZa&task=pzvrQem6C1UrOPoI11kYCmF&actionID=modify_task&have_search&tab_name=1&url=%2Fnag%2F" "Mozilla/5.0 (X11; Linux x86_64) AppleWebKit/537.36 (KHTML, like Gecko) Ubuntu Chromium/77.0.3865.90 HeadlessChrome/77.0.3865.90 Safari/537.36"
192.168.10.238 - - [04/Mar/2020:09:06:34 +0000] "GET /nag/task.php?tasklist=l1089rmnpjD-BTleJyT7h0u&task=v4_d4yOWAOG5W_-VNRzZEhe&actionID=modify_task&have_search&tab_name=1&url=%2Fnag%2F HTTP/1.1" 200 9159 "http://mail.cup.com/nag/" "Mozilla/5.0 (X11; Ubuntu; Linux x86_64; rv:73.0) Gecko/20100101 Firefox/73.0"
192.168.10.238 - - [04/Mar/2020:09:06:34 +0000] "GET /themes/default/screen.css HTTP/1.1" 200 9567 "http://mail.cup.com/nag/task.php?tasklist=l1089rmnpjD-BTleJyT7h0u&task=v4_d4yOWAOG5W_-VNRzZEhe&actionID=modify_task&have_search&tab_name=1&url=%2Fnag%2F" "Mozilla/5.0 (X11; Ubuntu; Linux x86_64; rv:73.0) Gecko/20100101 Firefox/73.0"
192.168.10.238 - - [04/Mar/2020:09:06:34 +0000] "GET /themes/default/graphics/button-delete.png HTTP/1.1" 200 385 "http://mail.cup.com/themes/default/screen.css" "Mozilla/5.0 (X11; Ubuntu; Linux x86_64; rv:73.0) Gecko/20100101 Firefox/73.0"
192.168.10.190 - - [04/Mar/2020:09:06:37 +0000] "POST /nag/task/save.php HTTP/1.1" 302 412 "http://mail.cup.com/nag/task.php?actionID=add_task" "Mozilla/5.0 (X11; Ubuntu; Linux x86_64; rv:73.0) Gecko/20100101 Firefox/73.0"
192.168.10.190 - - [04/Mar/2020:09:06:37 +0000] "GET /nag/list.php HTTP/1.1" 200 8325 "http://mail.cup.com/nag/task.php?actionID=add_task" "Mozilla/5.0 (X11; Ubuntu; Linux x86_64; rv:73.0) Gecko/20100101 Firefox/73.0"
192.168.10.238 - - [04/Mar/2020:09:06:38 +0000] "POST /nag/task/save.php HTTP/1.1" 302 411 "http://mail.cup.com/nag/task.php?tasklist=l1089rmnpjD-BTleJyT7h0u&task=v4_d4yOWAOG5W_-VNRzZEhe&actionID=modify_task&have_search&tab_name=1&url=%2Fnag%2F" "Mozilla/5.0 (X11; Ubuntu; Linux x86_64; rv:73.0) Gecko/20100101 Firefox/73.0"
192.168.10.238 - - [04/Mar/2020:09:06:39 +0000] "GET /nag/list.php HTTP/1.1" 200 8484 "http://mail.cup.com/nag/task.php?tasklist=l1089rmnpjD-BTleJyT7h0u&task=v4_d4yOWAOG5W_-VNRzZEhe&actionID=modify_task&have_search&tab_name=1&url=%2Fnag%2F" "Mozilla/5.0 (X11; Ubuntu; Linux x86_64; rv:73.0) Gecko/20100101 Firefox/73.0"
192.168.10.190 - - [04/Mar/2020:09:06:48 +0000] "POST /services/ajax.php/kronolith/getEvent HTTP/1.1" 200 681 "http://mail.cup.com/kronolith/" "Mozilla/5.0 (X11; Linux x86_64) AppleWebKit/537.36 (KHTML, like Gecko) Ubuntu Chromium/77.0.3865.90 HeadlessChrome/77.0.3865.90 Safari/537.36"
192.168.10.190 - - [04/Mar/2020:09:06:48 +0000] "POST /services/ajax.php/kronolith/listTopTags HTTP/1.1" 200 427 "http://mail.cup.com/kronolith/" "Mozilla/5.0 (X11; Linux x86_64) AppleWebKit/537.36 (KHTML, like Gecko) Ubuntu Chromium/77.0.3865.90 HeadlessChrome/77.0.3865.90 Safari/537.36"
192.168.10.4 - - [04/Mar/2020:09:06:50 +0000] "GET /services/portal/ HTTP/1.1" 200 9060 "http://mail.cup.com/nag/list.php" "Mozilla/5.0 (X11; Linux x86_64) AppleWebKit/537.36 (KHTML, like Gecko) Ubuntu Chromium/77.0.3865.90 HeadlessChrome/77.0.3865.90 Safari/537.36"
192.168.10.190 - - [04/Mar/2020:09:06:53 +0000] "POST /services/ajax.php/kronolith/deleteEvent HTTP/1.1" 200 532 "http://mail.cup.com/kronolith/" "Mozilla/5.0 (X11; Linux x86_64) AppleWebKit/537.36 (KHTML, like Gecko) Ubuntu Chromium/77.0.3865.90 HeadlessChrome/77.0.3865.90 Safari/537.36"
192.168.10.4 - - [04/Mar/2020:09:06:56 +0000] "GET /imp/dynamic.php?page=mailbox HTTP/1.1" 200 8749 "http://mail.cup.com/services/portal/" "Mozilla/5.0 (X11; Linux x86_64) AppleWebKit/537.36 (KHTML, like Gecko) Ubuntu Chromium/77.0.3865.90 HeadlessChrome/77.0.3865.90 Safari/537.36"
192.168.10.4 - - [04/Mar/2020:09:06:57 +0000] "POST /services/ajax.php/imp/dynamicInit HTTP/1.1" 200 3219 "http://mail.cup.com/imp/dynamic.php?page=mailbox" "Mozilla/5.0 (X11; Linux x86_64) AppleWebKit/537.36 (KHTML, like Gecko) Ubuntu Chromium/77.0.3865.90 HeadlessChrome/77.0.3865.90 Safari/537.36"
192.168.10.190 - - [04/Mar/2020:09:06:57 +0000] "GET /services/portal/ HTTP/1.1" 200 6668 "http://mail.cup.com/kronolith/" "Mozilla/5.0 (X11; Linux x86_64) AppleWebKit/537.36 (KHTML, like Gecko) Ubuntu Chromium/77.0.3865.90 HeadlessChrome/77.0.3865.90 Safari/537.36"
192.168.10.190 - - [04/Mar/2020:09:07:02 +0000] "GET /services/prefs.php?app=horde HTTP/1.1" 200 3654 "http://mail.cup.com/services/portal/" "Mozilla/5.0 (X11; Linux x86_64) AppleWebKit/537.36 (KHTML, like Gecko) Ubuntu Chromium/77.0.3865.90 HeadlessChrome/77.0.3865.90 Safari/537.36"
192.168.10.190 - - [04/Mar/2020:09:07:04 +0000] "GET /services/prefs.php?app=horde&group=identities HTTP/1.1" 200 4578 "http://mail.cup.com/services/prefs.php?app=horde" "Mozilla/5.0 (X11; Linux x86_64) AppleWebKit/537.36 (KHTML, like Gecko) Ubuntu Chromium/77.0.3865.90 HeadlessChrome/77.0.3865.90 Safari/537.36"
192.168.10.4 - - [04/Mar/2020:09:07:06 +0000] "POST /services/ajax.php/imp/viewPort HTTP/1.1" 200 2538 "http://mail.cup.com/imp/dynamic.php?page=mailbox" "Mozilla/5.0 (X11; Linux x86_64) AppleWebKit/537.36 (KHTML, like Gecko) Ubuntu Chromium/77.0.3865.90 HeadlessChrome/77.0.3865.90 Safari/537.36"
192.168.10.190 - - [04/Mar/2020:09:07:07 +0000] "POST /services/prefs.php HTTP/1.1" 200 4606 "http://mail.cup.com/services/prefs.php?app=horde&group=identities" "Mozilla/5.0 (X11; Linux x86_64) AppleWebKit/537.36 (KHTML, like Gecko) Ubuntu Chromium/77.0.3865.90 HeadlessChrome/77.0.3865.90 Safari/537.36"
192.168.10.4 - - [04/Mar/2020:09:07:11 +0000] "POST /services/ajax.php/imp/showMessage HTTP/1.1" 200 2582 "http://mail.cup.com/imp/dynamic.php?page=mailbox" "Mozilla/5.0 (X11; Linux x86_64) AppleWebKit/537.36 (KHTML, like Gecko) Ubuntu Chromium/77.0.3865.90 HeadlessChrome/77.0.3865.90 Safari/537.36"
192.168.10.190 - - [04/Mar/2020:09:07:12 +0000] "GET /services/prefs.php?app=horde HTTP/1.1" 200 3659 "http://mail.cup.com/services/prefs.php" "Mozilla/5.0 (X11; Linux x86_64) AppleWebKit/537.36 (KHTML, like Gecko) Ubuntu Chromium/77.0.3865.90 HeadlessChrome/77.0.3865.90 Safari/537.36"
192.168.10.190 - - [04/Mar/2020:09:07:13 +0000] "GET /services/portal/ HTTP/1.1" 200 10099 "http://mail.cup.com/nag/list.php" "Mozilla/5.0 (X11; Ubuntu; Linux x86_64; rv:73.0) Gecko/20100101 Firefox/73.0"
192.168.10.238 - - [04/Mar/2020:09:07:13 +0000] "GET /services/portal/ HTTP/1.1" 200 9545 "http://mail.cup.com/nag/list.php" "Mozilla/5.0 (X11; Ubuntu; Linux x86_64; rv:73.0) Gecko/20100101 Firefox/73.0"
192.168.10.190 - - [04/Mar/2020:09:07:15 +0000] "GET /services/prefs.php?app=imp HTTP/1.1" 200 4027 "http://mail.cup.com/services/prefs.php?app=horde" "Mozilla/5.0 (X11; Linux x86_64) AppleWebKit/537.36 (KHTML, like Gecko) Ubuntu Chromium/77.0.3865.90 HeadlessChrome/77.0.3865.90 Safari/537.36"
192.168.10.4 - - [04/Mar/2020:09:07:16 +0000] "POST /services/ajax.php/imp/deleteMessages HTTP/1.1" 200 557 "http://mail.cup.com/imp/dynamic.php?page=mailbox" "Mozilla/5.0 (X11; Linux x86_64) AppleWebKit/537.36 (KHTML, like Gecko) Ubuntu Chromium/77.0.3865.90 HeadlessChrome/77.0.3865.90 Safari/537.36"
192.168.10.190 - - [04/Mar/2020:09:07:17 +0000] "GET /services/prefs.php?app=imp&group=delmove HTTP/1.1" 200 5541 "http://mail.cup.com/services/prefs.php?app=imp" "Mozilla/5.0 (X11; Linux x86_64) AppleWebKit/537.36 (KHTML, like Gecko) Ubuntu Chromium/77.0.3865.90 HeadlessChrome/77.0.3865.90 Safari/537.36"
192.168.10.238 - - [04/Mar/2020:09:07:18 +0000] "GET /nag/ HTTP/1.1" 200 8378 "http://mail.cup.com/services/portal/" "Mozilla/5.0 (X11; Ubuntu; Linux x86_64; rv:73.0) Gecko/20100101 Firefox/73.0"
192.168.10.190 - - [04/Mar/2020:09:07:19 +0000] "GET /turba/ HTTP/1.1" 200 4347 "http://mail.cup.com/services/portal/" "Mozilla/5.0 (X11; Ubuntu; Linux x86_64; rv:73.0) Gecko/20100101 Firefox/73.0"
192.168.10.190 - - [04/Mar/2020:09:07:24 +0000] "POST /services/prefs.php HTTP/1.1" 200 5641 "http://mail.cup.com/services/prefs.php?app=imp&group=delmove" "Mozilla/5.0 (X11; Linux x86_64) AppleWebKit/537.36 (KHTML, like Gecko) Ubuntu Chromium/77.0.3865.90 HeadlessChrome/77.0.3865.90 Safari/537.36"
192.168.10.190 - - [04/Mar/2020:09:07:24 +0000] "GET /turba/browse.php HTTP/1.1" 200 5887 "http://mail.cup.com/turba/" "Mozilla/5.0 (X11; Ubuntu; Linux x86_64; rv:73.0) Gecko/20100101 Firefox/73.0"
192.168.10.190 - - [04/Mar/2020:09:07:27 +0000] "GET /turba/contact.php?source=-KrfOwxmgb_30de_2Xv1YAC&key=vf8RE24x7XLP7GdfKajHI3I HTTP/1.1" 200 21059 "http://mail.cup.com/turba/browse.php" "Mozilla/5.0 (X11; Ubuntu; Linux x86_64; rv:73.0) Gecko/20100101 Firefox/73.0"
192.168.10.190 - - [04/Mar/2020:09:07:28 +0000] "POST /services/prefs.php HTTP/1.1" 200 5638 "http://mail.cup.com/services/prefs.php" "Mozilla/5.0 (X11; Linux x86_64) AppleWebKit/537.36 (KHTML, like Gecko) Ubuntu Chromium/77.0.3865.90 HeadlessChrome/77.0.3865.90 Safari/537.36"
192.168.10.190 - - [04/Mar/2020:09:07:39 +0000] "POST /turba/delete.php HTTP/1.1" 302 416 "http://mail.cup.com/turba/contact.php?source=-KrfOwxmgb_30de_2Xv1YAC&key=vf8RE24x7XLP7GdfKajHI3I" "Mozilla/5.0 (X11; Ubuntu; Linux x86_64; rv:73.0) Gecko/20100101 Firefox/73.0"
192.168.10.190 - - [04/Mar/2020:09:07:39 +0000] "GET /turba/search.php HTTP/1.1" 200 4432 "http://mail.cup.com/turba/contact.php?source=-KrfOwxmgb_30de_2Xv1YAC&key=vf8RE24x7XLP7GdfKajHI3I" "Mozilla/5.0 (X11; Ubuntu; Linux x86_64; rv:73.0) Gecko/20100101 Firefox/73.0"
192.168.10.4 - - [04/Mar/2020:09:07:52 +0000] "GET /services/portal/ HTTP/1.1" 200 9065 "http://mail.cup.com/imp/dynamic.php?page=mailbox" "Mozilla/5.0 (X11; Linux x86_64) AppleWebKit/537.36 (KHTML, like Gecko) Ubuntu Chromium/77.0.3865.90 HeadlessChrome/77.0.3865.90 Safari/537.36"
192.168.10.4 - - [04/Mar/2020:09:07:58 +0000] "GET /mnemo/ HTTP/1.1" 200 6723 "http://mail.cup.com/services/portal/" "Mozilla/5.0 (X11; Linux x86_64) AppleWebKit/537.36 (KHTML, like Gecko) Ubuntu Chromium/77.0.3865.90 HeadlessChrome/77.0.3865.90 Safari/537.36"
192.168.10.190 - - [04/Mar/2020:09:08:00 +0000] "GET /services/portal/ HTTP/1.1" 200 6677 "http://mail.cup.com/services/prefs.php" "Mozilla/5.0 (X11; Linux x86_64) AppleWebKit/537.36 (KHTML, like Gecko) Ubuntu Chromium/77.0.3865.90 HeadlessChrome/77.0.3865.90 Safari/537.36"
192.168.10.238 - - [04/Mar/2020:09:08:02 +0000] "GET /nag/task.php?tasklist=l1089rmnpjD-BTleJyT7h0u&task=vaveDDLaKNRO0DcGG4zk3aF&actionID=modify_task&have_search&tab_name=1&url=%2Fnag%2F HTTP/1.1" 200 9135 "http://mail.cup.com/nag/" "Mozilla/5.0 (X11; Ubuntu; Linux x86_64; rv:73.0) Gecko/20100101 Firefox/73.0"
192.168.10.238 - - [04/Mar/2020:09:08:02 +0000] "GET /themes/default/graphics/button-delete.png HTTP/1.1" 304 163 "http://mail.cup.com/themes/default/screen.css" "Mozilla/5.0 (X11; Ubuntu; Linux x86_64; rv:73.0) Gecko/20100101 Firefox/73.0"
192.168.10.190 - - [04/Mar/2020:09:08:06 +0000] "GET /services/prefs.php?app=horde HTTP/1.1" 200 3658 "http://mail.cup.com/services/portal/" "Mozilla/5.0 (X11; Linux x86_64) AppleWebKit/537.36 (KHTML, like Gecko) Ubuntu Chromium/77.0.3865.90 HeadlessChrome/77.0.3865.90 Safari/537.36"
192.168.10.238 - - [04/Mar/2020:09:08:07 +0000] "POST /nag/task/save.php HTTP/1.1" 302 412 "http://mail.cup.com/nag/task.php?tasklist=l1089rmnpjD-BTleJyT7h0u&task=vaveDDLaKNRO0DcGG4zk3aF&actionID=modify_task&have_search&tab_name=1&url=%2Fnag%2F" "Mozilla/5.0 (X11; Ubuntu; Linux x86_64; rv:73.0) Gecko/20100101 Firefox/73.0"
192.168.10.190 - - [04/Mar/2020:09:08:08 +0000] "GET /services/prefs.php?app=horde&group=identities HTTP/1.1" 200 4576 "http://mail.cup.com/services/prefs.php?app=horde" "Mozilla/5.0 (X11; Linux x86_64) AppleWebKit/537.36 (KHTML, like Gecko) Ubuntu Chromium/77.0.3865.90 HeadlessChrome/77.0.3865.90 Safari/537.36"
192.168.10.238 - - [04/Mar/2020:09:08:08 +0000] "GET /nag/list.php HTTP/1.1" 200 8373 "http://mail.cup.com/nag/task.php?tasklist=l1089rmnpjD-BTleJyT7h0u&task=vaveDDLaKNRO0DcGG4zk3aF&actionID=modify_task&have_search&tab_name=1&url=%2Fnag%2F" "Mozilla/5.0 (X11; Ubuntu; Linux x86_64; rv:73.0) Gecko/20100101 Firefox/73.0"
192.168.10.190 - - [04/Mar/2020:09:08:10 +0000] "POST /services/prefs.php HTTP/1.1" 200 4607 "http://mail.cup.com/services/prefs.php?app=horde&group=identities" "Mozilla/5.0 (X11; Linux x86_64) AppleWebKit/537.36 (KHTML, like Gecko) Ubuntu Chromium/77.0.3865.90 HeadlessChrome/77.0.3865.90 Safari/537.36"
192.168.10.190 - - [04/Mar/2020:09:08:12 +0000] "GET /services/portal/ HTTP/1.1" 200 10098 "http://mail.cup.com/turba/search.php" "Mozilla/5.0 (X11; Ubuntu; Linux x86_64; rv:73.0) Gecko/20100101 Firefox/73.0"
192.168.10.190 - - [04/Mar/2020:09:08:15 +0000] "GET /services/prefs.php?app=horde HTTP/1.1" 200 3655 "http://mail.cup.com/services/prefs.php" "Mozilla/5.0 (X11; Linux x86_64) AppleWebKit/537.36 (KHTML, like Gecko) Ubuntu Chromium/77.0.3865.90 HeadlessChrome/77.0.3865.90 Safari/537.36"
192.168.10.190 - - [04/Mar/2020:09:08:18 +0000] "GET /mnemo/ HTTP/1.1" 200 7861 "http://mail.cup.com/services/portal/" "Mozilla/5.0 (X11; Ubuntu; Linux x86_64; rv:73.0) Gecko/20100101 Firefox/73.0"
192.168.10.190 - - [04/Mar/2020:09:08:18 +0000] "GET /services/prefs.php?app=imp HTTP/1.1" 200 4025 "http://mail.cup.com/services/prefs.php?app=horde" "Mozilla/5.0 (X11; Linux x86_64) AppleWebKit/537.36 (KHTML, like Gecko) Ubuntu Chromium/77.0.3865.90 HeadlessChrome/77.0.3865.90 Safari/537.36"
192.168.10.190 - - [04/Mar/2020:09:08:21 +0000] "GET /services/prefs.php?app=imp&group=delmove HTTP/1.1" 200 5541 "http://mail.cup.com/services/prefs.php?app=imp" "Mozilla/5.0 (X11; Linux x86_64) AppleWebKit/537.36 (KHTML, like Gecko) Ubuntu Chromium/77.0.3865.90 HeadlessChrome/77.0.3865.90 Safari/537.36"
192.168.10.190 - - [04/Mar/2020:09:08:27 +0000] "POST /services/prefs.php HTTP/1.1" 200 5638 "http://mail.cup.com/services/prefs.php?app=imp&group=delmove" "Mozilla/5.0 (X11; Linux x86_64) AppleWebKit/537.36 (KHTML, like Gecko) Ubuntu Chromium/77.0.3865.90 HeadlessChrome/77.0.3865.90 Safari/537.36"
