192.168.10.190 - - [29/Feb/2020:12:59:38 +0000] "GET /imp/themes/default/graphics/newwin.png HTTP/1.1" 200 585 "http://mail.cup.com/imp/themes/default/dynamic/screen.css" "Mozilla/5.0 (X11; Ubuntu; Linux x86_64; rv:73.0) Gecko/20100101 Firefox/73.0"
192.168.10.190 - - [29/Feb/2020:12:59:41 +0000] "GET /nag/task.php?actionID=add_task HTTP/1.1" 200 8957 "http://mail.cup.com/nag/" "Mozilla/5.0 (X11; Linux x86_64) AppleWebKit/537.36 (KHTML, like Gecko) Ubuntu Chromium/77.0.3865.90 HeadlessChrome/77.0.3865.90 Safari/537.36"
192.168.10.190 - - [29/Feb/2020:12:59:42 +0000] "GET /services/portal/ HTTP/1.1" 200 7419 "http://mail.cup.com/kronolith/" "Mozilla/5.0 (X11; Linux x86_64) AppleWebKit/537.36 (KHTML, like Gecko) Ubuntu Chromium/77.0.3865.90 HeadlessChrome/77.0.3865.90 Safari/537.36"
192.168.10.190 - - [29/Feb/2020:12:59:43 +0000] "GET /imp/dynamic.php?page=message&buid=17&mailbox=SU5CT1g&token=5sNGy4C11w8Rxstk9A8lTXu&uniq=1582981182692 HTTP/1.1" 200 8757 "http://mail.cup.com/imp/dynamic.php?page=mailbox" "Mozilla/5.0 (X11; Ubuntu; Linux x86_64; rv:73.0) Gecko/20100101 Firefox/73.0"
192.168.10.190 - - [29/Feb/2020:12:59:43 +0000] "GET /imp/themes/default/graphics/close.png HTTP/1.1" 200 757 "http://mail.cup.com/imp/themes/default/screen.css" "Mozilla/5.0 (X11; Ubuntu; Linux x86_64; rv:73.0) Gecko/20100101 Firefox/73.0"
192.168.10.238 - - [29/Feb/2020:12:59:44 +0000] "POST /services/ajax.php/horde/imple?token=3fKAhACtw6RapYPyrPy1oN5&app=nag&imple=Nag_Ajax_Imple_TagAutoCompleter&input=tags HTTP/1.1" 200 377 "http://mail.cup.com/nag/task.php?actionID=add_task" "Mozilla/5.0 (X11; Ubuntu; Linux x86_64; rv:73.0) Gecko/20100101 Firefox/73.0"
192.168.10.190 - - [29/Feb/2020:12:59:45 +0000] "GET /kronolith/ HTTP/1.1" 200 24708 "http://mail.cup.com/services/portal/" "Mozilla/5.0 (X11; Linux x86_64) AppleWebKit/537.36 (KHTML, like Gecko) Ubuntu Chromium/77.0.3865.90 HeadlessChrome/77.0.3865.90 Safari/537.36"
192.168.10.190 - - [29/Feb/2020:12:59:45 +0000] "POST /services/ajax.php/kronolith/listCalendars HTTP/1.1" 200 964 "http://mail.cup.com/kronolith/" "Mozilla/5.0 (X11; Linux x86_64) AppleWebKit/537.36 (KHTML, like Gecko) Ubuntu Chromium/77.0.3865.90 HeadlessChrome/77.0.3865.90 Safari/537.36"
192.168.10.190 - - [29/Feb/2020:12:59:45 +0000] "POST /services/ajax.php/kronolith/listEvents HTTP/1.1" 200 1673 "http://mail.cup.com/kronolith/" "Mozilla/5.0 (X11; Linux x86_64) AppleWebKit/537.36 (KHTML, like Gecko) Ubuntu Chromium/77.0.3865.90 HeadlessChrome/77.0.3865.90 Safari/537.36"
192.168.10.190 - - [29/Feb/2020:12:59:45 +0000] "POST /services/ajax.php/kronolith/listEvents HTTP/1.1" 200 549 "http://mail.cup.com/kronolith/" "Mozilla/5.0 (X11; Linux x86_64) AppleWebKit/537.36 (KHTML, like Gecko) Ubuntu Chromium/77.0.3865.90 HeadlessChrome/77.0.3865.90 Safari/537.36"
192.168.10.190 - - [29/Feb/2020:12:59:47 +0000] "POST /services/ajax.php/imp/getReplyData HTTP/1.1" 200 1983 "http://mail.cup.com/imp/dynamic.php?page=message&buid=17&mailbox=SU5CT1g&token=5sNGy4C11w8Rxstk9A8lTXu&uniq=1582981182692" "Mozilla/5.0 (X11; Ubuntu; Linux x86_64; rv:73.0) Gecko/20100101 Firefox/73.0"
192.168.10.190 - - [29/Feb/2020:12:59:52 +0000] "POST /services/ajax.php/horde/imple?token=k_dP8PHqf_UsI3DYlMZj4_1&app=nag&imple=Nag_Ajax_Imple_TagAutoCompleter&input=tags HTTP/1.1" 200 371 "http://mail.cup.com/nag/task.php?actionID=add_task" "Mozilla/5.0 (X11; Linux x86_64) AppleWebKit/537.36 (KHTML, like Gecko) Ubuntu Chromium/77.0.3865.90 HeadlessChrome/77.0.3865.90 Safari/537.36"
192.168.10.200 - - [29/Feb/2020:12:59:54 +0000] "POST /services/ajax.php/kronolith/listTopTags HTTP/1.1" 200 393 "http://mail.cup.com/kronolith/" "Mozilla/5.0 (X11; Linux x86_64) AppleWebKit/537.36 (KHTML, like Gecko) Ubuntu Chromium/77.0.3865.90 HeadlessChrome/77.0.3865.90 Safari/537.36"
192.168.10.190 - - [29/Feb/2020:12:59:56 +0000] "GET /nag/task.php?tasklist=EJYTwUW1bvTW_IlYqx2Qf6_&task=RmAJahw4Imbg67bx4nLxmda&actionID=modify_task&have_search&tab_name=1&url=%2Fnag%2F HTTP/1.1" 200 9368 "http://mail.cup.com/nag/" "Mozilla/5.0 (X11; Ubuntu; Linux x86_64; rv:73.0) Gecko/20100101 Firefox/73.0"
192.168.10.190 - - [29/Feb/2020:13:00:00 +0000] "POST /nag/task/save.php HTTP/1.1" 302 411 "http://mail.cup.com/nag/task.php?tasklist=EJYTwUW1bvTW_IlYqx2Qf6_&task=RmAJahw4Imbg67bx4nLxmda&actionID=modify_task&have_search&tab_name=1&url=%2Fnag%2F" "Mozilla/5.0 (X11; Ubuntu; Linux x86_64; rv:73.0) Gecko/20100101 Firefox/73.0"
192.168.10.190 - - [29/Feb/2020:13:00:00 +0000] "GET /nag/list.php HTTP/1.1" 200 9132 "http://mail.cup.com/nag/task.php?tasklist=EJYTwUW1bvTW_IlYqx2Qf6_&task=RmAJahw4Imbg67bx4nLxmda&actionID=modify_task&have_search&tab_name=1&url=%2Fnag%2F" "Mozilla/5.0 (X11; Ubuntu; Linux x86_64; rv:73.0) Gecko/20100101 Firefox/73.0"
192.168.10.238 - - [29/Feb/2020:13:00:07 +0000] "POST /nag/task/save.php HTTP/1.1" 302 412 "http://mail.cup.com/nag/task.php?actionID=add_task" "Mozilla/5.0 (X11; Ubuntu; Linux x86_64; rv:73.0) Gecko/20100101 Firefox/73.0"
192.168.10.238 - - [29/Feb/2020:13:00:07 +0000] "GET /nag/list.php HTTP/1.1" 200 8774 "http://mail.cup.com/nag/task.php?actionID=add_task" "Mozilla/5.0 (X11; Ubuntu; Linux x86_64; rv:73.0) Gecko/20100101 Firefox/73.0"
192.168.10.190 - - [29/Feb/2020:13:00:09 +0000] "GET /services/portal/ HTTP/1.1" 200 6987 "http://mail.cup.com/nag/list.php" "Mozilla/5.0 (X11; Ubuntu; Linux x86_64; rv:73.0) Gecko/20100101 Firefox/73.0"
192.168.10.200 - - [29/Feb/2020:13:00:17 +0000] "POST /services/ajax.php/kronolith/poll HTTP/1.1" 200 387 "http://mail.cup.com/kronolith/" "Mozilla/5.0 (X11; Linux x86_64) AppleWebKit/537.36 (KHTML, like Gecko) Ubuntu Chromium/77.0.3865.90 HeadlessChrome/77.0.3865.90 Safari/537.36"
192.168.10.190 - - [29/Feb/2020:13:00:19 +0000] "POST /nag/task/save.php HTTP/1.1" 302 412 "http://mail.cup.com/nag/task.php?actionID=add_task" "Mozilla/5.0 (X11; Linux x86_64) AppleWebKit/537.36 (KHTML, like Gecko) Ubuntu Chromium/77.0.3865.90 HeadlessChrome/77.0.3865.90 Safari/537.36"
192.168.10.190 - - [29/Feb/2020:13:00:19 +0000] "GET /nag/list.php HTTP/1.1" 200 8473 "http://mail.cup.com/nag/task.php?actionID=add_task" "Mozilla/5.0 (X11; Linux x86_64) AppleWebKit/537.36 (KHTML, like Gecko) Ubuntu Chromium/77.0.3865.90 HeadlessChrome/77.0.3865.90 Safari/537.36"
192.168.10.190 - - [29/Feb/2020:13:00:20 +0000] "POST /services/ajax.php/kronolith/getEvent HTTP/1.1" 200 676 "http://mail.cup.com/kronolith/" "Mozilla/5.0 (X11; Linux x86_64) AppleWebKit/537.36 (KHTML, like Gecko) Ubuntu Chromium/77.0.3865.90 HeadlessChrome/77.0.3865.90 Safari/537.36"
192.168.10.190 - - [29/Feb/2020:13:00:20 +0000] "POST /services/ajax.php/kronolith/listTopTags HTTP/1.1" 200 447 "http://mail.cup.com/kronolith/" "Mozilla/5.0 (X11; Linux x86_64) AppleWebKit/537.36 (KHTML, like Gecko) Ubuntu Chromium/77.0.3865.90 HeadlessChrome/77.0.3865.90 Safari/537.36"
192.168.10.190 - - [29/Feb/2020:13:00:20 +0000] "GET /services/prefs.php?app=horde HTTP/1.1" 200 3652 "http://mail.cup.com/services/portal/" "Mozilla/5.0 (X11; Ubuntu; Linux x86_64; rv:73.0) Gecko/20100101 Firefox/73.0"
192.168.10.200 - - [29/Feb/2020:13:00:22 +0000] "POST /services/ajax.php/kronolith/saveEvent HTTP/1.1" 200 640 "http://mail.cup.com/kronolith/" "Mozilla/5.0 (X11; Linux x86_64) AppleWebKit/537.36 (KHTML, like Gecko) Ubuntu Chromium/77.0.3865.90 HeadlessChrome/77.0.3865.90 Safari/537.36"
192.168.10.190 - - [29/Feb/2020:13:00:25 +0000] "POST /services/ajax.php/kronolith/deleteEvent HTTP/1.1" 200 534 "http://mail.cup.com/kronolith/" "Mozilla/5.0 (X11; Linux x86_64) AppleWebKit/537.36 (KHTML, like Gecko) Ubuntu Chromium/77.0.3865.90 HeadlessChrome/77.0.3865.90 Safari/537.36"
192.168.10.190 - - [29/Feb/2020:13:00:26 +0000] "GET /services/prefs.php?app=horde&group=identities HTTP/1.1" 200 4578 "http://mail.cup.com/services/prefs.php?app=horde" "Mozilla/5.0 (X11; Ubuntu; Linux x86_64; rv:73.0) Gecko/20100101 Firefox/73.0"
192.168.10.190 - - [29/Feb/2020:13:00:29 +0000] "GET /services/portal/ HTTP/1.1" 200 7412 "http://mail.cup.com/kronolith/" "Mozilla/5.0 (X11; Linux x86_64) AppleWebKit/537.36 (KHTML, like Gecko) Ubuntu Chromium/77.0.3865.90 HeadlessChrome/77.0.3865.90 Safari/537.36"
192.168.10.200 - - [29/Feb/2020:13:00:30 +0000] "GET /services/portal/ HTTP/1.1" 200 5102 "http://mail.cup.com/kronolith/" "Mozilla/5.0 (X11; Linux x86_64) AppleWebKit/537.36 (KHTML, like Gecko) Ubuntu Chromium/77.0.3865.90 HeadlessChrome/77.0.3865.90 Safari/537.36"
192.168.10.190 - - [29/Feb/2020:13:00:30 +0000] "POST /services/prefs.php HTTP/1.1" 200 4608 "http://mail.cup.com/services/prefs.php?app=horde&group=identities" "Mozilla/5.0 (X11; Ubuntu; Linux x86_64; rv:73.0) Gecko/20100101 Firefox/73.0"
192.168.10.190 - - [29/Feb/2020:13:00:31 +0000] "GET /nag/ HTTP/1.1" 200 8268 "http://mail.cup.com/services/portal/" "Mozilla/5.0 (X11; Linux x86_64) AppleWebKit/537.36 (KHTML, like Gecko) Ubuntu Chromium/77.0.3865.90 HeadlessChrome/77.0.3865.90 Safari/537.36"
192.168.10.190 - - [29/Feb/2020:13:00:33 +0000] "GET /services/portal/ HTTP/1.1" 200 7641 "http://mail.cup.com/nag/list.php" "Mozilla/5.0 (X11; Ubuntu; Linux x86_64; rv:73.0) Gecko/20100101 Firefox/73.0"
192.168.10.190 - - [29/Feb/2020:13:00:35 +0000] "GET /kronolith/ HTTP/1.1" 200 24700 "http://mail.cup.com/services/portal/" "Mozilla/5.0 (X11; Ubuntu; Linux x86_64; rv:73.0) Gecko/20100101 Firefox/73.0"
192.168.10.190 - - [29/Feb/2020:13:00:36 +0000] "POST /services/ajax.php/kronolith/listCalendars HTTP/1.1" 200 963 "http://mail.cup.com/kronolith/" "Mozilla/5.0 (X11; Ubuntu; Linux x86_64; rv:73.0) Gecko/20100101 Firefox/73.0"
192.168.10.190 - - [29/Feb/2020:13:00:36 +0000] "POST /services/ajax.php/kronolith/listEvents HTTP/1.1" 200 1482 "http://mail.cup.com/kronolith/" "Mozilla/5.0 (X11; Ubuntu; Linux x86_64; rv:73.0) Gecko/20100101 Firefox/73.0"
192.168.10.190 - - [29/Feb/2020:13:00:36 +0000] "POST /services/ajax.php/kronolith/listEvents HTTP/1.1" 200 549 "http://mail.cup.com/kronolith/" "Mozilla/5.0 (X11; Ubuntu; Linux x86_64; rv:73.0) Gecko/20100101 Firefox/73.0"
192.168.10.190 - - [29/Feb/2020:13:00:40 +0000] "GET /services/prefs.php?app=horde HTTP/1.1" 200 3653 "http://mail.cup.com/services/prefs.php" "Mozilla/5.0 (X11; Ubuntu; Linux x86_64; rv:73.0) Gecko/20100101 Firefox/73.0"
192.168.10.200 - - [29/Feb/2020:13:00:40 +0000] "GET /admin/phpshell.php HTTP/1.1" 200 4556 "http://mail.cup.com/services/portal/" "Mozilla/5.0 (X11; Linux x86_64) AppleWebKit/537.36 (KHTML, like Gecko) Ubuntu Chromium/77.0.3865.90 HeadlessChrome/77.0.3865.90 Safari/537.36"
192.168.10.238 - - [29/Feb/2020:13:00:41 +0000] "GET /services/portal/ HTTP/1.1" 200 7810 "http://mail.cup.com/nag/list.php" "Mozilla/5.0 (X11; Ubuntu; Linux x86_64; rv:73.0) Gecko/20100101 Firefox/73.0"
192.168.10.190 - - [29/Feb/2020:13:00:42 +0000] "POST /services/ajax.php/kronolith/listTopTags HTTP/1.1" 200 462 "http://mail.cup.com/kronolith/" "Mozilla/5.0 (X11; Ubuntu; Linux x86_64; rv:73.0) Gecko/20100101 Firefox/73.0"
192.168.10.190 - - [29/Feb/2020:13:00:43 +0000] "GET /services/prefs.php?app=imp HTTP/1.1" 200 4024 "http://mail.cup.com/services/prefs.php?app=horde" "Mozilla/5.0 (X11; Ubuntu; Linux x86_64; rv:73.0) Gecko/20100101 Firefox/73.0"
192.168.10.238 - - [29/Feb/2020:13:00:45 +0000] "GET /kronolith/ HTTP/1.1" 200 24700 "http://mail.cup.com/services/portal/" "Mozilla/5.0 (X11; Ubuntu; Linux x86_64; rv:73.0) Gecko/20100101 Firefox/73.0"
192.168.10.238 - - [29/Feb/2020:13:00:45 +0000] "POST /services/ajax.php/kronolith/listCalendars HTTP/1.1" 200 970 "http://mail.cup.com/kronolith/" "Mozilla/5.0 (X11; Ubuntu; Linux x86_64; rv:73.0) Gecko/20100101 Firefox/73.0"
192.168.10.238 - - [29/Feb/2020:13:00:45 +0000] "POST /services/ajax.php/kronolith/listEvents HTTP/1.1" 200 1029 "http://mail.cup.com/kronolith/" "Mozilla/5.0 (X11; Ubuntu; Linux x86_64; rv:73.0) Gecko/20100101 Firefox/73.0"
192.168.10.238 - - [29/Feb/2020:13:00:45 +0000] "POST /services/ajax.php/kronolith/listEvents HTTP/1.1" 200 549 "http://mail.cup.com/kronolith/" "Mozilla/5.0 (X11; Ubuntu; Linux x86_64; rv:73.0) Gecko/20100101 Firefox/73.0"
192.168.10.190 - - [29/Feb/2020:13:00:47 +0000] "GET /services/prefs.php?app=imp&group=delmove HTTP/1.1" 200 5537 "http://mail.cup.com/services/prefs.php?app=imp" "Mozilla/5.0 (X11; Ubuntu; Linux x86_64; rv:73.0) Gecko/20100101 Firefox/73.0"
192.168.10.200 - - [29/Feb/2020:13:00:49 +0000] "POST /admin/phpshell.php HTTP/1.1" 200 4719 "http://mail.cup.com/admin/phpshell.php" "Mozilla/5.0 (X11; Linux x86_64) AppleWebKit/537.36 (KHTML, like Gecko) Ubuntu Chromium/77.0.3865.90 HeadlessChrome/77.0.3865.90 Safari/537.36"
192.168.10.238 - - [29/Feb/2020:13:00:52 +0000] "POST /services/ajax.php/kronolith/listTopTags HTTP/1.1" 200 438 "http://mail.cup.com/kronolith/" "Mozilla/5.0 (X11; Ubuntu; Linux x86_64; rv:73.0) Gecko/20100101 Firefox/73.0"
192.168.10.190 - - [29/Feb/2020:13:00:53 +0000] "GET /services/portal/ HTTP/1.1" 200 7072 "http://mail.cup.com/nag/list.php" "Mozilla/5.0 (X11; Linux x86_64) AppleWebKit/537.36 (KHTML, like Gecko) Ubuntu Chromium/77.0.3865.90 HeadlessChrome/77.0.3865.90 Safari/537.36"
192.168.10.190 - - [29/Feb/2020:13:00:56 +0000] "GET /login.php?horde_logout_token=k_dP8PHqf_UsI3DYlMZj4_1&logout_reason=4 HTTP/1.1" 200 3837 "http://mail.cup.com/services/portal/" "Mozilla/5.0 (X11; Linux x86_64) AppleWebKit/537.36 (KHTML, like Gecko) Ubuntu Chromium/77.0.3865.90 HeadlessChrome/77.0.3865.90 Safari/537.36"
192.168.10.190 - - [29/Feb/2020:13:00:57 +0000] "POST /services/ajax.php/kronolith/saveEvent HTTP/1.1" 200 646 "http://mail.cup.com/kronolith/" "Mozilla/5.0 (X11; Ubuntu; Linux x86_64; rv:73.0) Gecko/20100101 Firefox/73.0"
192.168.10.190 - - [29/Feb/2020:13:01:00 +0000] "POST /services/prefs.php HTTP/1.1" 200 5635 "http://mail.cup.com/services/prefs.php?app=imp&group=delmove" "Mozilla/5.0 (X11; Ubuntu; Linux x86_64; rv:73.0) Gecko/20100101 Firefox/73.0"
192.168.10.190 - - [29/Feb/2020:13:01:03 +0000] "GET /services/portal/ HTTP/1.1" 200 7648 "http://mail.cup.com/kronolith/" "Mozilla/5.0 (X11; Ubuntu; Linux x86_64; rv:73.0) Gecko/20100101 Firefox/73.0"
192.168.10.190 - - [29/Feb/2020:13:01:06 +0000] "GET /nag/task.php?tasklist=RVa6U5vw-D6tjxVV6QmEHcb&task=RUXzqeE6T4eX7af3y-iDFfp&actionID=modify_task&have_search&tab_name=1&url=%2Fnag%2F HTTP/1.1" 200 9105 "http://mail.cup.com/nag/" "Mozilla/5.0 (X11; Linux x86_64) AppleWebKit/537.36 (KHTML, like Gecko) Ubuntu Chromium/77.0.3865.90 HeadlessChrome/77.0.3865.90 Safari/537.36"
192.168.10.4 - - [29/Feb/2020:13:01:07 +0000] "GET /login.php HTTP/1.1" 200 2532 "-" "Mozilla/5.0 (X11; Linux x86_64) AppleWebKit/537.36 (KHTML, like Gecko) Ubuntu Chromium/77.0.3865.90 HeadlessChrome/77.0.3865.90 Safari/537.36"
192.168.10.190 - - [29/Feb/2020:13:01:08 +0000] "POST /services/prefs.php HTTP/1.1" 200 5638 "http://mail.cup.com/services/prefs.php" "Mozilla/5.0 (X11; Ubuntu; Linux x86_64; rv:73.0) Gecko/20100101 Firefox/73.0"
192.168.10.190 - - [29/Feb/2020:13:01:08 +0000] "POST /nag/task/save.php HTTP/1.1" 302 411 "http://mail.cup.com/nag/task.php?tasklist=RVa6U5vw-D6tjxVV6QmEHcb&task=RUXzqeE6T4eX7af3y-iDFfp&actionID=modify_task&have_search&tab_name=1&url=%2Fnag%2F" "Mozilla/5.0 (X11; Linux x86_64) AppleWebKit/537.36 (KHTML, like Gecko) Ubuntu Chromium/77.0.3865.90 HeadlessChrome/77.0.3865.90 Safari/537.36"
192.168.10.190 - - [29/Feb/2020:13:01:09 +0000] "GET /nag/list.php HTTP/1.1" 200 8212 "http://mail.cup.com/nag/task.php?tasklist=RVa6U5vw-D6tjxVV6QmEHcb&task=RUXzqeE6T4eX7af3y-iDFfp&actionID=modify_task&have_search&tab_name=1&url=%2Fnag%2F" "Mozilla/5.0 (X11; Linux x86_64) AppleWebKit/537.36 (KHTML, like Gecko) Ubuntu Chromium/77.0.3865.90 HeadlessChrome/77.0.3865.90 Safari/537.36"
192.168.10.238 - - [29/Feb/2020:13:01:14 +0000] "POST /services/ajax.php/kronolith/saveEvent HTTP/1.1" 200 647 "http://mail.cup.com/kronolith/" "Mozilla/5.0 (X11; Ubuntu; Linux x86_64; rv:73.0) Gecko/20100101 Firefox/73.0"
192.168.10.4 - - [29/Feb/2020:13:01:15 +0000] "POST /login.php HTTP/1.1" 302 601 "http://mail.cup.com/login.php" "Mozilla/5.0 (X11; Linux x86_64) AppleWebKit/537.36 (KHTML, like Gecko) Ubuntu Chromium/77.0.3865.90 HeadlessChrome/77.0.3865.90 Safari/537.36"
192.168.10.4 - - [29/Feb/2020:13:01:15 +0000] "GET /services/portal/ HTTP/1.1" 200 8124 "http://mail.cup.com/login.php" "Mozilla/5.0 (X11; Linux x86_64) AppleWebKit/537.36 (KHTML, like Gecko) Ubuntu Chromium/77.0.3865.90 HeadlessChrome/77.0.3865.90 Safari/537.36"
192.168.10.4 - - [29/Feb/2020:13:01:19 +0000] "GET /mnemo/ HTTP/1.1" 200 6554 "http://mail.cup.com/services/portal/" "Mozilla/5.0 (X11; Linux x86_64) AppleWebKit/537.36 (KHTML, like Gecko) Ubuntu Chromium/77.0.3865.90 HeadlessChrome/77.0.3865.90 Safari/537.36"
192.168.10.238 - - [29/Feb/2020:13:01:22 +0000] "GET /services/portal/ HTTP/1.1" 200 7813 "http://mail.cup.com/kronolith/" "Mozilla/5.0 (X11; Ubuntu; Linux x86_64; rv:73.0) Gecko/20100101 Firefox/73.0"
192.168.10.200 - - [29/Feb/2020:13:01:25 +0000] "GET /services/portal/ HTTP/1.1" 200 5104 "http://mail.cup.com/admin/phpshell.php" "Mozilla/5.0 (X11; Linux x86_64) AppleWebKit/537.36 (KHTML, like Gecko) Ubuntu Chromium/77.0.3865.90 HeadlessChrome/77.0.3865.90 Safari/537.36"
192.168.10.238 - - [29/Feb/2020:13:01:26 +0000] "GET /nag/ HTTP/1.1" 200 8672 "http://mail.cup.com/services/portal/" "Mozilla/5.0 (X11; Ubuntu; Linux x86_64; rv:73.0) Gecko/20100101 Firefox/73.0"
192.168.10.200 - - [29/Feb/2020:13:01:34 +0000] "GET /services/prefs.php?app=horde HTTP/1.1" 200 3789 "http://mail.cup.com/services/portal/" "Mozilla/5.0 (X11; Linux x86_64) AppleWebKit/537.36 (KHTML, like Gecko) Ubuntu Chromium/77.0.3865.90 HeadlessChrome/77.0.3865.90 Safari/537.36"
192.168.10.190 - - [29/Feb/2020:13:01:35 +0000] "GET /services/portal/ HTTP/1.1" 200 7643 "http://mail.cup.com/services/portal/" "Mozilla/5.0 (X11; Ubuntu; Linux x86_64; rv:73.0) Gecko/20100101 Firefox/73.0"
192.168.10.190 - - [29/Feb/2020:13:01:38 +0000] "GET /kronolith/ HTTP/1.1" 200 24703 "http://mail.cup.com/services/portal/" "Mozilla/5.0 (X11; Ubuntu; Linux x86_64; rv:73.0) Gecko/20100101 Firefox/73.0"
192.168.10.200 - - [29/Feb/2020:13:01:39 +0000] "GET /services/prefs.php?app=horde&group=identities HTTP/1.1" 200 4720 "http://mail.cup.com/services/prefs.php?app=horde" "Mozilla/5.0 (X11; Linux x86_64) AppleWebKit/537.36 (KHTML, like Gecko) Ubuntu Chromium/77.0.3865.90 HeadlessChrome/77.0.3865.90 Safari/537.36"
192.168.10.190 - - [29/Feb/2020:13:01:39 +0000] "POST /services/ajax.php/kronolith/listCalendars HTTP/1.1" 200 963 "http://mail.cup.com/kronolith/" "Mozilla/5.0 (X11; Ubuntu; Linux x86_64; rv:73.0) Gecko/20100101 Firefox/73.0"
192.168.10.190 - - [29/Feb/2020:13:01:39 +0000] "POST /services/ajax.php/kronolith/listEvents HTTP/1.1" 200 549 "http://mail.cup.com/kronolith/" "Mozilla/5.0 (X11; Ubuntu; Linux x86_64; rv:73.0) Gecko/20100101 Firefox/73.0"
192.168.10.190 - - [29/Feb/2020:13:01:39 +0000] "POST /services/ajax.php/kronolith/listEvents HTTP/1.1" 200 1575 "http://mail.cup.com/kronolith/" "Mozilla/5.0 (X11; Ubuntu; Linux x86_64; rv:73.0) Gecko/20100101 Firefox/73.0"
192.168.10.190 - - [29/Feb/2020:13:01:42 +0000] "GET /services/portal/ HTTP/1.1" 200 6856 "http://mail.cup.com/nag/list.php" "Mozilla/5.0 (X11; Linux x86_64) AppleWebKit/537.36 (KHTML, like Gecko) Ubuntu Chromium/77.0.3865.90 HeadlessChrome/77.0.3865.90 Safari/537.36"
192.168.10.190 - - [29/Feb/2020:13:01:44 +0000] "GET /services/portal/ HTTP/1.1" 200 6986 "http://mail.cup.com/services/prefs.php" "Mozilla/5.0 (X11; Ubuntu; Linux x86_64; rv:73.0) Gecko/20100101 Firefox/73.0"
192.168.10.190 - - [29/Feb/2020:13:01:44 +0000] "POST /services/ajax.php/kronolith/listTopTags HTTP/1.1" 200 461 "http://mail.cup.com/kronolith/" "Mozilla/5.0 (X11; Ubuntu; Linux x86_64; rv:73.0) Gecko/20100101 Firefox/73.0"
192.168.10.200 - - [29/Feb/2020:13:01:44 +0000] "POST /services/prefs.php HTTP/1.1" 200 4750 "http://mail.cup.com/services/prefs.php?app=horde&group=identities" "Mozilla/5.0 (X11; Linux x86_64) AppleWebKit/537.36 (KHTML, like Gecko) Ubuntu Chromium/77.0.3865.90 HeadlessChrome/77.0.3865.90 Safari/537.36"
192.168.10.190 - - [29/Feb/2020:13:01:45 +0000] "GET /kronolith/ HTTP/1.1" 200 24709 "http://mail.cup.com/services/portal/" "Mozilla/5.0 (X11; Linux x86_64) AppleWebKit/537.36 (KHTML, like Gecko) Ubuntu Chromium/77.0.3865.90 HeadlessChrome/77.0.3865.90 Safari/537.36"
192.168.10.190 - - [29/Feb/2020:13:01:45 +0000] "POST /services/ajax.php/kronolith/listCalendars HTTP/1.1" 200 964 "http://mail.cup.com/kronolith/" "Mozilla/5.0 (X11; Linux x86_64) AppleWebKit/537.36 (KHTML, like Gecko) Ubuntu Chromium/77.0.3865.90 HeadlessChrome/77.0.3865.90 Safari/537.36"
192.168.10.190 - - [29/Feb/2020:13:01:46 +0000] "POST /services/ajax.php/kronolith/listEvents HTTP/1.1" 200 549 "http://mail.cup.com/kronolith/" "Mozilla/5.0 (X11; Linux x86_64) AppleWebKit/537.36 (KHTML, like Gecko) Ubuntu Chromium/77.0.3865.90 HeadlessChrome/77.0.3865.90 Safari/537.36"
192.168.10.190 - - [29/Feb/2020:13:01:46 +0000] "POST /services/ajax.php/kronolith/listEvents HTTP/1.1" 200 1594 "http://mail.cup.com/kronolith/" "Mozilla/5.0 (X11; Linux x86_64) AppleWebKit/537.36 (KHTML, like Gecko) Ubuntu Chromium/77.0.3865.90 HeadlessChrome/77.0.3865.90 Safari/537.36"
192.168.10.190 - - [29/Feb/2020:13:01:47 +0000] "GET /nag/ HTTP/1.1" 200 8251 "http://mail.cup.com/services/portal/" "Mozilla/5.0 (X11; Ubuntu; Linux x86_64; rv:73.0) Gecko/20100101 Firefox/73.0"
192.168.10.200 - - [29/Feb/2020:13:01:53 +0000] "GET /services/prefs.php?app=horde HTTP/1.1" 200 3788 "http://mail.cup.com/services/prefs.php" "Mozilla/5.0 (X11; Linux x86_64) AppleWebKit/537.36 (KHTML, like Gecko) Ubuntu Chromium/77.0.3865.90 HeadlessChrome/77.0.3865.90 Safari/537.36"
192.168.10.4 - - [29/Feb/2020:13:01:56 +0000] "GET /mnemo/memo.php?actionID=add_memo HTTP/1.1" 200 5977 "http://mail.cup.com/mnemo/" "Mozilla/5.0 (X11; Linux x86_64) AppleWebKit/537.36 (KHTML, like Gecko) Ubuntu Chromium/77.0.3865.90 HeadlessChrome/77.0.3865.90 Safari/537.36"
192.168.10.200 - - [29/Feb/2020:13:01:57 +0000] "GET /services/prefs.php?app=imp HTTP/1.1" 200 4164 "http://mail.cup.com/services/prefs.php?app=horde" "Mozilla/5.0 (X11; Linux x86_64) AppleWebKit/537.36 (KHTML, like Gecko) Ubuntu Chromium/77.0.3865.90 HeadlessChrome/77.0.3865.90 Safari/537.36"
192.168.10.190 - - [29/Feb/2020:13:02:00 +0000] "POST /services/ajax.php/kronolith/saveEvent HTTP/1.1" 200 643 "http://mail.cup.com/kronolith/" "Mozilla/5.0 (X11; Ubuntu; Linux x86_64; rv:73.0) Gecko/20100101 Firefox/73.0"
192.168.10.200 - - [29/Feb/2020:13:02:02 +0000] "GET /services/prefs.php?app=imp&group=delmove HTTP/1.1" 200 5682 "http://mail.cup.com/services/prefs.php?app=imp" "Mozilla/5.0 (X11; Linux x86_64) AppleWebKit/537.36 (KHTML, like Gecko) Ubuntu Chromium/77.0.3865.90 HeadlessChrome/77.0.3865.90 Safari/537.36"
192.168.10.238 - - [29/Feb/2020:13:02:03 +0000] "GET /nag/task.php?tasklist=-pl83oAo_w3FoK90ntDeC5s&task=dTxrpxOfm9-tCjetbKhLH19&actionID=modify_task&have_search&tab_name=1&url=%2Fnag%2F HTTP/1.1" 200 9222 "http://mail.cup.com/nag/" "Mozilla/5.0 (X11; Ubuntu; Linux x86_64; rv:73.0) Gecko/20100101 Firefox/73.0"
192.168.10.190 - - [29/Feb/2020:13:02:05 +0000] "GET /services/portal/ HTTP/1.1" 200 7652 "http://mail.cup.com/kronolith/" "Mozilla/5.0 (X11; Ubuntu; Linux x86_64; rv:73.0) Gecko/20100101 Firefox/73.0"
192.168.10.4 - - [29/Feb/2020:13:02:05 +0000] "POST /services/ajax.php/horde/imple?token=_kpRmw_4zA3SvmWxVMKF86P&app=mnemo&imple=Mnemo_Ajax_Imple_TagAutoCompleter&input=memo_tags HTTP/1.1" 200 381 "http://mail.cup.com/mnemo/memo.php?actionID=add_memo" "Mozilla/5.0 (X11; Linux x86_64) AppleWebKit/537.36 (KHTML, like Gecko) Ubuntu Chromium/77.0.3865.90 HeadlessChrome/77.0.3865.90 Safari/537.36"
192.168.10.190 - - [29/Feb/2020:13:02:07 +0000] "GET /nag/ HTTP/1.1" 200 9020 "http://mail.cup.com/services/portal/" "Mozilla/5.0 (X11; Ubuntu; Linux x86_64; rv:73.0) Gecko/20100101 Firefox/73.0"
192.168.10.238 - - [29/Feb/2020:13:02:08 +0000] "POST /nag/task/save.php HTTP/1.1" 302 411 "http://mail.cup.com/nag/task.php?tasklist=-pl83oAo_w3FoK90ntDeC5s&task=dTxrpxOfm9-tCjetbKhLH19&actionID=modify_task&have_search&tab_name=1&url=%2Fnag%2F" "Mozilla/5.0 (X11; Ubuntu; Linux x86_64; rv:73.0) Gecko/20100101 Firefox/73.0"
192.168.10.238 - - [29/Feb/2020:13:02:08 +0000] "GET /nag/list.php HTTP/1.1" 200 8696 "http://mail.cup.com/nag/task.php?tasklist=-pl83oAo_w3FoK90ntDeC5s&task=dTxrpxOfm9-tCjetbKhLH19&actionID=modify_task&have_search&tab_name=1&url=%2Fnag%2F" "Mozilla/5.0 (X11; Ubuntu; Linux x86_64; rv:73.0) Gecko/20100101 Firefox/73.0"
192.168.10.190 - - [29/Feb/2020:13:02:08 +0000] "POST /services/ajax.php/imp/sendMessage HTTP/1.1" 200 616 "http://mail.cup.com/imp/dynamic.php?page=message&buid=17&mailbox=SU5CT1g&token=5sNGy4C11w8Rxstk9A8lTXu&uniq=1582981182692" "Mozilla/5.0 (X11; Ubuntu; Linux x86_64; rv:73.0) Gecko/20100101 Firefox/73.0"
192.168.10.4 - - [29/Feb/2020:13:02:09 +0000] "POST /mnemo/memo.php HTTP/1.1" 302 413 "http://mail.cup.com/mnemo/memo.php?actionID=add_memo" "Mozilla/5.0 (X11; Linux x86_64) AppleWebKit/537.36 (KHTML, like Gecko) Ubuntu Chromium/77.0.3865.90 HeadlessChrome/77.0.3865.90 Safari/537.36"
192.168.10.4 - - [29/Feb/2020:13:02:09 +0000] "GET /mnemo/list.php HTTP/1.1" 200 6752 "http://mail.cup.com/mnemo/memo.php?actionID=add_memo" "Mozilla/5.0 (X11; Linux x86_64) AppleWebKit/537.36 (KHTML, like Gecko) Ubuntu Chromium/77.0.3865.90 HeadlessChrome/77.0.3865.90 Safari/537.36"
192.168.10.200 - - [29/Feb/2020:13:02:17 +0000] "POST /services/prefs.php HTTP/1.1" 200 5779 "http://mail.cup.com/services/prefs.php?app=imp&group=delmove" "Mozilla/5.0 (X11; Linux x86_64) AppleWebKit/537.36 (KHTML, like Gecko) Ubuntu Chromium/77.0.3865.90 HeadlessChrome/77.0.3865.90 Safari/537.36"
192.168.10.190 - - [29/Feb/2020:13:02:20 +0000] "POST /services/ajax.php/kronolith/listTopTags HTTP/1.1" 200 440 "http://mail.cup.com/kronolith/" "Mozilla/5.0 (X11; Linux x86_64) AppleWebKit/537.36 (KHTML, like Gecko) Ubuntu Chromium/77.0.3865.90 HeadlessChrome/77.0.3865.90 Safari/537.36"
192.168.10.200 - - [29/Feb/2020:13:02:26 +0000] "POST /services/prefs.php HTTP/1.1" 200 5777 "http://mail.cup.com/services/prefs.php" "Mozilla/5.0 (X11; Linux x86_64) AppleWebKit/537.36 (KHTML, like Gecko) Ubuntu Chromium/77.0.3865.90 HeadlessChrome/77.0.3865.90 Safari/537.36"
192.168.10.190 - - [29/Feb/2020:13:02:27 +0000] "GET /nag/task.php?tasklist=Mc3b0molD9QOw1RLSHnvXVd&task=tS2vD4OjxZB_vbcUz-Mk3ZG&actionID=modify_task&have_search&tab_name=1&url=%2Fnag%2F HTTP/1.1" 200 9089 "http://mail.cup.com/nag/" "Mozilla/5.0 (X11; Ubuntu; Linux x86_64; rv:73.0) Gecko/20100101 Firefox/73.0"
192.168.10.190 - - [29/Feb/2020:13:02:32 +0000] "POST /nag/task/save.php HTTP/1.1" 302 411 "http://mail.cup.com/nag/task.php?tasklist=Mc3b0molD9QOw1RLSHnvXVd&task=tS2vD4OjxZB_vbcUz-Mk3ZG&actionID=modify_task&have_search&tab_name=1&url=%2Fnag%2F" "Mozilla/5.0 (X11; Ubuntu; Linux x86_64; rv:73.0) Gecko/20100101 Firefox/73.0"
192.168.10.190 - - [29/Feb/2020:13:02:32 +0000] "GET /nag/list.php HTTP/1.1" 200 7912 "http://mail.cup.com/nag/task.php?tasklist=Mc3b0molD9QOw1RLSHnvXVd&task=tS2vD4OjxZB_vbcUz-Mk3ZG&actionID=modify_task&have_search&tab_name=1&url=%2Fnag%2F" "Mozilla/5.0 (X11; Ubuntu; Linux x86_64; rv:73.0) Gecko/20100101 Firefox/73.0"
192.168.10.190 - - [29/Feb/2020:13:02:36 +0000] "POST /services/ajax.php/kronolith/saveEvent HTTP/1.1" 200 647 "http://mail.cup.com/kronolith/" "Mozilla/5.0 (X11; Linux x86_64) AppleWebKit/537.36 (KHTML, like Gecko) Ubuntu Chromium/77.0.3865.90 HeadlessChrome/77.0.3865.90 Safari/537.36"
192.168.10.190 - - [29/Feb/2020:13:02:41 +0000] "GET /services/portal/ HTTP/1.1" 200 6850 "http://mail.cup.com/kronolith/" "Mozilla/5.0 (X11; Linux x86_64) AppleWebKit/537.36 (KHTML, like Gecko) Ubuntu Chromium/77.0.3865.90 HeadlessChrome/77.0.3865.90 Safari/537.36"
192.168.10.238 - - [29/Feb/2020:13:02:42 +0000] "GET /services/portal/ HTTP/1.1" 200 7755 "http://mail.cup.com/nag/list.php" "Mozilla/5.0 (X11; Ubuntu; Linux x86_64; rv:73.0) Gecko/20100101 Firefox/73.0"
192.168.10.190 - - [29/Feb/2020:13:02:43 +0000] "GET /nag/task.php?tasklist=EJYTwUW1bvTW_IlYqx2Qf6_&task=Q5sz5ulAN5q6JLyqgkujLyT&actionID=modify_task&have_search&tab_name=1&url=%2Fnag%2F HTTP/1.1" 200 9332 "http://mail.cup.com/nag/" "Mozilla/5.0 (X11; Ubuntu; Linux x86_64; rv:73.0) Gecko/20100101 Firefox/73.0"
192.168.10.4 - - [29/Feb/2020:13:02:44 +0000] "GET /services/portal/ HTTP/1.1" 200 8081 "http://mail.cup.com/mnemo/list.php" "Mozilla/5.0 (X11; Linux x86_64) AppleWebKit/537.36 (KHTML, like Gecko) Ubuntu Chromium/77.0.3865.90 HeadlessChrome/77.0.3865.90 Safari/537.36"
192.168.10.190 - - [29/Feb/2020:13:02:46 +0000] "POST /nag/task/save.php HTTP/1.1" 302 411 "http://mail.cup.com/nag/task.php?tasklist=EJYTwUW1bvTW_IlYqx2Qf6_&task=Q5sz5ulAN5q6JLyqgkujLyT&actionID=modify_task&have_search&tab_name=1&url=%2Fnag%2F" "Mozilla/5.0 (X11; Ubuntu; Linux x86_64; rv:73.0) Gecko/20100101 Firefox/73.0"
192.168.10.190 - - [29/Feb/2020:13:02:46 +0000] "GET /nag/list.php HTTP/1.1" 200 9000 "http://mail.cup.com/nag/task.php?tasklist=EJYTwUW1bvTW_IlYqx2Qf6_&task=Q5sz5ulAN5q6JLyqgkujLyT&actionID=modify_task&have_search&tab_name=1&url=%2Fnag%2F" "Mozilla/5.0 (X11; Ubuntu; Linux x86_64; rv:73.0) Gecko/20100101 Firefox/73.0"
192.168.10.238 - - [29/Feb/2020:13:02:46 +0000] "GET /nag/ HTTP/1.1" 200 8588 "http://mail.cup.com/services/portal/" "Mozilla/5.0 (X11; Ubuntu; Linux x86_64; rv:73.0) Gecko/20100101 Firefox/73.0"
192.168.10.190 - - [29/Feb/2020:13:02:47 +0000] "GET /services/prefs.php?app=horde HTTP/1.1" 200 3655 "http://mail.cup.com/services/portal/" "Mozilla/5.0 (X11; Linux x86_64) AppleWebKit/537.36 (KHTML, like Gecko) Ubuntu Chromium/77.0.3865.90 HeadlessChrome/77.0.3865.90 Safari/537.36"
192.168.10.4 - - [29/Feb/2020:13:02:48 +0000] "GET /kronolith/ HTTP/1.1" 200 24701 "http://mail.cup.com/services/portal/" "Mozilla/5.0 (X11; Linux x86_64) AppleWebKit/537.36 (KHTML, like Gecko) Ubuntu Chromium/77.0.3865.90 HeadlessChrome/77.0.3865.90 Safari/537.36"
192.168.10.4 - - [29/Feb/2020:13:02:49 +0000] "POST /services/ajax.php/kronolith/listCalendars HTTP/1.1" 200 970 "http://mail.cup.com/kronolith/" "Mozilla/5.0 (X11; Linux x86_64) AppleWebKit/537.36 (KHTML, like Gecko) Ubuntu Chromium/77.0.3865.90 HeadlessChrome/77.0.3865.90 Safari/537.36"
192.168.10.190 - - [29/Feb/2020:13:02:49 +0000] "GET /services/prefs.php?app=horde&group=identities HTTP/1.1" 200 4574 "http://mail.cup.com/services/prefs.php?app=horde" "Mozilla/5.0 (X11; Linux x86_64) AppleWebKit/537.36 (KHTML, like Gecko) Ubuntu Chromium/77.0.3865.90 HeadlessChrome/77.0.3865.90 Safari/537.36"
192.168.10.4 - - [29/Feb/2020:13:02:49 +0000] "POST /services/ajax.php/kronolith/listEvents HTTP/1.1" 200 549 "http://mail.cup.com/kronolith/" "Mozilla/5.0 (X11; Linux x86_64) AppleWebKit/537.36 (KHTML, like Gecko) Ubuntu Chromium/77.0.3865.90 HeadlessChrome/77.0.3865.90 Safari/537.36"
192.168.10.4 - - [29/Feb/2020:13:02:49 +0000] "POST /services/ajax.php/kronolith/listEvents HTTP/1.1" 200 1674 "http://mail.cup.com/kronolith/" "Mozilla/5.0 (X11; Linux x86_64) AppleWebKit/537.36 (KHTML, like Gecko) Ubuntu Chromium/77.0.3865.90 HeadlessChrome/77.0.3865.90 Safari/537.36"
192.168.10.190 - - [29/Feb/2020:13:02:51 +0000] "POST /services/prefs.php HTTP/1.1" 200 4604 "http://mail.cup.com/services/prefs.php?app=horde&group=identities" "Mozilla/5.0 (X11; Linux x86_64) AppleWebKit/537.36 (KHTML, like Gecko) Ubuntu Chromium/77.0.3865.90 HeadlessChrome/77.0.3865.90 Safari/537.36"
192.168.10.190 - - [29/Feb/2020:13:02:51 +0000] "GET /services/portal/ HTTP/1.1" 200 7342 "http://mail.cup.com/imp/dynamic.php?page=mailbox" "Mozilla/5.0 (X11; Ubuntu; Linux x86_64; rv:73.0) Gecko/20100101 Firefox/73.0"
192.168.10.190 - - [29/Feb/2020:13:02:56 +0000] "GET /nag/ HTTP/1.1" 200 8803 "http://mail.cup.com/services/portal/" "Mozilla/5.0 (X11; Ubuntu; Linux x86_64; rv:73.0) Gecko/20100101 Firefox/73.0"
192.168.10.190 - - [29/Feb/2020:13:02:57 +0000] "GET /services/prefs.php?app=horde HTTP/1.1" 200 3657 "http://mail.cup.com/services/prefs.php" "Mozilla/5.0 (X11; Linux x86_64) AppleWebKit/537.36 (KHTML, like Gecko) Ubuntu Chromium/77.0.3865.90 HeadlessChrome/77.0.3865.90 Safari/537.36"
192.168.10.190 - - [29/Feb/2020:13:03:00 +0000] "GET /services/prefs.php?app=imp HTTP/1.1" 200 4024 "http://mail.cup.com/services/prefs.php?app=horde" "Mozilla/5.0 (X11; Linux x86_64) AppleWebKit/537.36 (KHTML, like Gecko) Ubuntu Chromium/77.0.3865.90 HeadlessChrome/77.0.3865.90 Safari/537.36"
192.168.10.200 - - [29/Feb/2020:13:03:01 +0000] "GET /services/portal/ HTTP/1.1" 200 5102 "http://mail.cup.com/services/prefs.php" "Mozilla/5.0 (X11; Linux x86_64) AppleWebKit/537.36 (KHTML, like Gecko) Ubuntu Chromium/77.0.3865.90 HeadlessChrome/77.0.3865.90 Safari/537.36"
192.168.10.190 - - [29/Feb/2020:13:03:03 +0000] "GET /services/prefs.php?app=imp&group=delmove HTTP/1.1" 200 5545 "http://mail.cup.com/services/prefs.php?app=imp" "Mozilla/5.0 (X11; Linux x86_64) AppleWebKit/537.36 (KHTML, like Gecko) Ubuntu Chromium/77.0.3865.90 HeadlessChrome/77.0.3865.90 Safari/537.36"
192.168.10.200 - - [29/Feb/2020:13:03:04 +0000] "GET /mnemo/ HTTP/1.1" 200 3842 "http://mail.cup.com/services/portal/" "Mozilla/5.0 (X11; Linux x86_64) AppleWebKit/537.36 (KHTML, like Gecko) Ubuntu Chromium/77.0.3865.90 HeadlessChrome/77.0.3865.90 Safari/537.36"
192.168.10.190 - - [29/Feb/2020:13:03:07 +0000] "GET /services/portal/ HTTP/1.1" 200 6578 "http://mail.cup.com/nag/list.php" "Mozilla/5.0 (X11; Ubuntu; Linux x86_64; rv:73.0) Gecko/20100101 Firefox/73.0"
192.168.10.190 - - [29/Feb/2020:13:03:10 +0000] "POST /services/prefs.php HTTP/1.1" 200 5637 "http://mail.cup.com/services/prefs.php?app=imp&group=delmove" "Mozilla/5.0 (X11; Linux x86_64) AppleWebKit/537.36 (KHTML, like Gecko) Ubuntu Chromium/77.0.3865.90 HeadlessChrome/77.0.3865.90 Safari/537.36"
192.168.10.190 - - [29/Feb/2020:13:03:12 +0000] "GET /imp/dynamic.php?page=mailbox HTTP/1.1" 200 8750 "http://mail.cup.com/services/portal/" "Mozilla/5.0 (X11; Ubuntu; Linux x86_64; rv:73.0) Gecko/20100101 Firefox/73.0"
192.168.10.190 - - [29/Feb/2020:13:03:13 +0000] "POST /services/ajax.php/imp/dynamicInit HTTP/1.1" 200 1473 "http://mail.cup.com/imp/dynamic.php?page=mailbox" "Mozilla/5.0 (X11; Ubuntu; Linux x86_64; rv:73.0) Gecko/20100101 Firefox/73.0"
192.168.10.190 - - [29/Feb/2020:13:03:15 +0000] "POST /services/prefs.php HTTP/1.1" 200 5638 "http://mail.cup.com/services/prefs.php" "Mozilla/5.0 (X11; Linux x86_64) AppleWebKit/537.36 (KHTML, like Gecko) Ubuntu Chromium/77.0.3865.90 HeadlessChrome/77.0.3865.90 Safari/537.36"
192.168.10.190 - - [29/Feb/2020:13:03:19 +0000] "GET /services/portal/ HTTP/1.1" 200 7566 "http://mail.cup.com/nag/list.php" "Mozilla/5.0 (X11; Ubuntu; Linux x86_64; rv:73.0) Gecko/20100101 Firefox/73.0"
192.168.10.190 - - [29/Feb/2020:13:03:22 +0000] "POST /services/ajax.php/imp/viewPort HTTP/1.1" 200 842 "http://mail.cup.com/imp/dynamic.php?page=mailbox" "Mozilla/5.0 (X11; Ubuntu; Linux x86_64; rv:73.0) Gecko/20100101 Firefox/73.0"
192.168.10.190 - - [29/Feb/2020:13:03:23 +0000] "GET /nag/ HTTP/1.1" 200 8893 "http://mail.cup.com/services/portal/" "Mozilla/5.0 (X11; Ubuntu; Linux x86_64; rv:73.0) Gecko/20100101 Firefox/73.0"
192.168.10.238 - - [29/Feb/2020:13:03:25 +0000] "GET /nag/task.php?actionID=add_task HTTP/1.1" 200 9055 "http://mail.cup.com/nag/" "Mozilla/5.0 (X11; Ubuntu; Linux x86_64; rv:73.0) Gecko/20100101 Firefox/73.0"
192.168.10.4 - - [29/Feb/2020:13:03:27 +0000] "POST /services/ajax.php/kronolith/listTopTags HTTP/1.1" 200 458 "http://mail.cup.com/kronolith/" "Mozilla/5.0 (X11; Linux x86_64) AppleWebKit/537.36 (KHTML, like Gecko) Ubuntu Chromium/77.0.3865.90 HeadlessChrome/77.0.3865.90 Safari/537.36"
192.168.10.190 - - [29/Feb/2020:13:03:33 +0000] "GET /nag/task.php?actionID=add_task HTTP/1.1" 200 9125 "http://mail.cup.com/nag/" "Mozilla/5.0 (X11; Ubuntu; Linux x86_64; rv:73.0) Gecko/20100101 Firefox/73.0"
192.168.10.238 - - [29/Feb/2020:13:03:36 +0000] "POST /services/ajax.php/horde/imple?token=3fKAhACtw6RapYPyrPy1oN5&app=nag&imple=Nag_Ajax_Imple_TagAutoCompleter&input=tags HTTP/1.1" 200 371 "http://mail.cup.com/nag/task.php?actionID=add_task" "Mozilla/5.0 (X11; Ubuntu; Linux x86_64; rv:73.0) Gecko/20100101 Firefox/73.0"
192.168.10.200 - - [29/Feb/2020:13:03:44 +0000] "GET /mnemo/memo.php?actionID=add_memo HTTP/1.1" 200 6123 "http://mail.cup.com/mnemo/" "Mozilla/5.0 (X11; Linux x86_64) AppleWebKit/537.36 (KHTML, like Gecko) Ubuntu Chromium/77.0.3865.90 HeadlessChrome/77.0.3865.90 Safari/537.36"
192.168.10.190 - - [29/Feb/2020:13:03:48 +0000] "GET /services/portal/ HTTP/1.1" 200 6852 "http://mail.cup.com/services/prefs.php" "Mozilla/5.0 (X11; Linux x86_64) AppleWebKit/537.36 (KHTML, like Gecko) Ubuntu Chromium/77.0.3865.90 HeadlessChrome/77.0.3865.90 Safari/537.36"
192.168.10.190 - - [29/Feb/2020:13:03:49 +0000] "POST /services/ajax.php/horde/imple?token=5sNGy4C11w8Rxstk9A8lTXu&app=nag&imple=Nag_Ajax_Imple_TagAutoCompleter&input=tags HTTP/1.1" 200 371 "http://mail.cup.com/nag/task.php?actionID=add_task" "Mozilla/5.0 (X11; Ubuntu; Linux x86_64; rv:73.0) Gecko/20100101 Firefox/73.0"
192.168.10.4 - - [29/Feb/2020:13:03:49 +0000] "POST /services/ajax.php/kronolith/poll HTTP/1.1" 200 387 "http://mail.cup.com/kronolith/" "Mozilla/5.0 (X11; Linux x86_64) AppleWebKit/537.36 (KHTML, like Gecko) Ubuntu Chromium/77.0.3865.90 HeadlessChrome/77.0.3865.90 Safari/537.36"
192.168.10.190 - - [29/Feb/2020:13:03:51 +0000] "GET /turba/ HTTP/1.1" 200 4348 "http://mail.cup.com/services/portal/" "Mozilla/5.0 (X11; Linux x86_64) AppleWebKit/537.36 (KHTML, like Gecko) Ubuntu Chromium/77.0.3865.90 HeadlessChrome/77.0.3865.90 Safari/537.36"
192.168.10.190 - - [29/Feb/2020:13:03:53 +0000] "GET /turba/browse.php HTTP/1.1" 200 5337 "http://mail.cup.com/turba/" "Mozilla/5.0 (X11; Linux x86_64) AppleWebKit/537.36 (KHTML, like Gecko) Ubuntu Chromium/77.0.3865.90 HeadlessChrome/77.0.3865.90 Safari/537.36"
192.168.10.4 - - [29/Feb/2020:13:03:54 +0000] "POST /services/ajax.php/kronolith/saveEvent HTTP/1.1" 200 634 "http://mail.cup.com/kronolith/" "Mozilla/5.0 (X11; Linux x86_64) AppleWebKit/537.36 (KHTML, like Gecko) Ubuntu Chromium/77.0.3865.90 HeadlessChrome/77.0.3865.90 Safari/537.36"
192.168.10.200 - - [29/Feb/2020:13:03:54 +0000] "POST /services/ajax.php/horde/imple?token=r73rPFh836GohmaU76-Fpa-&app=mnemo&imple=Mnemo_Ajax_Imple_TagAutoCompleter&input=memo_tags HTTP/1.1" 200 371 "http://mail.cup.com/mnemo/memo.php?actionID=add_memo" "Mozilla/5.0 (X11; Linux x86_64) AppleWebKit/537.36 (KHTML, like Gecko) Ubuntu Chromium/77.0.3865.90 HeadlessChrome/77.0.3865.90 Safari/537.36"
192.168.10.190 - - [29/Feb/2020:13:03:55 +0000] "GET /services/portal/ HTTP/1.1" 200 6548 "http://mail.cup.com/imp/dynamic.php?page=mailbox" "Mozilla/5.0 (X11; Ubuntu; Linux x86_64; rv:73.0) Gecko/20100101 Firefox/73.0"
192.168.10.190 - - [29/Feb/2020:13:03:55 +0000] "GET /turba/contact.php?source=nmyDTp1CJZ38jSqq_5oRhWw&key=7oh7WNdBh28EQTnam2YBV9b HTTP/1.1" 200 21056 "http://mail.cup.com/turba/browse.php" "Mozilla/5.0 (X11; Linux x86_64) AppleWebKit/537.36 (KHTML, like Gecko) Ubuntu Chromium/77.0.3865.90 HeadlessChrome/77.0.3865.90 Safari/537.36"
192.168.10.200 - - [29/Feb/2020:13:03:58 +0000] "POST /mnemo/memo.php HTTP/1.1" 302 413 "http://mail.cup.com/mnemo/memo.php?actionID=add_memo" "Mozilla/5.0 (X11; Linux x86_64) AppleWebKit/537.36 (KHTML, like Gecko) Ubuntu Chromium/77.0.3865.90 HeadlessChrome/77.0.3865.90 Safari/537.36"
192.168.10.200 - - [29/Feb/2020:13:03:58 +0000] "GET /mnemo/list.php HTTP/1.1" 200 5435 "http://mail.cup.com/mnemo/memo.php?actionID=add_memo" "Mozilla/5.0 (X11; Linux x86_64) AppleWebKit/537.36 (KHTML, like Gecko) Ubuntu Chromium/77.0.3865.90 HeadlessChrome/77.0.3865.90 Safari/537.36"
192.168.10.190 - - [29/Feb/2020:13:03:59 +0000] "GET /nag/task.php?actionID=add_task HTTP/1.1" 200 9160 "http://mail.cup.com/nag/" "Mozilla/5.0 (X11; Ubuntu; Linux x86_64; rv:73.0) Gecko/20100101 Firefox/73.0"
192.168.10.190 - - [29/Feb/2020:13:03:59 +0000] "POST /turba/delete.php HTTP/1.1" 302 415 "http://mail.cup.com/turba/contact.php?source=nmyDTp1CJZ38jSqq_5oRhWw&key=7oh7WNdBh28EQTnam2YBV9b" "Mozilla/5.0 (X11; Linux x86_64) AppleWebKit/537.36 (KHTML, like Gecko) Ubuntu Chromium/77.0.3865.90 HeadlessChrome/77.0.3865.90 Safari/537.36"
192.168.10.190 - - [29/Feb/2020:13:04:00 +0000] "GET /turba/search.php HTTP/1.1" 200 4432 "http://mail.cup.com/turba/contact.php?source=nmyDTp1CJZ38jSqq_5oRhWw&key=7oh7WNdBh28EQTnam2YBV9b" "Mozilla/5.0 (X11; Linux x86_64) AppleWebKit/537.36 (KHTML, like Gecko) Ubuntu Chromium/77.0.3865.90 HeadlessChrome/77.0.3865.90 Safari/537.36"
192.168.10.190 - - [29/Feb/2020:13:04:00 +0000] "GET /kronolith/ HTTP/1.1" 200 24702 "http://mail.cup.com/services/portal/" "Mozilla/5.0 (X11; Ubuntu; Linux x86_64; rv:73.0) Gecko/20100101 Firefox/73.0"
192.168.10.4 - - [29/Feb/2020:13:04:01 +0000] "GET /services/portal/ HTTP/1.1" 200 8087 "http://mail.cup.com/kronolith/" "Mozilla/5.0 (X11; Linux x86_64) AppleWebKit/537.36 (KHTML, like Gecko) Ubuntu Chromium/77.0.3865.90 HeadlessChrome/77.0.3865.90 Safari/537.36"
192.168.10.190 - - [29/Feb/2020:13:04:01 +0000] "POST /services/ajax.php/kronolith/listCalendars HTTP/1.1" 200 969 "http://mail.cup.com/kronolith/" "Mozilla/5.0 (X11; Ubuntu; Linux x86_64; rv:73.0) Gecko/20100101 Firefox/73.0"
192.168.10.190 - - [29/Feb/2020:13:04:01 +0000] "POST /services/ajax.php/kronolith/listEvents HTTP/1.1" 200 1931 "http://mail.cup.com/kronolith/" "Mozilla/5.0 (X11; Ubuntu; Linux x86_64; rv:73.0) Gecko/20100101 Firefox/73.0"
192.168.10.190 - - [29/Feb/2020:13:04:01 +0000] "POST /services/ajax.php/kronolith/listEvents HTTP/1.1" 200 549 "http://mail.cup.com/kronolith/" "Mozilla/5.0 (X11; Ubuntu; Linux x86_64; rv:73.0) Gecko/20100101 Firefox/73.0"
192.168.10.238 - - [29/Feb/2020:13:04:04 +0000] "POST /nag/task/save.php HTTP/1.1" 302 412 "http://mail.cup.com/nag/task.php?actionID=add_task" "Mozilla/5.0 (X11; Ubuntu; Linux x86_64; rv:73.0) Gecko/20100101 Firefox/73.0"
192.168.10.238 - - [29/Feb/2020:13:04:04 +0000] "GET /nag/list.php HTTP/1.1" 200 8798 "http://mail.cup.com/nag/task.php?actionID=add_task" "Mozilla/5.0 (X11; Ubuntu; Linux x86_64; rv:73.0) Gecko/20100101 Firefox/73.0"
192.168.10.4 - - [29/Feb/2020:13:04:05 +0000] "GET /kronolith/ HTTP/1.1" 200 24704 "http://mail.cup.com/services/portal/" "Mozilla/5.0 (X11; Linux x86_64) AppleWebKit/537.36 (KHTML, like Gecko) Ubuntu Chromium/77.0.3865.90 HeadlessChrome/77.0.3865.90 Safari/537.36"
192.168.10.4 - - [29/Feb/2020:13:04:06 +0000] "POST /services/ajax.php/kronolith/listCalendars HTTP/1.1" 200 970 "http://mail.cup.com/kronolith/" "Mozilla/5.0 (X11; Linux x86_64) AppleWebKit/537.36 (KHTML, like Gecko) Ubuntu Chromium/77.0.3865.90 HeadlessChrome/77.0.3865.90 Safari/537.36"
192.168.10.4 - - [29/Feb/2020:13:04:06 +0000] "POST /services/ajax.php/kronolith/listEvents HTTP/1.1" 200 1754 "http://mail.cup.com/kronolith/" "Mozilla/5.0 (X11; Linux x86_64) AppleWebKit/537.36 (KHTML, like Gecko) Ubuntu Chromium/77.0.3865.90 HeadlessChrome/77.0.3865.90 Safari/537.36"
192.168.10.4 - - [29/Feb/2020:13:04:06 +0000] "POST /services/ajax.php/kronolith/listEvents HTTP/1.1" 200 549 "http://mail.cup.com/kronolith/" "Mozilla/5.0 (X11; Linux x86_64) AppleWebKit/537.36 (KHTML, like Gecko) Ubuntu Chromium/77.0.3865.90 HeadlessChrome/77.0.3865.90 Safari/537.36"
192.168.10.190 - - [29/Feb/2020:13:04:08 +0000] "POST /services/ajax.php/horde/imple?token=lRnMirfStFULkg3eB1Vj50g&app=nag&imple=Nag_Ajax_Imple_TagAutoCompleter&input=tags HTTP/1.1" 200 371 "http://mail.cup.com/nag/task.php?actionID=add_task" "Mozilla/5.0 (X11; Ubuntu; Linux x86_64; rv:73.0) Gecko/20100101 Firefox/73.0"
192.168.10.190 - - [29/Feb/2020:13:04:10 +0000] "POST /services/ajax.php/kronolith/getEvent HTTP/1.1" 200 682 "http://mail.cup.com/kronolith/" "Mozilla/5.0 (X11; Ubuntu; Linux x86_64; rv:73.0) Gecko/20100101 Firefox/73.0"
192.168.10.190 - - [29/Feb/2020:13:04:10 +0000] "POST /services/ajax.php/kronolith/listTopTags HTTP/1.1" 200 408 "http://mail.cup.com/kronolith/" "Mozilla/5.0 (X11; Ubuntu; Linux x86_64; rv:73.0) Gecko/20100101 Firefox/73.0"
::1 - - [29/Feb/2020:13:04:16 +0000] "OPTIONS * HTTP/1.0" 200 110 "-" "Apache/2.4.25 (Debian) OpenSSL/1.0.2u (internal dummy connection)"
192.168.10.190 - - [29/Feb/2020:13:04:18 +0000] "POST /services/ajax.php/kronolith/deleteEvent HTTP/1.1" 200 534 "http://mail.cup.com/kronolith/" "Mozilla/5.0 (X11; Ubuntu; Linux x86_64; rv:73.0) Gecko/20100101 Firefox/73.0"
192.168.10.190 - - [29/Feb/2020:13:04:19 +0000] "POST /nag/task/save.php HTTP/1.1" 302 412 "http://mail.cup.com/nag/task.php?actionID=add_task" "Mozilla/5.0 (X11; Ubuntu; Linux x86_64; rv:73.0) Gecko/20100101 Firefox/73.0"
192.168.10.190 - - [29/Feb/2020:13:04:19 +0000] "GET /nag/list.php HTTP/1.1" 200 9016 "http://mail.cup.com/nag/task.php?actionID=add_task" "Mozilla/5.0 (X11; Ubuntu; Linux x86_64; rv:73.0) Gecko/20100101 Firefox/73.0"
192.168.10.190 - - [29/Feb/2020:13:04:26 +0000] "POST /nag/task/save.php HTTP/1.1" 302 412 "http://mail.cup.com/nag/task.php?actionID=add_task" "Mozilla/5.0 (X11; Ubuntu; Linux x86_64; rv:73.0) Gecko/20100101 Firefox/73.0"
192.168.10.190 - - [29/Feb/2020:13:04:26 +0000] "GET /services/portal/ HTTP/1.1" 200 6555 "http://mail.cup.com/kronolith/" "Mozilla/5.0 (X11; Ubuntu; Linux x86_64; rv:73.0) Gecko/20100101 Firefox/73.0"
192.168.10.190 - - [29/Feb/2020:13:04:26 +0000] "GET /nag/list.php HTTP/1.1" 200 9120 "http://mail.cup.com/nag/task.php?actionID=add_task" "Mozilla/5.0 (X11; Ubuntu; Linux x86_64; rv:73.0) Gecko/20100101 Firefox/73.0"
192.168.10.190 - - [29/Feb/2020:13:04:31 +0000] "GET /mnemo/ HTTP/1.1" 200 5140 "http://mail.cup.com/services/portal/" "Mozilla/5.0 (X11; Ubuntu; Linux x86_64; rv:73.0) Gecko/20100101 Firefox/73.0"
192.168.10.190 - - [29/Feb/2020:13:04:32 +0000] "GET /services/portal/ HTTP/1.1" 200 6862 "http://mail.cup.com/turba/search.php" "Mozilla/5.0 (X11; Linux x86_64) AppleWebKit/537.36 (KHTML, like Gecko) Ubuntu Chromium/77.0.3865.90 HeadlessChrome/77.0.3865.90 Safari/537.36"
192.168.10.200 - - [29/Feb/2020:13:04:34 +0000] "GET /services/portal/ HTTP/1.1" 200 5720 "http://mail.cup.com/mnemo/list.php" "Mozilla/5.0 (X11; Linux x86_64) AppleWebKit/537.36 (KHTML, like Gecko) Ubuntu Chromium/77.0.3865.90 HeadlessChrome/77.0.3865.90 Safari/537.36"
192.168.10.190 - - [29/Feb/2020:13:04:35 +0000] "GET /mnemo/ HTTP/1.1" 200 5678 "http://mail.cup.com/services/portal/" "Mozilla/5.0 (X11; Linux x86_64) AppleWebKit/537.36 (KHTML, like Gecko) Ubuntu Chromium/77.0.3865.90 HeadlessChrome/77.0.3865.90 Safari/537.36"
192.168.10.238 - - [29/Feb/2020:13:04:38 +0000] "GET /services/portal/ HTTP/1.1" 200 7820 "http://mail.cup.com/nag/list.php" "Mozilla/5.0 (X11; Ubuntu; Linux x86_64; rv:73.0) Gecko/20100101 Firefox/73.0"
192.168.10.200 - - [29/Feb/2020:13:04:38 +0000] "GET /nag/ HTTP/1.1" 200 5389 "http://mail.cup.com/services/portal/" "Mozilla/5.0 (X11; Linux x86_64) AppleWebKit/537.36 (KHTML, like Gecko) Ubuntu Chromium/77.0.3865.90 HeadlessChrome/77.0.3865.90 Safari/537.36"
192.168.10.238 - - [29/Feb/2020:13:04:42 +0000] "GET /imp/dynamic.php?page=mailbox HTTP/1.1" 200 8748 "http://mail.cup.com/services/portal/" "Mozilla/5.0 (X11; Ubuntu; Linux x86_64; rv:73.0) Gecko/20100101 Firefox/73.0"
192.168.10.238 - - [29/Feb/2020:13:04:42 +0000] "POST /services/ajax.php/imp/dynamicInit HTTP/1.1" 200 1590 "http://mail.cup.com/imp/dynamic.php?page=mailbox" "Mozilla/5.0 (X11; Ubuntu; Linux x86_64; rv:73.0) Gecko/20100101 Firefox/73.0"
192.168.10.4 - - [29/Feb/2020:13:04:44 +0000] "POST /services/ajax.php/kronolith/listTopTags HTTP/1.1" 200 458 "http://mail.cup.com/kronolith/" "Mozilla/5.0 (X11; Linux x86_64) AppleWebKit/537.36 (KHTML, like Gecko) Ubuntu Chromium/77.0.3865.90 HeadlessChrome/77.0.3865.90 Safari/537.36"
192.168.10.238 - - [29/Feb/2020:13:04:50 +0000] "POST /services/ajax.php/imp/viewPort HTTP/1.1" 200 959 "http://mail.cup.com/imp/dynamic.php?page=mailbox" "Mozilla/5.0 (X11; Ubuntu; Linux x86_64; rv:73.0) Gecko/20100101 Firefox/73.0"
192.168.10.190 - - [29/Feb/2020:13:04:52 +0000] "GET /services/portal/ HTTP/1.1" 200 7407 "http://mail.cup.com/nag/list.php" "Mozilla/5.0 (X11; Ubuntu; Linux x86_64; rv:73.0) Gecko/20100101 Firefox/73.0"
192.168.10.238 - - [29/Feb/2020:13:04:54 +0000] "GET /imp/dynamic.php?page=compose&type=new&token=3fKAhACtw6RapYPyrPy1oN5&uniq=1582981494489 HTTP/1.1" 200 5530 "http://mail.cup.com/imp/dynamic.php?page=mailbox" "Mozilla/5.0 (X11; Ubuntu; Linux x86_64; rv:73.0) Gecko/20100101 Firefox/73.0"
192.168.10.190 - - [29/Feb/2020:13:04:55 +0000] "GET /mnemo/ HTTP/1.1" 200 5144 "http://mail.cup.com/services/portal/" "Mozilla/5.0 (X11; Ubuntu; Linux x86_64; rv:73.0) Gecko/20100101 Firefox/73.0"
192.168.10.190 - - [29/Feb/2020:13:05:00 +0000] "GET /services/portal/ HTTP/1.1" 200 7641 "http://mail.cup.com/nag/list.php" "Mozilla/5.0 (X11; Ubuntu; Linux x86_64; rv:73.0) Gecko/20100101 Firefox/73.0"
192.168.10.190 - - [29/Feb/2020:13:05:03 +0000] "GET /mnemo/ HTTP/1.1" 200 5297 "http://mail.cup.com/services/portal/" "Mozilla/5.0 (X11; Ubuntu; Linux x86_64; rv:73.0) Gecko/20100101 Firefox/73.0"
192.168.10.4 - - [29/Feb/2020:13:05:06 +0000] "POST /services/ajax.php/kronolith/poll HTTP/1.1" 200 387 "http://mail.cup.com/kronolith/" "Mozilla/5.0 (X11; Linux x86_64) AppleWebKit/537.36 (KHTML, like Gecko) Ubuntu Chromium/77.0.3865.90 HeadlessChrome/77.0.3865.90 Safari/537.36"
192.168.10.238 - - [29/Feb/2020:13:05:07 +0000] "POST /services/ajax.php/imp/sendMessage HTTP/1.1" 200 479 "http://mail.cup.com/imp/dynamic.php?page=compose&type=new&token=3fKAhACtw6RapYPyrPy1oN5&uniq=1582981494489" "Mozilla/5.0 (X11; Ubuntu; Linux x86_64; rv:73.0) Gecko/20100101 Firefox/73.0"
192.168.10.190 - - [29/Feb/2020:13:05:08 +0000] "GET /mnemo/memo.php?actionID=add_memo HTTP/1.1" 200 5980 "http://mail.cup.com/mnemo/" "Mozilla/5.0 (X11; Ubuntu; Linux x86_64; rv:73.0) Gecko/20100101 Firefox/73.0"
