192.168.10.190 - - [02/Mar/2020:09:53:40 +0000] "GET /imp/themes/default/graphics/message_source.png HTTP/1.1" 200 386 "http://mail.cup.com/imp/themes/default/dynamic/screen.css" "Mozilla/5.0 (X11; Ubuntu; Linux x86_64; rv:73.0) Gecko/20100101 Firefox/73.0"
192.168.10.190 - - [02/Mar/2020:09:53:40 +0000] "GET /imp/themes/default/graphics/download.png HTTP/1.1" 200 566 "http://mail.cup.com/imp/themes/default/screen.css" "Mozilla/5.0 (X11; Ubuntu; Linux x86_64; rv:73.0) Gecko/20100101 Firefox/73.0"
192.168.10.190 - - [02/Mar/2020:09:53:40 +0000] "GET /imp/themes/default/graphics/answered.png HTTP/1.1" 200 722 "http://mail.cup.com/imp/themes/default/dynamic/screen.css" "Mozilla/5.0 (X11; Ubuntu; Linux x86_64; rv:73.0) Gecko/20100101 Firefox/73.0"
192.168.10.190 - - [02/Mar/2020:09:53:40 +0000] "GET /imp/themes/default/graphics/print.png HTTP/1.1" 200 617 "http://mail.cup.com/imp/themes/default/screen.css" "Mozilla/5.0 (X11; Ubuntu; Linux x86_64; rv:73.0) Gecko/20100101 Firefox/73.0"
192.168.10.190 - - [02/Mar/2020:09:53:42 +0000] "GET /imp/themes/default/graphics/drafts.png HTTP/1.1" 200 748 "http://mail.cup.com/imp/themes/default/dynamic/screen.css" "Mozilla/5.0 (X11; Ubuntu; Linux x86_64; rv:73.0) Gecko/20100101 Firefox/73.0"
192.168.10.190 - - [02/Mar/2020:09:53:42 +0000] "GET /imp/themes/default/graphics/attachment.png HTTP/1.1" 200 813 "http://mail.cup.com/imp/themes/default/dynamic/screen.css" "Mozilla/5.0 (X11; Ubuntu; Linux x86_64; rv:73.0) Gecko/20100101 Firefox/73.0"
192.168.10.190 - - [02/Mar/2020:09:53:42 +0000] "POST /services/ajax.php/imp/getReplyData HTTP/1.1" 200 1039 "http://mail.cup.com/imp/dynamic.php?page=message&buid=49&mailbox=SU5CT1g&token=wrb4nNU9pVJdrhs5uAnbtl2&uniq=1583142819210" "Mozilla/5.0 (X11; Ubuntu; Linux x86_64; rv:73.0) Gecko/20100101 Firefox/73.0"
192.168.10.190 - - [02/Mar/2020:09:53:42 +0000] "GET /imp/themes/default/graphics/delete-small.png HTTP/1.1" 200 391 "http://mail.cup.com/imp/dynamic.php?page=message&buid=49&mailbox=SU5CT1g&token=wrb4nNU9pVJdrhs5uAnbtl2&uniq=1583142819210" "Mozilla/5.0 (X11; Ubuntu; Linux x86_64; rv:73.0) Gecko/20100101 Firefox/73.0"
192.168.10.238 - - [02/Mar/2020:09:53:44 +0000] "GET /services/portal/ HTTP/1.1" 200 9196 "http://mail.cup.com/imp/dynamic.php?page=mailbox" "Mozilla/5.0 (X11; Linux x86_64) AppleWebKit/537.36 (KHTML, like Gecko) Ubuntu Chromium/77.0.3865.90 HeadlessChrome/77.0.3865.90 Safari/537.36"
192.168.10.190 - - [02/Mar/2020:09:53:47 +0000] "POST /services/ajax.php/imp/addAttachment?jsonhtml=1&token=wrb4nNU9pVJdrhs5uAnbtl2 HTTP/1.1" 200 1024 "http://mail.cup.com/imp/dynamic.php?page=message&buid=49&mailbox=SU5CT1g&token=wrb4nNU9pVJdrhs5uAnbtl2&uniq=1583142819210" "Mozilla/5.0 (X11; Ubuntu; Linux x86_64; rv:73.0) Gecko/20100101 Firefox/73.0"
192.168.10.190 - - [02/Mar/2020:09:53:49 +0000] "GET /mnemo/memo.php?memo=Z0w6bqckT_-RgXowFhT-lYD&memolist=Lzh-ZwrjR4ycGbhmz8MlIy_&actionID=modify_memo HTTP/1.1" 200 6118 "http://mail.cup.com/mnemo/" "Mozilla/5.0 (X11; Linux x86_64) AppleWebKit/537.36 (KHTML, like Gecko) Ubuntu Chromium/77.0.3865.90 HeadlessChrome/77.0.3865.90 Safari/537.36"
192.168.10.238 - - [02/Mar/2020:09:53:49 +0000] "GET /nag/ HTTP/1.1" 200 9029 "http://mail.cup.com/services/portal/" "Mozilla/5.0 (X11; Linux x86_64) AppleWebKit/537.36 (KHTML, like Gecko) Ubuntu Chromium/77.0.3865.90 HeadlessChrome/77.0.3865.90 Safari/537.36"
192.168.10.238 - - [02/Mar/2020:09:53:50 +0000] "GET /themes/default/graphics/loading.gif HTTP/1.1" 200 2007 "http://mail.cup.com/themes/default/screen.css" "Mozilla/5.0 (X11; Ubuntu; Linux x86_64; rv:73.0) Gecko/20100101 Firefox/73.0"
192.168.10.238 - - [02/Mar/2020:09:53:50 +0000] "GET /themes/default/graphics/button-active-bg.png HTTP/1.1" 200 369 "http://mail.cup.com/themes/default/screen.css" "Mozilla/5.0 (X11; Ubuntu; Linux x86_64; rv:73.0) Gecko/20100101 Firefox/73.0"
192.168.10.190 - - [02/Mar/2020:09:53:49 +0000] "POST /services/ajax.php/imp/sendMessage HTTP/1.1" 200 655 "http://mail.cup.com/imp/dynamic.php?page=message&buid=49&mailbox=SU5CT1g&token=wrb4nNU9pVJdrhs5uAnbtl2&uniq=1583142819210" "Mozilla/5.0 (X11; Ubuntu; Linux x86_64; rv:73.0) Gecko/20100101 Firefox/73.0"
192.168.10.238 - - [02/Mar/2020:09:53:49 +0000] "POST /services/ajax.php/imp/sendMessage HTTP/1.1" 200 480 "http://mail.cup.com/imp/dynamic.php?page=compose&type=new&token=30nsRWFtX13wFV74rqkjTt5&uniq=1583142812855" "Mozilla/5.0 (X11; Ubuntu; Linux x86_64; rv:73.0) Gecko/20100101 Firefox/73.0"
192.168.10.190 - - [02/Mar/2020:09:53:52 +0000] "GET /mnemo/memo.php?memo=Z0w6bqckT_-RgXowFhT-lYD&memolist=Lzh-ZwrjR4ycGbhmz8MlIy_&actionID=delete_memos HTTP/1.1" 302 413 "http://mail.cup.com/mnemo/memo.php?memo=Z0w6bqckT_-RgXowFhT-lYD&memolist=Lzh-ZwrjR4ycGbhmz8MlIy_&actionID=modify_memo" "Mozilla/5.0 (X11; Linux x86_64) AppleWebKit/537.36 (KHTML, like Gecko) Ubuntu Chromium/77.0.3865.90 HeadlessChrome/77.0.3865.90 Safari/537.36"
192.168.10.190 - - [02/Mar/2020:09:53:52 +0000] "GET /mnemo/list.php HTTP/1.1" 200 5646 "http://mail.cup.com/mnemo/memo.php?memo=Z0w6bqckT_-RgXowFhT-lYD&memolist=Lzh-ZwrjR4ycGbhmz8MlIy_&actionID=modify_memo" "Mozilla/5.0 (X11; Linux x86_64) AppleWebKit/537.36 (KHTML, like Gecko) Ubuntu Chromium/77.0.3865.90 HeadlessChrome/77.0.3865.90 Safari/537.36"
::1 - - [02/Mar/2020:09:54:00 +0000] "OPTIONS * HTTP/1.0" 200 110 "-" "Apache/2.4.25 (Debian) OpenSSL/1.0.2u (internal dummy connection)"
::1 - - [02/Mar/2020:09:54:01 +0000] "OPTIONS * HTTP/1.0" 200 110 "-" "Apache/2.4.25 (Debian) OpenSSL/1.0.2u (internal dummy connection)"
192.168.10.238 - - [02/Mar/2020:09:54:26 +0000] "GET /services/portal/ HTTP/1.1" 200 8236 "http://mail.cup.com/imp/dynamic.php?page=mailbox" "Mozilla/5.0 (X11; Ubuntu; Linux x86_64; rv:73.0) Gecko/20100101 Firefox/73.0"
192.168.10.190 - - [02/Mar/2020:09:54:26 +0000] "GET /services/portal/ HTTP/1.1" 200 8281 "http://mail.cup.com/mnemo/list.php" "Mozilla/5.0 (X11; Linux x86_64) AppleWebKit/537.36 (KHTML, like Gecko) Ubuntu Chromium/77.0.3865.90 HeadlessChrome/77.0.3865.90 Safari/537.36"
192.168.10.238 - - [02/Mar/2020:09:54:28 +0000] "GET /nag/task.php?tasklist=g293qGxpru4uEA2Mg_fpt4n&task=X_--JYiZvo0nyUd1QZNVMr7&actionID=modify_task&have_search&tab_name=1&url=%2Fnag%2F HTTP/1.1" 200 9316 "http://mail.cup.com/nag/" "Mozilla/5.0 (X11; Linux x86_64) AppleWebKit/537.36 (KHTML, like Gecko) Ubuntu Chromium/77.0.3865.90 HeadlessChrome/77.0.3865.90 Safari/537.36"
192.168.10.238 - - [02/Mar/2020:09:54:30 +0000] "GET /imp/dynamic.php?page=mailbox HTTP/1.1" 200 8752 "http://mail.cup.com/services/portal/" "Mozilla/5.0 (X11; Ubuntu; Linux x86_64; rv:73.0) Gecko/20100101 Firefox/73.0"
192.168.10.238 - - [02/Mar/2020:09:54:30 +0000] "GET /imp/themes/default/screen.css HTTP/1.1" 200 3272 "http://mail.cup.com/imp/dynamic.php?page=mailbox" "Mozilla/5.0 (X11; Ubuntu; Linux x86_64; rv:73.0) Gecko/20100101 Firefox/73.0"
192.168.10.190 - - [02/Mar/2020:09:54:30 +0000] "GET /services/portal/ HTTP/1.1" 200 8079 "http://mail.cup.com/imp/dynamic.php?page=mailbox" "Mozilla/5.0 (X11; Ubuntu; Linux x86_64; rv:73.0) Gecko/20100101 Firefox/73.0"
192.168.10.190 - - [02/Mar/2020:09:54:30 +0000] "GET /imp/dynamic.php?page=mailbox HTTP/1.1" 200 8750 "http://mail.cup.com/services/portal/" "Mozilla/5.0 (X11; Linux x86_64) AppleWebKit/537.36 (KHTML, like Gecko) Ubuntu Chromium/77.0.3865.90 HeadlessChrome/77.0.3865.90 Safari/537.36"
192.168.10.238 - - [02/Mar/2020:09:54:30 +0000] "POST /services/ajax.php/imp/dynamicInit HTTP/1.1" 200 2649 "http://mail.cup.com/imp/dynamic.php?page=mailbox" "Mozilla/5.0 (X11; Ubuntu; Linux x86_64; rv:73.0) Gecko/20100101 Firefox/73.0"
192.168.10.190 - - [02/Mar/2020:09:54:30 +0000] "POST /services/ajax.php/imp/dynamicInit HTTP/1.1" 200 2959 "http://mail.cup.com/imp/dynamic.php?page=mailbox" "Mozilla/5.0 (X11; Linux x86_64) AppleWebKit/537.36 (KHTML, like Gecko) Ubuntu Chromium/77.0.3865.90 HeadlessChrome/77.0.3865.90 Safari/537.36"
192.168.10.238 - - [02/Mar/2020:09:54:32 +0000] "POST /nag/task/save.php HTTP/1.1" 302 411 "http://mail.cup.com/nag/task.php?tasklist=g293qGxpru4uEA2Mg_fpt4n&task=X_--JYiZvo0nyUd1QZNVMr7&actionID=modify_task&have_search&tab_name=1&url=%2Fnag%2F" "Mozilla/5.0 (X11; Linux x86_64) AppleWebKit/537.36 (KHTML, like Gecko) Ubuntu Chromium/77.0.3865.90 HeadlessChrome/77.0.3865.90 Safari/537.36"
192.168.10.238 - - [02/Mar/2020:09:54:32 +0000] "GET /nag/list.php HTTP/1.1" 200 9046 "http://mail.cup.com/nag/task.php?tasklist=g293qGxpru4uEA2Mg_fpt4n&task=X_--JYiZvo0nyUd1QZNVMr7&actionID=modify_task&have_search&tab_name=1&url=%2Fnag%2F" "Mozilla/5.0 (X11; Linux x86_64) AppleWebKit/537.36 (KHTML, like Gecko) Ubuntu Chromium/77.0.3865.90 HeadlessChrome/77.0.3865.90 Safari/537.36"
192.168.10.238 - - [02/Mar/2020:09:54:36 +0000] "POST /services/ajax.php/imp/viewPort HTTP/1.1" 200 2016 "http://mail.cup.com/imp/dynamic.php?page=mailbox" "Mozilla/5.0 (X11; Ubuntu; Linux x86_64; rv:73.0) Gecko/20100101 Firefox/73.0"
192.168.10.190 - - [02/Mar/2020:09:54:37 +0000] "GET /mnemo/ HTTP/1.1" 200 5658 "http://mail.cup.com/services/portal/" "Mozilla/5.0 (X11; Ubuntu; Linux x86_64; rv:73.0) Gecko/20100101 Firefox/73.0"
192.168.10.190 - - [02/Mar/2020:09:54:37 +0000] "GET /mnemo/themes/default/graphics/mnemo.png HTTP/1.1" 200 665 "http://mail.cup.com/mnemo/themes/default/screen.css" "Mozilla/5.0 (X11; Ubuntu; Linux x86_64; rv:73.0) Gecko/20100101 Firefox/73.0"
192.168.10.190 - - [02/Mar/2020:09:54:37 +0000] "GET /mnemo/themes/default/graphics/search.png HTTP/1.1" 200 729 "http://mail.cup.com/mnemo/themes/default/screen.css" "Mozilla/5.0 (X11; Ubuntu; Linux x86_64; rv:73.0) Gecko/20100101 Firefox/73.0"
192.168.10.190 - - [02/Mar/2020:09:54:37 +0000] "POST /services/ajax.php/imp/viewPort HTTP/1.1" 200 2291 "http://mail.cup.com/imp/dynamic.php?page=mailbox" "Mozilla/5.0 (X11; Linux x86_64) AppleWebKit/537.36 (KHTML, like Gecko) Ubuntu Chromium/77.0.3865.90 HeadlessChrome/77.0.3865.90 Safari/537.36"
192.168.10.190 - - [02/Mar/2020:09:54:44 +0000] "POST /services/ajax.php/imp/showMessage HTTP/1.1" 200 3281 "http://mail.cup.com/imp/dynamic.php?page=mailbox" "Mozilla/5.0 (X11; Linux x86_64) AppleWebKit/537.36 (KHTML, like Gecko) Ubuntu Chromium/77.0.3865.90 HeadlessChrome/77.0.3865.90 Safari/537.36"
192.168.10.238 - - [02/Mar/2020:09:54:45 +0000] "POST /services/ajax.php/imp/showMessage HTTP/1.1" 200 2937 "http://mail.cup.com/imp/dynamic.php?page=mailbox" "Mozilla/5.0 (X11; Ubuntu; Linux x86_64; rv:73.0) Gecko/20100101 Firefox/73.0"
192.168.10.190 - - [02/Mar/2020:09:54:51 +0000] "GET /imp/dynamic.php?page=message&buid=104&mailbox=SU5CT1g&token=Xikf4UAAcRmGaGNAt7LeFzC&uniq=1583142891284 HTTP/1.1" 200 8311 "http://mail.cup.com/imp/dynamic.php?page=mailbox" "Mozilla/5.0 (X11; Linux x86_64) AppleWebKit/537.36 (KHTML, like Gecko) Ubuntu Chromium/77.0.3865.90 HeadlessChrome/77.0.3865.90 Safari/537.36"
192.168.10.238 - - [02/Mar/2020:09:54:54 +0000] "GET /imp/dynamic.php?page=message&buid=93&mailbox=SU5CT1g&token=30nsRWFtX13wFV74rqkjTt5&uniq=1583142893723 HTTP/1.1" 200 7979 "http://mail.cup.com/imp/dynamic.php?page=mailbox" "Mozilla/5.0 (X11; Ubuntu; Linux x86_64; rv:73.0) Gecko/20100101 Firefox/73.0"
192.168.10.238 - - [02/Mar/2020:09:54:54 +0000] "GET /imp/themes/default/graphics/close.png HTTP/1.1" 200 757 "http://mail.cup.com/imp/themes/default/screen.css" "Mozilla/5.0 (X11; Ubuntu; Linux x86_64; rv:73.0) Gecko/20100101 Firefox/73.0"
192.168.10.190 - - [02/Mar/2020:09:54:54 +0000] "POST /services/ajax.php/imp/getReplyData HTTP/1.1" 200 1788 "http://mail.cup.com/imp/dynamic.php?page=message&buid=104&mailbox=SU5CT1g&token=Xikf4UAAcRmGaGNAt7LeFzC&uniq=1583142891284" "Mozilla/5.0 (X11; Linux x86_64) AppleWebKit/537.36 (KHTML, like Gecko) Ubuntu Chromium/77.0.3865.90 HeadlessChrome/77.0.3865.90 Safari/537.36"
192.168.10.238 - - [02/Mar/2020:09:54:56 +0000] "POST /services/ajax.php/imp/getReplyData HTTP/1.1" 200 1283 "http://mail.cup.com/imp/dynamic.php?page=message&buid=93&mailbox=SU5CT1g&token=30nsRWFtX13wFV74rqkjTt5&uniq=1583142893723" "Mozilla/5.0 (X11; Ubuntu; Linux x86_64; rv:73.0) Gecko/20100101 Firefox/73.0"
192.168.10.190 - - [02/Mar/2020:09:55:00 +0000] "POST /services/ajax.php/imp/addAttachment?jsonhtml=1&token=Xikf4UAAcRmGaGNAt7LeFzC HTTP/1.1" 200 1217 "http://mail.cup.com/imp/dynamic.php?page=message&buid=104&mailbox=SU5CT1g&token=Xikf4UAAcRmGaGNAt7LeFzC&uniq=1583142891284" "Mozilla/5.0 (X11; Linux x86_64) AppleWebKit/537.36 (KHTML, like Gecko) Ubuntu Chromium/77.0.3865.90 HeadlessChrome/77.0.3865.90 Safari/537.36"
192.168.10.238 - - [02/Mar/2020:09:55:03 +0000] "POST /services/ajax.php/imp/sendMessage HTTP/1.1" 200 618 "http://mail.cup.com/imp/dynamic.php?page=message&buid=93&mailbox=SU5CT1g&token=30nsRWFtX13wFV74rqkjTt5&uniq=1583142893723" "Mozilla/5.0 (X11; Ubuntu; Linux x86_64; rv:73.0) Gecko/20100101 Firefox/73.0"
192.168.10.190 - - [02/Mar/2020:09:55:03 +0000] "POST /services/ajax.php/imp/sendMessage HTTP/1.1" 200 629 "http://mail.cup.com/imp/dynamic.php?page=message&buid=104&mailbox=SU5CT1g&token=Xikf4UAAcRmGaGNAt7LeFzC&uniq=1583142891284" "Mozilla/5.0 (X11; Linux x86_64) AppleWebKit/537.36 (KHTML, like Gecko) Ubuntu Chromium/77.0.3865.90 HeadlessChrome/77.0.3865.90 Safari/537.36"
192.168.10.238 - - [02/Mar/2020:09:55:06 +0000] "GET /services/portal/ HTTP/1.1" 200 9133 "http://mail.cup.com/nag/list.php" "Mozilla/5.0 (X11; Linux x86_64) AppleWebKit/537.36 (KHTML, like Gecko) Ubuntu Chromium/77.0.3865.90 HeadlessChrome/77.0.3865.90 Safari/537.36"
192.168.10.238 - - [02/Mar/2020:09:55:14 +0000] "GET /services/prefs.php?app=horde HTTP/1.1" 200 3655 "http://mail.cup.com/services/portal/" "Mozilla/5.0 (X11; Linux x86_64) AppleWebKit/537.36 (KHTML, like Gecko) Ubuntu Chromium/77.0.3865.90 HeadlessChrome/77.0.3865.90 Safari/537.36"
192.168.10.190 - - [02/Mar/2020:09:55:15 +0000] "GET /mnemo/memo.php?memo=xYbooP8UxLxdg0Abc7j8NAn&memolist=n7q5eVS5QnBXB8YYtvjk8UQ&actionID=modify_memo HTTP/1.1" 200 6108 "http://mail.cup.com/mnemo/" "Mozilla/5.0 (X11; Ubuntu; Linux x86_64; rv:73.0) Gecko/20100101 Firefox/73.0"
192.168.10.238 - - [02/Mar/2020:09:55:19 +0000] "GET /services/prefs.php?app=horde&group=identities HTTP/1.1" 200 4577 "http://mail.cup.com/services/prefs.php?app=horde" "Mozilla/5.0 (X11; Linux x86_64) AppleWebKit/537.36 (KHTML, like Gecko) Ubuntu Chromium/77.0.3865.90 HeadlessChrome/77.0.3865.90 Safari/537.36"
192.168.10.190 - - [02/Mar/2020:09:55:19 +0000] "GET /mnemo/memo.php?memo=xYbooP8UxLxdg0Abc7j8NAn&memolist=n7q5eVS5QnBXB8YYtvjk8UQ&actionID=delete_memos HTTP/1.1" 302 413 "http://mail.cup.com/mnemo/memo.php?memo=xYbooP8UxLxdg0Abc7j8NAn&memolist=n7q5eVS5QnBXB8YYtvjk8UQ&actionID=modify_memo" "Mozilla/5.0 (X11; Ubuntu; Linux x86_64; rv:73.0) Gecko/20100101 Firefox/73.0"
192.168.10.190 - - [02/Mar/2020:09:55:19 +0000] "GET /mnemo/list.php HTTP/1.1" 200 5666 "http://mail.cup.com/mnemo/memo.php?memo=xYbooP8UxLxdg0Abc7j8NAn&memolist=n7q5eVS5QnBXB8YYtvjk8UQ&actionID=modify_memo" "Mozilla/5.0 (X11; Ubuntu; Linux x86_64; rv:73.0) Gecko/20100101 Firefox/73.0"
192.168.10.238 - - [02/Mar/2020:09:55:23 +0000] "POST /services/prefs.php HTTP/1.1" 200 4606 "http://mail.cup.com/services/prefs.php?app=horde&group=identities" "Mozilla/5.0 (X11; Linux x86_64) AppleWebKit/537.36 (KHTML, like Gecko) Ubuntu Chromium/77.0.3865.90 HeadlessChrome/77.0.3865.90 Safari/537.36"
::1 - - [02/Mar/2020:09:55:31 +0000] "OPTIONS * HTTP/1.0" 200 110 "-" "Apache/2.4.25 (Debian) OpenSSL/1.0.2u (internal dummy connection)"
192.168.10.238 - - [02/Mar/2020:09:55:32 +0000] "GET /services/prefs.php?app=horde HTTP/1.1" 200 3654 "http://mail.cup.com/services/prefs.php" "Mozilla/5.0 (X11; Linux x86_64) AppleWebKit/537.36 (KHTML, like Gecko) Ubuntu Chromium/77.0.3865.90 HeadlessChrome/77.0.3865.90 Safari/537.36"
192.168.10.238 - - [02/Mar/2020:09:55:36 +0000] "GET /services/prefs.php?app=imp HTTP/1.1" 200 4027 "http://mail.cup.com/services/prefs.php?app=horde" "Mozilla/5.0 (X11; Linux x86_64) AppleWebKit/537.36 (KHTML, like Gecko) Ubuntu Chromium/77.0.3865.90 HeadlessChrome/77.0.3865.90 Safari/537.36"
192.168.10.238 - - [02/Mar/2020:09:55:39 +0000] "GET /services/prefs.php?app=imp&group=delmove HTTP/1.1" 200 5539 "http://mail.cup.com/services/prefs.php?app=imp" "Mozilla/5.0 (X11; Linux x86_64) AppleWebKit/537.36 (KHTML, like Gecko) Ubuntu Chromium/77.0.3865.90 HeadlessChrome/77.0.3865.90 Safari/537.36"
192.168.10.190 - - [02/Mar/2020:09:55:44 +0000] "GET /services/portal/ HTTP/1.1" 200 8259 "http://mail.cup.com/imp/dynamic.php?page=mailbox" "Mozilla/5.0 (X11; Linux x86_64) AppleWebKit/537.36 (KHTML, like Gecko) Ubuntu Chromium/77.0.3865.90 HeadlessChrome/77.0.3865.90 Safari/537.36"
192.168.10.238 - - [02/Mar/2020:09:55:45 +0000] "GET /services/portal/ HTTP/1.1" 200 8218 "http://mail.cup.com/imp/dynamic.php?page=mailbox" "Mozilla/5.0 (X11; Ubuntu; Linux x86_64; rv:73.0) Gecko/20100101 Firefox/73.0"
192.168.10.238 - - [02/Mar/2020:09:55:45 +0000] "GET /themes/default/graphics/tabset.png HTTP/1.1" 200 372 "http://mail.cup.com/themes/default/screen.css" "Mozilla/5.0 (X11; Ubuntu; Linux x86_64; rv:73.0) Gecko/20100101 Firefox/73.0"
192.168.10.190 - - [02/Mar/2020:09:55:47 +0000] "GET /login.php?horde_logout_token=Xikf4UAAcRmGaGNAt7LeFzC&logout_reason=4 HTTP/1.1" 200 3839 "http://mail.cup.com/services/portal/" "Mozilla/5.0 (X11; Linux x86_64) AppleWebKit/537.36 (KHTML, like Gecko) Ubuntu Chromium/77.0.3865.90 HeadlessChrome/77.0.3865.90 Safari/537.36"
192.168.10.238 - - [02/Mar/2020:09:55:51 +0000] "GET /mnemo/ HTTP/1.1" 200 6091 "http://mail.cup.com/services/portal/" "Mozilla/5.0 (X11; Ubuntu; Linux x86_64; rv:73.0) Gecko/20100101 Firefox/73.0"
192.168.10.238 - - [02/Mar/2020:09:55:51 +0000] "GET /mnemo/themes/default/screen.css HTTP/1.1" 200 1023 "http://mail.cup.com/mnemo/" "Mozilla/5.0 (X11; Ubuntu; Linux x86_64; rv:73.0) Gecko/20100101 Firefox/73.0"
192.168.10.238 - - [02/Mar/2020:09:55:52 +0000] "POST /services/prefs.php HTTP/1.1" 200 5639 "http://mail.cup.com/services/prefs.php?app=imp&group=delmove" "Mozilla/5.0 (X11; Linux x86_64) AppleWebKit/537.36 (KHTML, like Gecko) Ubuntu Chromium/77.0.3865.90 HeadlessChrome/77.0.3865.90 Safari/537.36"
192.168.10.190 - - [02/Mar/2020:09:55:56 +0000] "GET /services/portal/ HTTP/1.1" 200 8024 "http://mail.cup.com/mnemo/list.php" "Mozilla/5.0 (X11; Ubuntu; Linux x86_64; rv:73.0) Gecko/20100101 Firefox/73.0"
192.168.10.190 - - [02/Mar/2020:09:55:59 +0000] "GET /nag/ HTTP/1.1" 200 8257 "http://mail.cup.com/services/portal/" "Mozilla/5.0 (X11; Ubuntu; Linux x86_64; rv:73.0) Gecko/20100101 Firefox/73.0"
192.168.10.238 - - [02/Mar/2020:09:56:01 +0000] "POST /services/prefs.php HTTP/1.1" 200 5637 "http://mail.cup.com/services/prefs.php" "Mozilla/5.0 (X11; Linux x86_64) AppleWebKit/537.36 (KHTML, like Gecko) Ubuntu Chromium/77.0.3865.90 HeadlessChrome/77.0.3865.90 Safari/537.36"
192.168.10.238 - - [02/Mar/2020:09:56:30 +0000] "GET /mnemo/memo.php?actionID=add_memo HTTP/1.1" 200 5980 "http://mail.cup.com/mnemo/" "Mozilla/5.0 (X11; Ubuntu; Linux x86_64; rv:73.0) Gecko/20100101 Firefox/73.0"
192.168.10.238 - - [02/Mar/2020:09:56:35 +0000] "GET /services/portal/ HTTP/1.1" 200 9171 "http://mail.cup.com/services/prefs.php" "Mozilla/5.0 (X11; Linux x86_64) AppleWebKit/537.36 (KHTML, like Gecko) Ubuntu Chromium/77.0.3865.90 HeadlessChrome/77.0.3865.90 Safari/537.36"
192.168.10.238 - - [02/Mar/2020:09:56:40 +0000] "GET /kronolith/ HTTP/1.1" 200 24707 "http://mail.cup.com/services/portal/" "Mozilla/5.0 (X11; Linux x86_64) AppleWebKit/537.36 (KHTML, like Gecko) Ubuntu Chromium/77.0.3865.90 HeadlessChrome/77.0.3865.90 Safari/537.36"
192.168.10.238 - - [02/Mar/2020:09:56:40 +0000] "POST /services/ajax.php/kronolith/listCalendars HTTP/1.1" 200 973 "http://mail.cup.com/kronolith/" "Mozilla/5.0 (X11; Linux x86_64) AppleWebKit/537.36 (KHTML, like Gecko) Ubuntu Chromium/77.0.3865.90 HeadlessChrome/77.0.3865.90 Safari/537.36"
192.168.10.238 - - [02/Mar/2020:09:56:41 +0000] "POST /services/ajax.php/horde/imple?token=30nsRWFtX13wFV74rqkjTt5&app=mnemo&imple=Mnemo_Ajax_Imple_TagAutoCompleter&input=memo_tags HTTP/1.1" 200 371 "http://mail.cup.com/mnemo/memo.php?actionID=add_memo" "Mozilla/5.0 (X11; Ubuntu; Linux x86_64; rv:73.0) Gecko/20100101 Firefox/73.0"
192.168.10.238 - - [02/Mar/2020:09:56:41 +0000] "POST /services/ajax.php/kronolith/listEvents HTTP/1.1" 200 549 "http://mail.cup.com/kronolith/" "Mozilla/5.0 (X11; Linux x86_64) AppleWebKit/537.36 (KHTML, like Gecko) Ubuntu Chromium/77.0.3865.90 HeadlessChrome/77.0.3865.90 Safari/537.36"
192.168.10.238 - - [02/Mar/2020:09:56:41 +0000] "POST /services/ajax.php/kronolith/listEvents HTTP/1.1" 200 1389 "http://mail.cup.com/kronolith/" "Mozilla/5.0 (X11; Linux x86_64) AppleWebKit/537.36 (KHTML, like Gecko) Ubuntu Chromium/77.0.3865.90 HeadlessChrome/77.0.3865.90 Safari/537.36"
192.168.10.190 - - [02/Mar/2020:09:56:41 +0000] "GET /nag/task.php?tasklist=-tuA1UJG7ilRa4A_Y2M_t3c&task=WZAOGgPvpna2SEAYrMMzPjo&actionID=modify_task&have_search&tab_name=1&url=%2Fnag%2F HTTP/1.1" 200 9095 "http://mail.cup.com/nag/" "Mozilla/5.0 (X11; Ubuntu; Linux x86_64; rv:73.0) Gecko/20100101 Firefox/73.0"
192.168.10.238 - - [02/Mar/2020:09:56:44 +0000] "POST /mnemo/memo.php HTTP/1.1" 302 413 "http://mail.cup.com/mnemo/memo.php?actionID=add_memo" "Mozilla/5.0 (X11; Ubuntu; Linux x86_64; rv:73.0) Gecko/20100101 Firefox/73.0"
192.168.10.238 - - [02/Mar/2020:09:56:45 +0000] "GET /mnemo/list.php HTTP/1.1" 200 6290 "http://mail.cup.com/mnemo/memo.php?actionID=add_memo" "Mozilla/5.0 (X11; Ubuntu; Linux x86_64; rv:73.0) Gecko/20100101 Firefox/73.0"
192.168.10.190 - - [02/Mar/2020:09:56:45 +0000] "POST /nag/task/save.php HTTP/1.1" 302 411 "http://mail.cup.com/nag/task.php?tasklist=-tuA1UJG7ilRa4A_Y2M_t3c&task=WZAOGgPvpna2SEAYrMMzPjo&actionID=modify_task&have_search&tab_name=1&url=%2Fnag%2F" "Mozilla/5.0 (X11; Ubuntu; Linux x86_64; rv:73.0) Gecko/20100101 Firefox/73.0"
192.168.10.190 - - [02/Mar/2020:09:56:45 +0000] "GET /nag/list.php HTTP/1.1" 200 7918 "http://mail.cup.com/nag/task.php?tasklist=-tuA1UJG7ilRa4A_Y2M_t3c&task=WZAOGgPvpna2SEAYrMMzPjo&actionID=modify_task&have_search&tab_name=1&url=%2Fnag%2F" "Mozilla/5.0 (X11; Ubuntu; Linux x86_64; rv:73.0) Gecko/20100101 Firefox/73.0"
192.168.10.4 - - [02/Mar/2020:09:56:54 +0000] "GET /login.php HTTP/1.1" 200 2532 "-" "Mozilla/5.0 (X11; Linux x86_64) AppleWebKit/537.36 (KHTML, like Gecko) Ubuntu Chromium/77.0.3865.90 HeadlessChrome/77.0.3865.90 Safari/537.36"
192.168.10.4 - - [02/Mar/2020:09:57:04 +0000] "POST /login.php HTTP/1.1" 302 601 "http://mail.cup.com/login.php" "Mozilla/5.0 (X11; Linux x86_64) AppleWebKit/537.36 (KHTML, like Gecko) Ubuntu Chromium/77.0.3865.90 HeadlessChrome/77.0.3865.90 Safari/537.36"
192.168.10.4 - - [02/Mar/2020:09:57:04 +0000] "GET /services/portal/ HTTP/1.1" 200 9131 "http://mail.cup.com/login.php" "Mozilla/5.0 (X11; Linux x86_64) AppleWebKit/537.36 (KHTML, like Gecko) Ubuntu Chromium/77.0.3865.90 HeadlessChrome/77.0.3865.90 Safari/537.36"
192.168.10.4 - - [02/Mar/2020:09:57:08 +0000] "GET /nag/ HTTP/1.1" 200 5219 "http://mail.cup.com/services/portal/" "Mozilla/5.0 (X11; Linux x86_64) AppleWebKit/537.36 (KHTML, like Gecko) Ubuntu Chromium/77.0.3865.90 HeadlessChrome/77.0.3865.90 Safari/537.36"
192.168.10.238 - - [02/Mar/2020:09:57:18 +0000] "POST /services/ajax.php/kronolith/getEvent HTTP/1.1" 200 672 "http://mail.cup.com/kronolith/" "Mozilla/5.0 (X11; Linux x86_64) AppleWebKit/537.36 (KHTML, like Gecko) Ubuntu Chromium/77.0.3865.90 HeadlessChrome/77.0.3865.90 Safari/537.36"
192.168.10.238 - - [02/Mar/2020:09:57:18 +0000] "POST /services/ajax.php/kronolith/listTopTags HTTP/1.1" 200 457 "http://mail.cup.com/kronolith/" "Mozilla/5.0 (X11; Linux x86_64) AppleWebKit/537.36 (KHTML, like Gecko) Ubuntu Chromium/77.0.3865.90 HeadlessChrome/77.0.3865.90 Safari/537.36"
192.168.10.238 - - [02/Mar/2020:09:57:20 +0000] "GET /services/portal/ HTTP/1.1" 200 8290 "http://mail.cup.com/mnemo/list.php" "Mozilla/5.0 (X11; Ubuntu; Linux x86_64; rv:73.0) Gecko/20100101 Firefox/73.0"
192.168.10.190 - - [02/Mar/2020:09:57:22 +0000] "GET /services/portal/ HTTP/1.1" 200 7603 "http://mail.cup.com/nag/list.php" "Mozilla/5.0 (X11; Ubuntu; Linux x86_64; rv:73.0) Gecko/20100101 Firefox/73.0"
192.168.10.238 - - [02/Mar/2020:09:57:24 +0000] "GET /nag/ HTTP/1.1" 200 8058 "http://mail.cup.com/services/portal/" "Mozilla/5.0 (X11; Ubuntu; Linux x86_64; rv:73.0) Gecko/20100101 Firefox/73.0"
192.168.10.190 - - [02/Mar/2020:09:57:25 +0000] "GET /mnemo/ HTTP/1.1" 200 5559 "http://mail.cup.com/services/portal/" "Mozilla/5.0 (X11; Ubuntu; Linux x86_64; rv:73.0) Gecko/20100101 Firefox/73.0"
192.168.10.238 - - [02/Mar/2020:09:57:28 +0000] "POST /services/ajax.php/kronolith/deleteEvent HTTP/1.1" 200 533 "http://mail.cup.com/kronolith/" "Mozilla/5.0 (X11; Linux x86_64) AppleWebKit/537.36 (KHTML, like Gecko) Ubuntu Chromium/77.0.3865.90 HeadlessChrome/77.0.3865.90 Safari/537.36"
192.168.10.238 - - [02/Mar/2020:09:57:36 +0000] "GET /services/portal/ HTTP/1.1" 200 9128 "http://mail.cup.com/kronolith/" "Mozilla/5.0 (X11; Linux x86_64) AppleWebKit/537.36 (KHTML, like Gecko) Ubuntu Chromium/77.0.3865.90 HeadlessChrome/77.0.3865.90 Safari/537.36"
192.168.10.238 - - [02/Mar/2020:09:57:40 +0000] "GET /nag/ HTTP/1.1" 200 8908 "http://mail.cup.com/services/portal/" "Mozilla/5.0 (X11; Linux x86_64) AppleWebKit/537.36 (KHTML, like Gecko) Ubuntu Chromium/77.0.3865.90 HeadlessChrome/77.0.3865.90 Safari/537.36"
192.168.10.4 - - [02/Mar/2020:09:57:45 +0000] "GET /nag/task.php?actionID=add_task HTTP/1.1" 200 8889 "http://mail.cup.com/nag/" "Mozilla/5.0 (X11; Linux x86_64) AppleWebKit/537.36 (KHTML, like Gecko) Ubuntu Chromium/77.0.3865.90 HeadlessChrome/77.0.3865.90 Safari/537.36"
192.168.10.4 - - [02/Mar/2020:09:57:58 +0000] "POST /services/ajax.php/horde/imple?token=_07pN-ullzFeH2azW1_O57P&app=nag&imple=Nag_Ajax_Imple_TagAutoCompleter&input=tags HTTP/1.1" 200 378 "http://mail.cup.com/nag/task.php?actionID=add_task" "Mozilla/5.0 (X11; Linux x86_64) AppleWebKit/537.36 (KHTML, like Gecko) Ubuntu Chromium/77.0.3865.90 HeadlessChrome/77.0.3865.90 Safari/537.36"
192.168.10.238 - - [02/Mar/2020:09:58:03 +0000] "GET /nag/task.php?actionID=add_task HTTP/1.1" 200 8993 "http://mail.cup.com/nag/" "Mozilla/5.0 (X11; Ubuntu; Linux x86_64; rv:73.0) Gecko/20100101 Firefox/73.0"
192.168.10.190 - - [02/Mar/2020:09:58:06 +0000] "GET /mnemo/memo.php?actionID=add_memo HTTP/1.1" 200 5978 "http://mail.cup.com/mnemo/" "Mozilla/5.0 (X11; Ubuntu; Linux x86_64; rv:73.0) Gecko/20100101 Firefox/73.0"
192.168.10.238 - - [02/Mar/2020:09:58:18 +0000] "POST /services/ajax.php/horde/imple?token=30nsRWFtX13wFV74rqkjTt5&app=nag&imple=Nag_Ajax_Imple_TagAutoCompleter&input=tags HTTP/1.1" 200 371 "http://mail.cup.com/nag/task.php?actionID=add_task" "Mozilla/5.0 (X11; Ubuntu; Linux x86_64; rv:73.0) Gecko/20100101 Firefox/73.0"
192.168.10.238 - - [02/Mar/2020:09:58:19 +0000] "GET /nag/task.php?actionID=add_task HTTP/1.1" 200 9146 "http://mail.cup.com/nag/" "Mozilla/5.0 (X11; Linux x86_64) AppleWebKit/537.36 (KHTML, like Gecko) Ubuntu Chromium/77.0.3865.90 HeadlessChrome/77.0.3865.90 Safari/537.36"
192.168.10.190 - - [02/Mar/2020:09:58:19 +0000] "POST /services/ajax.php/horde/imple?token=wrb4nNU9pVJdrhs5uAnbtl2&app=mnemo&imple=Mnemo_Ajax_Imple_TagAutoCompleter&input=memo_tags HTTP/1.1" 200 371 "http://mail.cup.com/mnemo/memo.php?actionID=add_memo" "Mozilla/5.0 (X11; Ubuntu; Linux x86_64; rv:73.0) Gecko/20100101 Firefox/73.0"
192.168.10.190 - - [02/Mar/2020:09:58:24 +0000] "POST /mnemo/memo.php HTTP/1.1" 302 414 "http://mail.cup.com/mnemo/memo.php?actionID=add_memo" "Mozilla/5.0 (X11; Ubuntu; Linux x86_64; rv:73.0) Gecko/20100101 Firefox/73.0"
192.168.10.190 - - [02/Mar/2020:09:58:25 +0000] "GET /mnemo/list.php HTTP/1.1" 200 5764 "http://mail.cup.com/mnemo/memo.php?actionID=add_memo" "Mozilla/5.0 (X11; Ubuntu; Linux x86_64; rv:73.0) Gecko/20100101 Firefox/73.0"
192.168.10.4 - - [02/Mar/2020:09:58:26 +0000] "POST /nag/task/save.php HTTP/1.1" 302 412 "http://mail.cup.com/nag/task.php?actionID=add_task" "Mozilla/5.0 (X11; Linux x86_64) AppleWebKit/537.36 (KHTML, like Gecko) Ubuntu Chromium/77.0.3865.90 HeadlessChrome/77.0.3865.90 Safari/537.36"
192.168.10.4 - - [02/Mar/2020:09:58:26 +0000] "GET /nag/list.php HTTP/1.1" 200 7913 "http://mail.cup.com/nag/task.php?actionID=add_task" "Mozilla/5.0 (X11; Linux x86_64) AppleWebKit/537.36 (KHTML, like Gecko) Ubuntu Chromium/77.0.3865.90 HeadlessChrome/77.0.3865.90 Safari/537.36"
192.168.10.238 - - [02/Mar/2020:09:58:30 +0000] "POST /services/ajax.php/horde/imple?token=IBK6PLd_tAxeQDaRjYdbJYS&app=nag&imple=Nag_Ajax_Imple_TagAutoCompleter&input=tags HTTP/1.1" 200 371 "http://mail.cup.com/nag/task.php?actionID=add_task" "Mozilla/5.0 (X11; Linux x86_64) AppleWebKit/537.36 (KHTML, like Gecko) Ubuntu Chromium/77.0.3865.90 HeadlessChrome/77.0.3865.90 Safari/537.36"
192.168.10.238 - - [02/Mar/2020:09:58:49 +0000] "POST /nag/task/save.php HTTP/1.1" 302 412 "http://mail.cup.com/nag/task.php?actionID=add_task" "Mozilla/5.0 (X11; Ubuntu; Linux x86_64; rv:73.0) Gecko/20100101 Firefox/73.0"
192.168.10.238 - - [02/Mar/2020:09:58:49 +0000] "GET /nag/list.php HTTP/1.1" 200 8265 "http://mail.cup.com/nag/task.php?actionID=add_task" "Mozilla/5.0 (X11; Ubuntu; Linux x86_64; rv:73.0) Gecko/20100101 Firefox/73.0"
192.168.10.238 - - [02/Mar/2020:09:58:49 +0000] "GET /themes/default/graphics/tablehead-bg.png HTTP/1.1" 200 340 "http://mail.cup.com/themes/default/screen.css" "Mozilla/5.0 (X11; Ubuntu; Linux x86_64; rv:73.0) Gecko/20100101 Firefox/73.0"
192.168.10.190 - - [02/Mar/2020:09:58:57 +0000] "GET /services/portal/ HTTP/1.1" 200 7695 "http://mail.cup.com/mnemo/list.php" "Mozilla/5.0 (X11; Ubuntu; Linux x86_64; rv:73.0) Gecko/20100101 Firefox/73.0"
192.168.10.238 - - [02/Mar/2020:09:58:58 +0000] "POST /nag/task/save.php HTTP/1.1" 302 412 "http://mail.cup.com/nag/task.php?actionID=add_task" "Mozilla/5.0 (X11; Linux x86_64) AppleWebKit/537.36 (KHTML, like Gecko) Ubuntu Chromium/77.0.3865.90 HeadlessChrome/77.0.3865.90 Safari/537.36"
192.168.10.238 - - [02/Mar/2020:09:58:58 +0000] "GET /nag/list.php HTTP/1.1" 200 9137 "http://mail.cup.com/nag/task.php?actionID=add_task" "Mozilla/5.0 (X11; Linux x86_64) AppleWebKit/537.36 (KHTML, like Gecko) Ubuntu Chromium/77.0.3865.90 HeadlessChrome/77.0.3865.90 Safari/537.36"
192.168.10.4 - - [02/Mar/2020:09:59:01 +0000] "GET /services/portal/ HTTP/1.1" 200 10048 "http://mail.cup.com/nag/list.php" "Mozilla/5.0 (X11; Linux x86_64) AppleWebKit/537.36 (KHTML, like Gecko) Ubuntu Chromium/77.0.3865.90 HeadlessChrome/77.0.3865.90 Safari/537.36"
192.168.10.190 - - [02/Mar/2020:09:59:02 +0000] "GET /mnemo/ HTTP/1.1" 200 5644 "http://mail.cup.com/services/portal/" "Mozilla/5.0 (X11; Ubuntu; Linux x86_64; rv:73.0) Gecko/20100101 Firefox/73.0"
192.168.10.4 - - [02/Mar/2020:09:59:06 +0000] "GET /turba/ HTTP/1.1" 200 4339 "http://mail.cup.com/services/portal/" "Mozilla/5.0 (X11; Linux x86_64) AppleWebKit/537.36 (KHTML, like Gecko) Ubuntu Chromium/77.0.3865.90 HeadlessChrome/77.0.3865.90 Safari/537.36"
192.168.10.4 - - [02/Mar/2020:09:59:11 +0000] "GET /turba/browse.php HTTP/1.1" 200 5342 "http://mail.cup.com/turba/" "Mozilla/5.0 (X11; Linux x86_64) AppleWebKit/537.36 (KHTML, like Gecko) Ubuntu Chromium/77.0.3865.90 HeadlessChrome/77.0.3865.90 Safari/537.36"
192.168.10.4 - - [02/Mar/2020:09:59:14 +0000] "GET /turba/contact.php?source=nnOSrkWodjzQ70mWgoNcyGd&key=65Am9MCzvbsq8EsA64H1hNY HTTP/1.1" 200 21070 "http://mail.cup.com/turba/browse.php" "Mozilla/5.0 (X11; Linux x86_64) AppleWebKit/537.36 (KHTML, like Gecko) Ubuntu Chromium/77.0.3865.90 HeadlessChrome/77.0.3865.90 Safari/537.36"
192.168.10.4 - - [02/Mar/2020:09:59:22 +0000] "POST /turba/delete.php HTTP/1.1" 302 416 "http://mail.cup.com/turba/contact.php?source=nnOSrkWodjzQ70mWgoNcyGd&key=65Am9MCzvbsq8EsA64H1hNY" "Mozilla/5.0 (X11; Linux x86_64) AppleWebKit/537.36 (KHTML, like Gecko) Ubuntu Chromium/77.0.3865.90 HeadlessChrome/77.0.3865.90 Safari/537.36"
192.168.10.4 - - [02/Mar/2020:09:59:22 +0000] "GET /turba/search.php HTTP/1.1" 200 4432 "http://mail.cup.com/turba/contact.php?source=nnOSrkWodjzQ70mWgoNcyGd&key=65Am9MCzvbsq8EsA64H1hNY" "Mozilla/5.0 (X11; Linux x86_64) AppleWebKit/537.36 (KHTML, like Gecko) Ubuntu Chromium/77.0.3865.90 HeadlessChrome/77.0.3865.90 Safari/537.36"
192.168.10.238 - - [02/Mar/2020:09:59:24 +0000] "GET /services/portal/ HTTP/1.1" 200 8346 "http://mail.cup.com/nag/list.php" "Mozilla/5.0 (X11; Ubuntu; Linux x86_64; rv:73.0) Gecko/20100101 Firefox/73.0"
192.168.10.238 - - [02/Mar/2020:09:59:28 +0000] "GET /mnemo/ HTTP/1.1" 200 6173 "http://mail.cup.com/services/portal/" "Mozilla/5.0 (X11; Ubuntu; Linux x86_64; rv:73.0) Gecko/20100101 Firefox/73.0"
192.168.10.238 - - [02/Mar/2020:09:59:29 +0000] "GET /mnemo/themes/default/graphics/mnemo.png HTTP/1.1" 200 665 "http://mail.cup.com/mnemo/themes/default/screen.css" "Mozilla/5.0 (X11; Ubuntu; Linux x86_64; rv:73.0) Gecko/20100101 Firefox/73.0"
192.168.10.238 - - [02/Mar/2020:09:59:31 +0000] "GET /services/portal/ HTTP/1.1" 200 9231 "http://mail.cup.com/nag/list.php" "Mozilla/5.0 (X11; Linux x86_64) AppleWebKit/537.36 (KHTML, like Gecko) Ubuntu Chromium/77.0.3865.90 HeadlessChrome/77.0.3865.90 Safari/537.36"
192.168.10.238 - - [02/Mar/2020:09:59:35 +0000] "GET /imp/dynamic.php?page=mailbox HTTP/1.1" 200 8749 "http://mail.cup.com/services/portal/" "Mozilla/5.0 (X11; Linux x86_64) AppleWebKit/537.36 (KHTML, like Gecko) Ubuntu Chromium/77.0.3865.90 HeadlessChrome/77.0.3865.90 Safari/537.36"
192.168.10.238 - - [02/Mar/2020:09:59:35 +0000] "POST /services/ajax.php/imp/dynamicInit HTTP/1.1" 200 1825 "http://mail.cup.com/imp/dynamic.php?page=mailbox" "Mozilla/5.0 (X11; Linux x86_64) AppleWebKit/537.36 (KHTML, like Gecko) Ubuntu Chromium/77.0.3865.90 HeadlessChrome/77.0.3865.90 Safari/537.36"
192.168.10.190 - - [02/Mar/2020:09:59:38 +0000] "GET /mnemo/memo.php?actionID=add_memo HTTP/1.1" 200 5979 "http://mail.cup.com/mnemo/" "Mozilla/5.0 (X11; Ubuntu; Linux x86_64; rv:73.0) Gecko/20100101 Firefox/73.0"
192.168.10.238 - - [02/Mar/2020:09:59:42 +0000] "POST /services/ajax.php/imp/viewPort HTTP/1.1" 200 1186 "http://mail.cup.com/imp/dynamic.php?page=mailbox" "Mozilla/5.0 (X11; Linux x86_64) AppleWebKit/537.36 (KHTML, like Gecko) Ubuntu Chromium/77.0.3865.90 HeadlessChrome/77.0.3865.90 Safari/537.36"
192.168.10.190 - - [02/Mar/2020:09:59:46 +0000] "POST /services/ajax.php/horde/imple?token=wrb4nNU9pVJdrhs5uAnbtl2&app=mnemo&imple=Mnemo_Ajax_Imple_TagAutoCompleter&input=memo_tags HTTP/1.1" 200 371 "http://mail.cup.com/mnemo/memo.php?actionID=add_memo" "Mozilla/5.0 (X11; Ubuntu; Linux x86_64; rv:73.0) Gecko/20100101 Firefox/73.0"
192.168.10.238 - - [02/Mar/2020:09:59:47 +0000] "POST /services/ajax.php/imp/showMessage HTTP/1.1" 200 3049 "http://mail.cup.com/imp/dynamic.php?page=mailbox" "Mozilla/5.0 (X11; Linux x86_64) AppleWebKit/537.36 (KHTML, like Gecko) Ubuntu Chromium/77.0.3865.90 HeadlessChrome/77.0.3865.90 Safari/537.36"
192.168.10.238 - - [02/Mar/2020:09:59:50 +0000] "POST /services/ajax.php/imp/deleteMessages HTTP/1.1" 200 557 "http://mail.cup.com/imp/dynamic.php?page=mailbox" "Mozilla/5.0 (X11; Linux x86_64) AppleWebKit/537.36 (KHTML, like Gecko) Ubuntu Chromium/77.0.3865.90 HeadlessChrome/77.0.3865.90 Safari/537.36"
192.168.10.190 - - [02/Mar/2020:09:59:51 +0000] "POST /mnemo/memo.php HTTP/1.1" 302 413 "http://mail.cup.com/mnemo/memo.php?actionID=add_memo" "Mozilla/5.0 (X11; Ubuntu; Linux x86_64; rv:73.0) Gecko/20100101 Firefox/73.0"
192.168.10.190 - - [02/Mar/2020:09:59:52 +0000] "GET /mnemo/list.php HTTP/1.1" 200 5853 "http://mail.cup.com/mnemo/memo.php?actionID=add_memo" "Mozilla/5.0 (X11; Ubuntu; Linux x86_64; rv:73.0) Gecko/20100101 Firefox/73.0"
192.168.10.4 - - [02/Mar/2020:09:59:57 +0000] "GET /services/portal/ HTTP/1.1" 200 10088 "http://mail.cup.com/turba/search.php" "Mozilla/5.0 (X11; Linux x86_64) AppleWebKit/537.36 (KHTML, like Gecko) Ubuntu Chromium/77.0.3865.90 HeadlessChrome/77.0.3865.90 Safari/537.36"
192.168.10.4 - - [02/Mar/2020:10:00:00 +0000] "GET /nag/ HTTP/1.1" 200 7817 "http://mail.cup.com/services/portal/" "Mozilla/5.0 (X11; Linux x86_64) AppleWebKit/537.36 (KHTML, like Gecko) Ubuntu Chromium/77.0.3865.90 HeadlessChrome/77.0.3865.90 Safari/537.36"
192.168.10.238 - - [02/Mar/2020:10:00:07 +0000] "GET /mnemo/memo.php?memo=LrXSRaPJMZh_ahZN9EA33zl&memolist=U9WHu5t5tMkoCjOBBoU8S36&actionID=modify_memo HTTP/1.1" 200 6105 "http://mail.cup.com/mnemo/" "Mozilla/5.0 (X11; Ubuntu; Linux x86_64; rv:73.0) Gecko/20100101 Firefox/73.0"
192.168.10.238 - - [02/Mar/2020:10:00:08 +0000] "GET /themes/default/graphics/button-delete.png HTTP/1.1" 200 384 "http://mail.cup.com/themes/default/screen.css" "Mozilla/5.0 (X11; Ubuntu; Linux x86_64; rv:73.0) Gecko/20100101 Firefox/73.0"
192.168.10.238 - - [02/Mar/2020:10:00:12 +0000] "GET /mnemo/memo.php?memo=LrXSRaPJMZh_ahZN9EA33zl&memolist=U9WHu5t5tMkoCjOBBoU8S36&actionID=delete_memos HTTP/1.1" 302 414 "http://mail.cup.com/mnemo/memo.php?memo=LrXSRaPJMZh_ahZN9EA33zl&memolist=U9WHu5t5tMkoCjOBBoU8S36&actionID=modify_memo" "Mozilla/5.0 (X11; Ubuntu; Linux x86_64; rv:73.0) Gecko/20100101 Firefox/73.0"
192.168.10.238 - - [02/Mar/2020:10:00:12 +0000] "GET /mnemo/list.php HTTP/1.1" 200 6196 "http://mail.cup.com/mnemo/memo.php?memo=LrXSRaPJMZh_ahZN9EA33zl&memolist=U9WHu5t5tMkoCjOBBoU8S36&actionID=modify_memo" "Mozilla/5.0 (X11; Ubuntu; Linux x86_64; rv:73.0) Gecko/20100101 Firefox/73.0"
192.168.10.238 - - [02/Mar/2020:10:00:23 +0000] "GET /services/portal/ HTTP/1.1" 200 9201 "http://mail.cup.com/imp/dynamic.php?page=mailbox" "Mozilla/5.0 (X11; Linux x86_64) AppleWebKit/537.36 (KHTML, like Gecko) Ubuntu Chromium/77.0.3865.90 HeadlessChrome/77.0.3865.90 Safari/537.36"
192.168.10.190 - - [02/Mar/2020:10:00:25 +0000] "GET /services/portal/ HTTP/1.1" 200 7764 "http://mail.cup.com/mnemo/list.php" "Mozilla/5.0 (X11; Ubuntu; Linux x86_64; rv:73.0) Gecko/20100101 Firefox/73.0"
192.168.10.238 - - [02/Mar/2020:10:00:27 +0000] "GET /kronolith/ HTTP/1.1" 200 24708 "http://mail.cup.com/services/portal/" "Mozilla/5.0 (X11; Linux x86_64) AppleWebKit/537.36 (KHTML, like Gecko) Ubuntu Chromium/77.0.3865.90 HeadlessChrome/77.0.3865.90 Safari/537.36"
192.168.10.238 - - [02/Mar/2020:10:00:27 +0000] "POST /services/ajax.php/kronolith/listCalendars HTTP/1.1" 200 973 "http://mail.cup.com/kronolith/" "Mozilla/5.0 (X11; Linux x86_64) AppleWebKit/537.36 (KHTML, like Gecko) Ubuntu Chromium/77.0.3865.90 HeadlessChrome/77.0.3865.90 Safari/537.36"
192.168.10.238 - - [02/Mar/2020:10:00:28 +0000] "POST /services/ajax.php/kronolith/listEvents HTTP/1.1" 200 549 "http://mail.cup.com/kronolith/" "Mozilla/5.0 (X11; Linux x86_64) AppleWebKit/537.36 (KHTML, like Gecko) Ubuntu Chromium/77.0.3865.90 HeadlessChrome/77.0.3865.90 Safari/537.36"
192.168.10.238 - - [02/Mar/2020:10:00:28 +0000] "POST /services/ajax.php/kronolith/listEvents HTTP/1.1" 200 1310 "http://mail.cup.com/kronolith/" "Mozilla/5.0 (X11; Linux x86_64) AppleWebKit/537.36 (KHTML, like Gecko) Ubuntu Chromium/77.0.3865.90 HeadlessChrome/77.0.3865.90 Safari/537.36"
192.168.10.190 - - [02/Mar/2020:10:00:30 +0000] "GET /imp/dynamic.php?page=mailbox HTTP/1.1" 200 8747 "http://mail.cup.com/services/portal/" "Mozilla/5.0 (X11; Ubuntu; Linux x86_64; rv:73.0) Gecko/20100101 Firefox/73.0"
192.168.10.190 - - [02/Mar/2020:10:00:31 +0000] "POST /services/ajax.php/imp/dynamicInit HTTP/1.1" 200 1555 "http://mail.cup.com/imp/dynamic.php?page=mailbox" "Mozilla/5.0 (X11; Ubuntu; Linux x86_64; rv:73.0) Gecko/20100101 Firefox/73.0"
192.168.10.190 - - [02/Mar/2020:10:00:31 +0000] "GET /imp/themes/default/graphics/flags/personal.png HTTP/1.1" 200 453 "http://mail.cup.com/imp/themes/default/screen.css" "Mozilla/5.0 (X11; Ubuntu; Linux x86_64; rv:73.0) Gecko/20100101 Firefox/73.0"
192.168.10.190 - - [02/Mar/2020:10:00:37 +0000] "POST /services/ajax.php/imp/viewPort HTTP/1.1" 200 915 "http://mail.cup.com/imp/dynamic.php?page=mailbox" "Mozilla/5.0 (X11; Ubuntu; Linux x86_64; rv:73.0) Gecko/20100101 Firefox/73.0"
192.168.10.4 - - [02/Mar/2020:10:00:39 +0000] "GET /nag/task.php?tasklist=u3-SVDbFWKDJoedJdADggr5&task=V1L7eIs5ezJcJscBt3DtwEf&actionID=modify_task&have_search&tab_name=1&url=%2Fnag%2F HTTP/1.1" 200 9059 "http://mail.cup.com/nag/" "Mozilla/5.0 (X11; Linux x86_64) AppleWebKit/537.36 (KHTML, like Gecko) Ubuntu Chromium/77.0.3865.90 HeadlessChrome/77.0.3865.90 Safari/537.36"
192.168.10.190 - - [02/Mar/2020:10:00:40 +0000] "POST /services/ajax.php/imp/showMessage HTTP/1.1" 200 3105 "http://mail.cup.com/imp/dynamic.php?page=mailbox" "Mozilla/5.0 (X11; Ubuntu; Linux x86_64; rv:73.0) Gecko/20100101 Firefox/73.0"
192.168.10.190 - - [02/Mar/2020:10:00:40 +0000] "GET /imp/themes/default/graphics/plus.png HTTP/1.1" 200 753 "http://mail.cup.com/imp/themes/default/dynamic/screen.css" "Mozilla/5.0 (X11; Ubuntu; Linux x86_64; rv:73.0) Gecko/20100101 Firefox/73.0"
192.168.10.4 - - [02/Mar/2020:10:00:42 +0000] "POST /nag/task/save.php HTTP/1.1" 302 411 "http://mail.cup.com/nag/task.php?tasklist=u3-SVDbFWKDJoedJdADggr5&task=V1L7eIs5ezJcJscBt3DtwEf&actionID=modify_task&have_search&tab_name=1&url=%2Fnag%2F" "Mozilla/5.0 (X11; Linux x86_64) AppleWebKit/537.36 (KHTML, like Gecko) Ubuntu Chromium/77.0.3865.90 HeadlessChrome/77.0.3865.90 Safari/537.36"
192.168.10.4 - - [02/Mar/2020:10:00:42 +0000] "GET /nag/list.php HTTP/1.1" 200 5326 "http://mail.cup.com/nag/task.php?tasklist=u3-SVDbFWKDJoedJdADggr5&task=V1L7eIs5ezJcJscBt3DtwEf&actionID=modify_task&have_search&tab_name=1&url=%2Fnag%2F" "Mozilla/5.0 (X11; Linux x86_64) AppleWebKit/537.36 (KHTML, like Gecko) Ubuntu Chromium/77.0.3865.90 HeadlessChrome/77.0.3865.90 Safari/537.36"
192.168.10.190 - - [02/Mar/2020:10:00:46 +0000] "GET /imp/themes/default/graphics/flags/deleted-inv.png HTTP/1.1" 200 444 "http://mail.cup.com/imp/themes/default/dynamic/screen.css" "Mozilla/5.0 (X11; Ubuntu; Linux x86_64; rv:73.0) Gecko/20100101 Firefox/73.0"
192.168.10.190 - - [02/Mar/2020:10:00:46 +0000] "POST /services/ajax.php/imp/deleteMessages HTTP/1.1" 200 553 "http://mail.cup.com/imp/dynamic.php?page=mailbox" "Mozilla/5.0 (X11; Ubuntu; Linux x86_64; rv:73.0) Gecko/20100101 Firefox/73.0"
192.168.10.190 - - [02/Mar/2020:10:00:46 +0000] "GET /imp/themes/default/graphics/flags/deleted.png HTTP/1.1" 200 442 "http://mail.cup.com/imp/themes/default/screen.css" "Mozilla/5.0 (X11; Ubuntu; Linux x86_64; rv:73.0) Gecko/20100101 Firefox/73.0"
192.168.10.238 - - [02/Mar/2020:10:00:48 +0000] "GET /services/portal/ HTTP/1.1" 200 8269 "http://mail.cup.com/mnemo/list.php" "Mozilla/5.0 (X11; Ubuntu; Linux x86_64; rv:73.0) Gecko/20100101 Firefox/73.0"
192.168.10.238 - - [02/Mar/2020:10:00:53 +0000] "GET /nag/ HTTP/1.1" 200 8168 "http://mail.cup.com/services/portal/" "Mozilla/5.0 (X11; Ubuntu; Linux x86_64; rv:73.0) Gecko/20100101 Firefox/73.0"
192.168.10.238 - - [02/Mar/2020:10:01:04 +0000] "POST /services/ajax.php/kronolith/listTopTags HTTP/1.1" 200 459 "http://mail.cup.com/kronolith/" "Mozilla/5.0 (X11; Linux x86_64) AppleWebKit/537.36 (KHTML, like Gecko) Ubuntu Chromium/77.0.3865.90 HeadlessChrome/77.0.3865.90 Safari/537.36"
192.168.10.4 - - [02/Mar/2020:10:01:16 +0000] "GET /services/portal/ HTTP/1.1" 200 9029 "http://mail.cup.com/nag/list.php" "Mozilla/5.0 (X11; Linux x86_64) AppleWebKit/537.36 (KHTML, like Gecko) Ubuntu Chromium/77.0.3865.90 HeadlessChrome/77.0.3865.90 Safari/537.36"
192.168.10.4 - - [02/Mar/2020:10:01:20 +0000] "GET /kronolith/ HTTP/1.1" 200 24699 "http://mail.cup.com/services/portal/" "Mozilla/5.0 (X11; Linux x86_64) AppleWebKit/537.36 (KHTML, like Gecko) Ubuntu Chromium/77.0.3865.90 HeadlessChrome/77.0.3865.90 Safari/537.36"
192.168.10.4 - - [02/Mar/2020:10:01:20 +0000] "POST /services/ajax.php/kronolith/listCalendars HTTP/1.1" 200 968 "http://mail.cup.com/kronolith/" "Mozilla/5.0 (X11; Linux x86_64) AppleWebKit/537.36 (KHTML, like Gecko) Ubuntu Chromium/77.0.3865.90 HeadlessChrome/77.0.3865.90 Safari/537.36"
192.168.10.4 - - [02/Mar/2020:10:01:20 +0000] "POST /services/ajax.php/kronolith/listEvents HTTP/1.1" 200 549 "http://mail.cup.com/kronolith/" "Mozilla/5.0 (X11; Linux x86_64) AppleWebKit/537.36 (KHTML, like Gecko) Ubuntu Chromium/77.0.3865.90 HeadlessChrome/77.0.3865.90 Safari/537.36"
192.168.10.4 - - [02/Mar/2020:10:01:20 +0000] "POST /services/ajax.php/kronolith/listEvents HTTP/1.1" 200 1105 "http://mail.cup.com/kronolith/" "Mozilla/5.0 (X11; Linux x86_64) AppleWebKit/537.36 (KHTML, like Gecko) Ubuntu Chromium/77.0.3865.90 HeadlessChrome/77.0.3865.90 Safari/537.36"
192.168.10.190 - - [02/Mar/2020:10:01:21 +0000] "GET /services/portal/ HTTP/1.1" 200 7747 "http://mail.cup.com/imp/dynamic.php?page=mailbox" "Mozilla/5.0 (X11; Ubuntu; Linux x86_64; rv:73.0) Gecko/20100101 Firefox/73.0"
192.168.10.238 - - [02/Mar/2020:10:01:27 +0000] "POST /services/ajax.php/kronolith/saveEvent HTTP/1.1" 200 642 "http://mail.cup.com/kronolith/" "Mozilla/5.0 (X11; Linux x86_64) AppleWebKit/537.36 (KHTML, like Gecko) Ubuntu Chromium/77.0.3865.90 HeadlessChrome/77.0.3865.90 Safari/537.36"
192.168.10.238 - - [02/Mar/2020:10:01:28 +0000] "POST /services/ajax.php/kronolith/poll HTTP/1.1" 200 386 "http://mail.cup.com/kronolith/" "Mozilla/5.0 (X11; Linux x86_64) AppleWebKit/537.36 (KHTML, like Gecko) Ubuntu Chromium/77.0.3865.90 HeadlessChrome/77.0.3865.90 Safari/537.36"
192.168.10.190 - - [02/Mar/2020:10:01:28 +0000] "GET /nag/ HTTP/1.1" 200 7814 "http://mail.cup.com/services/portal/" "Mozilla/5.0 (X11; Ubuntu; Linux x86_64; rv:73.0) Gecko/20100101 Firefox/73.0"
192.168.10.238 - - [02/Mar/2020:10:01:34 +0000] "GET /nag/task.php?actionID=add_task HTTP/1.1" 200 9026 "http://mail.cup.com/nag/" "Mozilla/5.0 (X11; Ubuntu; Linux x86_64; rv:73.0) Gecko/20100101 Firefox/73.0"
192.168.10.238 - - [02/Mar/2020:10:01:35 +0000] "GET /services/portal/ HTTP/1.1" 200 9205 "http://mail.cup.com/kronolith/" "Mozilla/5.0 (X11; Linux x86_64) AppleWebKit/537.36 (KHTML, like Gecko) Ubuntu Chromium/77.0.3865.90 HeadlessChrome/77.0.3865.90 Safari/537.36"
192.168.10.238 - - [02/Mar/2020:10:01:40 +0000] "GET /imp/dynamic.php?page=mailbox HTTP/1.1" 200 8748 "http://mail.cup.com/services/portal/" "Mozilla/5.0 (X11; Linux x86_64) AppleWebKit/537.36 (KHTML, like Gecko) Ubuntu Chromium/77.0.3865.90 HeadlessChrome/77.0.3865.90 Safari/537.36"
192.168.10.238 - - [02/Mar/2020:10:01:40 +0000] "POST /services/ajax.php/imp/dynamicInit HTTP/1.1" 200 1806 "http://mail.cup.com/imp/dynamic.php?page=mailbox" "Mozilla/5.0 (X11; Linux x86_64) AppleWebKit/537.36 (KHTML, like Gecko) Ubuntu Chromium/77.0.3865.90 HeadlessChrome/77.0.3865.90 Safari/537.36"
192.168.10.238 - - [02/Mar/2020:10:01:45 +0000] "POST /services/ajax.php/horde/imple?token=30nsRWFtX13wFV74rqkjTt5&app=nag&imple=Nag_Ajax_Imple_TagAutoCompleter&input=tags HTTP/1.1" 200 371 "http://mail.cup.com/nag/task.php?actionID=add_task" "Mozilla/5.0 (X11; Ubuntu; Linux x86_64; rv:73.0) Gecko/20100101 Firefox/73.0"
192.168.10.238 - - [02/Mar/2020:10:01:47 +0000] "POST /services/ajax.php/imp/viewPort HTTP/1.1" 200 1159 "http://mail.cup.com/imp/dynamic.php?page=mailbox" "Mozilla/5.0 (X11; Linux x86_64) AppleWebKit/537.36 (KHTML, like Gecko) Ubuntu Chromium/77.0.3865.90 HeadlessChrome/77.0.3865.90 Safari/537.36"
192.168.10.238 - - [02/Mar/2020:10:01:51 +0000] "POST /services/ajax.php/imp/showMessage HTTP/1.1" 200 3091 "http://mail.cup.com/imp/dynamic.php?page=mailbox" "Mozilla/5.0 (X11; Linux x86_64) AppleWebKit/537.36 (KHTML, like Gecko) Ubuntu Chromium/77.0.3865.90 HeadlessChrome/77.0.3865.90 Safari/537.36"
192.168.10.238 - - [02/Mar/2020:10:01:55 +0000] "POST /services/ajax.php/imp/deleteMessages HTTP/1.1" 200 558 "http://mail.cup.com/imp/dynamic.php?page=mailbox" "Mozilla/5.0 (X11; Linux x86_64) AppleWebKit/537.36 (KHTML, like Gecko) Ubuntu Chromium/77.0.3865.90 HeadlessChrome/77.0.3865.90 Safari/537.36"
192.168.10.190 - - [02/Mar/2020:10:02:05 +0000] "GET /nag/task.php?tasklist=-tuA1UJG7ilRa4A_Y2M_t3c&task=zoMERCyPd_UHqHKn_ZwkS_Q&actionID=modify_task&have_search&tab_name=1&url=%2Fnag%2F HTTP/1.1" 200 9056 "http://mail.cup.com/nag/" "Mozilla/5.0 (X11; Ubuntu; Linux x86_64; rv:73.0) Gecko/20100101 Firefox/73.0"
192.168.10.190 - - [02/Mar/2020:10:02:11 +0000] "POST /nag/task/save.php HTTP/1.1" 302 412 "http://mail.cup.com/nag/task.php?tasklist=-tuA1UJG7ilRa4A_Y2M_t3c&task=zoMERCyPd_UHqHKn_ZwkS_Q&actionID=modify_task&have_search&tab_name=1&url=%2Fnag%2F" "Mozilla/5.0 (X11; Ubuntu; Linux x86_64; rv:73.0) Gecko/20100101 Firefox/73.0"
192.168.10.190 - - [02/Mar/2020:10:02:12 +0000] "GET /nag/list.php HTTP/1.1" 200 5327 "http://mail.cup.com/nag/task.php?tasklist=-tuA1UJG7ilRa4A_Y2M_t3c&task=zoMERCyPd_UHqHKn_ZwkS_Q&actionID=modify_task&have_search&tab_name=1&url=%2Fnag%2F" "Mozilla/5.0 (X11; Ubuntu; Linux x86_64; rv:73.0) Gecko/20100101 Firefox/73.0"
192.168.10.238 - - [02/Mar/2020:10:02:12 +0000] "POST /nag/task/save.php HTTP/1.1" 302 412 "http://mail.cup.com/nag/task.php?actionID=add_task" "Mozilla/5.0 (X11; Ubuntu; Linux x86_64; rv:73.0) Gecko/20100101 Firefox/73.0"
192.168.10.238 - - [02/Mar/2020:10:02:12 +0000] "GET /nag/list.php HTTP/1.1" 200 8375 "http://mail.cup.com/nag/task.php?actionID=add_task" "Mozilla/5.0 (X11; Ubuntu; Linux x86_64; rv:73.0) Gecko/20100101 Firefox/73.0"
192.168.10.4 - - [02/Mar/2020:10:02:20 +0000] "POST /services/ajax.php/kronolith/poll HTTP/1.1" 200 387 "http://mail.cup.com/kronolith/" "Mozilla/5.0 (X11; Linux x86_64) AppleWebKit/537.36 (KHTML, like Gecko) Ubuntu Chromium/77.0.3865.90 HeadlessChrome/77.0.3865.90 Safari/537.36"
192.168.10.238 - - [02/Mar/2020:10:02:29 +0000] "GET /services/portal/ HTTP/1.1" 200 9199 "http://mail.cup.com/imp/dynamic.php?page=mailbox" "Mozilla/5.0 (X11; Linux x86_64) AppleWebKit/537.36 (KHTML, like Gecko) Ubuntu Chromium/77.0.3865.90 HeadlessChrome/77.0.3865.90 Safari/537.36"
192.168.10.238 - - [02/Mar/2020:10:02:33 +0000] "GET /kronolith/ HTTP/1.1" 200 24709 "http://mail.cup.com/services/portal/" "Mozilla/5.0 (X11; Linux x86_64) AppleWebKit/537.36 (KHTML, like Gecko) Ubuntu Chromium/77.0.3865.90 HeadlessChrome/77.0.3865.90 Safari/537.36"
