192.168.10.238 - - [02/Mar/2020:09:18:39 +0000] "GET /mnemo/memo.php?memo=QnKvKFjXtkg_zaIIU8HgtzL&memolist=kC22rXUbTW2caZUI1gigVRb&actionID=delete_memos HTTP/1.1" 302 413 "http://mail.cup.com/mnemo/memo.php?memo=QnKvKFjXtkg_zaIIU8HgtzL&memolist=kC22rXUbTW2caZUI1gigVRb&actionID=modify_memo" "Mozilla/5.0 (X11; Linux x86_64) AppleWebKit/537.36 (KHTML, like Gecko) Ubuntu Chromium/77.0.3865.90 HeadlessChrome/77.0.3865.90 Safari/537.36"
192.168.10.238 - - [02/Mar/2020:09:18:39 +0000] "GET /mnemo/list.php HTTP/1.1" 200 6482 "http://mail.cup.com/mnemo/memo.php?memo=QnKvKFjXtkg_zaIIU8HgtzL&memolist=kC22rXUbTW2caZUI1gigVRb&actionID=modify_memo" "Mozilla/5.0 (X11; Linux x86_64) AppleWebKit/537.36 (KHTML, like Gecko) Ubuntu Chromium/77.0.3865.90 HeadlessChrome/77.0.3865.90 Safari/537.36"
192.168.10.4 - - [02/Mar/2020:09:18:46 +0000] "GET /services/portal/ HTTP/1.1" 200 9618 "http://mail.cup.com/imp/dynamic.php?page=mailbox" "Mozilla/5.0 (X11; Linux x86_64) AppleWebKit/537.36 (KHTML, like Gecko) Ubuntu Chromium/77.0.3865.90 HeadlessChrome/77.0.3865.90 Safari/537.36"
192.168.10.190 - - [02/Mar/2020:09:18:47 +0000] "GET /nag/task.php?tasklist=-tuA1UJG7ilRa4A_Y2M_t3c&task=LL-VnJT184Ntws-a1gVNSFs&actionID=modify_task&have_search&tab_name=1&url=%2Fnag%2F HTTP/1.1" 200 9168 "http://mail.cup.com/nag/" "Mozilla/5.0 (X11; Ubuntu; Linux x86_64; rv:73.0) Gecko/20100101 Firefox/73.0"
192.168.10.4 - - [02/Mar/2020:09:18:47 +0000] "GET /services/portal/ HTTP/1.1" 200 8476 "http://mail.cup.com/imp/dynamic.php?page=mailbox" "Mozilla/5.0 (X11; Ubuntu; Linux x86_64; rv:73.0) Gecko/20100101 Firefox/73.0"
192.168.10.4 - - [02/Mar/2020:09:18:51 +0000] "GET /kronolith/ HTTP/1.1" 200 24701 "http://mail.cup.com/services/portal/" "Mozilla/5.0 (X11; Ubuntu; Linux x86_64; rv:73.0) Gecko/20100101 Firefox/73.0"
192.168.10.4 - - [02/Mar/2020:09:18:52 +0000] "POST /services/ajax.php/kronolith/listCalendars HTTP/1.1" 200 973 "http://mail.cup.com/kronolith/" "Mozilla/5.0 (X11; Ubuntu; Linux x86_64; rv:73.0) Gecko/20100101 Firefox/73.0"
192.168.10.4 - - [02/Mar/2020:09:18:52 +0000] "POST /services/ajax.php/kronolith/listEvents HTTP/1.1" 200 549 "http://mail.cup.com/kronolith/" "Mozilla/5.0 (X11; Ubuntu; Linux x86_64; rv:73.0) Gecko/20100101 Firefox/73.0"
192.168.10.4 - - [02/Mar/2020:09:18:52 +0000] "POST /services/ajax.php/kronolith/listEvents HTTP/1.1" 200 1215 "http://mail.cup.com/kronolith/" "Mozilla/5.0 (X11; Ubuntu; Linux x86_64; rv:73.0) Gecko/20100101 Firefox/73.0"
192.168.10.190 - - [02/Mar/2020:09:18:53 +0000] "POST /nag/task/save.php HTTP/1.1" 302 412 "http://mail.cup.com/nag/task.php?tasklist=-tuA1UJG7ilRa4A_Y2M_t3c&task=LL-VnJT184Ntws-a1gVNSFs&actionID=modify_task&have_search&tab_name=1&url=%2Fnag%2F" "Mozilla/5.0 (X11; Ubuntu; Linux x86_64; rv:73.0) Gecko/20100101 Firefox/73.0"
192.168.10.190 - - [02/Mar/2020:09:18:53 +0000] "GET /nag/list.php HTTP/1.1" 200 8478 "http://mail.cup.com/nag/task.php?tasklist=-tuA1UJG7ilRa4A_Y2M_t3c&task=LL-VnJT184Ntws-a1gVNSFs&actionID=modify_task&have_search&tab_name=1&url=%2Fnag%2F" "Mozilla/5.0 (X11; Ubuntu; Linux x86_64; rv:73.0) Gecko/20100101 Firefox/73.0"
192.168.10.4 - - [02/Mar/2020:09:18:57 +0000] "POST /services/ajax.php/kronolith/listTopTags HTTP/1.1" 200 462 "http://mail.cup.com/kronolith/" "Mozilla/5.0 (X11; Ubuntu; Linux x86_64; rv:73.0) Gecko/20100101 Firefox/73.0"
192.168.10.4 - - [02/Mar/2020:09:19:13 +0000] "POST /services/ajax.php/kronolith/saveEvent HTTP/1.1" 200 647 "http://mail.cup.com/kronolith/" "Mozilla/5.0 (X11; Ubuntu; Linux x86_64; rv:73.0) Gecko/20100101 Firefox/73.0"
192.168.10.238 - - [02/Mar/2020:09:19:13 +0000] "GET /services/portal/ HTTP/1.1" 200 8469 "http://mail.cup.com/mnemo/list.php" "Mozilla/5.0 (X11; Linux x86_64) AppleWebKit/537.36 (KHTML, like Gecko) Ubuntu Chromium/77.0.3865.90 HeadlessChrome/77.0.3865.90 Safari/537.36"
192.168.10.238 - - [02/Mar/2020:09:19:16 +0000] "GET /imp/dynamic.php?page=mailbox HTTP/1.1" 200 8748 "http://mail.cup.com/services/portal/" "Mozilla/5.0 (X11; Linux x86_64) AppleWebKit/537.36 (KHTML, like Gecko) Ubuntu Chromium/77.0.3865.90 HeadlessChrome/77.0.3865.90 Safari/537.36"
192.168.10.238 - - [02/Mar/2020:09:19:17 +0000] "POST /services/ajax.php/imp/dynamicInit HTTP/1.1" 200 2002 "http://mail.cup.com/imp/dynamic.php?page=mailbox" "Mozilla/5.0 (X11; Linux x86_64) AppleWebKit/537.36 (KHTML, like Gecko) Ubuntu Chromium/77.0.3865.90 HeadlessChrome/77.0.3865.90 Safari/537.36"
192.168.10.4 - - [02/Mar/2020:09:19:17 +0000] "GET /services/portal/ HTTP/1.1" 200 9025 "http://mail.cup.com/kronolith/" "Mozilla/5.0 (X11; Ubuntu; Linux x86_64; rv:73.0) Gecko/20100101 Firefox/73.0"
192.168.10.4 - - [02/Mar/2020:09:19:20 +0000] "GET /kronolith/ HTTP/1.1" 200 24699 "http://mail.cup.com/services/portal/" "Mozilla/5.0 (X11; Ubuntu; Linux x86_64; rv:73.0) Gecko/20100101 Firefox/73.0"
192.168.10.4 - - [02/Mar/2020:09:19:20 +0000] "POST /services/ajax.php/kronolith/listCalendars HTTP/1.1" 200 973 "http://mail.cup.com/kronolith/" "Mozilla/5.0 (X11; Ubuntu; Linux x86_64; rv:73.0) Gecko/20100101 Firefox/73.0"
192.168.10.4 - - [02/Mar/2020:09:19:20 +0000] "GET /services/portal/ HTTP/1.1" 200 9618 "http://mail.cup.com/services/portal/" "Mozilla/5.0 (X11; Linux x86_64) AppleWebKit/537.36 (KHTML, like Gecko) Ubuntu Chromium/77.0.3865.90 HeadlessChrome/77.0.3865.90 Safari/537.36"
192.168.10.4 - - [02/Mar/2020:09:19:20 +0000] "POST /services/ajax.php/kronolith/listEvents HTTP/1.1" 200 1306 "http://mail.cup.com/kronolith/" "Mozilla/5.0 (X11; Ubuntu; Linux x86_64; rv:73.0) Gecko/20100101 Firefox/73.0"
192.168.10.4 - - [02/Mar/2020:09:19:20 +0000] "POST /services/ajax.php/kronolith/listEvents HTTP/1.1" 200 549 "http://mail.cup.com/kronolith/" "Mozilla/5.0 (X11; Ubuntu; Linux x86_64; rv:73.0) Gecko/20100101 Firefox/73.0"
192.168.10.4 - - [02/Mar/2020:09:19:25 +0000] "POST /services/ajax.php/kronolith/getEvent HTTP/1.1" 200 676 "http://mail.cup.com/kronolith/" "Mozilla/5.0 (X11; Ubuntu; Linux x86_64; rv:73.0) Gecko/20100101 Firefox/73.0"
192.168.10.238 - - [02/Mar/2020:09:19:25 +0000] "POST /services/ajax.php/imp/viewPort HTTP/1.1" 200 1374 "http://mail.cup.com/imp/dynamic.php?page=mailbox" "Mozilla/5.0 (X11; Linux x86_64) AppleWebKit/537.36 (KHTML, like Gecko) Ubuntu Chromium/77.0.3865.90 HeadlessChrome/77.0.3865.90 Safari/537.36"
192.168.10.4 - - [02/Mar/2020:09:19:26 +0000] "POST /services/ajax.php/kronolith/listTopTags HTTP/1.1" 200 462 "http://mail.cup.com/kronolith/" "Mozilla/5.0 (X11; Ubuntu; Linux x86_64; rv:73.0) Gecko/20100101 Firefox/73.0"
192.168.10.190 - - [02/Mar/2020:09:19:27 +0000] "GET /services/portal/ HTTP/1.1" 200 8062 "http://mail.cup.com/nag/list.php" "Mozilla/5.0 (X11; Ubuntu; Linux x86_64; rv:73.0) Gecko/20100101 Firefox/73.0"
192.168.10.238 - - [02/Mar/2020:09:19:29 +0000] "POST /services/ajax.php/imp/showMessage HTTP/1.1" 200 4051 "http://mail.cup.com/imp/dynamic.php?page=mailbox" "Mozilla/5.0 (X11; Linux x86_64) AppleWebKit/537.36 (KHTML, like Gecko) Ubuntu Chromium/77.0.3865.90 HeadlessChrome/77.0.3865.90 Safari/537.36"
192.168.10.190 - - [02/Mar/2020:09:19:31 +0000] "GET /imp/dynamic.php?page=mailbox HTTP/1.1" 200 8747 "http://mail.cup.com/services/portal/" "Mozilla/5.0 (X11; Ubuntu; Linux x86_64; rv:73.0) Gecko/20100101 Firefox/73.0"
192.168.10.4 - - [02/Mar/2020:09:19:31 +0000] "POST /services/ajax.php/kronolith/deleteEvent HTTP/1.1" 200 534 "http://mail.cup.com/kronolith/" "Mozilla/5.0 (X11; Ubuntu; Linux x86_64; rv:73.0) Gecko/20100101 Firefox/73.0"
192.168.10.190 - - [02/Mar/2020:09:19:32 +0000] "POST /services/ajax.php/imp/dynamicInit HTTP/1.1" 200 1527 "http://mail.cup.com/imp/dynamic.php?page=mailbox" "Mozilla/5.0 (X11; Ubuntu; Linux x86_64; rv:73.0) Gecko/20100101 Firefox/73.0"
192.168.10.190 - - [02/Mar/2020:09:19:32 +0000] "GET /imp/themes/default/graphics/flags/personal.png HTTP/1.1" 200 454 "http://mail.cup.com/imp/themes/default/screen.css" "Mozilla/5.0 (X11; Ubuntu; Linux x86_64; rv:73.0) Gecko/20100101 Firefox/73.0"
192.168.10.190 - - [02/Mar/2020:09:19:32 +0000] "GET /imp/themes/default/graphics/flags/unseen.png HTTP/1.1" 200 473 "http://mail.cup.com/imp/themes/default/screen.css" "Mozilla/5.0 (X11; Ubuntu; Linux x86_64; rv:73.0) Gecko/20100101 Firefox/73.0"
192.168.10.190 - - [02/Mar/2020:09:19:32 +0000] "GET /imp/themes/default/graphics/folders/sent.png HTTP/1.1" 200 692 "http://mail.cup.com/imp/themes/default/screen.css" "Mozilla/5.0 (X11; Ubuntu; Linux x86_64; rv:73.0) Gecko/20100101 Firefox/73.0"
192.168.10.190 - - [02/Mar/2020:09:19:32 +0000] "GET /imp/themes/default/graphics/folders/trash.png HTTP/1.1" 200 580 "http://mail.cup.com/imp/themes/default/screen.css" "Mozilla/5.0 (X11; Ubuntu; Linux x86_64; rv:73.0) Gecko/20100101 Firefox/73.0"
192.168.10.190 - - [02/Mar/2020:09:19:32 +0000] "GET /imp/themes/default/graphics/folders/folder.png HTTP/1.1" 200 479 "http://mail.cup.com/imp/themes/default/dynamic/screen.css" "Mozilla/5.0 (X11; Ubuntu; Linux x86_64; rv:73.0) Gecko/20100101 Firefox/73.0"
192.168.10.190 - - [02/Mar/2020:09:19:32 +0000] "GET /imp/themes/default/graphics/folders/plus.png HTTP/1.1" 200 619 "http://mail.cup.com/imp/themes/default/dynamic/screen.css" "Mozilla/5.0 (X11; Ubuntu; Linux x86_64; rv:73.0) Gecko/20100101 Firefox/73.0"
192.168.10.190 - - [02/Mar/2020:09:19:32 +0000] "GET /imp/themes/default/graphics/folders/inbox.png HTTP/1.1" 200 710 "http://mail.cup.com/imp/themes/default/screen.css" "Mozilla/5.0 (X11; Ubuntu; Linux x86_64; rv:73.0) Gecko/20100101 Firefox/73.0"
192.168.10.238 - - [02/Mar/2020:09:19:32 +0000] "POST /services/ajax.php/imp/deleteMessages HTTP/1.1" 200 558 "http://mail.cup.com/imp/dynamic.php?page=mailbox" "Mozilla/5.0 (X11; Linux x86_64) AppleWebKit/537.36 (KHTML, like Gecko) Ubuntu Chromium/77.0.3865.90 HeadlessChrome/77.0.3865.90 Safari/537.36"
192.168.10.4 - - [02/Mar/2020:09:19:36 +0000] "GET /services/portal/ HTTP/1.1" 200 9027 "http://mail.cup.com/kronolith/" "Mozilla/5.0 (X11; Ubuntu; Linux x86_64; rv:73.0) Gecko/20100101 Firefox/73.0"
192.168.10.4 - - [02/Mar/2020:09:19:38 +0000] "GET /imp/dynamic.php?page=mailbox HTTP/1.1" 200 8749 "http://mail.cup.com/services/portal/" "Mozilla/5.0 (X11; Ubuntu; Linux x86_64; rv:73.0) Gecko/20100101 Firefox/73.0"
192.168.10.4 - - [02/Mar/2020:09:19:39 +0000] "POST /services/ajax.php/imp/dynamicInit HTTP/1.1" 200 1907 "http://mail.cup.com/imp/dynamic.php?page=mailbox" "Mozilla/5.0 (X11; Ubuntu; Linux x86_64; rv:73.0) Gecko/20100101 Firefox/73.0"
192.168.10.190 - - [02/Mar/2020:09:19:40 +0000] "POST /services/ajax.php/imp/viewPort HTTP/1.1" 200 893 "http://mail.cup.com/imp/dynamic.php?page=mailbox" "Mozilla/5.0 (X11; Ubuntu; Linux x86_64; rv:73.0) Gecko/20100101 Firefox/73.0"
192.168.10.4 - - [02/Mar/2020:09:19:45 +0000] "POST /services/ajax.php/imp/viewPort HTTP/1.1" 200 1274 "http://mail.cup.com/imp/dynamic.php?page=mailbox" "Mozilla/5.0 (X11; Ubuntu; Linux x86_64; rv:73.0) Gecko/20100101 Firefox/73.0"
192.168.10.4 - - [02/Mar/2020:09:19:48 +0000] "POST /services/ajax.php/imp/showMessage HTTP/1.1" 200 3680 "http://mail.cup.com/imp/dynamic.php?page=mailbox" "Mozilla/5.0 (X11; Ubuntu; Linux x86_64; rv:73.0) Gecko/20100101 Firefox/73.0"
192.168.10.4 - - [02/Mar/2020:09:19:48 +0000] "GET /imp/themes/default/graphics/arrow_collapsed.png HTTP/1.1" 200 502 "http://mail.cup.com/imp/themes/default/dynamic/screen.css" "Mozilla/5.0 (X11; Ubuntu; Linux x86_64; rv:73.0) Gecko/20100101 Firefox/73.0"
192.168.10.4 - - [02/Mar/2020:09:19:48 +0000] "GET /imp/view.php?imp_img_view=view_thumbnail&actionID=view_attach&id=2&muid=%7B5%7DINBOX39&view_token=EqTKOp4JfiFMScHathHXiiF HTTP/1.1" 200 899 "http://mail.cup.com/imp/dynamic.php?page=mailbox" "Mozilla/5.0 (X11; Ubuntu; Linux x86_64; rv:73.0) Gecko/20100101 Firefox/73.0"
192.168.10.4 - - [02/Mar/2020:09:19:51 +0000] "POST /services/ajax.php/imp/deleteMessages HTTP/1.1" 200 555 "http://mail.cup.com/imp/dynamic.php?page=mailbox" "Mozilla/5.0 (X11; Ubuntu; Linux x86_64; rv:73.0) Gecko/20100101 Firefox/73.0"
192.168.10.4 - - [02/Mar/2020:09:19:51 +0000] "GET /imp/themes/default/graphics/flags/deleted.png HTTP/1.1" 200 442 "http://mail.cup.com/imp/themes/default/screen.css" "Mozilla/5.0 (X11; Ubuntu; Linux x86_64; rv:73.0) Gecko/20100101 Firefox/73.0"
192.168.10.4 - - [02/Mar/2020:09:19:56 +0000] "GET /services/portal/ HTTP/1.1" 200 9665 "http://mail.cup.com/services/portal/" "Mozilla/5.0 (X11; Linux x86_64) AppleWebKit/537.36 (KHTML, like Gecko) Ubuntu Chromium/77.0.3865.90 HeadlessChrome/77.0.3865.90 Safari/537.36"
192.168.10.4 - - [02/Mar/2020:09:20:03 +0000] "GET /nag/ HTTP/1.1" 200 9715 "http://mail.cup.com/services/portal/" "Mozilla/5.0 (X11; Linux x86_64) AppleWebKit/537.36 (KHTML, like Gecko) Ubuntu Chromium/77.0.3865.90 HeadlessChrome/77.0.3865.90 Safari/537.36"
192.168.10.238 - - [02/Mar/2020:09:20:06 +0000] "GET /services/portal/ HTTP/1.1" 200 8471 "http://mail.cup.com/imp/dynamic.php?page=mailbox" "Mozilla/5.0 (X11; Linux x86_64) AppleWebKit/537.36 (KHTML, like Gecko) Ubuntu Chromium/77.0.3865.90 HeadlessChrome/77.0.3865.90 Safari/537.36"
192.168.10.238 - - [02/Mar/2020:09:20:10 +0000] "GET /nag/ HTTP/1.1" 200 8890 "http://mail.cup.com/services/portal/" "Mozilla/5.0 (X11; Linux x86_64) AppleWebKit/537.36 (KHTML, like Gecko) Ubuntu Chromium/77.0.3865.90 HeadlessChrome/77.0.3865.90 Safari/537.36"
::1 - - [02/Mar/2020:09:20:10 +0000] "OPTIONS * HTTP/1.0" 200 110 "-" "Apache/2.4.25 (Debian) OpenSSL/1.0.2u (internal dummy connection)"
192.168.10.190 - - [02/Mar/2020:09:20:17 +0000] "GET /services/portal/ HTTP/1.1" 200 8057 "http://mail.cup.com/imp/dynamic.php?page=mailbox" "Mozilla/5.0 (X11; Ubuntu; Linux x86_64; rv:73.0) Gecko/20100101 Firefox/73.0"
192.168.10.190 - - [02/Mar/2020:09:20:20 +0000] "GET /imp/dynamic.php?page=mailbox HTTP/1.1" 200 8745 "http://mail.cup.com/services/portal/" "Mozilla/5.0 (X11; Ubuntu; Linux x86_64; rv:73.0) Gecko/20100101 Firefox/73.0"
192.168.10.190 - - [02/Mar/2020:09:20:21 +0000] "POST /services/ajax.php/imp/dynamicInit HTTP/1.1" 200 1526 "http://mail.cup.com/imp/dynamic.php?page=mailbox" "Mozilla/5.0 (X11; Ubuntu; Linux x86_64; rv:73.0) Gecko/20100101 Firefox/73.0"
192.168.10.190 - - [02/Mar/2020:09:20:21 +0000] "GET /imp/themes/default/graphics/flags/personal.png HTTP/1.1" 200 453 "http://mail.cup.com/imp/themes/default/screen.css" "Mozilla/5.0 (X11; Ubuntu; Linux x86_64; rv:73.0) Gecko/20100101 Firefox/73.0"
::1 - - [02/Mar/2020:09:20:21 +0000] "OPTIONS * HTTP/1.0" 200 110 "-" "Apache/2.4.25 (Debian) OpenSSL/1.0.2u (internal dummy connection)"
192.168.10.4 - - [02/Mar/2020:09:20:25 +0000] "GET /services/portal/ HTTP/1.1" 200 9026 "http://mail.cup.com/imp/dynamic.php?page=mailbox" "Mozilla/5.0 (X11; Ubuntu; Linux x86_64; rv:73.0) Gecko/20100101 Firefox/73.0"
192.168.10.4 - - [02/Mar/2020:09:20:28 +0000] "GET /nag/ HTTP/1.1" 200 9416 "http://mail.cup.com/services/portal/" "Mozilla/5.0 (X11; Ubuntu; Linux x86_64; rv:73.0) Gecko/20100101 Firefox/73.0"
192.168.10.190 - - [02/Mar/2020:09:20:32 +0000] "POST /services/ajax.php/imp/viewPort HTTP/1.1" 200 895 "http://mail.cup.com/imp/dynamic.php?page=mailbox" "Mozilla/5.0 (X11; Ubuntu; Linux x86_64; rv:73.0) Gecko/20100101 Firefox/73.0"
192.168.10.4 - - [02/Mar/2020:09:20:43 +0000] "GET /nag/task.php?tasklist=LPlvKR8NXFlouWS-n_s4gZa&task=-XY-z0QvEComVyt-iwJfZdO&actionID=modify_task&have_search&tab_name=1&url=%2Fnag%2F HTTP/1.1" 200 9522 "http://mail.cup.com/nag/" "Mozilla/5.0 (X11; Linux x86_64) AppleWebKit/537.36 (KHTML, like Gecko) Ubuntu Chromium/77.0.3865.90 HeadlessChrome/77.0.3865.90 Safari/537.36"
192.168.10.238 - - [02/Mar/2020:09:20:47 +0000] "GET /nag/task.php?actionID=add_task HTTP/1.1" 200 9145 "http://mail.cup.com/nag/" "Mozilla/5.0 (X11; Linux x86_64) AppleWebKit/537.36 (KHTML, like Gecko) Ubuntu Chromium/77.0.3865.90 HeadlessChrome/77.0.3865.90 Safari/537.36"
192.168.10.4 - - [02/Mar/2020:09:20:50 +0000] "POST /nag/task/save.php HTTP/1.1" 302 412 "http://mail.cup.com/nag/task.php?tasklist=LPlvKR8NXFlouWS-n_s4gZa&task=-XY-z0QvEComVyt-iwJfZdO&actionID=modify_task&have_search&tab_name=1&url=%2Fnag%2F" "Mozilla/5.0 (X11; Linux x86_64) AppleWebKit/537.36 (KHTML, like Gecko) Ubuntu Chromium/77.0.3865.90 HeadlessChrome/77.0.3865.90 Safari/537.36"
192.168.10.4 - - [02/Mar/2020:09:20:50 +0000] "GET /nag/list.php HTTP/1.1" 200 9712 "http://mail.cup.com/nag/task.php?tasklist=LPlvKR8NXFlouWS-n_s4gZa&task=-XY-z0QvEComVyt-iwJfZdO&actionID=modify_task&have_search&tab_name=1&url=%2Fnag%2F" "Mozilla/5.0 (X11; Linux x86_64) AppleWebKit/537.36 (KHTML, like Gecko) Ubuntu Chromium/77.0.3865.90 HeadlessChrome/77.0.3865.90 Safari/537.36"
::1 - - [02/Mar/2020:09:20:57 +0000] "OPTIONS * HTTP/1.0" 200 110 "-" "Apache/2.4.25 (Debian) OpenSSL/1.0.2u (internal dummy connection)"
::1 - - [02/Mar/2020:09:20:58 +0000] "OPTIONS * HTTP/1.0" 200 110 "-" "Apache/2.4.25 (Debian) OpenSSL/1.0.2u (internal dummy connection)"
192.168.10.238 - - [02/Mar/2020:09:21:00 +0000] "POST /services/ajax.php/horde/imple?token=IBK6PLd_tAxeQDaRjYdbJYS&app=nag&imple=Nag_Ajax_Imple_TagAutoCompleter&input=tags HTTP/1.1" 200 371 "http://mail.cup.com/nag/task.php?actionID=add_task" "Mozilla/5.0 (X11; Linux x86_64) AppleWebKit/537.36 (KHTML, like Gecko) Ubuntu Chromium/77.0.3865.90 HeadlessChrome/77.0.3865.90 Safari/537.36"
192.168.10.4 - - [02/Mar/2020:09:21:03 +0000] "GET /nag/task.php?actionID=add_task HTTP/1.1" 200 9261 "http://mail.cup.com/nag/" "Mozilla/5.0 (X11; Ubuntu; Linux x86_64; rv:73.0) Gecko/20100101 Firefox/73.0"
192.168.10.190 - - [02/Mar/2020:09:21:08 +0000] "GET /services/portal/ HTTP/1.1" 200 8062 "http://mail.cup.com/imp/dynamic.php?page=mailbox" "Mozilla/5.0 (X11; Ubuntu; Linux x86_64; rv:73.0) Gecko/20100101 Firefox/73.0"
192.168.10.4 - - [02/Mar/2020:09:21:11 +0000] "POST /services/ajax.php/horde/imple?token=EqTKOp4JfiFMScHathHXiiF&app=nag&imple=Nag_Ajax_Imple_TagAutoCompleter&input=tags HTTP/1.1" 200 381 "http://mail.cup.com/nag/task.php?actionID=add_task" "Mozilla/5.0 (X11; Ubuntu; Linux x86_64; rv:73.0) Gecko/20100101 Firefox/73.0"
192.168.10.190 - - [02/Mar/2020:09:21:11 +0000] "GET /imp/dynamic.php?page=mailbox HTTP/1.1" 200 8744 "http://mail.cup.com/services/portal/" "Mozilla/5.0 (X11; Ubuntu; Linux x86_64; rv:73.0) Gecko/20100101 Firefox/73.0"
192.168.10.190 - - [02/Mar/2020:09:21:12 +0000] "POST /services/ajax.php/imp/dynamicInit HTTP/1.1" 200 1527 "http://mail.cup.com/imp/dynamic.php?page=mailbox" "Mozilla/5.0 (X11; Ubuntu; Linux x86_64; rv:73.0) Gecko/20100101 Firefox/73.0"
192.168.10.190 - - [02/Mar/2020:09:21:12 +0000] "GET /imp/themes/default/graphics/flags/personal.png HTTP/1.1" 200 453 "http://mail.cup.com/imp/themes/default/screen.css" "Mozilla/5.0 (X11; Ubuntu; Linux x86_64; rv:73.0) Gecko/20100101 Firefox/73.0"
192.168.10.190 - - [02/Mar/2020:09:21:20 +0000] "POST /services/ajax.php/imp/viewPort HTTP/1.1" 200 893 "http://mail.cup.com/imp/dynamic.php?page=mailbox" "Mozilla/5.0 (X11; Ubuntu; Linux x86_64; rv:73.0) Gecko/20100101 Firefox/73.0"
192.168.10.4 - - [02/Mar/2020:09:21:25 +0000] "GET /services/portal/ HTTP/1.1" 200 9559 "http://mail.cup.com/nag/list.php" "Mozilla/5.0 (X11; Linux x86_64) AppleWebKit/537.36 (KHTML, like Gecko) Ubuntu Chromium/77.0.3865.90 HeadlessChrome/77.0.3865.90 Safari/537.36"
192.168.10.238 - - [02/Mar/2020:09:21:27 +0000] "POST /nag/task/save.php HTTP/1.1" 302 412 "http://mail.cup.com/nag/task.php?actionID=add_task" "Mozilla/5.0 (X11; Linux x86_64) AppleWebKit/537.36 (KHTML, like Gecko) Ubuntu Chromium/77.0.3865.90 HeadlessChrome/77.0.3865.90 Safari/537.36"
192.168.10.238 - - [02/Mar/2020:09:21:27 +0000] "GET /nag/list.php HTTP/1.1" 200 9130 "http://mail.cup.com/nag/task.php?actionID=add_task" "Mozilla/5.0 (X11; Linux x86_64) AppleWebKit/537.36 (KHTML, like Gecko) Ubuntu Chromium/77.0.3865.90 HeadlessChrome/77.0.3865.90 Safari/537.36"
192.168.10.190 - - [02/Mar/2020:09:21:29 +0000] "GET /imp/themes/default/graphics/flags/answered-inv.png HTTP/1.1" 200 406 "http://mail.cup.com/imp/themes/default/dynamic/screen.css" "Mozilla/5.0 (X11; Ubuntu; Linux x86_64; rv:73.0) Gecko/20100101 Firefox/73.0"
192.168.10.190 - - [02/Mar/2020:09:21:29 +0000] "GET /themes/default/graphics/loading.gif HTTP/1.1" 200 2007 "http://mail.cup.com/themes/default/screen.css" "Mozilla/5.0 (X11; Ubuntu; Linux x86_64; rv:73.0) Gecko/20100101 Firefox/73.0"
192.168.10.190 - - [02/Mar/2020:09:21:29 +0000] "POST /services/ajax.php/imp/showMessage HTTP/1.1" 200 3993 "http://mail.cup.com/imp/dynamic.php?page=mailbox" "Mozilla/5.0 (X11; Ubuntu; Linux x86_64; rv:73.0) Gecko/20100101 Firefox/73.0"
192.168.10.190 - - [02/Mar/2020:09:21:29 +0000] "GET /imp/themes/default/graphics/plus.png HTTP/1.1" 200 753 "http://mail.cup.com/imp/themes/default/dynamic/screen.css" "Mozilla/5.0 (X11; Ubuntu; Linux x86_64; rv:73.0) Gecko/20100101 Firefox/73.0"
192.168.10.190 - - [02/Mar/2020:09:21:29 +0000] "GET /imp/view.php?imp_img_view=view_thumbnail&actionID=view_attach&id=2&muid=%7B5%7DINBOX53&view_token=wrb4nNU9pVJdrhs5uAnbtl2 HTTP/1.1" 200 3846 "http://mail.cup.com/imp/dynamic.php?page=mailbox" "Mozilla/5.0 (X11; Ubuntu; Linux x86_64; rv:73.0) Gecko/20100101 Firefox/73.0"
192.168.10.4 - - [02/Mar/2020:09:21:30 +0000] "GET /nag/ HTTP/1.1" 200 9602 "http://mail.cup.com/services/portal/" "Mozilla/5.0 (X11; Linux x86_64) AppleWebKit/537.36 (KHTML, like Gecko) Ubuntu Chromium/77.0.3865.90 HeadlessChrome/77.0.3865.90 Safari/537.36"
192.168.10.4 - - [02/Mar/2020:09:21:32 +0000] "POST /nag/task/save.php HTTP/1.1" 302 412 "http://mail.cup.com/nag/task.php?actionID=add_task" "Mozilla/5.0 (X11; Ubuntu; Linux x86_64; rv:73.0) Gecko/20100101 Firefox/73.0"
192.168.10.4 - - [02/Mar/2020:09:21:32 +0000] "GET /nag/list.php HTTP/1.1" 200 9624 "http://mail.cup.com/nag/task.php?actionID=add_task" "Mozilla/5.0 (X11; Ubuntu; Linux x86_64; rv:73.0) Gecko/20100101 Firefox/73.0"
192.168.10.190 - - [02/Mar/2020:09:21:36 +0000] "GET /imp/dynamic.php?page=message&buid=53&mailbox=SU5CT1g&token=wrb4nNU9pVJdrhs5uAnbtl2&uniq=1583140896565 HTTP/1.1" 200 8279 "http://mail.cup.com/imp/dynamic.php?page=mailbox" "Mozilla/5.0 (X11; Ubuntu; Linux x86_64; rv:73.0) Gecko/20100101 Firefox/73.0"
192.168.10.190 - - [02/Mar/2020:09:21:37 +0000] "GET /imp/view.php?imp_img_view=view_thumbnail&actionID=view_attach&id=2&muid=%7B5%7DINBOX53&view_token=wrb4nNU9pVJdrhs5uAnbtl2 HTTP/1.1" 200 3846 "http://mail.cup.com/imp/dynamic.php?page=message&buid=53&mailbox=SU5CT1g&token=wrb4nNU9pVJdrhs5uAnbtl2&uniq=1583140896565" "Mozilla/5.0 (X11; Ubuntu; Linux x86_64; rv:73.0) Gecko/20100101 Firefox/73.0"
192.168.10.190 - - [02/Mar/2020:09:21:42 +0000] "POST /services/ajax.php/imp/getReplyData HTTP/1.1" 200 952 "http://mail.cup.com/imp/dynamic.php?page=message&buid=53&mailbox=SU5CT1g&token=wrb4nNU9pVJdrhs5uAnbtl2&uniq=1583140896565" "Mozilla/5.0 (X11; Ubuntu; Linux x86_64; rv:73.0) Gecko/20100101 Firefox/73.0"
192.168.10.190 - - [02/Mar/2020:09:21:52 +0000] "POST /services/ajax.php/imp/sendMessage HTTP/1.1" 200 635 "http://mail.cup.com/imp/dynamic.php?page=message&buid=53&mailbox=SU5CT1g&token=wrb4nNU9pVJdrhs5uAnbtl2&uniq=1583140896565" "Mozilla/5.0 (X11; Ubuntu; Linux x86_64; rv:73.0) Gecko/20100101 Firefox/73.0"
192.168.10.238 - - [02/Mar/2020:09:22:02 +0000] "GET /services/portal/ HTTP/1.1" 200 8541 "http://mail.cup.com/nag/list.php" "Mozilla/5.0 (X11; Linux x86_64) AppleWebKit/537.36 (KHTML, like Gecko) Ubuntu Chromium/77.0.3865.90 HeadlessChrome/77.0.3865.90 Safari/537.36"
192.168.10.4 - - [02/Mar/2020:09:22:05 +0000] "GET /services/portal/ HTTP/1.1" 200 9090 "http://mail.cup.com/nag/list.php" "Mozilla/5.0 (X11; Ubuntu; Linux x86_64; rv:73.0) Gecko/20100101 Firefox/73.0"
192.168.10.238 - - [02/Mar/2020:09:22:06 +0000] "GET /nag/ HTTP/1.1" 200 9026 "http://mail.cup.com/services/portal/" "Mozilla/5.0 (X11; Linux x86_64) AppleWebKit/537.36 (KHTML, like Gecko) Ubuntu Chromium/77.0.3865.90 HeadlessChrome/77.0.3865.90 Safari/537.36"
192.168.10.4 - - [02/Mar/2020:09:22:07 +0000] "GET /kronolith/ HTTP/1.1" 200 24697 "http://mail.cup.com/services/portal/" "Mozilla/5.0 (X11; Ubuntu; Linux x86_64; rv:73.0) Gecko/20100101 Firefox/73.0"
192.168.10.4 - - [02/Mar/2020:09:22:07 +0000] "GET /nag/task.php?tasklist=LPlvKR8NXFlouWS-n_s4gZa&task=MVHTWpR2HMi_1UQSEXgknEV&actionID=modify_task&have_search&tab_name=1&url=%2Fnag%2F HTTP/1.1" 200 9483 "http://mail.cup.com/nag/" "Mozilla/5.0 (X11; Linux x86_64) AppleWebKit/537.36 (KHTML, like Gecko) Ubuntu Chromium/77.0.3865.90 HeadlessChrome/77.0.3865.90 Safari/537.36"
192.168.10.4 - - [02/Mar/2020:09:22:08 +0000] "POST /services/ajax.php/kronolith/listCalendars HTTP/1.1" 200 973 "http://mail.cup.com/kronolith/" "Mozilla/5.0 (X11; Ubuntu; Linux x86_64; rv:73.0) Gecko/20100101 Firefox/73.0"
192.168.10.4 - - [02/Mar/2020:09:22:08 +0000] "POST /services/ajax.php/kronolith/listEvents HTTP/1.1" 200 549 "http://mail.cup.com/kronolith/" "Mozilla/5.0 (X11; Ubuntu; Linux x86_64; rv:73.0) Gecko/20100101 Firefox/73.0"
192.168.10.4 - - [02/Mar/2020:09:22:08 +0000] "POST /services/ajax.php/kronolith/listEvents HTTP/1.1" 200 1215 "http://mail.cup.com/kronolith/" "Mozilla/5.0 (X11; Ubuntu; Linux x86_64; rv:73.0) Gecko/20100101 Firefox/73.0"
192.168.10.4 - - [02/Mar/2020:09:22:11 +0000] "POST /nag/task/save.php HTTP/1.1" 302 411 "http://mail.cup.com/nag/task.php?tasklist=LPlvKR8NXFlouWS-n_s4gZa&task=MVHTWpR2HMi_1UQSEXgknEV&actionID=modify_task&have_search&tab_name=1&url=%2Fnag%2F" "Mozilla/5.0 (X11; Linux x86_64) AppleWebKit/537.36 (KHTML, like Gecko) Ubuntu Chromium/77.0.3865.90 HeadlessChrome/77.0.3865.90 Safari/537.36"
192.168.10.4 - - [02/Mar/2020:09:22:11 +0000] "GET /nag/list.php HTTP/1.1" 200 9630 "http://mail.cup.com/nag/task.php?tasklist=LPlvKR8NXFlouWS-n_s4gZa&task=MVHTWpR2HMi_1UQSEXgknEV&actionID=modify_task&have_search&tab_name=1&url=%2Fnag%2F" "Mozilla/5.0 (X11; Linux x86_64) AppleWebKit/537.36 (KHTML, like Gecko) Ubuntu Chromium/77.0.3865.90 HeadlessChrome/77.0.3865.90 Safari/537.36"
192.168.10.4 - - [02/Mar/2020:09:22:13 +0000] "POST /services/ajax.php/kronolith/getEvent HTTP/1.1" 200 683 "http://mail.cup.com/kronolith/" "Mozilla/5.0 (X11; Ubuntu; Linux x86_64; rv:73.0) Gecko/20100101 Firefox/73.0"
192.168.10.4 - - [02/Mar/2020:09:22:13 +0000] "POST /services/ajax.php/kronolith/listTopTags HTTP/1.1" 200 463 "http://mail.cup.com/kronolith/" "Mozilla/5.0 (X11; Ubuntu; Linux x86_64; rv:73.0) Gecko/20100101 Firefox/73.0"
192.168.10.4 - - [02/Mar/2020:09:22:18 +0000] "POST /services/ajax.php/kronolith/deleteEvent HTTP/1.1" 200 535 "http://mail.cup.com/kronolith/" "Mozilla/5.0 (X11; Ubuntu; Linux x86_64; rv:73.0) Gecko/20100101 Firefox/73.0"
192.168.10.4 - - [02/Mar/2020:09:22:23 +0000] "GET /services/portal/ HTTP/1.1" 200 8525 "http://mail.cup.com/kronolith/" "Mozilla/5.0 (X11; Ubuntu; Linux x86_64; rv:73.0) Gecko/20100101 Firefox/73.0"
192.168.10.4 - - [02/Mar/2020:09:22:27 +0000] "GET /mnemo/ HTTP/1.1" 200 6071 "http://mail.cup.com/services/portal/" "Mozilla/5.0 (X11; Ubuntu; Linux x86_64; rv:73.0) Gecko/20100101 Firefox/73.0"
192.168.10.190 - - [02/Mar/2020:09:22:36 +0000] "GET /services/portal/ HTTP/1.1" 200 8058 "http://mail.cup.com/imp/dynamic.php?page=mailbox" "Mozilla/5.0 (X11; Ubuntu; Linux x86_64; rv:73.0) Gecko/20100101 Firefox/73.0"
192.168.10.190 - - [02/Mar/2020:09:22:43 +0000] "GET /imp/dynamic.php?page=mailbox HTTP/1.1" 200 8747 "http://mail.cup.com/services/portal/" "Mozilla/5.0 (X11; Ubuntu; Linux x86_64; rv:73.0) Gecko/20100101 Firefox/73.0"
192.168.10.238 - - [02/Mar/2020:09:22:43 +0000] "GET /nag/task.php?tasklist=g293qGxpru4uEA2Mg_fpt4n&task=l04mdLNCQrb2F7RziWXSk10&actionID=modify_task&have_search&tab_name=1&url=%2Fnag%2F HTTP/1.1" 200 9311 "http://mail.cup.com/nag/" "Mozilla/5.0 (X11; Linux x86_64) AppleWebKit/537.36 (KHTML, like Gecko) Ubuntu Chromium/77.0.3865.90 HeadlessChrome/77.0.3865.90 Safari/537.36"
192.168.10.190 - - [02/Mar/2020:09:22:43 +0000] "POST /services/ajax.php/imp/dynamicInit HTTP/1.1" 200 1526 "http://mail.cup.com/imp/dynamic.php?page=mailbox" "Mozilla/5.0 (X11; Ubuntu; Linux x86_64; rv:73.0) Gecko/20100101 Firefox/73.0"
192.168.10.190 - - [02/Mar/2020:09:22:44 +0000] "GET /imp/themes/default/graphics/flags/personal.png HTTP/1.1" 200 453 "http://mail.cup.com/imp/themes/default/screen.css" "Mozilla/5.0 (X11; Ubuntu; Linux x86_64; rv:73.0) Gecko/20100101 Firefox/73.0"
192.168.10.4 - - [02/Mar/2020:09:22:45 +0000] "GET /services/portal/ HTTP/1.1" 200 9492 "http://mail.cup.com/nag/list.php" "Mozilla/5.0 (X11; Linux x86_64) AppleWebKit/537.36 (KHTML, like Gecko) Ubuntu Chromium/77.0.3865.90 HeadlessChrome/77.0.3865.90 Safari/537.36"
192.168.10.238 - - [02/Mar/2020:09:22:48 +0000] "POST /nag/task/save.php HTTP/1.1" 302 411 "http://mail.cup.com/nag/task.php?tasklist=g293qGxpru4uEA2Mg_fpt4n&task=l04mdLNCQrb2F7RziWXSk10&actionID=modify_task&have_search&tab_name=1&url=%2Fnag%2F" "Mozilla/5.0 (X11; Linux x86_64) AppleWebKit/537.36 (KHTML, like Gecko) Ubuntu Chromium/77.0.3865.90 HeadlessChrome/77.0.3865.90 Safari/537.36"
192.168.10.238 - - [02/Mar/2020:09:22:48 +0000] "GET /nag/list.php HTTP/1.1" 200 9015 "http://mail.cup.com/nag/task.php?tasklist=g293qGxpru4uEA2Mg_fpt4n&task=l04mdLNCQrb2F7RziWXSk10&actionID=modify_task&have_search&tab_name=1&url=%2Fnag%2F" "Mozilla/5.0 (X11; Linux x86_64) AppleWebKit/537.36 (KHTML, like Gecko) Ubuntu Chromium/77.0.3865.90 HeadlessChrome/77.0.3865.90 Safari/537.36"
192.168.10.190 - - [02/Mar/2020:09:22:52 +0000] "POST /services/ajax.php/imp/viewPort HTTP/1.1" 200 895 "http://mail.cup.com/imp/dynamic.php?page=mailbox" "Mozilla/5.0 (X11; Ubuntu; Linux x86_64; rv:73.0) Gecko/20100101 Firefox/73.0"
192.168.10.190 - - [02/Mar/2020:09:22:58 +0000] "POST /services/ajax.php/imp/showMessage HTTP/1.1" 200 3147 "http://mail.cup.com/imp/dynamic.php?page=mailbox" "Mozilla/5.0 (X11; Ubuntu; Linux x86_64; rv:73.0) Gecko/20100101 Firefox/73.0"
192.168.10.4 - - [02/Mar/2020:09:23:01 +0000] "GET /mnemo/memo.php?memo=H6AU6IHFadi59NfZvvILF4_&memolist=NvNRrPKs5COrlFQXGwyjn8g&actionID=modify_memo HTTP/1.1" 200 6114 "http://mail.cup.com/mnemo/" "Mozilla/5.0 (X11; Ubuntu; Linux x86_64; rv:73.0) Gecko/20100101 Firefox/73.0"
192.168.10.4 - - [02/Mar/2020:09:23:05 +0000] "GET /mnemo/memo.php?memo=H6AU6IHFadi59NfZvvILF4_&memolist=NvNRrPKs5COrlFQXGwyjn8g&actionID=delete_memos HTTP/1.1" 302 413 "http://mail.cup.com/mnemo/memo.php?memo=H6AU6IHFadi59NfZvvILF4_&memolist=NvNRrPKs5COrlFQXGwyjn8g&actionID=modify_memo" "Mozilla/5.0 (X11; Ubuntu; Linux x86_64; rv:73.0) Gecko/20100101 Firefox/73.0"
192.168.10.4 - - [02/Mar/2020:09:23:06 +0000] "GET /mnemo/list.php HTTP/1.1" 200 6084 "http://mail.cup.com/mnemo/memo.php?memo=H6AU6IHFadi59NfZvvILF4_&memolist=NvNRrPKs5COrlFQXGwyjn8g&actionID=modify_memo" "Mozilla/5.0 (X11; Ubuntu; Linux x86_64; rv:73.0) Gecko/20100101 Firefox/73.0"
192.168.10.190 - - [02/Mar/2020:09:23:06 +0000] "GET /imp/dynamic.php?page=message&buid=52&mailbox=SU5CT1g&token=wrb4nNU9pVJdrhs5uAnbtl2&uniq=1583140986417 HTTP/1.1" 200 8314 "http://mail.cup.com/imp/dynamic.php?page=mailbox" "Mozilla/5.0 (X11; Ubuntu; Linux x86_64; rv:73.0) Gecko/20100101 Firefox/73.0"
192.168.10.190 - - [02/Mar/2020:09:23:12 +0000] "POST /services/ajax.php/imp/getReplyData HTTP/1.1" 200 1697 "http://mail.cup.com/imp/dynamic.php?page=message&buid=52&mailbox=SU5CT1g&token=wrb4nNU9pVJdrhs5uAnbtl2&uniq=1583140986417" "Mozilla/5.0 (X11; Ubuntu; Linux x86_64; rv:73.0) Gecko/20100101 Firefox/73.0"
192.168.10.190 - - [02/Mar/2020:09:23:13 +0000] "GET /imp/themes/default/graphics/delete-small.png HTTP/1.1" 200 391 "http://mail.cup.com/imp/dynamic.php?page=message&buid=52&mailbox=SU5CT1g&token=wrb4nNU9pVJdrhs5uAnbtl2&uniq=1583140986417" "Mozilla/5.0 (X11; Ubuntu; Linux x86_64; rv:73.0) Gecko/20100101 Firefox/73.0"
192.168.10.238 - - [02/Mar/2020:09:23:21 +0000] "GET /services/portal/ HTTP/1.1" 200 8473 "http://mail.cup.com/nag/list.php" "Mozilla/5.0 (X11; Linux x86_64) AppleWebKit/537.36 (KHTML, like Gecko) Ubuntu Chromium/77.0.3865.90 HeadlessChrome/77.0.3865.90 Safari/537.36"
192.168.10.4 - - [02/Mar/2020:09:23:22 +0000] "GET /services/portal/ HTTP/1.1" 200 9491 "http://mail.cup.com/services/portal/" "Mozilla/5.0 (X11; Linux x86_64) AppleWebKit/537.36 (KHTML, like Gecko) Ubuntu Chromium/77.0.3865.90 HeadlessChrome/77.0.3865.90 Safari/537.36"
192.168.10.238 - - [02/Mar/2020:09:23:27 +0000] "GET /imp/dynamic.php?page=mailbox HTTP/1.1" 200 8747 "http://mail.cup.com/services/portal/" "Mozilla/5.0 (X11; Linux x86_64) AppleWebKit/537.36 (KHTML, like Gecko) Ubuntu Chromium/77.0.3865.90 HeadlessChrome/77.0.3865.90 Safari/537.36"
192.168.10.4 - - [02/Mar/2020:09:23:27 +0000] "GET /login.php?horde_logout_token=MIcRg3z9y_c4eqy7-O4Zwkr&logout_reason=4 HTTP/1.1" 200 3839 "http://mail.cup.com/services/portal/" "Mozilla/5.0 (X11; Linux x86_64) AppleWebKit/537.36 (KHTML, like Gecko) Ubuntu Chromium/77.0.3865.90 HeadlessChrome/77.0.3865.90 Safari/537.36"
192.168.10.238 - - [02/Mar/2020:09:23:27 +0000] "POST /services/ajax.php/imp/dynamicInit HTTP/1.1" 200 2000 "http://mail.cup.com/imp/dynamic.php?page=mailbox" "Mozilla/5.0 (X11; Linux x86_64) AppleWebKit/537.36 (KHTML, like Gecko) Ubuntu Chromium/77.0.3865.90 HeadlessChrome/77.0.3865.90 Safari/537.36"
192.168.10.238 - - [02/Mar/2020:09:23:34 +0000] "POST /services/ajax.php/imp/viewPort HTTP/1.1" 200 1349 "http://mail.cup.com/imp/dynamic.php?page=mailbox" "Mozilla/5.0 (X11; Linux x86_64) AppleWebKit/537.36 (KHTML, like Gecko) Ubuntu Chromium/77.0.3865.90 HeadlessChrome/77.0.3865.90 Safari/537.36"
192.168.10.190 - - [02/Mar/2020:09:23:34 +0000] "POST /services/ajax.php/imp/sendMessage HTTP/1.1" 200 616 "http://mail.cup.com/imp/dynamic.php?page=message&buid=52&mailbox=SU5CT1g&token=wrb4nNU9pVJdrhs5uAnbtl2&uniq=1583140986417" "Mozilla/5.0 (X11; Ubuntu; Linux x86_64; rv:73.0) Gecko/20100101 Firefox/73.0"
192.168.10.238 - - [02/Mar/2020:09:23:38 +0000] "POST /services/ajax.php/imp/showMessage HTTP/1.1" 200 3063 "http://mail.cup.com/imp/dynamic.php?page=mailbox" "Mozilla/5.0 (X11; Linux x86_64) AppleWebKit/537.36 (KHTML, like Gecko) Ubuntu Chromium/77.0.3865.90 HeadlessChrome/77.0.3865.90 Safari/537.36"
192.168.10.4 - - [02/Mar/2020:09:23:40 +0000] "GET /services/portal/ HTTP/1.1" 200 8452 "http://mail.cup.com/mnemo/list.php" "Mozilla/5.0 (X11; Ubuntu; Linux x86_64; rv:73.0) Gecko/20100101 Firefox/73.0"
192.168.10.238 - - [02/Mar/2020:09:23:42 +0000] "POST /services/ajax.php/imp/deleteMessages HTTP/1.1" 200 557 "http://mail.cup.com/imp/dynamic.php?page=mailbox" "Mozilla/5.0 (X11; Linux x86_64) AppleWebKit/537.36 (KHTML, like Gecko) Ubuntu Chromium/77.0.3865.90 HeadlessChrome/77.0.3865.90 Safari/537.36"
192.168.10.4 - - [02/Mar/2020:09:23:42 +0000] "GET /mnemo/ HTTP/1.1" 200 5974 "http://mail.cup.com/services/portal/" "Mozilla/5.0 (X11; Ubuntu; Linux x86_64; rv:73.0) Gecko/20100101 Firefox/73.0"
192.168.10.238 - - [02/Mar/2020:09:24:15 +0000] "GET /services/portal/ HTTP/1.1" 200 8474 "http://mail.cup.com/imp/dynamic.php?page=mailbox" "Mozilla/5.0 (X11; Linux x86_64) AppleWebKit/537.36 (KHTML, like Gecko) Ubuntu Chromium/77.0.3865.90 HeadlessChrome/77.0.3865.90 Safari/537.36"
192.168.10.4 - - [02/Mar/2020:09:24:19 +0000] "GET /mnemo/memo.php?memo=IckMna-jWkM3ZZp9r6Hgnvj&memolist=NvNRrPKs5COrlFQXGwyjn8g&actionID=modify_memo HTTP/1.1" 200 6110 "http://mail.cup.com/mnemo/" "Mozilla/5.0 (X11; Ubuntu; Linux x86_64; rv:73.0) Gecko/20100101 Firefox/73.0"
192.168.10.238 - - [02/Mar/2020:09:24:19 +0000] "GET /imp/dynamic.php?page=mailbox HTTP/1.1" 200 8750 "http://mail.cup.com/services/portal/" "Mozilla/5.0 (X11; Linux x86_64) AppleWebKit/537.36 (KHTML, like Gecko) Ubuntu Chromium/77.0.3865.90 HeadlessChrome/77.0.3865.90 Safari/537.36"
192.168.10.238 - - [02/Mar/2020:09:24:19 +0000] "POST /services/ajax.php/imp/dynamicInit HTTP/1.1" 200 1954 "http://mail.cup.com/imp/dynamic.php?page=mailbox" "Mozilla/5.0 (X11; Linux x86_64) AppleWebKit/537.36 (KHTML, like Gecko) Ubuntu Chromium/77.0.3865.90 HeadlessChrome/77.0.3865.90 Safari/537.36"
192.168.10.190 - - [02/Mar/2020:09:24:20 +0000] "GET /services/portal/ HTTP/1.1" 200 8061 "http://mail.cup.com/imp/dynamic.php?page=mailbox" "Mozilla/5.0 (X11; Ubuntu; Linux x86_64; rv:73.0) Gecko/20100101 Firefox/73.0"
192.168.10.4 - - [02/Mar/2020:09:24:23 +0000] "GET /mnemo/memo.php?memo=IckMna-jWkM3ZZp9r6Hgnvj&memolist=NvNRrPKs5COrlFQXGwyjn8g&actionID=delete_memos HTTP/1.1" 302 413 "http://mail.cup.com/mnemo/memo.php?memo=IckMna-jWkM3ZZp9r6Hgnvj&memolist=NvNRrPKs5COrlFQXGwyjn8g&actionID=modify_memo" "Mozilla/5.0 (X11; Ubuntu; Linux x86_64; rv:73.0) Gecko/20100101 Firefox/73.0"
192.168.10.4 - - [02/Mar/2020:09:24:23 +0000] "GET /mnemo/list.php HTTP/1.1" 200 5990 "http://mail.cup.com/mnemo/memo.php?memo=IckMna-jWkM3ZZp9r6Hgnvj&memolist=NvNRrPKs5COrlFQXGwyjn8g&actionID=modify_memo" "Mozilla/5.0 (X11; Ubuntu; Linux x86_64; rv:73.0) Gecko/20100101 Firefox/73.0"
192.168.10.238 - - [02/Mar/2020:09:24:26 +0000] "POST /services/ajax.php/imp/viewPort HTTP/1.1" 200 1322 "http://mail.cup.com/imp/dynamic.php?page=mailbox" "Mozilla/5.0 (X11; Linux x86_64) AppleWebKit/537.36 (KHTML, like Gecko) Ubuntu Chromium/77.0.3865.90 HeadlessChrome/77.0.3865.90 Safari/537.36"
192.168.10.190 - - [02/Mar/2020:09:24:26 +0000] "GET /mnemo/ HTTP/1.1" 200 5553 "http://mail.cup.com/services/portal/" "Mozilla/5.0 (X11; Ubuntu; Linux x86_64; rv:73.0) Gecko/20100101 Firefox/73.0"
192.168.10.190 - - [02/Mar/2020:09:24:27 +0000] "GET /mnemo/themes/default/graphics/mnemo.png HTTP/1.1" 200 665 "http://mail.cup.com/mnemo/themes/default/screen.css" "Mozilla/5.0 (X11; Ubuntu; Linux x86_64; rv:73.0) Gecko/20100101 Firefox/73.0"
192.168.10.190 - - [02/Mar/2020:09:24:27 +0000] "GET /mnemo/themes/default/graphics/search.png HTTP/1.1" 200 729 "http://mail.cup.com/mnemo/themes/default/screen.css" "Mozilla/5.0 (X11; Ubuntu; Linux x86_64; rv:73.0) Gecko/20100101 Firefox/73.0"
192.168.10.238 - - [02/Mar/2020:09:24:29 +0000] "POST /services/ajax.php/imp/showMessage HTTP/1.1" 200 3041 "http://mail.cup.com/imp/dynamic.php?page=mailbox" "Mozilla/5.0 (X11; Linux x86_64) AppleWebKit/537.36 (KHTML, like Gecko) Ubuntu Chromium/77.0.3865.90 HeadlessChrome/77.0.3865.90 Safari/537.36"
192.168.10.238 - - [02/Mar/2020:09:24:34 +0000] "POST /services/ajax.php/imp/deleteMessages HTTP/1.1" 200 558 "http://mail.cup.com/imp/dynamic.php?page=mailbox" "Mozilla/5.0 (X11; Linux x86_64) AppleWebKit/537.36 (KHTML, like Gecko) Ubuntu Chromium/77.0.3865.90 HeadlessChrome/77.0.3865.90 Safari/537.36"
192.168.10.4 - - [02/Mar/2020:09:24:56 +0000] "GET /services/portal/ HTTP/1.1" 200 8368 "http://mail.cup.com/mnemo/list.php" "Mozilla/5.0 (X11; Ubuntu; Linux x86_64; rv:73.0) Gecko/20100101 Firefox/73.0"
192.168.10.4 - - [02/Mar/2020:09:25:00 +0000] "GET /mnemo/ HTTP/1.1" 200 5881 "http://mail.cup.com/services/portal/" "Mozilla/5.0 (X11; Ubuntu; Linux x86_64; rv:73.0) Gecko/20100101 Firefox/73.0"
192.168.10.238 - - [02/Mar/2020:09:25:08 +0000] "GET /services/portal/ HTTP/1.1" 200 8475 "http://mail.cup.com/imp/dynamic.php?page=mailbox" "Mozilla/5.0 (X11; Linux x86_64) AppleWebKit/537.36 (KHTML, like Gecko) Ubuntu Chromium/77.0.3865.90 HeadlessChrome/77.0.3865.90 Safari/537.36"
192.168.10.190 - - [02/Mar/2020:09:25:09 +0000] "GET /mnemo/memo.php?memo=O9dxX102vAxyE_-qp4hpRsH&memolist=n7q5eVS5QnBXB8YYtvjk8UQ&actionID=modify_memo HTTP/1.1" 200 6103 "http://mail.cup.com/mnemo/" "Mozilla/5.0 (X11; Ubuntu; Linux x86_64; rv:73.0) Gecko/20100101 Firefox/73.0"
192.168.10.190 - - [02/Mar/2020:09:25:12 +0000] "GET /mnemo/memo.php?memo=O9dxX102vAxyE_-qp4hpRsH&memolist=n7q5eVS5QnBXB8YYtvjk8UQ&actionID=delete_memos HTTP/1.1" 302 413 "http://mail.cup.com/mnemo/memo.php?memo=O9dxX102vAxyE_-qp4hpRsH&memolist=n7q5eVS5QnBXB8YYtvjk8UQ&actionID=modify_memo" "Mozilla/5.0 (X11; Ubuntu; Linux x86_64; rv:73.0) Gecko/20100101 Firefox/73.0"
192.168.10.190 - - [02/Mar/2020:09:25:12 +0000] "GET /mnemo/list.php HTTP/1.1" 200 5574 "http://mail.cup.com/mnemo/memo.php?memo=O9dxX102vAxyE_-qp4hpRsH&memolist=n7q5eVS5QnBXB8YYtvjk8UQ&actionID=modify_memo" "Mozilla/5.0 (X11; Ubuntu; Linux x86_64; rv:73.0) Gecko/20100101 Firefox/73.0"
192.168.10.238 - - [02/Mar/2020:09:25:12 +0000] "GET /imp/dynamic.php?page=mailbox HTTP/1.1" 200 8749 "http://mail.cup.com/services/portal/" "Mozilla/5.0 (X11; Linux x86_64) AppleWebKit/537.36 (KHTML, like Gecko) Ubuntu Chromium/77.0.3865.90 HeadlessChrome/77.0.3865.90 Safari/537.36"
192.168.10.238 - - [02/Mar/2020:09:25:13 +0000] "POST /services/ajax.php/imp/dynamicInit HTTP/1.1" 200 1950 "http://mail.cup.com/imp/dynamic.php?page=mailbox" "Mozilla/5.0 (X11; Linux x86_64) AppleWebKit/537.36 (KHTML, like Gecko) Ubuntu Chromium/77.0.3865.90 HeadlessChrome/77.0.3865.90 Safari/537.36"
192.168.10.238 - - [02/Mar/2020:09:25:19 +0000] "POST /services/ajax.php/imp/viewPort HTTP/1.1" 200 1301 "http://mail.cup.com/imp/dynamic.php?page=mailbox" "Mozilla/5.0 (X11; Linux x86_64) AppleWebKit/537.36 (KHTML, like Gecko) Ubuntu Chromium/77.0.3865.90 HeadlessChrome/77.0.3865.90 Safari/537.36"
192.168.10.238 - - [02/Mar/2020:09:25:22 +0000] "POST /services/ajax.php/imp/showMessage HTTP/1.1" 200 4224 "http://mail.cup.com/imp/dynamic.php?page=mailbox" "Mozilla/5.0 (X11; Linux x86_64) AppleWebKit/537.36 (KHTML, like Gecko) Ubuntu Chromium/77.0.3865.90 HeadlessChrome/77.0.3865.90 Safari/537.36"
192.168.10.238 - - [02/Mar/2020:09:25:22 +0000] "GET /imp/view.php?imp_img_view=view_thumbnail&actionID=view_attach&id=2&muid=%7B5%7DINBOX88&view_token=IBK6PLd_tAxeQDaRjYdbJYS HTTP/1.1" 200 2031 "http://mail.cup.com/imp/dynamic.php?page=mailbox" "Mozilla/5.0 (X11; Linux x86_64) AppleWebKit/537.36 (KHTML, like Gecko) Ubuntu Chromium/77.0.3865.90 HeadlessChrome/77.0.3865.90 Safari/537.36"
192.168.10.238 - - [02/Mar/2020:09:25:27 +0000] "POST /services/ajax.php/imp/deleteMessages HTTP/1.1" 200 556 "http://mail.cup.com/imp/dynamic.php?page=mailbox" "Mozilla/5.0 (X11; Linux x86_64) AppleWebKit/537.36 (KHTML, like Gecko) Ubuntu Chromium/77.0.3865.90 HeadlessChrome/77.0.3865.90 Safari/537.36"
192.168.10.4 - - [02/Mar/2020:09:25:35 +0000] "GET /mnemo/memo.php?memo=x_ijw17o905Cufzrbd2NdoR&memolist=NvNRrPKs5COrlFQXGwyjn8g&actionID=modify_memo HTTP/1.1" 200 6111 "http://mail.cup.com/mnemo/" "Mozilla/5.0 (X11; Ubuntu; Linux x86_64; rv:73.0) Gecko/20100101 Firefox/73.0"
192.168.10.4 - - [02/Mar/2020:09:25:38 +0000] "GET /mnemo/memo.php?memo=x_ijw17o905Cufzrbd2NdoR&memolist=NvNRrPKs5COrlFQXGwyjn8g&actionID=delete_memos HTTP/1.1" 302 413 "http://mail.cup.com/mnemo/memo.php?memo=x_ijw17o905Cufzrbd2NdoR&memolist=NvNRrPKs5COrlFQXGwyjn8g&actionID=modify_memo" "Mozilla/5.0 (X11; Ubuntu; Linux x86_64; rv:73.0) Gecko/20100101 Firefox/73.0"
192.168.10.4 - - [02/Mar/2020:09:25:38 +0000] "GET /mnemo/list.php HTTP/1.1" 200 5892 "http://mail.cup.com/mnemo/memo.php?memo=x_ijw17o905Cufzrbd2NdoR&memolist=NvNRrPKs5COrlFQXGwyjn8g&actionID=modify_memo" "Mozilla/5.0 (X11; Ubuntu; Linux x86_64; rv:73.0) Gecko/20100101 Firefox/73.0"
192.168.10.190 - - [02/Mar/2020:09:25:47 +0000] "GET /services/portal/ HTTP/1.1" 200 7986 "http://mail.cup.com/mnemo/list.php" "Mozilla/5.0 (X11; Ubuntu; Linux x86_64; rv:73.0) Gecko/20100101 Firefox/73.0"
192.168.10.190 - - [02/Mar/2020:09:25:50 +0000] "GET /nag/ HTTP/1.1" 200 8372 "http://mail.cup.com/services/portal/" "Mozilla/5.0 (X11; Ubuntu; Linux x86_64; rv:73.0) Gecko/20100101 Firefox/73.0"
192.168.10.238 - - [02/Mar/2020:09:26:00 +0000] "GET /services/portal/ HTTP/1.1" 200 8475 "http://mail.cup.com/imp/dynamic.php?page=mailbox" "Mozilla/5.0 (X11; Linux x86_64) AppleWebKit/537.36 (KHTML, like Gecko) Ubuntu Chromium/77.0.3865.90 HeadlessChrome/77.0.3865.90 Safari/537.36"
192.168.10.238 - - [02/Mar/2020:09:26:04 +0000] "GET /turba/ HTTP/1.1" 200 4351 "http://mail.cup.com/services/portal/" "Mozilla/5.0 (X11; Linux x86_64) AppleWebKit/537.36 (KHTML, like Gecko) Ubuntu Chromium/77.0.3865.90 HeadlessChrome/77.0.3865.90 Safari/537.36"
192.168.10.238 - - [02/Mar/2020:09:26:09 +0000] "GET /turba/add.php HTTP/1.1" 200 19358 "http://mail.cup.com/turba/" "Mozilla/5.0 (X11; Linux x86_64) AppleWebKit/537.36 (KHTML, like Gecko) Ubuntu Chromium/77.0.3865.90 HeadlessChrome/77.0.3865.90 Safari/537.36"
192.168.10.4 - - [02/Mar/2020:09:26:11 +0000] "GET /services/portal/ HTTP/1.1" 200 8284 "http://mail.cup.com/mnemo/list.php" "Mozilla/5.0 (X11; Ubuntu; Linux x86_64; rv:73.0) Gecko/20100101 Firefox/73.0"
192.168.10.4 - - [02/Mar/2020:09:26:13 +0000] "GET /nag/ HTTP/1.1" 200 9518 "http://mail.cup.com/services/portal/" "Mozilla/5.0 (X11; Ubuntu; Linux x86_64; rv:73.0) Gecko/20100101 Firefox/73.0"
192.168.10.238 - - [02/Mar/2020:09:26:20 +0000] "POST /turba/add.php HTTP/1.1" 302 489 "http://mail.cup.com/turba/add.php" "Mozilla/5.0 (X11; Linux x86_64) AppleWebKit/537.36 (KHTML, like Gecko) Ubuntu Chromium/77.0.3865.90 HeadlessChrome/77.0.3865.90 Safari/537.36"
192.168.10.238 - - [02/Mar/2020:09:26:20 +0000] "GET /turba/contact.php?source=qGfNwNBY2SlbrolQtkzh89q&key=ZUVWiLFaTttR1dkq3mRYySx&view=Contact HTTP/1.1" 200 21151 "http://mail.cup.com/turba/add.php" "Mozilla/5.0 (X11; Linux x86_64) AppleWebKit/537.36 (KHTML, like Gecko) Ubuntu Chromium/77.0.3865.90 HeadlessChrome/77.0.3865.90 Safari/537.36"
192.168.10.190 - - [02/Mar/2020:09:26:29 +0000] "GET /nag/task.php?tasklist=-tuA1UJG7ilRa4A_Y2M_t3c&task=otqbCLJe4zMhmtWgCVK5WHG&actionID=modify_task&have_search&tab_name=1&url=%2Fnag%2F HTTP/1.1" 200 9130 "http://mail.cup.com/nag/" "Mozilla/5.0 (X11; Ubuntu; Linux x86_64; rv:73.0) Gecko/20100101 Firefox/73.0"
192.168.10.190 - - [02/Mar/2020:09:26:33 +0000] "POST /nag/task/save.php HTTP/1.1" 302 411 "http://mail.cup.com/nag/task.php?tasklist=-tuA1UJG7ilRa4A_Y2M_t3c&task=otqbCLJe4zMhmtWgCVK5WHG&actionID=modify_task&have_search&tab_name=1&url=%2Fnag%2F" "Mozilla/5.0 (X11; Ubuntu; Linux x86_64; rv:73.0) Gecko/20100101 Firefox/73.0"
192.168.10.190 - - [02/Mar/2020:09:26:33 +0000] "GET /nag/list.php HTTP/1.1" 200 8335 "http://mail.cup.com/nag/task.php?tasklist=-tuA1UJG7ilRa4A_Y2M_t3c&task=otqbCLJe4zMhmtWgCVK5WHG&actionID=modify_task&have_search&tab_name=1&url=%2Fnag%2F" "Mozilla/5.0 (X11; Ubuntu; Linux x86_64; rv:73.0) Gecko/20100101 Firefox/73.0"
192.168.10.4 - - [02/Mar/2020:09:26:50 +0000] "GET /nag/task.php?actionID=add_task HTTP/1.1" 200 9297 "http://mail.cup.com/nag/" "Mozilla/5.0 (X11; Ubuntu; Linux x86_64; rv:73.0) Gecko/20100101 Firefox/73.0"
192.168.10.238 - - [02/Mar/2020:09:26:55 +0000] "GET /services/portal/ HTTP/1.1" 200 8514 "http://mail.cup.com/turba/contact.php?source=qGfNwNBY2SlbrolQtkzh89q&key=ZUVWiLFaTttR1dkq3mRYySx&view=Contact" "Mozilla/5.0 (X11; Linux x86_64) AppleWebKit/537.36 (KHTML, like Gecko) Ubuntu Chromium/77.0.3865.90 HeadlessChrome/77.0.3865.90 Safari/537.36"
192.168.10.4 - - [02/Mar/2020:09:26:58 +0000] "POST /services/ajax.php/horde/imple?token=EqTKOp4JfiFMScHathHXiiF&app=nag&imple=Nag_Ajax_Imple_TagAutoCompleter&input=tags HTTP/1.1" 200 376 "http://mail.cup.com/nag/task.php?actionID=add_task" "Mozilla/5.0 (X11; Ubuntu; Linux x86_64; rv:73.0) Gecko/20100101 Firefox/73.0"
192.168.10.238 - - [02/Mar/2020:09:26:59 +0000] "GET /imp/dynamic.php?page=mailbox HTTP/1.1" 200 8748 "http://mail.cup.com/services/portal/" "Mozilla/5.0 (X11; Linux x86_64) AppleWebKit/537.36 (KHTML, like Gecko) Ubuntu Chromium/77.0.3865.90 HeadlessChrome/77.0.3865.90 Safari/537.36"
192.168.10.238 - - [02/Mar/2020:09:26:59 +0000] "POST /services/ajax.php/imp/dynamicInit HTTP/1.1" 200 1910 "http://mail.cup.com/imp/dynamic.php?page=mailbox" "Mozilla/5.0 (X11; Linux x86_64) AppleWebKit/537.36 (KHTML, like Gecko) Ubuntu Chromium/77.0.3865.90 HeadlessChrome/77.0.3865.90 Safari/537.36"
192.168.10.190 - - [02/Mar/2020:09:27:08 +0000] "GET /services/portal/ HTTP/1.1" 200 7435 "http://mail.cup.com/nag/list.php" "Mozilla/5.0 (X11; Ubuntu; Linux x86_64; rv:73.0) Gecko/20100101 Firefox/73.0"
192.168.10.238 - - [02/Mar/2020:09:27:08 +0000] "POST /services/ajax.php/imp/viewPort HTTP/1.1" 200 1264 "http://mail.cup.com/imp/dynamic.php?page=mailbox" "Mozilla/5.0 (X11; Linux x86_64) AppleWebKit/537.36 (KHTML, like Gecko) Ubuntu Chromium/77.0.3865.90 HeadlessChrome/77.0.3865.90 Safari/537.36"
192.168.10.238 - - [02/Mar/2020:09:27:12 +0000] "POST /services/ajax.php/imp/showMessage HTTP/1.1" 200 3353 "http://mail.cup.com/imp/dynamic.php?page=mailbox" "Mozilla/5.0 (X11; Linux x86_64) AppleWebKit/537.36 (KHTML, like Gecko) Ubuntu Chromium/77.0.3865.90 HeadlessChrome/77.0.3865.90 Safari/537.36"
192.168.10.190 - - [02/Mar/2020:09:27:14 +0000] "GET /mnemo/ HTTP/1.1" 200 5468 "http://mail.cup.com/services/portal/" "Mozilla/5.0 (X11; Ubuntu; Linux x86_64; rv:73.0) Gecko/20100101 Firefox/73.0"
192.168.10.238 - - [02/Mar/2020:09:27:15 +0000] "POST /services/ajax.php/imp/deleteMessages HTTP/1.1" 200 556 "http://mail.cup.com/imp/dynamic.php?page=mailbox" "Mozilla/5.0 (X11; Linux x86_64) AppleWebKit/537.36 (KHTML, like Gecko) Ubuntu Chromium/77.0.3865.90 HeadlessChrome/77.0.3865.90 Safari/537.36"
192.168.10.4 - - [02/Mar/2020:09:27:20 +0000] "POST /nag/task/save.php HTTP/1.1" 302 412 "http://mail.cup.com/nag/task.php?actionID=add_task" "Mozilla/5.0 (X11; Ubuntu; Linux x86_64; rv:73.0) Gecko/20100101 Firefox/73.0"
192.168.10.4 - - [02/Mar/2020:09:27:20 +0000] "GET /nag/list.php HTTP/1.1" 200 9721 "http://mail.cup.com/nag/task.php?actionID=add_task" "Mozilla/5.0 (X11; Ubuntu; Linux x86_64; rv:73.0) Gecko/20100101 Firefox/73.0"
192.168.10.238 - - [02/Mar/2020:09:27:49 +0000] "GET /services/portal/ HTTP/1.1" 200 8473 "http://mail.cup.com/imp/dynamic.php?page=mailbox" "Mozilla/5.0 (X11; Linux x86_64) AppleWebKit/537.36 (KHTML, like Gecko) Ubuntu Chromium/77.0.3865.90 HeadlessChrome/77.0.3865.90 Safari/537.36"
192.168.10.190 - - [02/Mar/2020:09:27:51 +0000] "GET /mnemo/memo.php?actionID=add_memo HTTP/1.1" 200 5978 "http://mail.cup.com/mnemo/" "Mozilla/5.0 (X11; Ubuntu; Linux x86_64; rv:73.0) Gecko/20100101 Firefox/73.0"
192.168.10.238 - - [02/Mar/2020:09:27:53 +0000] "GET /kronolith/ HTTP/1.1" 200 24708 "http://mail.cup.com/services/portal/" "Mozilla/5.0 (X11; Linux x86_64) AppleWebKit/537.36 (KHTML, like Gecko) Ubuntu Chromium/77.0.3865.90 HeadlessChrome/77.0.3865.90 Safari/537.36"
